Manim Community v0.19.0

[09/12/26 09:45:43] INFO     Automatically converted   scene_file_writer.py:377
                             C:\Users\Windows                                  
                             11\Documents\Instagram\ma                         
                             tematica_em_movimento_30\                         
                             enem\audio\ENEM-2021-MT-1                         
                             1\source.mp3 to .wav                              
                    INFO     Caching disabled.             cairo_renderer.py:79
                    INFO     Animation 0 : Partial     scene_file_writer.py:588
                             movie file written in                             
                             'C:\Users\Windows                                 
                             11\Documents\Instagram\ma                         
                             tematica_em_movimento_30\                         
                             enem\media\videos\01_2021                         
                             _q146_triangulo_equilater                         
                             o\640p15\partial_movie_fi                         
                             les\Resolucao01\uncached_                         
                             00000.mp4'                                        
                    INFO     Caching disabled.             cairo_renderer.py:79
[09/12/26 09:45:44] INFO     Animation 1 : Partial     scene_file_writer.py:588
                             movie file written in                             
                             'C:\Users\Windows                                 
                             11\Documents\Instagram\ma                         
                             tematica_em_movimento_30\                         
                             enem\media\videos\01_2021                         
                             _q146_triangulo_equilater                         
                             o\640p15\partial_movie_fi                         
                             les\Resolucao01\uncached_                         
                             00001.mp4'                                        
                    INFO     Caching disabled.             cairo_renderer.py:79
                    INFO     Animation 2 : Partial     scene_file_writer.py:588
                             movie file written in                             
                             'C:\Users\Windows                                 
                             11\Documents\Instagram\ma                         
                             tematica_em_movimento_30\                         
                             enem\media\videos\01_2021                         
                             _q146_triangulo_equilater                         
                             o\640p15\partial_movie_fi                         
                             les\Resolucao01\uncached_                         
                             00002.mp4'                                        
                    INFO     Automatically converted   scene_file_writer.py:377
                             C:\Users\Windows                                  
                             11\Documents\Instagram\ma                         
                             tematica_em_movimento_30\                         
                             enem\audio\ENEM-2021-MT-1                         
                             1\statement_01.mp3 to                             
                             .wav                                              
                    INFO     Caching disabled.             cairo_renderer.py:79
[09/12/26 09:45:46] INFO     Animation 3 : Partial     scene_file_writer.py:588
                             movie file written in                             
                             'C:\Users\Windows                                 
                             11\Documents\Instagram\ma                         
                             tematica_em_movimento_30\                         
                             enem\media\videos\01_2021                         
                             _q146_triangulo_equilater                         
                             o\640p15\partial_movie_fi                         
                             les\Resolucao01\uncached_                         
                             00003.mp4'                                        
                    INFO     Caching disabled.             cairo_renderer.py:79
[09/12/26 09:45:47] INFO     Animation 4 : Partial     scene_file_writer.py:588
                             movie file written in                             
                             'C:\Users\Windows                                 
                             11\Documents\Instagram\ma                         
                             tematica_em_movimento_30\                         
                             enem\media\videos\01_2021                         
                             _q146_triangulo_equilater                         
                             o\640p15\partial_movie_fi                         
                             les\Resolucao01\uncached_                         
                             00004.mp4'                                        
                    INFO     Caching disabled.             cairo_renderer.py:79
                    INFO     Animation 5 : Partial     scene_file_writer.py:588
                             movie file written in                             
                             'C:\Users\Windows                                 
                             11\Documents\Instagram\ma                         
                             tematica_em_movimento_30\                         
                             enem\media\videos\01_2021                         
                             _q146_triangulo_equilater                         
                             o\640p15\partial_movie_fi                         
                             les\Resolucao01\uncached_                         
                             00005.mp4'                                        
[09/12/26 09:45:48] INFO     Automatically converted   scene_file_writer.py:377
                             C:\Users\Windows                                  
                             11\Documents\Instagram\ma                         
                             tematica_em_movimento_30\                         
                             enem\audio\ENEM-2021-MT-1                         
                             1\statement_02.mp3 to                             
                             .wav                                              
                    INFO     Caching disabled.             cairo_renderer.py:79
[09/12/26 09:45:51] INFO     Animation 6 : Partial     scene_file_writer.py:588
                             movie file written in                             
                             'C:\Users\Windows                                 
                             11\Documents\Instagram\ma                         
                             tematica_em_movimento_30\                         
                             enem\media\videos\01_2021                         
                             _q146_triangulo_equilater                         
                             o\640p15\partial_movie_fi                         
                             les\Resolucao01\uncached_                         
                             00006.mp4'                                        
                    INFO     Caching disabled.             cairo_renderer.py:79
                    INFO     Animation 7 : Partial     scene_file_writer.py:588
                             movie file written in                             
                             'C:\Users\Windows                                 
                             11\Documents\Instagram\ma                         
                             tematica_em_movimento_30\                         
                             enem\media\videos\01_2021                         
                             _q146_triangulo_equilater                         
                             o\640p15\partial_movie_fi                         
                             les\Resolucao01\uncached_                         
                             00007.mp4'                                        
                    INFO     Caching disabled.             cairo_renderer.py:79
[09/12/26 09:45:52] INFO     Animation 8 : Partial     scene_file_writer.py:588
                             movie file written in                             
                             'C:\Users\Windows                                 
                             11\Documents\Instagram\ma                         
                             tematica_em_movimento_30\                         
                             enem\media\videos\01_2021                         
                             _q146_triangulo_equilater                         
                             o\640p15\partial_movie_fi                         
                             les\Resolucao01\uncached_                         
                             00008.mp4'                                        
[09/12/26 09:45:53] INFO     Automatically converted   scene_file_writer.py:377
                             C:\Users\Windows                                  
                             11\Documents\Instagram\ma                         
                             tematica_em_movimento_30\                         
                             enem\audio\ENEM-2021-MT-1                         
                             1\statement_03.mp3 to                             
                             .wav                                              
                    INFO     Caching disabled.             cairo_renderer.py:79
[09/12/26 09:45:54] INFO     Animation 9 : Partial     scene_file_writer.py:588
                             movie file written in                             
                             'C:\Users\Windows                                 
                             11\Documents\Instagram\ma                         
                             tematica_em_movimento_30\                         
                             enem\media\videos\01_2021                         
                             _q146_triangulo_equilater                         
                             o\640p15\partial_movie_fi                         
                             les\Resolucao01\uncached_                         
                             00009.mp4'                                        
                    INFO     Caching disabled.             cairo_renderer.py:79
                    INFO     Animation 10 : Partial    scene_file_writer.py:588
                             movie file written in                             
                             'C:\Users\Windows                                 
                             11\Documents\Instagram\ma                         
                             tematica_em_movimento_30\                         
                             enem\media\videos\01_2021                         
                             _q146_triangulo_equilater                         
                             o\640p15\partial_movie_fi                         
                             les\Resolucao01\uncached_                         
                             00010.mp4'                                        
                    INFO     Caching disabled.             cairo_renderer.py:79
                    INFO     Animation 11 : Partial    scene_file_writer.py:588
                             movie file written in                             
                             'C:\Users\Windows                                 
                             11\Documents\Instagram\ma                         
                             tematica_em_movimento_30\                         
                             enem\media\videos\01_2021                         
                             _q146_triangulo_equilater                         
                             o\640p15\partial_movie_fi                         
                             les\Resolucao01\uncached_                         
                             00011.mp4'                                        
                    INFO     Caching disabled.             cairo_renderer.py:79
                    INFO     Animation 12 : Partial    scene_file_writer.py:588
                             movie file written in                             
                             'C:\Users\Windows                                 
                             11\Documents\Instagram\ma                         
                             tematica_em_movimento_30\                         
                             enem\media\videos\01_2021                         
                             _q146_triangulo_equilater                         
                             o\640p15\partial_movie_fi                         
                             les\Resolucao01\uncached_                         
                             00012.mp4'                                        
[09/12/26 09:45:55] INFO     Automatically converted   scene_file_writer.py:377
                             C:\Users\Windows                                  
                             11\Documents\Instagram\ma                         
                             tematica_em_movimento_30\                         
                             enem\audio\ENEM-2021-MT-1                         
                             1\figure.mp3 to .wav                              
                    INFO     Caching disabled.             cairo_renderer.py:79
[09/12/26 09:45:56] INFO     Animation 13 : Partial    scene_file_writer.py:588
                             movie file written in                             
                             'C:\Users\Windows                                 
                             11\Documents\Instagram\ma                         
                             tematica_em_movimento_30\                         
                             enem\media\videos\01_2021                         
                             _q146_triangulo_equilater                         
                             o\640p15\partial_movie_fi                         
                             les\Resolucao01\uncached_                         
                             00013.mp4'                                        
                    INFO     Caching disabled.             cairo_renderer.py:79
                    INFO     Animation 14 : Partial    scene_file_writer.py:588
                             movie file written in                             
                             'C:\Users\Windows                                 
                             11\Documents\Instagram\ma                         
                             tematica_em_movimento_30\                         
                             enem\media\videos\01_2021                         
                             _q146_triangulo_equilater                         
                             o\640p15\partial_movie_fi                         
                             les\Resolucao01\uncached_                         
                             00014.mp4'                                        
                    INFO     Caching disabled.             cairo_renderer.py:79
[09/12/26 09:45:57] INFO     Animation 15 : Partial    scene_file_writer.py:588
                             movie file written in                             
                             'C:\Users\Windows                                 
                             11\Documents\Instagram\ma                         
                             tematica_em_movimento_30\                         
                             enem\media\videos\01_2021                         
                             _q146_triangulo_equilater                         
                             o\640p15\partial_movie_fi                         
                             les\Resolucao01\uncached_                         
                             00015.mp4'                                        
                    INFO     Automatically converted   scene_file_writer.py:377
                             C:\Users\Windows                                  
                             11\Documents\Instagram\ma                         
                             tematica_em_movimento_30\                         
                             enem\audio\ENEM-2021-MT-1                         
                             1\options.mp3 to .wav                             
                    INFO     Caching disabled.             cairo_renderer.py:79
                    INFO     Animation 16 : Partial    scene_file_writer.py:588
                             movie file written in                             
                             'C:\Users\Windows                                 
                             11\Documents\Instagram\ma                         
                             tematica_em_movimento_30\                         
                             enem\media\videos\01_2021                         
                             _q146_triangulo_equilater                         
                             o\640p15\partial_movie_fi                         
                             les\Resolucao01\uncached_                         
                             00016.mp4'                                        
                    INFO     Caching disabled.             cairo_renderer.py:79
[09/12/26 09:45:58] INFO     Animation 17 : Partial    scene_file_writer.py:588
                             movie file written in                             
                             'C:\Users\Windows                                 
                             11\Documents\Instagram\ma                         
                             tematica_em_movimento_30\                         
                             enem\media\videos\01_2021                         
                             _q146_triangulo_equilater                         
                             o\640p15\partial_movie_fi                         
                             les\Resolucao01\uncached_                         
                             00017.mp4'                                        
                    INFO     Caching disabled.             cairo_renderer.py:79
                    INFO     Animation 18 : Partial    scene_file_writer.py:588
                             movie file written in                             
                             'C:\Users\Windows                                 
                             11\Documents\Instagram\ma                         
                             tematica_em_movimento_30\                         
                             enem\media\videos\01_2021                         
                             _q146_triangulo_equilater                         
                             o\640p15\partial_movie_fi                         
                             les\Resolucao01\uncached_                         
                             00018.mp4'                                        
                    INFO     Automatically converted   scene_file_writer.py:377
                             C:\Users\Windows                                  
                             11\Documents\Instagram\ma                         
                             tematica_em_movimento_30\                         
                             enem\audio\ENEM-2021-MT-1                         
                             1\data.mp3 to .wav                                
                    INFO     Caching disabled.             cairo_renderer.py:79
[09/12/26 09:45:59] INFO     Animation 19 : Partial    scene_file_writer.py:588
                             movie file written in                             
                             'C:\Users\Windows                                 
                             11\Documents\Instagram\ma                         
                             tematica_em_movimento_30\                         
                             enem\media\videos\01_2021                         
                             _q146_triangulo_equilater                         
                             o\640p15\partial_movie_fi                         
                             les\Resolucao01\uncached_                         
                             00019.mp4'                                        
                    INFO     Caching disabled.             cairo_renderer.py:79
                    INFO     Animation 20 : Partial    scene_file_writer.py:588
                             movie file written in                             
                             'C:\Users\Windows                                 
                             11\Documents\Instagram\ma                         
                             tematica_em_movimento_30\                         
                             enem\media\videos\01_2021                         
                             _q146_triangulo_equilater                         
                             o\640p15\partial_movie_fi                         
                             les\Resolucao01\uncached_                         
                             00020.mp4'                                        
                    INFO     Caching disabled.             cairo_renderer.py:79
                    INFO     Animation 21 : Partial    scene_file_writer.py:588
                             movie file written in                             
                             'C:\Users\Windows                                 
                             11\Documents\Instagram\ma                         
                             tematica_em_movimento_30\                         
                             enem\media\videos\01_2021                         
                             _q146_triangulo_equilater                         
                             o\640p15\partial_movie_fi                         
                             les\Resolucao01\uncached_                         
                             00021.mp4'                                        
[09/12/26 09:46:00] INFO     Automatically converted   scene_file_writer.py:377
                             C:\Users\Windows                                  
                             11\Documents\Instagram\ma                         
                             tematica_em_movimento_30\                         
                             enem\audio\ENEM-2021-MT-1                         
                             1\strategy.mp3 to .wav                            
                    INFO     Caching disabled.             cairo_renderer.py:79
[09/12/26 09:46:01] INFO     Animation 22 : Partial    scene_file_writer.py:588
                             movie file written in                             
                             'C:\Users\Windows                                 
                             11\Documents\Instagram\ma                         
                             tematica_em_movimento_30\                         
                             enem\media\videos\01_2021                         
                             _q146_triangulo_equilater                         
                             o\640p15\partial_movie_fi                         
                             les\Resolucao01\uncached_                         
                             00022.mp4'                                        
                    INFO     Caching disabled.             cairo_renderer.py:79
[09/12/26 09:46:02] INFO     Animation 23 : Partial    scene_file_writer.py:588
                             movie file written in                             
                             'C:\Users\Windows                                 
                             11\Documents\Instagram\ma                         
                             tematica_em_movimento_30\                         
                             enem\media\videos\01_2021                         
                             _q146_triangulo_equilater                         
                             o\640p15\partial_movie_fi                         
                             les\Resolucao01\uncached_                         
                             00023.mp4'                                        
                    INFO     Caching disabled.             cairo_renderer.py:79
                    INFO     Animation 24 : Partial    scene_file_writer.py:588
                             movie file written in                             
                             'C:\Users\Windows                                 
                             11\Documents\Instagram\ma                         
                             tematica_em_movimento_30\                         
                             enem\media\videos\01_2021                         
                             _q146_triangulo_equilater                         
                             o\640p15\partial_movie_fi                         
                             les\Resolucao01\uncached_                         
                             00024.mp4'                                        
                    INFO     Automatically converted   scene_file_writer.py:377
                             C:\Users\Windows                                  
                             11\Documents\Instagram\ma                         
                             tematica_em_movimento_30\                         
                             enem\audio\ENEM-2021-MT-1                         
                             1\visual.mp3 to .wav                              
                    INFO     Caching disabled.             cairo_renderer.py:79
[09/12/26 09:46:03] INFO     Animation 25 : Partial    scene_file_writer.py:588
                             movie file written in                             
                             'C:\Users\Windows                                 
                             11\Documents\Instagram\ma                         
                             tematica_em_movimento_30\                         
                             enem\media\videos\01_2021                         
                             _q146_triangulo_equilater                         
                             o\640p15\partial_movie_fi                         
                             les\Resolucao01\uncached_                         
                             00025.mp4'                                        
                    INFO     Caching disabled.             cairo_renderer.py:79
                    INFO     Animation 26 : Partial    scene_file_writer.py:588
                             movie file written in                             
                             'C:\Users\Windows                                 
                             11\Documents\Instagram\ma                         
                             tematica_em_movimento_30\                         
                             enem\media\videos\01_2021                         
                             _q146_triangulo_equilater                         
                             o\640p15\partial_movie_fi                         
                             les\Resolucao01\uncached_                         
                             00026.mp4'                                        
                    INFO     Caching disabled.             cairo_renderer.py:79
                    INFO     Animation 27 : Partial    scene_file_writer.py:588
                             movie file written in                             
                             'C:\Users\Windows                                 
                             11\Documents\Instagram\ma                         
                             tematica_em_movimento_30\                         
                             enem\media\videos\01_2021                         
                             _q146_triangulo_equilater                         
                             o\640p15\partial_movie_fi                         
                             les\Resolucao01\uncached_                         
                             00027.mp4'                                        
                    INFO     Caching disabled.             cairo_renderer.py:79
[09/12/26 09:46:04] INFO     Animation 28 : Partial    scene_file_writer.py:588
                             movie file written in                             
                             'C:\Users\Windows                                 
                             11\Documents\Instagram\ma                         
                             tematica_em_movimento_30\                         
                             enem\media\videos\01_2021                         
                             _q146_triangulo_equilater                         
                             o\640p15\partial_movie_fi                         
                             les\Resolucao01\uncached_                         
                             00028.mp4'                                        
                    INFO     Automatically converted   scene_file_writer.py:377
                             C:\Users\Windows                                  
                             11\Documents\Instagram\ma                         
                             tematica_em_movimento_30\                         
                             enem\audio\ENEM-2021-MT-1                         
                             1\step_01.mp3 to .wav                             
                    INFO     Caching disabled.             cairo_renderer.py:79
                    INFO     Animation 29 : Partial    scene_file_writer.py:588
                             movie file written in                             
                             'C:\Users\Windows                                 
                             11\Documents\Instagram\ma                         
                             tematica_em_movimento_30\                         
                             enem\media\videos\01_2021                         
                             _q146_triangulo_equilater                         
                             o\640p15\partial_movie_fi                         
                             les\Resolucao01\uncached_                         
                             00029.mp4'                                        
                    INFO     Caching disabled.             cairo_renderer.py:79
                    INFO     Animation 30 : Partial    scene_file_writer.py:588
                             movie file written in                             
                             'C:\Users\Windows                                 
                             11\Documents\Instagram\ma                         
                             tematica_em_movimento_30\                         
                             enem\media\videos\01_2021                         
                             _q146_triangulo_equilater                         
                             o\640p15\partial_movie_fi                         
                             les\Resolucao01\uncached_                         
                             00030.mp4'                                        
                    INFO     Automatically converted   scene_file_writer.py:377
                             C:\Users\Windows                                  
                             11\Documents\Instagram\ma                         
                             tematica_em_movimento_30\                         
                             enem\audio\ENEM-2021-MT-1                         
                             1\step_02.mp3 to .wav                             
                    INFO     Caching disabled.             cairo_renderer.py:79
[09/12/26 09:46:05] INFO     Animation 31 : Partial    scene_file_writer.py:588
                             movie file written in                             
                             'C:\Users\Windows                                 
                             11\Documents\Instagram\ma                         
                             tematica_em_movimento_30\                         
                             enem\media\videos\01_2021                         
                             _q146_triangulo_equilater                         
                             o\640p15\partial_movie_fi                         
                             les\Resolucao01\uncached_                         
                             00031.mp4'                                        
                    INFO     Caching disabled.             cairo_renderer.py:79
                    INFO     Animation 32 : Partial    scene_file_writer.py:588
                             movie file written in                             
                             'C:\Users\Windows                                 
                             11\Documents\Instagram\ma                         
                             tematica_em_movimento_30\                         
                             enem\media\videos\01_2021                         
                             _q146_triangulo_equilater                         
                             o\640p15\partial_movie_fi                         
                             les\Resolucao01\uncached_                         
                             00032.mp4'                                        
                    INFO     Automatically converted   scene_file_writer.py:377
                             C:\Users\Windows                                  
                             11\Documents\Instagram\ma                         
                             tematica_em_movimento_30\                         
                             enem\audio\ENEM-2021-MT-1                         
                             1\step_03.mp3 to .wav                             
                    INFO     Caching disabled.             cairo_renderer.py:79
[09/12/26 09:46:06] INFO     Animation 33 : Partial    scene_file_writer.py:588
                             movie file written in                             
                             'C:\Users\Windows                                 
                             11\Documents\Instagram\ma                         
                             tematica_em_movimento_30\                         
                             enem\media\videos\01_2021                         
                             _q146_triangulo_equilater                         
                             o\640p15\partial_movie_fi                         
                             les\Resolucao01\uncached_                         
                             00033.mp4'                                        
                    INFO     Caching disabled.             cairo_renderer.py:79
                    INFO     Animation 34 : Partial    scene_file_writer.py:588
                             movie file written in                             
                             'C:\Users\Windows                                 
                             11\Documents\Instagram\ma                         
                             tematica_em_movimento_30\                         
                             enem\media\videos\01_2021                         
                             _q146_triangulo_equilater                         
                             o\640p15\partial_movie_fi                         
                             les\Resolucao01\uncached_                         
                             00034.mp4'                                        
                    INFO     Automatically converted   scene_file_writer.py:377
                             C:\Users\Windows                                  
                             11\Documents\Instagram\ma                         
                             tematica_em_movimento_30\                         
                             enem\audio\ENEM-2021-MT-1                         
                             1\step_04.mp3 to .wav                             
                    INFO     Caching disabled.             cairo_renderer.py:79
[09/12/26 09:46:07] INFO     Animation 35 : Partial    scene_file_writer.py:588
                             movie file written in                             
                             'C:\Users\Windows                                 
                             11\Documents\Instagram\ma                         
                             tematica_em_movimento_30\                         
                             enem\media\videos\01_2021                         
                             _q146_triangulo_equilater                         
                             o\640p15\partial_movie_fi                         
                             les\Resolucao01\uncached_                         
                             00035.mp4'                                        
                    INFO     Caching disabled.             cairo_renderer.py:79
                    INFO     Animation 36 : Partial    scene_file_writer.py:588
                             movie file written in                             
                             'C:\Users\Windows                                 
                             11\Documents\Instagram\ma                         
                             tematica_em_movimento_30\                         
                             enem\media\videos\01_2021                         
                             _q146_triangulo_equilater                         
                             o\640p15\partial_movie_fi                         
                             les\Resolucao01\uncached_                         
                             00036.mp4'                                        
                    INFO     Automatically converted   scene_file_writer.py:377
                             C:\Users\Windows                                  
                             11\Documents\Instagram\ma                         
                             tematica_em_movimento_30\                         
                             enem\audio\ENEM-2021-MT-1                         
                             1\step_05.mp3 to .wav                             
                    INFO     Caching disabled.             cairo_renderer.py:79
                    INFO     Animation 37 : Partial    scene_file_writer.py:588
                             movie file written in                             
                             'C:\Users\Windows                                 
                             11\Documents\Instagram\ma                         
                             tematica_em_movimento_30\                         
                             enem\media\videos\01_2021                         
                             _q146_triangulo_equilater                         
                             o\640p15\partial_movie_fi                         
                             les\Resolucao01\uncached_                         
                             00037.mp4'                                        
                    INFO     Caching disabled.             cairo_renderer.py:79
[09/12/26 09:46:08] INFO     Animation 38 : Partial    scene_file_writer.py:588
                             movie file written in                             
                             'C:\Users\Windows                                 
                             11\Documents\Instagram\ma                         
                             tematica_em_movimento_30\                         
                             enem\media\videos\01_2021                         
                             _q146_triangulo_equilater                         
                             o\640p15\partial_movie_fi                         
                             les\Resolucao01\uncached_                         
                             00038.mp4'                                        
                    INFO     Automatically converted   scene_file_writer.py:377
                             C:\Users\Windows                                  
                             11\Documents\Instagram\ma                         
                             tematica_em_movimento_30\                         
                             enem\audio\ENEM-2021-MT-1                         
                             1\step_06.mp3 to .wav                             
                    INFO     Caching disabled.             cairo_renderer.py:79
                    INFO     Animation 39 : Partial    scene_file_writer.py:588
                             movie file written in                             
                             'C:\Users\Windows                                 
                             11\Documents\Instagram\ma                         
                             tematica_em_movimento_30\                         
                             enem\media\videos\01_2021                         
                             _q146_triangulo_equilater                         
                             o\640p15\partial_movie_fi                         
                             les\Resolucao01\uncached_                         
                             00039.mp4'                                        
                    INFO     Caching disabled.             cairo_renderer.py:79
[09/12/26 09:46:09] INFO     Animation 40 : Partial    scene_file_writer.py:588
                             movie file written in                             
                             'C:\Users\Windows                                 
                             11\Documents\Instagram\ma                         
                             tematica_em_movimento_30\                         
                             enem\media\videos\01_2021                         
                             _q146_triangulo_equilater                         
                             o\640p15\partial_movie_fi                         
                             les\Resolucao01\uncached_                         
                             00040.mp4'                                        
                    INFO     Automatically converted   scene_file_writer.py:377
                             C:\Users\Windows                                  
                             11\Documents\Instagram\ma                         
                             tematica_em_movimento_30\                         
                             enem\audio\ENEM-2021-MT-1                         
                             1\answer.mp3 to .wav                              
                    INFO     Caching disabled.             cairo_renderer.py:79
                    INFO     Animation 41 : Partial    scene_file_writer.py:588
                             movie file written in                             
                             'C:\Users\Windows                                 
                             11\Documents\Instagram\ma                         
                             tematica_em_movimento_30\                         
                             enem\media\videos\01_2021                         
                             _q146_triangulo_equilater                         
                             o\640p15\partial_movie_fi                         
                             les\Resolucao01\uncached_                         
                             00041.mp4'                                        
                    INFO     Caching disabled.             cairo_renderer.py:79
                    INFO     Animation 42 : Partial    scene_file_writer.py:588
                             movie file written in                             
                             'C:\Users\Windows                                 
                             11\Documents\Instagram\ma                         
                             tematica_em_movimento_30\                         
                             enem\media\videos\01_2021                         
                             _q146_triangulo_equilater                         
                             o\640p15\partial_movie_fi                         
                             les\Resolucao01\uncached_                         
                             00042.mp4'                                        
                    INFO     Combining to Movie file.  scene_file_writer.py:739
[09/12/26 09:46:15] WARNING  Some options were not     scene_file_writer.py:801
                             used: {'shortest': '1',                           
                             'metadata':                                       
                             'comment=Rendered with                            
                             Manim Community v0.19.0'}                         
                    INFO                               scene_file_writer.py:886
                             File ready at                                     
                             'C:\Users\Windows                                 
                             11\Documents\Instagram\ma                         
                             tematica_em_movimento_30\                         
                             enem\media\videos\01_2021                         
                             _q146_triangulo_equilater                         
                             o\640p15\Resolucao01.mp4'                         
                                                                               
                    INFO     Rendered Resolucao01                  scene.py:255
                             Played 43 animations                              
You are using manim version v0.19.0, but version v0.21.0 is available.
You should consider upgrading via pip install -U manim
