Manim Community v0.19.0

[09/12/26 09:47:21] INFO     Automatically converted   scene_file_writer.py:377
                             C:\Users\Windows                                  
                             11\Documents\Instagram\ma                         
                             tematica_em_movimento_30\                         
                             enem\audio\ENEM-2021-MT-1                         
                             1\source.mp3 to .wav                              
                    INFO     Caching disabled.             cairo_renderer.py:79
[09/12/26 09:47:22] INFO     Animation 0 : Partial     scene_file_writer.py:588
                             movie file written in                             
                             'C:\Users\Windows                                 
                             11\Documents\Instagram\ma                         
                             tematica_em_movimento_30\                         
                             enem\media_horizontal\vid                         
                             eos\01_2021_q146_triangul                         
                             o_equilatero\360p15\parti                         
                             al_movie_files\Resolucao0                         
                             1\uncached_00000.mp4'                             
                    INFO     Caching disabled.             cairo_renderer.py:79
                    INFO     Animation 1 : Partial     scene_file_writer.py:588
                             movie file written in                             
                             'C:\Users\Windows                                 
                             11\Documents\Instagram\ma                         
                             tematica_em_movimento_30\                         
                             enem\media_horizontal\vid                         
                             eos\01_2021_q146_triangul                         
                             o_equilatero\360p15\parti                         
                             al_movie_files\Resolucao0                         
                             1\uncached_00001.mp4'                             
                    INFO     Caching disabled.             cairo_renderer.py:79
                    INFO     Animation 2 : Partial     scene_file_writer.py:588
                             movie file written in                             
                             'C:\Users\Windows                                 
                             11\Documents\Instagram\ma                         
                             tematica_em_movimento_30\                         
                             enem\media_horizontal\vid                         
                             eos\01_2021_q146_triangul                         
                             o_equilatero\360p15\parti                         
                             al_movie_files\Resolucao0                         
                             1\uncached_00002.mp4'                             
                    INFO     Automatically converted   scene_file_writer.py:377
                             C:\Users\Windows                                  
                             11\Documents\Instagram\ma                         
                             tematica_em_movimento_30\                         
                             enem\audio\ENEM-2021-MT-1                         
                             1\statement_01.mp3 to                             
                             .wav                                              
                    INFO     Caching disabled.             cairo_renderer.py:79
[09/12/26 09:47:24] INFO     Animation 3 : Partial     scene_file_writer.py:588
                             movie file written in                             
                             'C:\Users\Windows                                 
                             11\Documents\Instagram\ma                         
                             tematica_em_movimento_30\                         
                             enem\media_horizontal\vid                         
                             eos\01_2021_q146_triangul                         
                             o_equilatero\360p15\parti                         
                             al_movie_files\Resolucao0                         
                             1\uncached_00003.mp4'                             
                    INFO     Caching disabled.             cairo_renderer.py:79
[09/12/26 09:47:25] INFO     Animation 4 : Partial     scene_file_writer.py:588
                             movie file written in                             
                             'C:\Users\Windows                                 
                             11\Documents\Instagram\ma                         
                             tematica_em_movimento_30\                         
                             enem\media_horizontal\vid                         
                             eos\01_2021_q146_triangul                         
                             o_equilatero\360p15\parti                         
                             al_movie_files\Resolucao0                         
                             1\uncached_00004.mp4'                             
                    INFO     Caching disabled.             cairo_renderer.py:79
                    INFO     Animation 5 : Partial     scene_file_writer.py:588
                             movie file written in                             
                             'C:\Users\Windows                                 
                             11\Documents\Instagram\ma                         
                             tematica_em_movimento_30\                         
                             enem\media_horizontal\vid                         
                             eos\01_2021_q146_triangul                         
                             o_equilatero\360p15\parti                         
                             al_movie_files\Resolucao0                         
                             1\uncached_00005.mp4'                             
[09/12/26 09:47:26] INFO     Automatically converted   scene_file_writer.py:377
                             C:\Users\Windows                                  
                             11\Documents\Instagram\ma                         
                             tematica_em_movimento_30\                         
                             enem\audio\ENEM-2021-MT-1                         
                             1\statement_02.mp3 to                             
                             .wav                                              
                    INFO     Caching disabled.             cairo_renderer.py:79
[09/12/26 09:47:29] INFO     Animation 6 : Partial     scene_file_writer.py:588
                             movie file written in                             
                             'C:\Users\Windows                                 
                             11\Documents\Instagram\ma                         
                             tematica_em_movimento_30\                         
                             enem\media_horizontal\vid                         
                             eos\01_2021_q146_triangul                         
                             o_equilatero\360p15\parti                         
                             al_movie_files\Resolucao0                         
                             1\uncached_00006.mp4'                             
                    INFO     Caching disabled.             cairo_renderer.py:79
                    INFO     Animation 7 : Partial     scene_file_writer.py:588
                             movie file written in                             
                             'C:\Users\Windows                                 
                             11\Documents\Instagram\ma                         
                             tematica_em_movimento_30\                         
                             enem\media_horizontal\vid                         
                             eos\01_2021_q146_triangul                         
                             o_equilatero\360p15\parti                         
                             al_movie_files\Resolucao0                         
                             1\uncached_00007.mp4'                             
                    INFO     Caching disabled.             cairo_renderer.py:79
[09/12/26 09:47:30] INFO     Animation 8 : Partial     scene_file_writer.py:588
                             movie file written in                             
                             'C:\Users\Windows                                 
                             11\Documents\Instagram\ma                         
                             tematica_em_movimento_30\                         
                             enem\media_horizontal\vid                         
                             eos\01_2021_q146_triangul                         
                             o_equilatero\360p15\parti                         
                             al_movie_files\Resolucao0                         
                             1\uncached_00008.mp4'                             
                    INFO     Automatically converted   scene_file_writer.py:377
                             C:\Users\Windows                                  
                             11\Documents\Instagram\ma                         
                             tematica_em_movimento_30\                         
                             enem\audio\ENEM-2021-MT-1                         
                             1\statement_03.mp3 to                             
                             .wav                                              
                    INFO     Caching disabled.             cairo_renderer.py:79
[09/12/26 09:47:31] INFO     Animation 9 : Partial     scene_file_writer.py:588
                             movie file written in                             
                             'C:\Users\Windows                                 
                             11\Documents\Instagram\ma                         
                             tematica_em_movimento_30\                         
                             enem\media_horizontal\vid                         
                             eos\01_2021_q146_triangul                         
                             o_equilatero\360p15\parti                         
                             al_movie_files\Resolucao0                         
                             1\uncached_00009.mp4'                             
                    INFO     Caching disabled.             cairo_renderer.py:79
                    INFO     Animation 10 : Partial    scene_file_writer.py:588
                             movie file written in                             
                             'C:\Users\Windows                                 
                             11\Documents\Instagram\ma                         
                             tematica_em_movimento_30\                         
                             enem\media_horizontal\vid                         
                             eos\01_2021_q146_triangul                         
                             o_equilatero\360p15\parti                         
                             al_movie_files\Resolucao0                         
                             1\uncached_00010.mp4'                             
                    INFO     Caching disabled.             cairo_renderer.py:79
[09/12/26 09:47:32] INFO     Animation 11 : Partial    scene_file_writer.py:588
                             movie file written in                             
                             'C:\Users\Windows                                 
                             11\Documents\Instagram\ma                         
                             tematica_em_movimento_30\                         
                             enem\media_horizontal\vid                         
                             eos\01_2021_q146_triangul                         
                             o_equilatero\360p15\parti                         
                             al_movie_files\Resolucao0                         
                             1\uncached_00011.mp4'                             
                    INFO     Caching disabled.             cairo_renderer.py:79
                    INFO     Animation 12 : Partial    scene_file_writer.py:588
                             movie file written in                             
                             'C:\Users\Windows                                 
                             11\Documents\Instagram\ma                         
                             tematica_em_movimento_30\                         
                             enem\media_horizontal\vid                         
                             eos\01_2021_q146_triangul                         
                             o_equilatero\360p15\parti                         
                             al_movie_files\Resolucao0                         
                             1\uncached_00012.mp4'                             
                    INFO     Writing 8\,\mathrm{cm} to  tex_file_writing.py:111
                             C:\Users\Windows                                  
                             11\Documents\Instagram\mat                        
                             ematica_em_movimento_30\en                        
                             em\media_horizontal\Tex\9a                        
                             25246c48bb53f6.tex                                
latex: security risk: running with elevated privileges
dvisvgm: security risk: running with elevated privileges
[09/12/26 09:47:33] INFO     Automatically converted   scene_file_writer.py:377
                             C:\Users\Windows                                  
                             11\Documents\Instagram\ma                         
                             tematica_em_movimento_30\                         
                             enem\audio\ENEM-2021-MT-1                         
                             1\figure.mp3 to .wav                              
                    INFO     Caching disabled.             cairo_renderer.py:79
[09/12/26 09:47:34] INFO     Animation 13 : Partial    scene_file_writer.py:588
                             movie file written in                             
                             'C:\Users\Windows                                 
                             11\Documents\Instagram\ma                         
                             tematica_em_movimento_30\                         
                             enem\media_horizontal\vid                         
                             eos\01_2021_q146_triangul                         
                             o_equilatero\360p15\parti                         
                             al_movie_files\Resolucao0                         
                             1\uncached_00013.mp4'                             
                    INFO     Caching disabled.             cairo_renderer.py:79
[09/12/26 09:47:35] INFO     Animation 14 : Partial    scene_file_writer.py:588
                             movie file written in                             
                             'C:\Users\Windows                                 
                             11\Documents\Instagram\ma                         
                             tematica_em_movimento_30\                         
                             enem\media_horizontal\vid                         
                             eos\01_2021_q146_triangul                         
                             o_equilatero\360p15\parti                         
                             al_movie_files\Resolucao0                         
                             1\uncached_00014.mp4'                             
                    INFO     Caching disabled.             cairo_renderer.py:79
                    INFO     Animation 15 : Partial    scene_file_writer.py:588
                             movie file written in                             
                             'C:\Users\Windows                                 
                             11\Documents\Instagram\ma                         
                             tematica_em_movimento_30\                         
                             enem\media_horizontal\vid                         
                             eos\01_2021_q146_triangul                         
                             o_equilatero\360p15\parti                         
                             al_movie_files\Resolucao0                         
                             1\uncached_00015.mp4'                             
                    INFO     Automatically converted   scene_file_writer.py:377
                             C:\Users\Windows                                  
                             11\Documents\Instagram\ma                         
                             tematica_em_movimento_30\                         
                             enem\audio\ENEM-2021-MT-1                         
                             1\options.mp3 to .wav                             
                    INFO     Caching disabled.             cairo_renderer.py:79
[09/12/26 09:47:36] INFO     Animation 16 : Partial    scene_file_writer.py:588
                             movie file written in                             
                             'C:\Users\Windows                                 
                             11\Documents\Instagram\ma                         
                             tematica_em_movimento_30\                         
                             enem\media_horizontal\vid                         
                             eos\01_2021_q146_triangul                         
                             o_equilatero\360p15\parti                         
                             al_movie_files\Resolucao0                         
                             1\uncached_00016.mp4'                             
                    INFO     Caching disabled.             cairo_renderer.py:79
                    INFO     Animation 17 : Partial    scene_file_writer.py:588
                             movie file written in                             
                             'C:\Users\Windows                                 
                             11\Documents\Instagram\ma                         
                             tematica_em_movimento_30\                         
                             enem\media_horizontal\vid                         
                             eos\01_2021_q146_triangul                         
                             o_equilatero\360p15\parti                         
                             al_movie_files\Resolucao0                         
                             1\uncached_00017.mp4'                             
                    INFO     Caching disabled.             cairo_renderer.py:79
                    INFO     Animation 18 : Partial    scene_file_writer.py:588
                             movie file written in                             
                             'C:\Users\Windows                                 
                             11\Documents\Instagram\ma                         
                             tematica_em_movimento_30\                         
                             enem\media_horizontal\vid                         
                             eos\01_2021_q146_triangul                         
                             o_equilatero\360p15\parti                         
                             al_movie_files\Resolucao0                         
                             1\uncached_00018.mp4'                             
                    INFO     Automatically converted   scene_file_writer.py:377
                             C:\Users\Windows                                  
                             11\Documents\Instagram\ma                         
                             tematica_em_movimento_30\                         
                             enem\audio\ENEM-2021-MT-1                         
                             1\data.mp3 to .wav                                
                    INFO     Caching disabled.             cairo_renderer.py:79
[09/12/26 09:47:37] INFO     Animation 19 : Partial    scene_file_writer.py:588
                             movie file written in                             
                             'C:\Users\Windows                                 
                             11\Documents\Instagram\ma                         
                             tematica_em_movimento_30\                         
                             enem\media_horizontal\vid                         
                             eos\01_2021_q146_triangul                         
                             o_equilatero\360p15\parti                         
                             al_movie_files\Resolucao0                         
                             1\uncached_00019.mp4'                             
                    INFO     Caching disabled.             cairo_renderer.py:79
                    INFO     Animation 20 : Partial    scene_file_writer.py:588
                             movie file written in                             
                             'C:\Users\Windows                                 
                             11\Documents\Instagram\ma                         
                             tematica_em_movimento_30\                         
                             enem\media_horizontal\vid                         
                             eos\01_2021_q146_triangul                         
                             o_equilatero\360p15\parti                         
                             al_movie_files\Resolucao0                         
                             1\uncached_00020.mp4'                             
                    INFO     Caching disabled.             cairo_renderer.py:79
[09/12/26 09:47:38] INFO     Animation 21 : Partial    scene_file_writer.py:588
                             movie file written in                             
                             'C:\Users\Windows                                 
                             11\Documents\Instagram\ma                         
                             tematica_em_movimento_30\                         
                             enem\media_horizontal\vid                         
                             eos\01_2021_q146_triangul                         
                             o_equilatero\360p15\parti                         
                             al_movie_files\Resolucao0                         
                             1\uncached_00021.mp4'                             
                    INFO     Automatically converted   scene_file_writer.py:377
                             C:\Users\Windows                                  
                             11\Documents\Instagram\ma                         
                             tematica_em_movimento_30\                         
                             enem\audio\ENEM-2021-MT-1                         
                             1\strategy.mp3 to .wav                            
                    INFO     Caching disabled.             cairo_renderer.py:79
[09/12/26 09:47:39] INFO     Animation 22 : Partial    scene_file_writer.py:588
                             movie file written in                             
                             'C:\Users\Windows                                 
                             11\Documents\Instagram\ma                         
                             tematica_em_movimento_30\                         
                             enem\media_horizontal\vid                         
                             eos\01_2021_q146_triangul                         
                             o_equilatero\360p15\parti                         
                             al_movie_files\Resolucao0                         
                             1\uncached_00022.mp4'                             
                    INFO     Caching disabled.             cairo_renderer.py:79
[09/12/26 09:47:40] INFO     Animation 23 : Partial    scene_file_writer.py:588
                             movie file written in                             
                             'C:\Users\Windows                                 
                             11\Documents\Instagram\ma                         
                             tematica_em_movimento_30\                         
                             enem\media_horizontal\vid                         
                             eos\01_2021_q146_triangul                         
                             o_equilatero\360p15\parti                         
                             al_movie_files\Resolucao0                         
                             1\uncached_00023.mp4'                             
                    INFO     Caching disabled.             cairo_renderer.py:79
                    INFO     Animation 24 : Partial    scene_file_writer.py:588
                             movie file written in                             
                             'C:\Users\Windows                                 
                             11\Documents\Instagram\ma                         
                             tematica_em_movimento_30\                         
                             enem\media_horizontal\vid                         
                             eos\01_2021_q146_triangul                         
                             o_equilatero\360p15\parti                         
                             al_movie_files\Resolucao0                         
                             1\uncached_00024.mp4'                             
                    INFO     Writing 8\,cm to           tex_file_writing.py:111
                             C:\Users\Windows                                  
                             11\Documents\Instagram\mat                        
                             ematica_em_movimento_30\en                        
                             em\media_horizontal\Tex\e5                        
                             df4e563aa6dac3.tex                                
latex: security risk: running with elevated privileges
dvisvgm: security risk: running with elevated privileges
[09/12/26 09:47:41] INFO     Writing \ell/2 to          tex_file_writing.py:111
                             C:\Users\Windows                                  
                             11\Documents\Instagram\mat                        
                             ematica_em_movimento_30\en                        
                             em\media_horizontal\Tex\e4                        
                             8f221f5899afb5.tex                                
latex: security risk: running with elevated privileges
dvisvgm: security risk: running with elevated privileges
[09/12/26 09:47:42] INFO     Automatically converted   scene_file_writer.py:377
                             C:\Users\Windows                                  
                             11\Documents\Instagram\ma                         
                             tematica_em_movimento_30\                         
                             enem\audio\ENEM-2021-MT-1                         
                             1\visual.mp3 to .wav                              
                    INFO     Caching disabled.             cairo_renderer.py:79
[09/12/26 09:47:43] INFO     Animation 25 : Partial    scene_file_writer.py:588
                             movie file written in                             
                             'C:\Users\Windows                                 
                             11\Documents\Instagram\ma                         
                             tematica_em_movimento_30\                         
                             enem\media_horizontal\vid                         
                             eos\01_2021_q146_triangul                         
                             o_equilatero\360p15\parti                         
                             al_movie_files\Resolucao0                         
                             1\uncached_00025.mp4'                             
                    INFO     Caching disabled.             cairo_renderer.py:79
                    INFO     Animation 26 : Partial    scene_file_writer.py:588
                             movie file written in                             
                             'C:\Users\Windows                                 
                             11\Documents\Instagram\ma                         
                             tematica_em_movimento_30\                         
                             enem\media_horizontal\vid                         
                             eos\01_2021_q146_triangul                         
                             o_equilatero\360p15\parti                         
                             al_movie_files\Resolucao0                         
                             1\uncached_00026.mp4'                             
                    INFO     Caching disabled.             cairo_renderer.py:79
                    INFO     Animation 27 : Partial    scene_file_writer.py:588
                             movie file written in                             
                             'C:\Users\Windows                                 
                             11\Documents\Instagram\ma                         
                             tematica_em_movimento_30\                         
                             enem\media_horizontal\vid                         
                             eos\01_2021_q146_triangul                         
                             o_equilatero\360p15\parti                         
                             al_movie_files\Resolucao0                         
                             1\uncached_00027.mp4'                             
                    INFO     Caching disabled.             cairo_renderer.py:79
                    INFO     Animation 28 : Partial    scene_file_writer.py:588
                             movie file written in                             
                             'C:\Users\Windows                                 
                             11\Documents\Instagram\ma                         
                             tematica_em_movimento_30\                         
                             enem\media_horizontal\vid                         
                             eos\01_2021_q146_triangul                         
                             o_equilatero\360p15\parti                         
                             al_movie_files\Resolucao0                         
                             1\uncached_00028.mp4'                             
                    INFO     Writing                    tex_file_writing.py:111
                             8^2+(\ell/2)^2=\ell^2 to                          
                             C:\Users\Windows                                  
                             11\Documents\Instagram\mat                        
                             ematica_em_movimento_30\en                        
                             em\media_horizontal\Tex\0e                        
                             4136d8779ec246.tex                                
latex: security risk: running with elevated privileges
dvisvgm: security risk: running with elevated privileges
[09/12/26 09:47:44] INFO     Automatically converted   scene_file_writer.py:377
                             C:\Users\Windows                                  
                             11\Documents\Instagram\ma                         
                             tematica_em_movimento_30\                         
                             enem\audio\ENEM-2021-MT-1                         
                             1\step_01.mp3 to .wav                             
                    INFO     Caching disabled.             cairo_renderer.py:79
                    INFO     Animation 29 : Partial    scene_file_writer.py:588
                             movie file written in                             
                             'C:\Users\Windows                                 
                             11\Documents\Instagram\ma                         
                             tematica_em_movimento_30\                         
                             enem\media_horizontal\vid                         
                             eos\01_2021_q146_triangul                         
                             o_equilatero\360p15\parti                         
                             al_movie_files\Resolucao0                         
                             1\uncached_00029.mp4'                             
[09/12/26 09:47:45] INFO     Caching disabled.             cairo_renderer.py:79
                    INFO     Animation 30 : Partial    scene_file_writer.py:588
                             movie file written in                             
                             'C:\Users\Windows                                 
                             11\Documents\Instagram\ma                         
                             tematica_em_movimento_30\                         
                             enem\media_horizontal\vid                         
                             eos\01_2021_q146_triangul                         
                             o_equilatero\360p15\parti                         
                             al_movie_files\Resolucao0                         
                             1\uncached_00030.mp4'                             
                    INFO     Writing                    tex_file_writing.py:111
                             64+{\ell^2\over4}=\ell^2                          
                             to C:\Users\Windows                               
                             11\Documents\Instagram\mat                        
                             ematica_em_movimento_30\en                        
                             em\media_horizontal\Tex\90                        
                             d29bf584db27f6.tex                                
latex: security risk: running with elevated privileges
dvisvgm: security risk: running with elevated privileges
[09/12/26 09:47:46] INFO     Automatically converted   scene_file_writer.py:377
                             C:\Users\Windows                                  
                             11\Documents\Instagram\ma                         
                             tematica_em_movimento_30\                         
                             enem\audio\ENEM-2021-MT-1                         
                             1\step_02.mp3 to .wav                             
                    INFO     Caching disabled.             cairo_renderer.py:79
                    INFO     Animation 31 : Partial    scene_file_writer.py:588
                             movie file written in                             
                             'C:\Users\Windows                                 
                             11\Documents\Instagram\ma                         
                             tematica_em_movimento_30\                         
                             enem\media_horizontal\vid                         
                             eos\01_2021_q146_triangul                         
                             o_equilatero\360p15\parti                         
                             al_movie_files\Resolucao0                         
                             1\uncached_00031.mp4'                             
                    INFO     Caching disabled.             cairo_renderer.py:79
                    INFO     Animation 32 : Partial    scene_file_writer.py:588
                             movie file written in                             
                             'C:\Users\Windows                                 
                             11\Documents\Instagram\ma                         
                             tematica_em_movimento_30\                         
                             enem\media_horizontal\vid                         
                             eos\01_2021_q146_triangul                         
                             o_equilatero\360p15\parti                         
                             al_movie_files\Resolucao0                         
                             1\uncached_00032.mp4'                             
                    INFO     Writing 64={3\ell^2\over4} tex_file_writing.py:111
                             to C:\Users\Windows                               
                             11\Documents\Instagram\mat                        
                             ematica_em_movimento_30\en                        
                             em\media_horizontal\Tex\c7                        
                             99576466ad2d88.tex                                
latex: security risk: running with elevated privileges
dvisvgm: security risk: running with elevated privileges
[09/12/26 09:47:47] INFO     Automatically converted   scene_file_writer.py:377
                             C:\Users\Windows                                  
                             11\Documents\Instagram\ma                         
                             tematica_em_movimento_30\                         
                             enem\audio\ENEM-2021-MT-1                         
                             1\step_03.mp3 to .wav                             
                    INFO     Caching disabled.             cairo_renderer.py:79
                    INFO     Animation 33 : Partial    scene_file_writer.py:588
                             movie file written in                             
                             'C:\Users\Windows                                 
                             11\Documents\Instagram\ma                         
                             tematica_em_movimento_30\                         
                             enem\media_horizontal\vid                         
                             eos\01_2021_q146_triangul                         
                             o_equilatero\360p15\parti                         
                             al_movie_files\Resolucao0                         
                             1\uncached_00033.mp4'                             
                    INFO     Caching disabled.             cairo_renderer.py:79
[09/12/26 09:47:48] INFO     Animation 34 : Partial    scene_file_writer.py:588
                             movie file written in                             
                             'C:\Users\Windows                                 
                             11\Documents\Instagram\ma                         
                             tematica_em_movimento_30\                         
                             enem\media_horizontal\vid                         
                             eos\01_2021_q146_triangul                         
                             o_equilatero\360p15\parti                         
                             al_movie_files\Resolucao0                         
                             1\uncached_00034.mp4'                             
                    INFO     Writing                    tex_file_writing.py:111
                             \ell^2={256\over3}\quad\Ri                        
                             ghtarrow\quad\ell={16\over                        
                             \sqrt3} to                                        
                             C:\Users\Windows                                  
                             11\Documents\Instagram\mat                        
                             ematica_em_movimento_30\en                        
                             em\media_horizontal\Tex\77                        
                             f922937c03f48e.tex                                
latex: security risk: running with elevated privileges
dvisvgm: security risk: running with elevated privileges
                    INFO     Automatically converted   scene_file_writer.py:377
                             C:\Users\Windows                                  
                             11\Documents\Instagram\ma                         
                             tematica_em_movimento_30\                         
                             enem\audio\ENEM-2021-MT-1                         
                             1\step_04.mp3 to .wav                             
                    INFO     Caching disabled.             cairo_renderer.py:79
[09/12/26 09:47:49] INFO     Animation 35 : Partial    scene_file_writer.py:588
                             movie file written in                             
                             'C:\Users\Windows                                 
                             11\Documents\Instagram\ma                         
                             tematica_em_movimento_30\                         
                             enem\media_horizontal\vid                         
                             eos\01_2021_q146_triangul                         
                             o_equilatero\360p15\parti                         
                             al_movie_files\Resolucao0                         
                             1\uncached_00035.mp4'                             
                    INFO     Caching disabled.             cairo_renderer.py:79
                    INFO     Animation 36 : Partial    scene_file_writer.py:588
                             movie file written in                             
                             'C:\Users\Windows                                 
                             11\Documents\Instagram\ma                         
                             tematica_em_movimento_30\                         
                             enem\media_horizontal\vid                         
                             eos\01_2021_q146_triangul                         
                             o_equilatero\360p15\parti                         
                             al_movie_files\Resolucao0                         
                             1\uncached_00036.mp4'                             
                    INFO     Writing                    tex_file_writing.py:111
                             P=3\ell={48\over\sqrt3}=16                        
                             \sqrt3 to C:\Users\Windows                        
                             11\Documents\Instagram\mat                        
                             ematica_em_movimento_30\en                        
                             em\media_horizontal\Tex\56                        
                             7939eb69fb54ce.tex                                
latex: security risk: running with elevated privileges
dvisvgm: security risk: running with elevated privileges
[09/12/26 09:47:50] INFO     Automatically converted   scene_file_writer.py:377
                             C:\Users\Windows                                  
                             11\Documents\Instagram\ma                         
                             tematica_em_movimento_30\                         
                             enem\audio\ENEM-2021-MT-1                         
                             1\step_05.mp3 to .wav                             
                    INFO     Caching disabled.             cairo_renderer.py:79
[09/12/26 09:47:51] INFO     Animation 37 : Partial    scene_file_writer.py:588
                             movie file written in                             
                             'C:\Users\Windows                                 
                             11\Documents\Instagram\ma                         
                             tematica_em_movimento_30\                         
                             enem\media_horizontal\vid                         
                             eos\01_2021_q146_triangul                         
                             o_equilatero\360p15\parti                         
                             al_movie_files\Resolucao0                         
                             1\uncached_00037.mp4'                             
                    INFO     Caching disabled.             cairo_renderer.py:79
                    INFO     Animation 38 : Partial    scene_file_writer.py:588
                             movie file written in                             
                             'C:\Users\Windows                                 
                             11\Documents\Instagram\ma                         
                             tematica_em_movimento_30\                         
                             enem\media_horizontal\vid                         
                             eos\01_2021_q146_triangul                         
                             o_equilatero\360p15\parti                         
                             al_movie_files\Resolucao0                         
                             1\uncached_00038.mp4'                             
                    INFO     Writing                    tex_file_writing.py:111
                             P\approx16\cdot1{,}7=27{,}                        
                             2\ \mathrm{cm} to                                 
                             C:\Users\Windows                                  
                             11\Documents\Instagram\mat                        
                             ematica_em_movimento_30\en                        
                             em\media_horizontal\Tex\97                        
                             f847963e7f76c9.tex                                
latex: security risk: running with elevated privileges
dvisvgm: security risk: running with elevated privileges
[09/12/26 09:47:52] INFO     Automatically converted   scene_file_writer.py:377
                             C:\Users\Windows                                  
                             11\Documents\Instagram\ma                         
                             tematica_em_movimento_30\                         
                             enem\audio\ENEM-2021-MT-1                         
                             1\step_06.mp3 to .wav                             
                    INFO     Caching disabled.             cairo_renderer.py:79
                    INFO     Animation 39 : Partial    scene_file_writer.py:588
                             movie file written in                             
                             'C:\Users\Windows                                 
                             11\Documents\Instagram\ma                         
                             tematica_em_movimento_30\                         
                             enem\media_horizontal\vid                         
                             eos\01_2021_q146_triangul                         
                             o_equilatero\360p15\parti                         
                             al_movie_files\Resolucao0                         
                             1\uncached_00039.mp4'                             
                    INFO     Caching disabled.             cairo_renderer.py:79
                    INFO     Animation 40 : Partial    scene_file_writer.py:588
                             movie file written in                             
                             'C:\Users\Windows                                 
                             11\Documents\Instagram\ma                         
                             tematica_em_movimento_30\                         
                             enem\media_horizontal\vid                         
                             eos\01_2021_q146_triangul                         
                             o_equilatero\360p15\parti                         
                             al_movie_files\Resolucao0                         
                             1\uncached_00040.mp4'                             
                    INFO     Automatically converted   scene_file_writer.py:377
                             C:\Users\Windows                                  
                             11\Documents\Instagram\ma                         
                             tematica_em_movimento_30\                         
                             enem\audio\ENEM-2021-MT-1                         
                             1\answer.mp3 to .wav                              
                    INFO     Caching disabled.             cairo_renderer.py:79
[09/12/26 09:47:53] INFO     Animation 41 : Partial    scene_file_writer.py:588
                             movie file written in                             
                             'C:\Users\Windows                                 
                             11\Documents\Instagram\ma                         
                             tematica_em_movimento_30\                         
                             enem\media_horizontal\vid                         
                             eos\01_2021_q146_triangul                         
                             o_equilatero\360p15\parti                         
                             al_movie_files\Resolucao0                         
                             1\uncached_00041.mp4'                             
                    INFO     Caching disabled.             cairo_renderer.py:79
                    INFO     Animation 42 : Partial    scene_file_writer.py:588
                             movie file written in                             
                             'C:\Users\Windows                                 
                             11\Documents\Instagram\ma                         
                             tematica_em_movimento_30\                         
                             enem\media_horizontal\vid                         
                             eos\01_2021_q146_triangul                         
                             o_equilatero\360p15\parti                         
                             al_movie_files\Resolucao0                         
                             1\uncached_00042.mp4'                             
                    INFO     Combining to Movie file.  scene_file_writer.py:739
[09/12/26 09:47:58] WARNING  Some options were not     scene_file_writer.py:801
                             used: {'shortest': '1',                           
                             'metadata':                                       
                             'comment=Rendered with                            
                             Manim Community v0.19.0'}                         
                    INFO                               scene_file_writer.py:886
                             File ready at                                     
                             'C:\Users\Windows                                 
                             11\Documents\Instagram\ma                         
                             tematica_em_movimento_30\                         
                             enem\media_horizontal\vid                         
                             eos\01_2021_q146_triangul                         
                             o_equilatero\360p15\Resol                         
                             ucao01.mp4'                                       
                                                                               
                    INFO     Rendered Resolucao01                  scene.py:255
                             Played 43 animations                              
You are using manim version v0.19.0, but version v0.21.0 is available.
You should consider upgrading via pip install -U manim
