Manim Community v0.19.0

[09/12/26 01:14:57] INFO     Automatically converted   scene_file_writer.py:377
                             C:\Users\Windows                                  
                             11\Documents\Instagram\ma                         
                             tematica_em_movimento_30\                         
                             enem\audio\ENEM-2021-MT-1                         
                             2\source.mp3 to .wav                              
                    INFO     Caching disabled.             cairo_renderer.py:79
[09/12/26 01:14:59] INFO     Animation 0 : Partial     scene_file_writer.py:588
                             movie file written in                             
                             'C:\Users\Windows                                 
                             11\Documents\Instagram\ma                         
                             tematica_em_movimento_30\                         
                             enem\media\videos\02_2021                         
                             _q147_caneca_tronco_cone\                         
                             1920p30\partial_movie_fil                         
                             es\Resolucao02\uncached_0                         
                             0000.mp4'                                         
                    INFO     Caching disabled.             cairo_renderer.py:79
[09/12/26 01:15:01] INFO     Animation 1 : Partial     scene_file_writer.py:588
                             movie file written in                             
                             'C:\Users\Windows                                 
                             11\Documents\Instagram\ma                         
                             tematica_em_movimento_30\                         
                             enem\media\videos\02_2021                         
                             _q147_caneca_tronco_cone\                         
                             1920p30\partial_movie_fil                         
                             es\Resolucao02\uncached_0                         
                             0001.mp4'                                         
                    INFO     Caching disabled.             cairo_renderer.py:79
                    INFO     Animation 2 : Partial     scene_file_writer.py:588
                             movie file written in                             
                             'C:\Users\Windows                                 
                             11\Documents\Instagram\ma                         
                             tematica_em_movimento_30\                         
                             enem\media\videos\02_2021                         
                             _q147_caneca_tronco_cone\                         
                             1920p30\partial_movie_fil                         
                             es\Resolucao02\uncached_0                         
                             0002.mp4'                                         
[09/12/26 01:15:02] INFO     Automatically converted   scene_file_writer.py:377
                             C:\Users\Windows                                  
                             11\Documents\Instagram\ma                         
                             tematica_em_movimento_30\                         
                             enem\audio\ENEM-2021-MT-1                         
                             2\statement_01.mp3 to                             
                             .wav                                              
                    INFO     Caching disabled.             cairo_renderer.py:79
[09/12/26 01:15:09] INFO     Animation 3 : Partial     scene_file_writer.py:588
                             movie file written in                             
                             'C:\Users\Windows                                 
                             11\Documents\Instagram\ma                         
                             tematica_em_movimento_30\                         
                             enem\media\videos\02_2021                         
                             _q147_caneca_tronco_cone\                         
                             1920p30\partial_movie_fil                         
                             es\Resolucao02\uncached_0                         
                             0003.mp4'                                         
                    INFO     Caching disabled.             cairo_renderer.py:79
[09/12/26 01:15:20] INFO     Animation 4 : Partial     scene_file_writer.py:588
                             movie file written in                             
                             'C:\Users\Windows                                 
                             11\Documents\Instagram\ma                         
                             tematica_em_movimento_30\                         
                             enem\media\videos\02_2021                         
                             _q147_caneca_tronco_cone\                         
                             1920p30\partial_movie_fil                         
                             es\Resolucao02\uncached_0                         
                             0004.mp4'                                         
                    INFO     Caching disabled.             cairo_renderer.py:79
[09/12/26 01:15:21] INFO     Animation 5 : Partial     scene_file_writer.py:588
                             movie file written in                             
                             'C:\Users\Windows                                 
                             11\Documents\Instagram\ma                         
                             tematica_em_movimento_30\                         
                             enem\media\videos\02_2021                         
                             _q147_caneca_tronco_cone\                         
                             1920p30\partial_movie_fil                         
                             es\Resolucao02\uncached_0                         
                             0005.mp4'                                         
                    INFO     Automatically converted   scene_file_writer.py:377
                             C:\Users\Windows                                  
                             11\Documents\Instagram\ma                         
                             tematica_em_movimento_30\                         
                             enem\audio\ENEM-2021-MT-1                         
                             2\statement_02.mp3 to                             
                             .wav                                              
                    INFO     Caching disabled.             cairo_renderer.py:79
[09/12/26 01:15:23] INFO     Animation 6 : Partial     scene_file_writer.py:588
                             movie file written in                             
                             'C:\Users\Windows                                 
                             11\Documents\Instagram\ma                         
                             tematica_em_movimento_30\                         
                             enem\media\videos\02_2021                         
                             _q147_caneca_tronco_cone\                         
                             1920p30\partial_movie_fil                         
                             es\Resolucao02\uncached_0                         
                             0006.mp4'                                         
                    INFO     Caching disabled.             cairo_renderer.py:79
[09/12/26 01:15:24] INFO     Animation 7 : Partial     scene_file_writer.py:588
                             movie file written in                             
                             'C:\Users\Windows                                 
                             11\Documents\Instagram\ma                         
                             tematica_em_movimento_30\                         
                             enem\media\videos\02_2021                         
                             _q147_caneca_tronco_cone\                         
                             1920p30\partial_movie_fil                         
                             es\Resolucao02\uncached_0                         
                             0007.mp4'                                         
                    INFO     Caching disabled.             cairo_renderer.py:79
                    INFO     Animation 8 : Partial     scene_file_writer.py:588
                             movie file written in                             
                             'C:\Users\Windows                                 
                             11\Documents\Instagram\ma                         
                             tematica_em_movimento_30\                         
                             enem\media\videos\02_2021                         
                             _q147_caneca_tronco_cone\                         
                             1920p30\partial_movie_fil                         
                             es\Resolucao02\uncached_0                         
                             0008.mp4'                                         
                    INFO     Caching disabled.             cairo_renderer.py:79
                    INFO     Animation 9 : Partial     scene_file_writer.py:588
                             movie file written in                             
                             'C:\Users\Windows                                 
                             11\Documents\Instagram\ma                         
                             tematica_em_movimento_30\                         
                             enem\media\videos\02_2021                         
                             _q147_caneca_tronco_cone\                         
                             1920p30\partial_movie_fil                         
                             es\Resolucao02\uncached_0                         
                             0009.mp4'                                         
                    INFO     Writing 12 to              tex_file_writing.py:111
                             media\Tex\eacd204bff9415f2                        
                             .tex                                              
[09/12/26 01:15:25] INFO     Writing D=10 to            tex_file_writing.py:111
                             media\Tex\7d2b447c16f492d6                        
                             .tex                                              
[09/12/26 01:15:26] INFO     Writing d=8 to             tex_file_writing.py:111
                             media\Tex\9dd144a879a735de                        
                             .tex                                              
[09/12/26 01:15:27] INFO     Automatically converted   scene_file_writer.py:377
                             C:\Users\Windows                                  
                             11\Documents\Instagram\ma                         
                             tematica_em_movimento_30\                         
                             enem\audio\ENEM-2021-MT-1                         
                             2\figure.mp3 to .wav                              
                    INFO     Caching disabled.             cairo_renderer.py:79
[09/12/26 01:15:30] INFO     Animation 10 : Partial    scene_file_writer.py:588
                             movie file written in                             
                             'C:\Users\Windows                                 
                             11\Documents\Instagram\ma                         
                             tematica_em_movimento_30\                         
                             enem\media\videos\02_2021                         
                             _q147_caneca_tronco_cone\                         
                             1920p30\partial_movie_fil                         
                             es\Resolucao02\uncached_0                         
                             0010.mp4'                                         
                    INFO     Caching disabled.             cairo_renderer.py:79
[09/12/26 01:15:34] INFO     Animation 11 : Partial    scene_file_writer.py:588
                             movie file written in                             
                             'C:\Users\Windows                                 
                             11\Documents\Instagram\ma                         
                             tematica_em_movimento_30\                         
                             enem\media\videos\02_2021                         
                             _q147_caneca_tronco_cone\                         
                             1920p30\partial_movie_fil                         
                             es\Resolucao02\uncached_0                         
                             0011.mp4'                                         
                    INFO     Caching disabled.             cairo_renderer.py:79
[09/12/26 01:15:35] INFO     Animation 12 : Partial    scene_file_writer.py:588
                             movie file written in                             
                             'C:\Users\Windows                                 
                             11\Documents\Instagram\ma                         
                             tematica_em_movimento_30\                         
                             enem\media\videos\02_2021                         
                             _q147_caneca_tronco_cone\                         
                             1920p30\partial_movie_fil                         
                             es\Resolucao02\uncached_0                         
                             0012.mp4'                                         
                    INFO     Automatically converted   scene_file_writer.py:377
                             C:\Users\Windows                                  
                             11\Documents\Instagram\ma                         
                             tematica_em_movimento_30\                         
                             enem\audio\ENEM-2021-MT-1                         
                             2\options.mp3 to .wav                             
                    INFO     Caching disabled.             cairo_renderer.py:79
[09/12/26 01:15:37] INFO     Animation 13 : Partial    scene_file_writer.py:588
                             movie file written in                             
                             'C:\Users\Windows                                 
                             11\Documents\Instagram\ma                         
                             tematica_em_movimento_30\                         
                             enem\media\videos\02_2021                         
                             _q147_caneca_tronco_cone\                         
                             1920p30\partial_movie_fil                         
                             es\Resolucao02\uncached_0                         
                             0013.mp4'                                         
                    INFO     Caching disabled.             cairo_renderer.py:79
[09/12/26 01:15:41] INFO     Animation 14 : Partial    scene_file_writer.py:588
                             movie file written in                             
                             'C:\Users\Windows                                 
                             11\Documents\Instagram\ma                         
                             tematica_em_movimento_30\                         
                             enem\media\videos\02_2021                         
                             _q147_caneca_tronco_cone\                         
                             1920p30\partial_movie_fil                         
                             es\Resolucao02\uncached_0                         
                             0014.mp4'                                         
                    INFO     Caching disabled.             cairo_renderer.py:79
                    INFO     Animation 15 : Partial    scene_file_writer.py:588
                             movie file written in                             
                             'C:\Users\Windows                                 
                             11\Documents\Instagram\ma                         
                             tematica_em_movimento_30\                         
                             enem\media\videos\02_2021                         
                             _q147_caneca_tronco_cone\                         
                             1920p30\partial_movie_fil                         
                             es\Resolucao02\uncached_0                         
                             0015.mp4'                                         
                    INFO     Automatically converted   scene_file_writer.py:377
                             C:\Users\Windows                                  
                             11\Documents\Instagram\ma                         
                             tematica_em_movimento_30\                         
                             enem\audio\ENEM-2021-MT-1                         
                             2\data.mp3 to .wav                                
[09/12/26 01:15:42] INFO     Caching disabled.             cairo_renderer.py:79
[09/12/26 01:15:44] INFO     Animation 16 : Partial    scene_file_writer.py:588
                             movie file written in                             
                             'C:\Users\Windows                                 
                             11\Documents\Instagram\ma                         
                             tematica_em_movimento_30\                         
                             enem\media\videos\02_2021                         
                             _q147_caneca_tronco_cone\                         
                             1920p30\partial_movie_fil                         
                             es\Resolucao02\uncached_0                         
                             0016.mp4'                                         
                    INFO     Caching disabled.             cairo_renderer.py:79
[09/12/26 01:15:50] INFO     Animation 17 : Partial    scene_file_writer.py:588
                             movie file written in                             
                             'C:\Users\Windows                                 
                             11\Documents\Instagram\ma                         
                             tematica_em_movimento_30\                         
                             enem\media\videos\02_2021                         
                             _q147_caneca_tronco_cone\                         
                             1920p30\partial_movie_fil                         
                             es\Resolucao02\uncached_0                         
                             0017.mp4'                                         
                    INFO     Caching disabled.             cairo_renderer.py:79
                    INFO     Animation 18 : Partial    scene_file_writer.py:588
                             movie file written in                             
                             'C:\Users\Windows                                 
                             11\Documents\Instagram\ma                         
                             tematica_em_movimento_30\                         
                             enem\media\videos\02_2021                         
                             _q147_caneca_tronco_cone\                         
                             1920p30\partial_movie_fil                         
                             es\Resolucao02\uncached_0                         
                             0018.mp4'                                         
[09/12/26 01:15:51] INFO     Automatically converted   scene_file_writer.py:377
                             C:\Users\Windows                                  
                             11\Documents\Instagram\ma                         
                             tematica_em_movimento_30\                         
                             enem\audio\ENEM-2021-MT-1                         
                             2\strategy.mp3 to .wav                            
                    INFO     Caching disabled.             cairo_renderer.py:79
[09/12/26 01:15:54] INFO     Animation 19 : Partial    scene_file_writer.py:588
                             movie file written in                             
                             'C:\Users\Windows                                 
                             11\Documents\Instagram\ma                         
                             tematica_em_movimento_30\                         
                             enem\media\videos\02_2021                         
                             _q147_caneca_tronco_cone\                         
                             1920p30\partial_movie_fil                         
                             es\Resolucao02\uncached_0                         
                             0019.mp4'                                         
                    INFO     Caching disabled.             cairo_renderer.py:79
[09/12/26 01:15:58] INFO     Animation 20 : Partial    scene_file_writer.py:588
                             movie file written in                             
                             'C:\Users\Windows                                 
                             11\Documents\Instagram\ma                         
                             tematica_em_movimento_30\                         
                             enem\media\videos\02_2021                         
                             _q147_caneca_tronco_cone\                         
                             1920p30\partial_movie_fil                         
                             es\Resolucao02\uncached_0                         
                             0020.mp4'                                         
                    INFO     Caching disabled.             cairo_renderer.py:79
[09/12/26 01:15:59] INFO     Animation 21 : Partial    scene_file_writer.py:588
                             movie file written in                             
                             'C:\Users\Windows                                 
                             11\Documents\Instagram\ma                         
                             tematica_em_movimento_30\                         
                             enem\media\videos\02_2021                         
                             _q147_caneca_tronco_cone\                         
                             1920p30\partial_movie_fil                         
                             es\Resolucao02\uncached_0                         
                             0021.mp4'                                         
                    INFO     Automatically converted   scene_file_writer.py:377
                             C:\Users\Windows                                  
                             11\Documents\Instagram\ma                         
                             tematica_em_movimento_30\                         
                             enem\audio\ENEM-2021-MT-1                         
                             2\visual.mp3 to .wav                              
                    INFO     Caching disabled.             cairo_renderer.py:79
[09/12/26 01:16:01] INFO     Animation 22 : Partial    scene_file_writer.py:588
                             movie file written in                             
                             'C:\Users\Windows                                 
                             11\Documents\Instagram\ma                         
                             tematica_em_movimento_30\                         
                             enem\media\videos\02_2021                         
                             _q147_caneca_tronco_cone\                         
                             1920p30\partial_movie_fil                         
                             es\Resolucao02\uncached_0                         
                             0022.mp4'                                         
                    INFO     Caching disabled.             cairo_renderer.py:79
[09/12/26 01:16:02] INFO     Animation 23 : Partial    scene_file_writer.py:588
                             movie file written in                             
                             'C:\Users\Windows                                 
                             11\Documents\Instagram\ma                         
                             tematica_em_movimento_30\                         
                             enem\media\videos\02_2021                         
                             _q147_caneca_tronco_cone\                         
                             1920p30\partial_movie_fil                         
                             es\Resolucao02\uncached_0                         
                             0023.mp4'                                         
                    INFO     Caching disabled.             cairo_renderer.py:79
                    INFO     Animation 24 : Partial    scene_file_writer.py:588
                             movie file written in                             
                             'C:\Users\Windows                                 
                             11\Documents\Instagram\ma                         
                             tematica_em_movimento_30\                         
                             enem\media\videos\02_2021                         
                             _q147_caneca_tronco_cone\                         
                             1920p30\partial_movie_fil                         
                             es\Resolucao02\uncached_0                         
                             0024.mp4'                                         
                    INFO     Caching disabled.             cairo_renderer.py:79
[09/12/26 01:16:03] INFO     Animation 25 : Partial    scene_file_writer.py:588
                             movie file written in                             
                             'C:\Users\Windows                                 
                             11\Documents\Instagram\ma                         
                             tematica_em_movimento_30\                         
                             enem\media\videos\02_2021                         
                             _q147_caneca_tronco_cone\                         
                             1920p30\partial_movie_fil                         
                             es\Resolucao02\uncached_0                         
                             0025.mp4'                                         
                    INFO     Automatically converted   scene_file_writer.py:377
                             C:\Users\Windows                                  
                             11\Documents\Instagram\ma                         
                             tematica_em_movimento_30\                         
                             enem\audio\ENEM-2021-MT-1                         
                             2\step_01.mp3 to .wav                             
                    INFO     Caching disabled.             cairo_renderer.py:79
[09/12/26 01:16:05] INFO     Animation 26 : Partial    scene_file_writer.py:588
                             movie file written in                             
                             'C:\Users\Windows                                 
                             11\Documents\Instagram\ma                         
                             tematica_em_movimento_30\                         
                             enem\media\videos\02_2021                         
                             _q147_caneca_tronco_cone\                         
                             1920p30\partial_movie_fil                         
                             es\Resolucao02\uncached_0                         
                             0026.mp4'                                         
                    INFO     Caching disabled.             cairo_renderer.py:79
[09/12/26 01:16:07] INFO     Animation 27 : Partial    scene_file_writer.py:588
                             movie file written in                             
                             'C:\Users\Windows                                 
                             11\Documents\Instagram\ma                         
                             tematica_em_movimento_30\                         
                             enem\media\videos\02_2021                         
                             _q147_caneca_tronco_cone\                         
                             1920p30\partial_movie_fil                         
                             es\Resolucao02\uncached_0                         
                             0027.mp4'                                         
                    INFO     Automatically converted   scene_file_writer.py:377
                             C:\Users\Windows                                  
                             11\Documents\Instagram\ma                         
                             tematica_em_movimento_30\                         
                             enem\audio\ENEM-2021-MT-1                         
                             2\step_02.mp3 to .wav                             
                    INFO     Caching disabled.             cairo_renderer.py:79
[09/12/26 01:16:09] INFO     Animation 28 : Partial    scene_file_writer.py:588
                             movie file written in                             
                             'C:\Users\Windows                                 
                             11\Documents\Instagram\ma                         
                             tematica_em_movimento_30\                         
                             enem\media\videos\02_2021                         
                             _q147_caneca_tronco_cone\                         
                             1920p30\partial_movie_fil                         
                             es\Resolucao02\uncached_0                         
                             0028.mp4'                                         
                    INFO     Caching disabled.             cairo_renderer.py:79
[09/12/26 01:16:12] INFO     Animation 29 : Partial    scene_file_writer.py:588
                             movie file written in                             
                             'C:\Users\Windows                                 
                             11\Documents\Instagram\ma                         
                             tematica_em_movimento_30\                         
                             enem\media\videos\02_2021                         
                             _q147_caneca_tronco_cone\                         
                             1920p30\partial_movie_fil                         
                             es\Resolucao02\uncached_0                         
                             0029.mp4'                                         
                    INFO     Automatically converted   scene_file_writer.py:377
                             C:\Users\Windows                                  
                             11\Documents\Instagram\ma                         
                             tematica_em_movimento_30\                         
                             enem\audio\ENEM-2021-MT-1                         
                             2\step_03.mp3 to .wav                             
                    INFO     Caching disabled.             cairo_renderer.py:79
[09/12/26 01:16:14] INFO     Animation 30 : Partial    scene_file_writer.py:588
                             movie file written in                             
                             'C:\Users\Windows                                 
                             11\Documents\Instagram\ma                         
                             tematica_em_movimento_30\                         
                             enem\media\videos\02_2021                         
                             _q147_caneca_tronco_cone\                         
                             1920p30\partial_movie_fil                         
                             es\Resolucao02\uncached_0                         
                             0030.mp4'                                         
                    INFO     Caching disabled.             cairo_renderer.py:79
[09/12/26 01:16:16] INFO     Animation 31 : Partial    scene_file_writer.py:588
                             movie file written in                             
                             'C:\Users\Windows                                 
                             11\Documents\Instagram\ma                         
                             tematica_em_movimento_30\                         
                             enem\media\videos\02_2021                         
                             _q147_caneca_tronco_cone\                         
                             1920p30\partial_movie_fil                         
                             es\Resolucao02\uncached_0                         
                             0031.mp4'                                         
                    INFO     Automatically converted   scene_file_writer.py:377
                             C:\Users\Windows                                  
                             11\Documents\Instagram\ma                         
                             tematica_em_movimento_30\                         
                             enem\audio\ENEM-2021-MT-1                         
                             2\step_04.mp3 to .wav                             
                    INFO     Caching disabled.             cairo_renderer.py:79
[09/12/26 01:16:18] INFO     Animation 32 : Partial    scene_file_writer.py:588
                             movie file written in                             
                             'C:\Users\Windows                                 
                             11\Documents\Instagram\ma                         
                             tematica_em_movimento_30\                         
                             enem\media\videos\02_2021                         
                             _q147_caneca_tronco_cone\                         
                             1920p30\partial_movie_fil                         
                             es\Resolucao02\uncached_0                         
                             0032.mp4'                                         
                    INFO     Caching disabled.             cairo_renderer.py:79
[09/12/26 01:16:20] INFO     Animation 33 : Partial    scene_file_writer.py:588
                             movie file written in                             
                             'C:\Users\Windows                                 
                             11\Documents\Instagram\ma                         
                             tematica_em_movimento_30\                         
                             enem\media\videos\02_2021                         
                             _q147_caneca_tronco_cone\                         
                             1920p30\partial_movie_fil                         
                             es\Resolucao02\uncached_0                         
                             0033.mp4'                                         
                    INFO     Automatically converted   scene_file_writer.py:377
                             C:\Users\Windows                                  
                             11\Documents\Instagram\ma                         
                             tematica_em_movimento_30\                         
                             enem\audio\ENEM-2021-MT-1                         
                             2\step_05.mp3 to .wav                             
                    INFO     Caching disabled.             cairo_renderer.py:79
[09/12/26 01:16:23] INFO     Animation 34 : Partial    scene_file_writer.py:588
                             movie file written in                             
                             'C:\Users\Windows                                 
                             11\Documents\Instagram\ma                         
                             tematica_em_movimento_30\                         
                             enem\media\videos\02_2021                         
                             _q147_caneca_tronco_cone\                         
                             1920p30\partial_movie_fil                         
                             es\Resolucao02\uncached_0                         
                             0034.mp4'                                         
                    INFO     Caching disabled.             cairo_renderer.py:79
[09/12/26 01:16:24] INFO     Animation 35 : Partial    scene_file_writer.py:588
                             movie file written in                             
                             'C:\Users\Windows                                 
                             11\Documents\Instagram\ma                         
                             tematica_em_movimento_30\                         
                             enem\media\videos\02_2021                         
                             _q147_caneca_tronco_cone\                         
                             1920p30\partial_movie_fil                         
                             es\Resolucao02\uncached_0                         
                             0035.mp4'                                         
                    INFO     Automatically converted   scene_file_writer.py:377
                             C:\Users\Windows                                  
                             11\Documents\Instagram\ma                         
                             tematica_em_movimento_30\                         
                             enem\audio\ENEM-2021-MT-1                         
                             2\answer.mp3 to .wav                              
                    INFO     Caching disabled.             cairo_renderer.py:79
[09/12/26 01:16:26] INFO     Animation 36 : Partial    scene_file_writer.py:588
                             movie file written in                             
                             'C:\Users\Windows                                 
                             11\Documents\Instagram\ma                         
                             tematica_em_movimento_30\                         
                             enem\media\videos\02_2021                         
                             _q147_caneca_tronco_cone\                         
                             1920p30\partial_movie_fil                         
                             es\Resolucao02\uncached_0                         
                             0036.mp4'                                         
                    INFO     Caching disabled.             cairo_renderer.py:79
[09/12/26 01:16:27] INFO     Animation 37 : Partial    scene_file_writer.py:588
                             movie file written in                             
                             'C:\Users\Windows                                 
                             11\Documents\Instagram\ma                         
                             tematica_em_movimento_30\                         
                             enem\media\videos\02_2021                         
                             _q147_caneca_tronco_cone\                         
                             1920p30\partial_movie_fil                         
                             es\Resolucao02\uncached_0                         
                             0037.mp4'                                         
                    INFO     Combining to Movie file.  scene_file_writer.py:739
[09/12/26 01:16:31] WARNING  Some options were not     scene_file_writer.py:801
                             used: {'shortest': '1',                           
                             'metadata':                                       
                             'comment=Rendered with                            
                             Manim Community v0.19.0'}                         
                    INFO                               scene_file_writer.py:886
                             File ready at                                     
                             'C:\Users\Windows                                 
                             11\Documents\Instagram\ma                         
                             tematica_em_movimento_30\                         
                             enem\media\videos\02_2021                         
                             _q147_caneca_tronco_cone\                         
                             1920p30\Resolucao02.mp4'                          
                                                                               
                    INFO     Rendered Resolucao02                  scene.py:255
                             Played 38 animations                              
You are using manim version v0.19.0, but version v0.21.0 is available.
You should consider upgrading via pip install -U manim
