Manim Community v0.19.0

[09/12/26 01:16:33] INFO     Automatically converted   scene_file_writer.py:377
                             C:\Users\Windows                                  
                             11\Documents\Instagram\ma                         
                             tematica_em_movimento_30\                         
                             enem\audio\ENEM-2021-MT-1                         
                             3\source.mp3 to .wav                              
                    INFO     Caching disabled.             cairo_renderer.py:79
[09/12/26 01:16:35] INFO     Animation 0 : Partial     scene_file_writer.py:588
                             movie file written in                             
                             'C:\Users\Windows                                 
                             11\Documents\Instagram\ma                         
                             tematica_em_movimento_30\                         
                             enem\media\videos\03_2021                         
                             _q148_areas_cartoes\1920p                         
                             30\partial_movie_files\Re                         
                             solucao03\uncached_00000.                         
                             mp4'                                              
                    INFO     Caching disabled.             cairo_renderer.py:79
[09/12/26 01:16:37] INFO     Animation 1 : Partial     scene_file_writer.py:588
                             movie file written in                             
                             'C:\Users\Windows                                 
                             11\Documents\Instagram\ma                         
                             tematica_em_movimento_30\                         
                             enem\media\videos\03_2021                         
                             _q148_areas_cartoes\1920p                         
                             30\partial_movie_files\Re                         
                             solucao03\uncached_00001.                         
                             mp4'                                              
                    INFO     Caching disabled.             cairo_renderer.py:79
                    INFO     Animation 2 : Partial     scene_file_writer.py:588
                             movie file written in                             
                             'C:\Users\Windows                                 
                             11\Documents\Instagram\ma                         
                             tematica_em_movimento_30\                         
                             enem\media\videos\03_2021                         
                             _q148_areas_cartoes\1920p                         
                             30\partial_movie_files\Re                         
                             solucao03\uncached_00002.                         
                             mp4'                                              
                    INFO     Automatically converted   scene_file_writer.py:377
                             C:\Users\Windows                                  
                             11\Documents\Instagram\ma                         
                             tematica_em_movimento_30\                         
                             enem\audio\ENEM-2021-MT-1                         
                             3\statement_01.mp3 to                             
                             .wav                                              
                    INFO     Caching disabled.             cairo_renderer.py:79
[09/12/26 01:16:39] INFO     Animation 3 : Partial     scene_file_writer.py:588
                             movie file written in                             
                             'C:\Users\Windows                                 
                             11\Documents\Instagram\ma                         
                             tematica_em_movimento_30\                         
                             enem\media\videos\03_2021                         
                             _q148_areas_cartoes\1920p                         
                             30\partial_movie_files\Re                         
                             solucao03\uncached_00003.                         
                             mp4'                                              
                    INFO     Caching disabled.             cairo_renderer.py:79
[09/12/26 01:16:40] INFO     Animation 4 : Partial     scene_file_writer.py:588
                             movie file written in                             
                             'C:\Users\Windows                                 
                             11\Documents\Instagram\ma                         
                             tematica_em_movimento_30\                         
                             enem\media\videos\03_2021                         
                             _q148_areas_cartoes\1920p                         
                             30\partial_movie_files\Re                         
                             solucao03\uncached_00004.                         
                             mp4'                                              
                    INFO     Caching disabled.             cairo_renderer.py:79
[09/12/26 01:16:41] INFO     Animation 5 : Partial     scene_file_writer.py:588
                             movie file written in                             
                             'C:\Users\Windows                                 
                             11\Documents\Instagram\ma                         
                             tematica_em_movimento_30\                         
                             enem\media\videos\03_2021                         
                             _q148_areas_cartoes\1920p                         
                             30\partial_movie_files\Re                         
                             solucao03\uncached_00005.                         
                             mp4'                                              
                    INFO     Automatically converted   scene_file_writer.py:377
                             C:\Users\Windows                                  
                             11\Documents\Instagram\ma                         
                             tematica_em_movimento_30\                         
                             enem\audio\ENEM-2021-MT-1                         
                             3\statement_02.mp3 to                             
                             .wav                                              
                    INFO     Caching disabled.             cairo_renderer.py:79
[09/12/26 01:16:49] INFO     Animation 6 : Partial     scene_file_writer.py:588
                             movie file written in                             
                             'C:\Users\Windows                                 
                             11\Documents\Instagram\ma                         
                             tematica_em_movimento_30\                         
                             enem\media\videos\03_2021                         
                             _q148_areas_cartoes\1920p                         
                             30\partial_movie_files\Re                         
                             solucao03\uncached_00006.                         
                             mp4'                                              
                    INFO     Caching disabled.             cairo_renderer.py:79
[09/12/26 01:17:00] INFO     Animation 7 : Partial     scene_file_writer.py:588
                             movie file written in                             
                             'C:\Users\Windows                                 
                             11\Documents\Instagram\ma                         
                             tematica_em_movimento_30\                         
                             enem\media\videos\03_2021                         
                             _q148_areas_cartoes\1920p                         
                             30\partial_movie_files\Re                         
                             solucao03\uncached_00007.                         
                             mp4'                                              
                    INFO     Caching disabled.             cairo_renderer.py:79
[09/12/26 01:17:02] INFO     Animation 8 : Partial     scene_file_writer.py:588
                             movie file written in                             
                             'C:\Users\Windows                                 
                             11\Documents\Instagram\ma                         
                             tematica_em_movimento_30\                         
                             enem\media\videos\03_2021                         
                             _q148_areas_cartoes\1920p                         
                             30\partial_movie_files\Re                         
                             solucao03\uncached_00008.                         
                             mp4'                                              
                    INFO     Automatically converted   scene_file_writer.py:377
                             C:\Users\Windows                                  
                             11\Documents\Instagram\ma                         
                             tematica_em_movimento_30\                         
                             enem\audio\ENEM-2021-MT-1                         
                             3\statement_03.mp3 to                             
                             .wav                                              
                    INFO     Caching disabled.             cairo_renderer.py:79
[09/12/26 01:17:07] INFO     Animation 9 : Partial     scene_file_writer.py:588
                             movie file written in                             
                             'C:\Users\Windows                                 
                             11\Documents\Instagram\ma                         
                             tematica_em_movimento_30\                         
                             enem\media\videos\03_2021                         
                             _q148_areas_cartoes\1920p                         
                             30\partial_movie_files\Re                         
                             solucao03\uncached_00009.                         
                             mp4'                                              
                    INFO     Caching disabled.             cairo_renderer.py:79
[09/12/26 01:17:12] INFO     Animation 10 : Partial    scene_file_writer.py:588
                             movie file written in                             
                             'C:\Users\Windows                                 
                             11\Documents\Instagram\ma                         
                             tematica_em_movimento_30\                         
                             enem\media\videos\03_2021                         
                             _q148_areas_cartoes\1920p                         
                             30\partial_movie_files\Re                         
                             solucao03\uncached_00010.                         
                             mp4'                                              
                    INFO     Caching disabled.             cairo_renderer.py:79
[09/12/26 01:17:13] INFO     Animation 11 : Partial    scene_file_writer.py:588
                             movie file written in                             
                             'C:\Users\Windows                                 
                             11\Documents\Instagram\ma                         
                             tematica_em_movimento_30\                         
                             enem\media\videos\03_2021                         
                             _q148_areas_cartoes\1920p                         
                             30\partial_movie_files\Re                         
                             solucao03\uncached_00011.                         
                             mp4'                                              
                    INFO     Caching disabled.             cairo_renderer.py:79
                    INFO     Animation 12 : Partial    scene_file_writer.py:588
                             movie file written in                             
                             'C:\Users\Windows                                 
                             11\Documents\Instagram\ma                         
                             tematica_em_movimento_30\                         
                             enem\media\videos\03_2021                         
                             _q148_areas_cartoes\1920p                         
                             30\partial_movie_files\Re                         
                             solucao03\uncached_00012.                         
                             mp4'                                              
                    INFO     Automatically converted   scene_file_writer.py:377
                             C:\Users\Windows                                  
                             11\Documents\Instagram\ma                         
                             tematica_em_movimento_30\                         
                             enem\audio\ENEM-2021-MT-1                         
                             3\options.mp3 to .wav                             
                    INFO     Caching disabled.             cairo_renderer.py:79
[09/12/26 01:17:16] INFO     Animation 13 : Partial    scene_file_writer.py:588
                             movie file written in                             
                             'C:\Users\Windows                                 
                             11\Documents\Instagram\ma                         
                             tematica_em_movimento_30\                         
                             enem\media\videos\03_2021                         
                             _q148_areas_cartoes\1920p                         
                             30\partial_movie_files\Re                         
                             solucao03\uncached_00013.                         
                             mp4'                                              
                    INFO     Caching disabled.             cairo_renderer.py:79
[09/12/26 01:17:18] INFO     Animation 14 : Partial    scene_file_writer.py:588
                             movie file written in                             
                             'C:\Users\Windows                                 
                             11\Documents\Instagram\ma                         
                             tematica_em_movimento_30\                         
                             enem\media\videos\03_2021                         
                             _q148_areas_cartoes\1920p                         
                             30\partial_movie_files\Re                         
                             solucao03\uncached_00014.                         
                             mp4'                                              
                    INFO     Caching disabled.             cairo_renderer.py:79
                    INFO     Animation 15 : Partial    scene_file_writer.py:588
                             movie file written in                             
                             'C:\Users\Windows                                 
                             11\Documents\Instagram\ma                         
                             tematica_em_movimento_30\                         
                             enem\media\videos\03_2021                         
                             _q148_areas_cartoes\1920p                         
                             30\partial_movie_files\Re                         
                             solucao03\uncached_00015.                         
                             mp4'                                              
[09/12/26 01:17:19] INFO     Automatically converted   scene_file_writer.py:377
                             C:\Users\Windows                                  
                             11\Documents\Instagram\ma                         
                             tematica_em_movimento_30\                         
                             enem\audio\ENEM-2021-MT-1                         
                             3\data.mp3 to .wav                                
                    INFO     Caching disabled.             cairo_renderer.py:79
[09/12/26 01:17:22] INFO     Animation 16 : Partial    scene_file_writer.py:588
                             movie file written in                             
                             'C:\Users\Windows                                 
                             11\Documents\Instagram\ma                         
                             tematica_em_movimento_30\                         
                             enem\media\videos\03_2021                         
                             _q148_areas_cartoes\1920p                         
                             30\partial_movie_files\Re                         
                             solucao03\uncached_00016.                         
                             mp4'                                              
                    INFO     Caching disabled.             cairo_renderer.py:79
[09/12/26 01:17:31] INFO     Animation 17 : Partial    scene_file_writer.py:588
                             movie file written in                             
                             'C:\Users\Windows                                 
                             11\Documents\Instagram\ma                         
                             tematica_em_movimento_30\                         
                             enem\media\videos\03_2021                         
                             _q148_areas_cartoes\1920p                         
                             30\partial_movie_files\Re                         
                             solucao03\uncached_00017.                         
                             mp4'                                              
                    INFO     Caching disabled.             cairo_renderer.py:79
                    INFO     Animation 18 : Partial    scene_file_writer.py:588
                             movie file written in                             
                             'C:\Users\Windows                                 
                             11\Documents\Instagram\ma                         
                             tematica_em_movimento_30\                         
                             enem\media\videos\03_2021                         
                             _q148_areas_cartoes\1920p                         
                             30\partial_movie_files\Re                         
                             solucao03\uncached_00018.                         
                             mp4'                                              
[09/12/26 01:17:32] INFO     Automatically converted   scene_file_writer.py:377
                             C:\Users\Windows                                  
                             11\Documents\Instagram\ma                         
                             tematica_em_movimento_30\                         
                             enem\audio\ENEM-2021-MT-1                         
                             3\strategy.mp3 to .wav                            
                    INFO     Caching disabled.             cairo_renderer.py:79
[09/12/26 01:17:36] INFO     Animation 19 : Partial    scene_file_writer.py:588
                             movie file written in                             
                             'C:\Users\Windows                                 
                             11\Documents\Instagram\ma                         
                             tematica_em_movimento_30\                         
                             enem\media\videos\03_2021                         
                             _q148_areas_cartoes\1920p                         
                             30\partial_movie_files\Re                         
                             solucao03\uncached_00019.                         
                             mp4'                                              
                    INFO     Caching disabled.             cairo_renderer.py:79
[09/12/26 01:17:40] INFO     Animation 20 : Partial    scene_file_writer.py:588
                             movie file written in                             
                             'C:\Users\Windows                                 
                             11\Documents\Instagram\ma                         
                             tematica_em_movimento_30\                         
                             enem\media\videos\03_2021                         
                             _q148_areas_cartoes\1920p                         
                             30\partial_movie_files\Re                         
                             solucao03\uncached_00020.                         
                             mp4'                                              
                    INFO     Caching disabled.             cairo_renderer.py:79
[09/12/26 01:17:41] INFO     Animation 21 : Partial    scene_file_writer.py:588
                             movie file written in                             
                             'C:\Users\Windows                                 
                             11\Documents\Instagram\ma                         
                             tematica_em_movimento_30\                         
                             enem\media\videos\03_2021                         
                             _q148_areas_cartoes\1920p                         
                             30\partial_movie_files\Re                         
                             solucao03\uncached_00021.                         
                             mp4'                                              
                    INFO     Automatically converted   scene_file_writer.py:377
                             C:\Users\Windows                                  
                             11\Documents\Instagram\ma                         
                             tematica_em_movimento_30\                         
                             enem\audio\ENEM-2021-MT-1                         
                             3\visual.mp3 to .wav                              
                    INFO     Caching disabled.             cairo_renderer.py:79
[09/12/26 01:17:43] INFO     Animation 22 : Partial    scene_file_writer.py:588
                             movie file written in                             
                             'C:\Users\Windows                                 
                             11\Documents\Instagram\ma                         
                             tematica_em_movimento_30\                         
                             enem\media\videos\03_2021                         
                             _q148_areas_cartoes\1920p                         
                             30\partial_movie_files\Re                         
                             solucao03\uncached_00022.                         
                             mp4'                                              
                    INFO     Caching disabled.             cairo_renderer.py:79
[09/12/26 01:17:44] INFO     Animation 23 : Partial    scene_file_writer.py:588
                             movie file written in                             
                             'C:\Users\Windows                                 
                             11\Documents\Instagram\ma                         
                             tematica_em_movimento_30\                         
                             enem\media\videos\03_2021                         
                             _q148_areas_cartoes\1920p                         
                             30\partial_movie_files\Re                         
                             solucao03\uncached_00023.                         
                             mp4'                                              
                    INFO     Caching disabled.             cairo_renderer.py:79
[09/12/26 01:17:45] INFO     Animation 24 : Partial    scene_file_writer.py:588
                             movie file written in                             
                             'C:\Users\Windows                                 
                             11\Documents\Instagram\ma                         
                             tematica_em_movimento_30\                         
                             enem\media\videos\03_2021                         
                             _q148_areas_cartoes\1920p                         
                             30\partial_movie_files\Re                         
                             solucao03\uncached_00024.                         
                             mp4'                                              
                    INFO     Caching disabled.             cairo_renderer.py:79
                    INFO     Animation 25 : Partial    scene_file_writer.py:588
                             movie file written in                             
                             'C:\Users\Windows                                 
                             11\Documents\Instagram\ma                         
                             tematica_em_movimento_30\                         
                             enem\media\videos\03_2021                         
                             _q148_areas_cartoes\1920p                         
                             30\partial_movie_files\Re                         
                             solucao03\uncached_00025.                         
                             mp4'                                              
                    INFO     Automatically converted   scene_file_writer.py:377
                             C:\Users\Windows                                  
                             11\Documents\Instagram\ma                         
                             tematica_em_movimento_30\                         
                             enem\audio\ENEM-2021-MT-1                         
                             3\step_01.mp3 to .wav                             
                    INFO     Caching disabled.             cairo_renderer.py:79
[09/12/26 01:17:47] INFO     Animation 26 : Partial    scene_file_writer.py:588
                             movie file written in                             
                             'C:\Users\Windows                                 
                             11\Documents\Instagram\ma                         
                             tematica_em_movimento_30\                         
                             enem\media\videos\03_2021                         
                             _q148_areas_cartoes\1920p                         
                             30\partial_movie_files\Re                         
                             solucao03\uncached_00026.                         
                             mp4'                                              
                    INFO     Caching disabled.             cairo_renderer.py:79
[09/12/26 01:17:51] INFO     Animation 27 : Partial    scene_file_writer.py:588
                             movie file written in                             
                             'C:\Users\Windows                                 
                             11\Documents\Instagram\ma                         
                             tematica_em_movimento_30\                         
                             enem\media\videos\03_2021                         
                             _q148_areas_cartoes\1920p                         
                             30\partial_movie_files\Re                         
                             solucao03\uncached_00027.                         
                             mp4'                                              
                    INFO     Automatically converted   scene_file_writer.py:377
                             C:\Users\Windows                                  
                             11\Documents\Instagram\ma                         
                             tematica_em_movimento_30\                         
                             enem\audio\ENEM-2021-MT-1                         
                             3\step_02.mp3 to .wav                             
                    INFO     Caching disabled.             cairo_renderer.py:79
[09/12/26 01:17:53] INFO     Animation 28 : Partial    scene_file_writer.py:588
                             movie file written in                             
                             'C:\Users\Windows                                 
                             11\Documents\Instagram\ma                         
                             tematica_em_movimento_30\                         
                             enem\media\videos\03_2021                         
                             _q148_areas_cartoes\1920p                         
                             30\partial_movie_files\Re                         
                             solucao03\uncached_00028.                         
                             mp4'                                              
                    INFO     Caching disabled.             cairo_renderer.py:79
[09/12/26 01:17:54] INFO     Animation 29 : Partial    scene_file_writer.py:588
                             movie file written in                             
                             'C:\Users\Windows                                 
                             11\Documents\Instagram\ma                         
                             tematica_em_movimento_30\                         
                             enem\media\videos\03_2021                         
                             _q148_areas_cartoes\1920p                         
                             30\partial_movie_files\Re                         
                             solucao03\uncached_00029.                         
                             mp4'                                              
                    INFO     Automatically converted   scene_file_writer.py:377
                             C:\Users\Windows                                  
                             11\Documents\Instagram\ma                         
                             tematica_em_movimento_30\                         
                             enem\audio\ENEM-2021-MT-1                         
                             3\step_03.mp3 to .wav                             
                    INFO     Caching disabled.             cairo_renderer.py:79
[09/12/26 01:17:56] INFO     Animation 30 : Partial    scene_file_writer.py:588
                             movie file written in                             
                             'C:\Users\Windows                                 
                             11\Documents\Instagram\ma                         
                             tematica_em_movimento_30\                         
                             enem\media\videos\03_2021                         
                             _q148_areas_cartoes\1920p                         
                             30\partial_movie_files\Re                         
                             solucao03\uncached_00030.                         
                             mp4'                                              
                    INFO     Caching disabled.             cairo_renderer.py:79
[09/12/26 01:17:58] INFO     Animation 31 : Partial    scene_file_writer.py:588
                             movie file written in                             
                             'C:\Users\Windows                                 
                             11\Documents\Instagram\ma                         
                             tematica_em_movimento_30\                         
                             enem\media\videos\03_2021                         
                             _q148_areas_cartoes\1920p                         
                             30\partial_movie_files\Re                         
                             solucao03\uncached_00031.                         
                             mp4'                                              
                    INFO     Automatically converted   scene_file_writer.py:377
                             C:\Users\Windows                                  
                             11\Documents\Instagram\ma                         
                             tematica_em_movimento_30\                         
                             enem\audio\ENEM-2021-MT-1                         
                             3\step_04.mp3 to .wav                             
                    INFO     Caching disabled.             cairo_renderer.py:79
[09/12/26 01:18:01] INFO     Animation 32 : Partial    scene_file_writer.py:588
                             movie file written in                             
                             'C:\Users\Windows                                 
                             11\Documents\Instagram\ma                         
                             tematica_em_movimento_30\                         
                             enem\media\videos\03_2021                         
                             _q148_areas_cartoes\1920p                         
                             30\partial_movie_files\Re                         
                             solucao03\uncached_00032.                         
                             mp4'                                              
                    INFO     Caching disabled.             cairo_renderer.py:79
[09/12/26 01:18:04] INFO     Animation 33 : Partial    scene_file_writer.py:588
                             movie file written in                             
                             'C:\Users\Windows                                 
                             11\Documents\Instagram\ma                         
                             tematica_em_movimento_30\                         
                             enem\media\videos\03_2021                         
                             _q148_areas_cartoes\1920p                         
                             30\partial_movie_files\Re                         
                             solucao03\uncached_00033.                         
                             mp4'                                              
                    INFO     Automatically converted   scene_file_writer.py:377
                             C:\Users\Windows                                  
                             11\Documents\Instagram\ma                         
                             tematica_em_movimento_30\                         
                             enem\audio\ENEM-2021-MT-1                         
                             3\step_05.mp3 to .wav                             
                    INFO     Caching disabled.             cairo_renderer.py:79
[09/12/26 01:18:07] INFO     Animation 34 : Partial    scene_file_writer.py:588
                             movie file written in                             
                             'C:\Users\Windows                                 
                             11\Documents\Instagram\ma                         
                             tematica_em_movimento_30\                         
                             enem\media\videos\03_2021                         
                             _q148_areas_cartoes\1920p                         
                             30\partial_movie_files\Re                         
                             solucao03\uncached_00034.                         
                             mp4'                                              
                    INFO     Caching disabled.             cairo_renderer.py:79
[09/12/26 01:18:09] INFO     Animation 35 : Partial    scene_file_writer.py:588
                             movie file written in                             
                             'C:\Users\Windows                                 
                             11\Documents\Instagram\ma                         
                             tematica_em_movimento_30\                         
                             enem\media\videos\03_2021                         
                             _q148_areas_cartoes\1920p                         
                             30\partial_movie_files\Re                         
                             solucao03\uncached_00035.                         
                             mp4'                                              
                    INFO     Automatically converted   scene_file_writer.py:377
                             C:\Users\Windows                                  
                             11\Documents\Instagram\ma                         
                             tematica_em_movimento_30\                         
                             enem\audio\ENEM-2021-MT-1                         
                             3\step_06.mp3 to .wav                             
                    INFO     Caching disabled.             cairo_renderer.py:79
[09/12/26 01:18:11] INFO     Animation 36 : Partial    scene_file_writer.py:588
                             movie file written in                             
                             'C:\Users\Windows                                 
                             11\Documents\Instagram\ma                         
                             tematica_em_movimento_30\                         
                             enem\media\videos\03_2021                         
                             _q148_areas_cartoes\1920p                         
                             30\partial_movie_files\Re                         
                             solucao03\uncached_00036.                         
                             mp4'                                              
                    INFO     Caching disabled.             cairo_renderer.py:79
[09/12/26 01:18:13] INFO     Animation 37 : Partial    scene_file_writer.py:588
                             movie file written in                             
                             'C:\Users\Windows                                 
                             11\Documents\Instagram\ma                         
                             tematica_em_movimento_30\                         
                             enem\media\videos\03_2021                         
                             _q148_areas_cartoes\1920p                         
                             30\partial_movie_files\Re                         
                             solucao03\uncached_00037.                         
                             mp4'                                              
                    INFO     Automatically converted   scene_file_writer.py:377
                             C:\Users\Windows                                  
                             11\Documents\Instagram\ma                         
                             tematica_em_movimento_30\                         
                             enem\audio\ENEM-2021-MT-1                         
                             3\answer.mp3 to .wav                              
                    INFO     Caching disabled.             cairo_renderer.py:79
[09/12/26 01:18:14] INFO     Animation 38 : Partial    scene_file_writer.py:588
                             movie file written in                             
                             'C:\Users\Windows                                 
                             11\Documents\Instagram\ma                         
                             tematica_em_movimento_30\                         
                             enem\media\videos\03_2021                         
                             _q148_areas_cartoes\1920p                         
                             30\partial_movie_files\Re                         
                             solucao03\uncached_00038.                         
                             mp4'                                              
                    INFO     Caching disabled.             cairo_renderer.py:79
[09/12/26 01:18:15] INFO     Animation 39 : Partial    scene_file_writer.py:588
                             movie file written in                             
                             'C:\Users\Windows                                 
                             11\Documents\Instagram\ma                         
                             tematica_em_movimento_30\                         
                             enem\media\videos\03_2021                         
                             _q148_areas_cartoes\1920p                         
                             30\partial_movie_files\Re                         
                             solucao03\uncached_00039.                         
                             mp4'                                              
                    INFO     Combining to Movie file.  scene_file_writer.py:739
[09/12/26 01:18:20] WARNING  Some options were not     scene_file_writer.py:801
                             used: {'shortest': '1',                           
                             'metadata':                                       
                             'comment=Rendered with                            
                             Manim Community v0.19.0'}                         
                    INFO                               scene_file_writer.py:886
                             File ready at                                     
                             'C:\Users\Windows                                 
                             11\Documents\Instagram\ma                         
                             tematica_em_movimento_30\                         
                             enem\media\videos\03_2021                         
                             _q148_areas_cartoes\1920p                         
                             30\Resolucao03.mp4'                               
                                                                               
                    INFO     Rendered Resolucao03                  scene.py:255
                             Played 40 animations                              
You are using manim version v0.19.0, but version v0.21.0 is available.
You should consider upgrading via pip install -U manim
