Manim Community v0.19.0

[09/12/26 01:18:22] INFO     Automatically converted   scene_file_writer.py:377
                             C:\Users\Windows                                  
                             11\Documents\Instagram\ma                         
                             tematica_em_movimento_30\                         
                             enem\audio\ENEM-2021-MT-1                         
                             7\source.mp3 to .wav                              
                    INFO     Caching disabled.             cairo_renderer.py:79
[09/12/26 01:18:25] INFO     Animation 0 : Partial     scene_file_writer.py:588
                             movie file written in                             
                             'C:\Users\Windows                                 
                             11\Documents\Instagram\ma                         
                             tematica_em_movimento_30\                         
                             enem\media\videos\04_2021                         
                             _q152_area_container\1920                         
                             p30\partial_movie_files\R                         
                             esolucao04\uncached_00000                         
                             .mp4'                                             
                    INFO     Caching disabled.             cairo_renderer.py:79
[09/12/26 01:18:26] INFO     Animation 1 : Partial     scene_file_writer.py:588
                             movie file written in                             
                             'C:\Users\Windows                                 
                             11\Documents\Instagram\ma                         
                             tematica_em_movimento_30\                         
                             enem\media\videos\04_2021                         
                             _q152_area_container\1920                         
                             p30\partial_movie_files\R                         
                             esolucao04\uncached_00001                         
                             .mp4'                                             
                    INFO     Caching disabled.             cairo_renderer.py:79
[09/12/26 01:18:27] INFO     Animation 2 : Partial     scene_file_writer.py:588
                             movie file written in                             
                             'C:\Users\Windows                                 
                             11\Documents\Instagram\ma                         
                             tematica_em_movimento_30\                         
                             enem\media\videos\04_2021                         
                             _q152_area_container\1920                         
                             p30\partial_movie_files\R                         
                             esolucao04\uncached_00002                         
                             .mp4'                                             
                    INFO     Automatically converted   scene_file_writer.py:377
                             C:\Users\Windows                                  
                             11\Documents\Instagram\ma                         
                             tematica_em_movimento_30\                         
                             enem\audio\ENEM-2021-MT-1                         
                             7\statement_01.mp3 to                             
                             .wav                                              
                    INFO     Caching disabled.             cairo_renderer.py:79
[09/12/26 01:18:31] INFO     Animation 3 : Partial     scene_file_writer.py:588
                             movie file written in                             
                             'C:\Users\Windows                                 
                             11\Documents\Instagram\ma                         
                             tematica_em_movimento_30\                         
                             enem\media\videos\04_2021                         
                             _q152_area_container\1920                         
                             p30\partial_movie_files\R                         
                             esolucao04\uncached_00003                         
                             .mp4'                                             
                    INFO     Caching disabled.             cairo_renderer.py:79
[09/12/26 01:18:35] INFO     Animation 4 : Partial     scene_file_writer.py:588
                             movie file written in                             
                             'C:\Users\Windows                                 
                             11\Documents\Instagram\ma                         
                             tematica_em_movimento_30\                         
                             enem\media\videos\04_2021                         
                             _q152_area_container\1920                         
                             p30\partial_movie_files\R                         
                             esolucao04\uncached_00004                         
                             .mp4'                                             
                    INFO     Caching disabled.             cairo_renderer.py:79
[09/12/26 01:18:36] INFO     Animation 5 : Partial     scene_file_writer.py:588
                             movie file written in                             
                             'C:\Users\Windows                                 
                             11\Documents\Instagram\ma                         
                             tematica_em_movimento_30\                         
                             enem\media\videos\04_2021                         
                             _q152_area_container\1920                         
                             p30\partial_movie_files\R                         
                             esolucao04\uncached_00005                         
                             .mp4'                                             
                    INFO     Automatically converted   scene_file_writer.py:377
                             C:\Users\Windows                                  
                             11\Documents\Instagram\ma                         
                             tematica_em_movimento_30\                         
                             enem\audio\ENEM-2021-MT-1                         
                             7\statement_02.mp3 to                             
                             .wav                                              
                    INFO     Caching disabled.             cairo_renderer.py:79
[09/12/26 01:18:43] INFO     Animation 6 : Partial     scene_file_writer.py:588
                             movie file written in                             
                             'C:\Users\Windows                                 
                             11\Documents\Instagram\ma                         
                             tematica_em_movimento_30\                         
                             enem\media\videos\04_2021                         
                             _q152_area_container\1920                         
                             p30\partial_movie_files\R                         
                             esolucao04\uncached_00006                         
                             .mp4'                                             
                    INFO     Caching disabled.             cairo_renderer.py:79
[09/12/26 01:18:52] INFO     Animation 7 : Partial     scene_file_writer.py:588
                             movie file written in                             
                             'C:\Users\Windows                                 
                             11\Documents\Instagram\ma                         
                             tematica_em_movimento_30\                         
                             enem\media\videos\04_2021                         
                             _q152_area_container\1920                         
                             p30\partial_movie_files\R                         
                             esolucao04\uncached_00007                         
                             .mp4'                                             
                    INFO     Caching disabled.             cairo_renderer.py:79
[09/12/26 01:18:53] INFO     Animation 8 : Partial     scene_file_writer.py:588
                             movie file written in                             
                             'C:\Users\Windows                                 
                             11\Documents\Instagram\ma                         
                             tematica_em_movimento_30\                         
                             enem\media\videos\04_2021                         
                             _q152_area_container\1920                         
                             p30\partial_movie_files\R                         
                             esolucao04\uncached_00008                         
                             .mp4'                                             
[09/12/26 01:18:54] INFO     Automatically converted   scene_file_writer.py:377
                             C:\Users\Windows                                  
                             11\Documents\Instagram\ma                         
                             tematica_em_movimento_30\                         
                             enem\audio\ENEM-2021-MT-1                         
                             7\statement_03.mp3 to                             
                             .wav                                              
                    INFO     Caching disabled.             cairo_renderer.py:79
[09/12/26 01:19:01] INFO     Animation 9 : Partial     scene_file_writer.py:588
                             movie file written in                             
                             'C:\Users\Windows                                 
                             11\Documents\Instagram\ma                         
                             tematica_em_movimento_30\                         
                             enem\media\videos\04_2021                         
                             _q152_area_container\1920                         
                             p30\partial_movie_files\R                         
                             esolucao04\uncached_00009                         
                             .mp4'                                             
                    INFO     Caching disabled.             cairo_renderer.py:79
[09/12/26 01:19:11] INFO     Animation 10 : Partial    scene_file_writer.py:588
                             movie file written in                             
                             'C:\Users\Windows                                 
                             11\Documents\Instagram\ma                         
                             tematica_em_movimento_30\                         
                             enem\media\videos\04_2021                         
                             _q152_area_container\1920                         
                             p30\partial_movie_files\R                         
                             esolucao04\uncached_00010                         
                             .mp4'                                             
[09/12/26 01:19:12] INFO     Caching disabled.             cairo_renderer.py:79
[09/12/26 01:19:13] INFO     Animation 11 : Partial    scene_file_writer.py:588
                             movie file written in                             
                             'C:\Users\Windows                                 
                             11\Documents\Instagram\ma                         
                             tematica_em_movimento_30\                         
                             enem\media\videos\04_2021                         
                             _q152_area_container\1920                         
                             p30\partial_movie_files\R                         
                             esolucao04\uncached_00011                         
                             .mp4'                                             
                    INFO     Automatically converted   scene_file_writer.py:377
                             C:\Users\Windows                                  
                             11\Documents\Instagram\ma                         
                             tematica_em_movimento_30\                         
                             enem\audio\ENEM-2021-MT-1                         
                             7\statement_04.mp3 to                             
                             .wav                                              
                    INFO     Caching disabled.             cairo_renderer.py:79
[09/12/26 01:19:20] INFO     Animation 12 : Partial    scene_file_writer.py:588
                             movie file written in                             
                             'C:\Users\Windows                                 
                             11\Documents\Instagram\ma                         
                             tematica_em_movimento_30\                         
                             enem\media\videos\04_2021                         
                             _q152_area_container\1920                         
                             p30\partial_movie_files\R                         
                             esolucao04\uncached_00012                         
                             .mp4'                                             
                    INFO     Caching disabled.             cairo_renderer.py:79
[09/12/26 01:19:28] INFO     Animation 13 : Partial    scene_file_writer.py:588
                             movie file written in                             
                             'C:\Users\Windows                                 
                             11\Documents\Instagram\ma                         
                             tematica_em_movimento_30\                         
                             enem\media\videos\04_2021                         
                             _q152_area_container\1920                         
                             p30\partial_movie_files\R                         
                             esolucao04\uncached_00013                         
                             .mp4'                                             
                    INFO     Caching disabled.             cairo_renderer.py:79
[09/12/26 01:19:29] INFO     Animation 14 : Partial    scene_file_writer.py:588
                             movie file written in                             
                             'C:\Users\Windows                                 
                             11\Documents\Instagram\ma                         
                             tematica_em_movimento_30\                         
                             enem\media\videos\04_2021                         
                             _q152_area_container\1920                         
                             p30\partial_movie_files\R                         
                             esolucao04\uncached_00014                         
                             .mp4'                                             
                    INFO     Caching disabled.             cairo_renderer.py:79
                    INFO     Animation 15 : Partial    scene_file_writer.py:588
                             movie file written in                             
                             'C:\Users\Windows                                 
                             11\Documents\Instagram\ma                         
                             tematica_em_movimento_30\                         
                             enem\media\videos\04_2021                         
                             _q152_area_container\1920                         
                             p30\partial_movie_files\R                         
                             esolucao04\uncached_00015                         
                             .mp4'                                             
                    INFO     Automatically converted   scene_file_writer.py:377
                             C:\Users\Windows                                  
                             11\Documents\Instagram\ma                         
                             tematica_em_movimento_30\                         
                             enem\audio\ENEM-2021-MT-1                         
                             7\options.mp3 to .wav                             
                    INFO     Caching disabled.             cairo_renderer.py:79
[09/12/26 01:19:32] INFO     Animation 16 : Partial    scene_file_writer.py:588
                             movie file written in                             
                             'C:\Users\Windows                                 
                             11\Documents\Instagram\ma                         
                             tematica_em_movimento_30\                         
                             enem\media\videos\04_2021                         
                             _q152_area_container\1920                         
                             p30\partial_movie_files\R                         
                             esolucao04\uncached_00016                         
                             .mp4'                                             
                    INFO     Caching disabled.             cairo_renderer.py:79
[09/12/26 01:19:34] INFO     Animation 17 : Partial    scene_file_writer.py:588
                             movie file written in                             
                             'C:\Users\Windows                                 
                             11\Documents\Instagram\ma                         
                             tematica_em_movimento_30\                         
                             enem\media\videos\04_2021                         
                             _q152_area_container\1920                         
                             p30\partial_movie_files\R                         
                             esolucao04\uncached_00017                         
                             .mp4'                                             
                    INFO     Caching disabled.             cairo_renderer.py:79
                    INFO     Animation 18 : Partial    scene_file_writer.py:588
                             movie file written in                             
                             'C:\Users\Windows                                 
                             11\Documents\Instagram\ma                         
                             tematica_em_movimento_30\                         
                             enem\media\videos\04_2021                         
                             _q152_area_container\1920                         
                             p30\partial_movie_files\R                         
                             esolucao04\uncached_00018                         
                             .mp4'                                             
                    INFO     Automatically converted   scene_file_writer.py:377
                             C:\Users\Windows                                  
                             11\Documents\Instagram\ma                         
                             tematica_em_movimento_30\                         
                             enem\audio\ENEM-2021-MT-1                         
                             7\data.mp3 to .wav                                
                    INFO     Caching disabled.             cairo_renderer.py:79
[09/12/26 01:19:37] INFO     Animation 19 : Partial    scene_file_writer.py:588
                             movie file written in                             
                             'C:\Users\Windows                                 
                             11\Documents\Instagram\ma                         
                             tematica_em_movimento_30\                         
                             enem\media\videos\04_2021                         
                             _q152_area_container\1920                         
                             p30\partial_movie_files\R                         
                             esolucao04\uncached_00019                         
                             .mp4'                                             
                    INFO     Caching disabled.             cairo_renderer.py:79
[09/12/26 01:19:41] INFO     Animation 20 : Partial    scene_file_writer.py:588
                             movie file written in                             
                             'C:\Users\Windows                                 
                             11\Documents\Instagram\ma                         
                             tematica_em_movimento_30\                         
                             enem\media\videos\04_2021                         
                             _q152_area_container\1920                         
                             p30\partial_movie_files\R                         
                             esolucao04\uncached_00020                         
                             .mp4'                                             
                    INFO     Caching disabled.             cairo_renderer.py:79
                    INFO     Animation 21 : Partial    scene_file_writer.py:588
                             movie file written in                             
                             'C:\Users\Windows                                 
                             11\Documents\Instagram\ma                         
                             tematica_em_movimento_30\                         
                             enem\media\videos\04_2021                         
                             _q152_area_container\1920                         
                             p30\partial_movie_files\R                         
                             esolucao04\uncached_00021                         
                             .mp4'                                             
                    INFO     Automatically converted   scene_file_writer.py:377
                             C:\Users\Windows                                  
                             11\Documents\Instagram\ma                         
                             tematica_em_movimento_30\                         
                             enem\audio\ENEM-2021-MT-1                         
                             7\strategy.mp3 to .wav                            
                    INFO     Caching disabled.             cairo_renderer.py:79
[09/12/26 01:19:45] INFO     Animation 22 : Partial    scene_file_writer.py:588
                             movie file written in                             
                             'C:\Users\Windows                                 
                             11\Documents\Instagram\ma                         
                             tematica_em_movimento_30\                         
                             enem\media\videos\04_2021                         
                             _q152_area_container\1920                         
                             p30\partial_movie_files\R                         
                             esolucao04\uncached_00022                         
                             .mp4'                                             
                    INFO     Caching disabled.             cairo_renderer.py:79
[09/12/26 01:19:50] INFO     Animation 23 : Partial    scene_file_writer.py:588
                             movie file written in                             
                             'C:\Users\Windows                                 
                             11\Documents\Instagram\ma                         
                             tematica_em_movimento_30\                         
                             enem\media\videos\04_2021                         
                             _q152_area_container\1920                         
                             p30\partial_movie_files\R                         
                             esolucao04\uncached_00023                         
                             .mp4'                                             
                    INFO     Caching disabled.             cairo_renderer.py:79
[09/12/26 01:19:51] INFO     Animation 24 : Partial    scene_file_writer.py:588
                             movie file written in                             
                             'C:\Users\Windows                                 
                             11\Documents\Instagram\ma                         
                             tematica_em_movimento_30\                         
                             enem\media\videos\04_2021                         
                             _q152_area_container\1920                         
                             p30\partial_movie_files\R                         
                             esolucao04\uncached_00024                         
                             .mp4'                                             
                    INFO     Automatically converted   scene_file_writer.py:377
                             C:\Users\Windows                                  
                             11\Documents\Instagram\ma                         
                             tematica_em_movimento_30\                         
                             enem\audio\ENEM-2021-MT-1                         
                             7\visual.mp3 to .wav                              
                    INFO     Caching disabled.             cairo_renderer.py:79
[09/12/26 01:19:53] INFO     Animation 25 : Partial    scene_file_writer.py:588
                             movie file written in                             
                             'C:\Users\Windows                                 
                             11\Documents\Instagram\ma                         
                             tematica_em_movimento_30\                         
                             enem\media\videos\04_2021                         
                             _q152_area_container\1920                         
                             p30\partial_movie_files\R                         
                             esolucao04\uncached_00025                         
                             .mp4'                                             
                    INFO     Caching disabled.             cairo_renderer.py:79
[09/12/26 01:19:55] INFO     Animation 26 : Partial    scene_file_writer.py:588
                             movie file written in                             
                             'C:\Users\Windows                                 
                             11\Documents\Instagram\ma                         
                             tematica_em_movimento_30\                         
                             enem\media\videos\04_2021                         
                             _q152_area_container\1920                         
                             p30\partial_movie_files\R                         
                             esolucao04\uncached_00026                         
                             .mp4'                                             
                    INFO     Caching disabled.             cairo_renderer.py:79
                    INFO     Animation 27 : Partial    scene_file_writer.py:588
                             movie file written in                             
                             'C:\Users\Windows                                 
                             11\Documents\Instagram\ma                         
                             tematica_em_movimento_30\                         
                             enem\media\videos\04_2021                         
                             _q152_area_container\1920                         
                             p30\partial_movie_files\R                         
                             esolucao04\uncached_00027                         
                             .mp4'                                             
                    INFO     Caching disabled.             cairo_renderer.py:79
[09/12/26 01:19:56] INFO     Animation 28 : Partial    scene_file_writer.py:588
                             movie file written in                             
                             'C:\Users\Windows                                 
                             11\Documents\Instagram\ma                         
                             tematica_em_movimento_30\                         
                             enem\media\videos\04_2021                         
                             _q152_area_container\1920                         
                             p30\partial_movie_files\R                         
                             esolucao04\uncached_00028                         
                             .mp4'                                             
                    INFO     Writing                    tex_file_writing.py:111
                             A_p=2Lh+2Wh=2h(L+W) to                            
                             media\Tex\5c9266c5748f50e7                        
                             .tex                                              
                    INFO     Automatically converted   scene_file_writer.py:377
                             C:\Users\Windows                                  
                             11\Documents\Instagram\ma                         
                             tematica_em_movimento_30\                         
                             enem\audio\ENEM-2021-MT-1                         
                             7\step_01.mp3 to .wav                             
                    INFO     Caching disabled.             cairo_renderer.py:79
[09/12/26 01:19:58] INFO     Animation 29 : Partial    scene_file_writer.py:588
                             movie file written in                             
                             'C:\Users\Windows                                 
                             11\Documents\Instagram\ma                         
                             tematica_em_movimento_30\                         
                             enem\media\videos\04_2021                         
                             _q152_area_container\1920                         
                             p30\partial_movie_files\R                         
                             esolucao04\uncached_00029                         
                             .mp4'                                             
                    INFO     Caching disabled.             cairo_renderer.py:79
[09/12/26 01:20:01] INFO     Animation 30 : Partial    scene_file_writer.py:588
                             movie file written in                             
                             'C:\Users\Windows                                 
                             11\Documents\Instagram\ma                         
                             tematica_em_movimento_30\                         
                             enem\media\videos\04_2021                         
                             _q152_area_container\1920                         
                             p30\partial_movie_files\R                         
                             esolucao04\uncached_00030                         
                             .mp4'                                             
                    INFO     Writing A'_p=2h(2L+2W) to  tex_file_writing.py:111
                             media\Tex\4e09d02a3c145588                        
                             .tex                                              
[09/12/26 01:20:02] INFO     Automatically converted   scene_file_writer.py:377
                             C:\Users\Windows                                  
                             11\Documents\Instagram\ma                         
                             tematica_em_movimento_30\                         
                             enem\audio\ENEM-2021-MT-1                         
                             7\step_02.mp3 to .wav                             
                    INFO     Caching disabled.             cairo_renderer.py:79
[09/12/26 01:20:04] INFO     Animation 31 : Partial    scene_file_writer.py:588
                             movie file written in                             
                             'C:\Users\Windows                                 
                             11\Documents\Instagram\ma                         
                             tematica_em_movimento_30\                         
                             enem\media\videos\04_2021                         
                             _q152_area_container\1920                         
                             p30\partial_movie_files\R                         
                             esolucao04\uncached_00031                         
                             .mp4'                                             
                    INFO     Caching disabled.             cairo_renderer.py:79
[09/12/26 01:20:06] INFO     Animation 32 : Partial    scene_file_writer.py:588
                             movie file written in                             
                             'C:\Users\Windows                                 
                             11\Documents\Instagram\ma                         
                             tematica_em_movimento_30\                         
                             enem\media\videos\04_2021                         
                             _q152_area_container\1920                         
                             p30\partial_movie_files\R                         
                             esolucao04\uncached_00032                         
                             .mp4'                                             
                    INFO     Writing                    tex_file_writing.py:111
                             A'_p=2\,[2h(L+W)]=2A_p to                         
                             media\Tex\ba73cf1d47853677                        
                             .tex                                              
[09/12/26 01:20:07] INFO     Automatically converted   scene_file_writer.py:377
                             C:\Users\Windows                                  
                             11\Documents\Instagram\ma                         
                             tematica_em_movimento_30\                         
                             enem\audio\ENEM-2021-MT-1                         
                             7\step_03.mp3 to .wav                             
                    INFO     Caching disabled.             cairo_renderer.py:79
[09/12/26 01:20:09] INFO     Animation 33 : Partial    scene_file_writer.py:588
                             movie file written in                             
                             'C:\Users\Windows                                 
                             11\Documents\Instagram\ma                         
                             tematica_em_movimento_30\                         
                             enem\media\videos\04_2021                         
                             _q152_area_container\1920                         
                             p30\partial_movie_files\R                         
                             esolucao04\uncached_00033                         
                             .mp4'                                             
                    INFO     Caching disabled.             cairo_renderer.py:79
[09/12/26 01:20:11] INFO     Animation 34 : Partial    scene_file_writer.py:588
                             movie file written in                             
                             'C:\Users\Windows                                 
                             11\Documents\Instagram\ma                         
                             tematica_em_movimento_30\                         
                             enem\media\videos\04_2021                         
                             _q152_area_container\1920                         
                             p30\partial_movie_files\R                         
                             esolucao04\uncached_00034                         
                             .mp4'                                             
                    INFO     Writing A_f=LW to          tex_file_writing.py:111
                             media\Tex\680096016902a530                        
                             .tex                                              
[09/12/26 01:20:12] INFO     Automatically converted   scene_file_writer.py:377
                             C:\Users\Windows                                  
                             11\Documents\Instagram\ma                         
                             tematica_em_movimento_30\                         
                             enem\audio\ENEM-2021-MT-1                         
                             7\step_04.mp3 to .wav                             
                    INFO     Caching disabled.             cairo_renderer.py:79
[09/12/26 01:20:13] INFO     Animation 35 : Partial    scene_file_writer.py:588
                             movie file written in                             
                             'C:\Users\Windows                                 
                             11\Documents\Instagram\ma                         
                             tematica_em_movimento_30\                         
                             enem\media\videos\04_2021                         
                             _q152_area_container\1920                         
                             p30\partial_movie_files\R                         
                             esolucao04\uncached_00035                         
                             .mp4'                                             
                    INFO     Caching disabled.             cairo_renderer.py:79
[09/12/26 01:20:14] INFO     Animation 36 : Partial    scene_file_writer.py:588
                             movie file written in                             
                             'C:\Users\Windows                                 
                             11\Documents\Instagram\ma                         
                             tematica_em_movimento_30\                         
                             enem\media\videos\04_2021                         
                             _q152_area_container\1920                         
                             p30\partial_movie_files\R                         
                             esolucao04\uncached_00036                         
                             .mp4'                                             
                    INFO     Writing                    tex_file_writing.py:111
                             A'_f=(2L)(2W)=4LW=4A_f to                         
                             media\Tex\4d54ae53f0ea66f7                        
                             .tex                                              
[09/12/26 01:20:15] INFO     Automatically converted   scene_file_writer.py:377
                             C:\Users\Windows                                  
                             11\Documents\Instagram\ma                         
                             tematica_em_movimento_30\                         
                             enem\audio\ENEM-2021-MT-1                         
                             7\step_05.mp3 to .wav                             
                    INFO     Caching disabled.             cairo_renderer.py:79
[09/12/26 01:20:18] INFO     Animation 37 : Partial    scene_file_writer.py:588
                             movie file written in                             
                             'C:\Users\Windows                                 
                             11\Documents\Instagram\ma                         
                             tematica_em_movimento_30\                         
                             enem\media\videos\04_2021                         
                             _q152_area_container\1920                         
                             p30\partial_movie_files\R                         
                             esolucao04\uncached_00037                         
                             .mp4'                                             
                    INFO     Caching disabled.             cairo_renderer.py:79
[09/12/26 01:20:21] INFO     Animation 38 : Partial    scene_file_writer.py:588
                             movie file written in                             
                             'C:\Users\Windows                                 
                             11\Documents\Instagram\ma                         
                             tematica_em_movimento_30\                         
                             enem\media\videos\04_2021                         
                             _q152_area_container\1920                         
                             p30\partial_movie_files\R                         
                             esolucao04\uncached_00038                         
                             .mp4'                                             
                    INFO     Writing \text{paredes:     tex_file_writing.py:111
                             dobro; piso: quádruplo} to                        
                             media\Tex\f62f4f1094f2e369                        
                             .tex                                              
[09/12/26 01:20:22] INFO     Automatically converted   scene_file_writer.py:377
                             C:\Users\Windows                                  
                             11\Documents\Instagram\ma                         
                             tematica_em_movimento_30\                         
                             enem\audio\ENEM-2021-MT-1                         
                             7\step_06.mp3 to .wav                             
                    INFO     Caching disabled.             cairo_renderer.py:79
[09/12/26 01:20:24] INFO     Animation 39 : Partial    scene_file_writer.py:588
                             movie file written in                             
                             'C:\Users\Windows                                 
                             11\Documents\Instagram\ma                         
                             tematica_em_movimento_30\                         
                             enem\media\videos\04_2021                         
                             _q152_area_container\1920                         
                             p30\partial_movie_files\R                         
                             esolucao04\uncached_00039                         
                             .mp4'                                             
                    INFO     Caching disabled.             cairo_renderer.py:79
[09/12/26 01:20:25] INFO     Animation 40 : Partial    scene_file_writer.py:588
                             movie file written in                             
                             'C:\Users\Windows                                 
                             11\Documents\Instagram\ma                         
                             tematica_em_movimento_30\                         
                             enem\media\videos\04_2021                         
                             _q152_area_container\1920                         
                             p30\partial_movie_files\R                         
                             esolucao04\uncached_00040                         
                             .mp4'                                             
                    INFO     Automatically converted   scene_file_writer.py:377
                             C:\Users\Windows                                  
                             11\Documents\Instagram\ma                         
                             tematica_em_movimento_30\                         
                             enem\audio\ENEM-2021-MT-1                         
                             7\answer.mp3 to .wav                              
                    INFO     Caching disabled.             cairo_renderer.py:79
[09/12/26 01:20:26] INFO     Animation 41 : Partial    scene_file_writer.py:588
                             movie file written in                             
                             'C:\Users\Windows                                 
                             11\Documents\Instagram\ma                         
                             tematica_em_movimento_30\                         
                             enem\media\videos\04_2021                         
                             _q152_area_container\1920                         
                             p30\partial_movie_files\R                         
                             esolucao04\uncached_00041                         
                             .mp4'                                             
                    INFO     Caching disabled.             cairo_renderer.py:79
[09/12/26 01:20:27] INFO     Animation 42 : Partial    scene_file_writer.py:588
                             movie file written in                             
                             'C:\Users\Windows                                 
                             11\Documents\Instagram\ma                         
                             tematica_em_movimento_30\                         
                             enem\media\videos\04_2021                         
                             _q152_area_container\1920                         
                             p30\partial_movie_files\R                         
                             esolucao04\uncached_00042                         
                             .mp4'                                             
                    INFO     Combining to Movie file.  scene_file_writer.py:739
[09/12/26 01:20:33] WARNING  Some options were not     scene_file_writer.py:801
                             used: {'shortest': '1',                           
                             'metadata':                                       
                             'comment=Rendered with                            
                             Manim Community v0.19.0'}                         
                    INFO                               scene_file_writer.py:886
                             File ready at                                     
                             'C:\Users\Windows                                 
                             11\Documents\Instagram\ma                         
                             tematica_em_movimento_30\                         
                             enem\media\videos\04_2021                         
                             _q152_area_container\1920                         
                             p30\Resolucao04.mp4'                              
                                                                               
                    INFO     Rendered Resolucao04                  scene.py:255
                             Played 43 animations                              
You are using manim version v0.19.0, but version v0.21.0 is available.
You should consider upgrading via pip install -U manim
