Manim Community v0.19.0

[09/12/26 01:20:35] INFO     Automatically converted   scene_file_writer.py:377
                             C:\Users\Windows                                  
                             11\Documents\Instagram\ma                         
                             tematica_em_movimento_30\                         
                             enem\audio\ENEM-2021-MT-1                         
                             8\source.mp3 to .wav                              
                    INFO     Caching disabled.             cairo_renderer.py:79
[09/12/26 01:20:37] INFO     Animation 0 : Partial     scene_file_writer.py:588
                             movie file written in                             
                             'C:\Users\Windows                                 
                             11\Documents\Instagram\ma                         
                             tematica_em_movimento_30\                         
                             enem\media\videos\05_2021                         
                             _q153_volume_reservatorio                         
                             \1920p30\partial_movie_fi                         
                             les\Resolucao05\uncached_                         
                             00000.mp4'                                        
                    INFO     Caching disabled.             cairo_renderer.py:79
[09/12/26 01:20:38] INFO     Animation 1 : Partial     scene_file_writer.py:588
                             movie file written in                             
                             'C:\Users\Windows                                 
                             11\Documents\Instagram\ma                         
                             tematica_em_movimento_30\                         
                             enem\media\videos\05_2021                         
                             _q153_volume_reservatorio                         
                             \1920p30\partial_movie_fi                         
                             les\Resolucao05\uncached_                         
                             00001.mp4'                                        
                    INFO     Caching disabled.             cairo_renderer.py:79
[09/12/26 01:20:39] INFO     Animation 2 : Partial     scene_file_writer.py:588
                             movie file written in                             
                             'C:\Users\Windows                                 
                             11\Documents\Instagram\ma                         
                             tematica_em_movimento_30\                         
                             enem\media\videos\05_2021                         
                             _q153_volume_reservatorio                         
                             \1920p30\partial_movie_fi                         
                             les\Resolucao05\uncached_                         
                             00002.mp4'                                        
                    INFO     Automatically converted   scene_file_writer.py:377
                             C:\Users\Windows                                  
                             11\Documents\Instagram\ma                         
                             tematica_em_movimento_30\                         
                             enem\audio\ENEM-2021-MT-1                         
                             8\statement_01.mp3 to                             
                             .wav                                              
                    INFO     Caching disabled.             cairo_renderer.py:79
[09/12/26 01:20:46] INFO     Animation 3 : Partial     scene_file_writer.py:588
                             movie file written in                             
                             'C:\Users\Windows                                 
                             11\Documents\Instagram\ma                         
                             tematica_em_movimento_30\                         
                             enem\media\videos\05_2021                         
                             _q153_volume_reservatorio                         
                             \1920p30\partial_movie_fi                         
                             les\Resolucao05\uncached_                         
                             00003.mp4'                                        
                    INFO     Caching disabled.             cairo_renderer.py:79
[09/12/26 01:20:53] INFO     Animation 4 : Partial     scene_file_writer.py:588
                             movie file written in                             
                             'C:\Users\Windows                                 
                             11\Documents\Instagram\ma                         
                             tematica_em_movimento_30\                         
                             enem\media\videos\05_2021                         
                             _q153_volume_reservatorio                         
                             \1920p30\partial_movie_fi                         
                             les\Resolucao05\uncached_                         
                             00004.mp4'                                        
                    INFO     Caching disabled.             cairo_renderer.py:79
[09/12/26 01:20:54] INFO     Animation 5 : Partial     scene_file_writer.py:588
                             movie file written in                             
                             'C:\Users\Windows                                 
                             11\Documents\Instagram\ma                         
                             tematica_em_movimento_30\                         
                             enem\media\videos\05_2021                         
                             _q153_volume_reservatorio                         
                             \1920p30\partial_movie_fi                         
                             les\Resolucao05\uncached_                         
                             00005.mp4'                                        
[09/12/26 01:20:55] INFO     Automatically converted   scene_file_writer.py:377
                             C:\Users\Windows                                  
                             11\Documents\Instagram\ma                         
                             tematica_em_movimento_30\                         
                             enem\audio\ENEM-2021-MT-1                         
                             8\statement_02.mp3 to                             
                             .wav                                              
                    INFO     Caching disabled.             cairo_renderer.py:79
[09/12/26 01:21:00] INFO     Animation 6 : Partial     scene_file_writer.py:588
                             movie file written in                             
                             'C:\Users\Windows                                 
                             11\Documents\Instagram\ma                         
                             tematica_em_movimento_30\                         
                             enem\media\videos\05_2021                         
                             _q153_volume_reservatorio                         
                             \1920p30\partial_movie_fi                         
                             les\Resolucao05\uncached_                         
                             00006.mp4'                                        
                    INFO     Caching disabled.             cairo_renderer.py:79
[09/12/26 01:21:07] INFO     Animation 7 : Partial     scene_file_writer.py:588
                             movie file written in                             
                             'C:\Users\Windows                                 
                             11\Documents\Instagram\ma                         
                             tematica_em_movimento_30\                         
                             enem\media\videos\05_2021                         
                             _q153_volume_reservatorio                         
                             \1920p30\partial_movie_fi                         
                             les\Resolucao05\uncached_                         
                             00007.mp4'                                        
                    INFO     Caching disabled.             cairo_renderer.py:79
[09/12/26 01:21:08] INFO     Animation 8 : Partial     scene_file_writer.py:588
                             movie file written in                             
                             'C:\Users\Windows                                 
                             11\Documents\Instagram\ma                         
                             tematica_em_movimento_30\                         
                             enem\media\videos\05_2021                         
                             _q153_volume_reservatorio                         
                             \1920p30\partial_movie_fi                         
                             les\Resolucao05\uncached_                         
                             00008.mp4'                                        
                    INFO     Caching disabled.             cairo_renderer.py:79
[09/12/26 01:21:09] INFO     Animation 9 : Partial     scene_file_writer.py:588
                             movie file written in                             
                             'C:\Users\Windows                                 
                             11\Documents\Instagram\ma                         
                             tematica_em_movimento_30\                         
                             enem\media\videos\05_2021                         
                             _q153_volume_reservatorio                         
                             \1920p30\partial_movie_fi                         
                             les\Resolucao05\uncached_                         
                             00009.mp4'                                        
                    INFO     Automatically converted   scene_file_writer.py:377
                             C:\Users\Windows                                  
                             11\Documents\Instagram\ma                         
                             tematica_em_movimento_30\                         
                             enem\audio\ENEM-2021-MT-1                         
                             8\options.mp3 to .wav                             
                    INFO     Caching disabled.             cairo_renderer.py:79
[09/12/26 01:21:11] INFO     Animation 10 : Partial    scene_file_writer.py:588
                             movie file written in                             
                             'C:\Users\Windows                                 
                             11\Documents\Instagram\ma                         
                             tematica_em_movimento_30\                         
                             enem\media\videos\05_2021                         
                             _q153_volume_reservatorio                         
                             \1920p30\partial_movie_fi                         
                             les\Resolucao05\uncached_                         
                             00010.mp4'                                        
                    INFO     Caching disabled.             cairo_renderer.py:79
[09/12/26 01:21:14] INFO     Animation 11 : Partial    scene_file_writer.py:588
                             movie file written in                             
                             'C:\Users\Windows                                 
                             11\Documents\Instagram\ma                         
                             tematica_em_movimento_30\                         
                             enem\media\videos\05_2021                         
                             _q153_volume_reservatorio                         
                             \1920p30\partial_movie_fi                         
                             les\Resolucao05\uncached_                         
                             00011.mp4'                                        
                    INFO     Caching disabled.             cairo_renderer.py:79
                    INFO     Animation 12 : Partial    scene_file_writer.py:588
                             movie file written in                             
                             'C:\Users\Windows                                 
                             11\Documents\Instagram\ma                         
                             tematica_em_movimento_30\                         
                             enem\media\videos\05_2021                         
                             _q153_volume_reservatorio                         
                             \1920p30\partial_movie_fi                         
                             les\Resolucao05\uncached_                         
                             00012.mp4'                                        
[09/12/26 01:21:15] INFO     Automatically converted   scene_file_writer.py:377
                             C:\Users\Windows                                  
                             11\Documents\Instagram\ma                         
                             tematica_em_movimento_30\                         
                             enem\audio\ENEM-2021-MT-1                         
                             8\data.mp3 to .wav                                
                    INFO     Caching disabled.             cairo_renderer.py:79
[09/12/26 01:21:17] INFO     Animation 13 : Partial    scene_file_writer.py:588
                             movie file written in                             
                             'C:\Users\Windows                                 
                             11\Documents\Instagram\ma                         
                             tematica_em_movimento_30\                         
                             enem\media\videos\05_2021                         
                             _q153_volume_reservatorio                         
                             \1920p30\partial_movie_fi                         
                             les\Resolucao05\uncached_                         
                             00013.mp4'                                        
                    INFO     Caching disabled.             cairo_renderer.py:79
[09/12/26 01:21:22] INFO     Animation 14 : Partial    scene_file_writer.py:588
                             movie file written in                             
                             'C:\Users\Windows                                 
                             11\Documents\Instagram\ma                         
                             tematica_em_movimento_30\                         
                             enem\media\videos\05_2021                         
                             _q153_volume_reservatorio                         
                             \1920p30\partial_movie_fi                         
                             les\Resolucao05\uncached_                         
                             00014.mp4'                                        
                    INFO     Caching disabled.             cairo_renderer.py:79
                    INFO     Animation 15 : Partial    scene_file_writer.py:588
                             movie file written in                             
                             'C:\Users\Windows                                 
                             11\Documents\Instagram\ma                         
                             tematica_em_movimento_30\                         
                             enem\media\videos\05_2021                         
                             _q153_volume_reservatorio                         
                             \1920p30\partial_movie_fi                         
                             les\Resolucao05\uncached_                         
                             00015.mp4'                                        
[09/12/26 01:21:23] INFO     Automatically converted   scene_file_writer.py:377
                             C:\Users\Windows                                  
                             11\Documents\Instagram\ma                         
                             tematica_em_movimento_30\                         
                             enem\audio\ENEM-2021-MT-1                         
                             8\strategy.mp3 to .wav                            
                    INFO     Caching disabled.             cairo_renderer.py:79
[09/12/26 01:21:26] INFO     Animation 16 : Partial    scene_file_writer.py:588
                             movie file written in                             
                             'C:\Users\Windows                                 
                             11\Documents\Instagram\ma                         
                             tematica_em_movimento_30\                         
                             enem\media\videos\05_2021                         
                             _q153_volume_reservatorio                         
                             \1920p30\partial_movie_fi                         
                             les\Resolucao05\uncached_                         
                             00016.mp4'                                        
                    INFO     Caching disabled.             cairo_renderer.py:79
[09/12/26 01:21:31] INFO     Animation 17 : Partial    scene_file_writer.py:588
                             movie file written in                             
                             'C:\Users\Windows                                 
                             11\Documents\Instagram\ma                         
                             tematica_em_movimento_30\                         
                             enem\media\videos\05_2021                         
                             _q153_volume_reservatorio                         
                             \1920p30\partial_movie_fi                         
                             les\Resolucao05\uncached_                         
                             00017.mp4'                                        
                    INFO     Caching disabled.             cairo_renderer.py:79
[09/12/26 01:21:32] INFO     Animation 18 : Partial    scene_file_writer.py:588
                             movie file written in                             
                             'C:\Users\Windows                                 
                             11\Documents\Instagram\ma                         
                             tematica_em_movimento_30\                         
                             enem\media\videos\05_2021                         
                             _q153_volume_reservatorio                         
                             \1920p30\partial_movie_fi                         
                             les\Resolucao05\uncached_                         
                             00018.mp4'                                        
                    INFO     Automatically converted   scene_file_writer.py:377
                             C:\Users\Windows                                  
                             11\Documents\Instagram\ma                         
                             tematica_em_movimento_30\                         
                             enem\audio\ENEM-2021-MT-1                         
                             8\visual.mp3 to .wav                              
                    INFO     Caching disabled.             cairo_renderer.py:79
[09/12/26 01:21:33] INFO     Animation 19 : Partial    scene_file_writer.py:588
                             movie file written in                             
                             'C:\Users\Windows                                 
                             11\Documents\Instagram\ma                         
                             tematica_em_movimento_30\                         
                             enem\media\videos\05_2021                         
                             _q153_volume_reservatorio                         
                             \1920p30\partial_movie_fi                         
                             les\Resolucao05\uncached_                         
                             00019.mp4'                                        
                    INFO     Caching disabled.             cairo_renderer.py:79
[09/12/26 01:21:34] INFO     Animation 20 : Partial    scene_file_writer.py:588
                             movie file written in                             
                             'C:\Users\Windows                                 
                             11\Documents\Instagram\ma                         
                             tematica_em_movimento_30\                         
                             enem\media\videos\05_2021                         
                             _q153_volume_reservatorio                         
                             \1920p30\partial_movie_fi                         
                             les\Resolucao05\uncached_                         
                             00020.mp4'                                        
                    INFO     Caching disabled.             cairo_renderer.py:79
                    INFO     Animation 21 : Partial    scene_file_writer.py:588
                             movie file written in                             
                             'C:\Users\Windows                                 
                             11\Documents\Instagram\ma                         
                             tematica_em_movimento_30\                         
                             enem\media\videos\05_2021                         
                             _q153_volume_reservatorio                         
                             \1920p30\partial_movie_fi                         
                             les\Resolucao05\uncached_                         
                             00021.mp4'                                        
                    INFO     Caching disabled.             cairo_renderer.py:79
[09/12/26 01:21:35] INFO     Animation 22 : Partial    scene_file_writer.py:588
                             movie file written in                             
                             'C:\Users\Windows                                 
                             11\Documents\Instagram\ma                         
                             tematica_em_movimento_30\                         
                             enem\media\videos\05_2021                         
                             _q153_volume_reservatorio                         
                             \1920p30\partial_movie_fi                         
                             les\Resolucao05\uncached_                         
                             00022.mp4'                                        
                    INFO     Writing                    tex_file_writing.py:111
                             V=100\cdot120\cdot7=84\,00                        
                             0\ \mathrm L to                                   
                             media\Tex\03375f5f5f37caf3                        
                             .tex                                              
[09/12/26 01:21:36] INFO     Automatically converted   scene_file_writer.py:377
                             C:\Users\Windows                                  
                             11\Documents\Instagram\ma                         
                             tematica_em_movimento_30\                         
                             enem\audio\ENEM-2021-MT-1                         
                             8\step_01.mp3 to .wav                             
                    INFO     Caching disabled.             cairo_renderer.py:79
[09/12/26 01:21:38] INFO     Animation 23 : Partial    scene_file_writer.py:588
                             movie file written in                             
                             'C:\Users\Windows                                 
                             11\Documents\Instagram\ma                         
                             tematica_em_movimento_30\                         
                             enem\media\videos\05_2021                         
                             _q153_volume_reservatorio                         
                             \1920p30\partial_movie_fi                         
                             les\Resolucao05\uncached_                         
                             00023.mp4'                                        
                    INFO     Caching disabled.             cairo_renderer.py:79
[09/12/26 01:21:39] INFO     Animation 24 : Partial    scene_file_writer.py:588
                             movie file written in                             
                             'C:\Users\Windows                                 
                             11\Documents\Instagram\ma                         
                             tematica_em_movimento_30\                         
                             enem\media\videos\05_2021                         
                             _q153_volume_reservatorio                         
                             \1920p30\partial_movie_fi                         
                             les\Resolucao05\uncached_                         
                             00024.mp4'                                        
                    INFO     Writing V=84\,000/1000=84\ tex_file_writing.py:111
                             \mathrm{m^3} to                                   
                             media\Tex\bc4b9ede0bd46925                        
                             .tex                                              
[09/12/26 01:21:40] INFO     Automatically converted   scene_file_writer.py:377
                             C:\Users\Windows                                  
                             11\Documents\Instagram\ma                         
                             tematica_em_movimento_30\                         
                             enem\audio\ENEM-2021-MT-1                         
                             8\step_02.mp3 to .wav                             
                    INFO     Caching disabled.             cairo_renderer.py:79
[09/12/26 01:21:42] INFO     Animation 25 : Partial    scene_file_writer.py:588
                             movie file written in                             
                             'C:\Users\Windows                                 
                             11\Documents\Instagram\ma                         
                             tematica_em_movimento_30\                         
                             enem\media\videos\05_2021                         
                             _q153_volume_reservatorio                         
                             \1920p30\partial_movie_fi                         
                             les\Resolucao05\uncached_                         
                             00025.mp4'                                        
                    INFO     Caching disabled.             cairo_renderer.py:79
[09/12/26 01:21:45] INFO     Animation 26 : Partial    scene_file_writer.py:588
                             movie file written in                             
                             'C:\Users\Windows                                 
                             11\Documents\Instagram\ma                         
                             tematica_em_movimento_30\                         
                             enem\media\videos\05_2021                         
                             _q153_volume_reservatorio                         
                             \1920p30\partial_movie_fi                         
                             les\Resolucao05\uncached_                         
                             00026.mp4'                                        
                    INFO     Writing 84=\pi             tex_file_writing.py:111
                             r^2h=3(2{,}5)^2h to                               
                             media\Tex\95cf37565e1d38c9                        
                             .tex                                              
[09/12/26 01:21:46] INFO     Automatically converted   scene_file_writer.py:377
                             C:\Users\Windows                                  
                             11\Documents\Instagram\ma                         
                             tematica_em_movimento_30\                         
                             enem\audio\ENEM-2021-MT-1                         
                             8\step_03.mp3 to .wav                             
                    INFO     Caching disabled.             cairo_renderer.py:79
[09/12/26 01:21:48] INFO     Animation 27 : Partial    scene_file_writer.py:588
                             movie file written in                             
                             'C:\Users\Windows                                 
                             11\Documents\Instagram\ma                         
                             tematica_em_movimento_30\                         
                             enem\media\videos\05_2021                         
                             _q153_volume_reservatorio                         
                             \1920p30\partial_movie_fi                         
                             les\Resolucao05\uncached_                         
                             00027.mp4'                                        
                    INFO     Caching disabled.             cairo_renderer.py:79
[09/12/26 01:21:50] INFO     Animation 28 : Partial    scene_file_writer.py:588
                             movie file written in                             
                             'C:\Users\Windows                                 
                             11\Documents\Instagram\ma                         
                             tematica_em_movimento_30\                         
                             enem\media\videos\05_2021                         
                             _q153_volume_reservatorio                         
                             \1920p30\partial_movie_fi                         
                             les\Resolucao05\uncached_                         
                             00028.mp4'                                        
                    INFO     Writing                    tex_file_writing.py:111
                             84=3\cdot6{,}25h=18{,}75h                         
                             to                                                
                             media\Tex\31edf734a669653a                        
                             .tex                                              
[09/12/26 01:21:51] INFO     Automatically converted   scene_file_writer.py:377
                             C:\Users\Windows                                  
                             11\Documents\Instagram\ma                         
                             tematica_em_movimento_30\                         
                             enem\audio\ENEM-2021-MT-1                         
                             8\step_04.mp3 to .wav                             
                    INFO     Caching disabled.             cairo_renderer.py:79
[09/12/26 01:21:53] INFO     Animation 29 : Partial    scene_file_writer.py:588
                             movie file written in                             
                             'C:\Users\Windows                                 
                             11\Documents\Instagram\ma                         
                             tematica_em_movimento_30\                         
                             enem\media\videos\05_2021                         
                             _q153_volume_reservatorio                         
                             \1920p30\partial_movie_fi                         
                             les\Resolucao05\uncached_                         
                             00029.mp4'                                        
                    INFO     Caching disabled.             cairo_renderer.py:79
[09/12/26 01:21:55] INFO     Animation 30 : Partial    scene_file_writer.py:588
                             movie file written in                             
                             'C:\Users\Windows                                 
                             11\Documents\Instagram\ma                         
                             tematica_em_movimento_30\                         
                             enem\media\videos\05_2021                         
                             _q153_volume_reservatorio                         
                             \1920p30\partial_movie_fi                         
                             les\Resolucao05\uncached_                         
                             00030.mp4'                                        
                    INFO     Writing                    tex_file_writing.py:111
                             h={84\over18{,}75}=4{,}48\                        
                             \mathrm m to                                      
                             media\Tex\fdbed20ee570352c                        
                             .tex                                              
[09/12/26 01:21:56] INFO     Automatically converted   scene_file_writer.py:377
                             C:\Users\Windows                                  
                             11\Documents\Instagram\ma                         
                             tematica_em_movimento_30\                         
                             enem\audio\ENEM-2021-MT-1                         
                             8\step_05.mp3 to .wav                             
                    INFO     Caching disabled.             cairo_renderer.py:79
[09/12/26 01:21:59] INFO     Animation 31 : Partial    scene_file_writer.py:588
                             movie file written in                             
                             'C:\Users\Windows                                 
                             11\Documents\Instagram\ma                         
                             tematica_em_movimento_30\                         
                             enem\media\videos\05_2021                         
                             _q153_volume_reservatorio                         
                             \1920p30\partial_movie_fi                         
                             les\Resolucao05\uncached_                         
                             00031.mp4'                                        
                    INFO     Caching disabled.             cairo_renderer.py:79
[09/12/26 01:22:02] INFO     Animation 32 : Partial    scene_file_writer.py:588
                             movie file written in                             
                             'C:\Users\Windows                                 
                             11\Documents\Instagram\ma                         
                             tematica_em_movimento_30\                         
                             enem\media\videos\05_2021                         
                             _q153_volume_reservatorio                         
                             \1920p30\partial_movie_fi                         
                             les\Resolucao05\uncached_                         
                             00032.mp4'                                        
                    INFO     Automatically converted   scene_file_writer.py:377
                             C:\Users\Windows                                  
                             11\Documents\Instagram\ma                         
                             tematica_em_movimento_30\                         
                             enem\audio\ENEM-2021-MT-1                         
                             8\answer.mp3 to .wav                              
                    INFO     Caching disabled.             cairo_renderer.py:79
[09/12/26 01:22:03] INFO     Animation 33 : Partial    scene_file_writer.py:588
                             movie file written in                             
                             'C:\Users\Windows                                 
                             11\Documents\Instagram\ma                         
                             tematica_em_movimento_30\                         
                             enem\media\videos\05_2021                         
                             _q153_volume_reservatorio                         
                             \1920p30\partial_movie_fi                         
                             les\Resolucao05\uncached_                         
                             00033.mp4'                                        
                    INFO     Caching disabled.             cairo_renderer.py:79
[09/12/26 01:22:04] INFO     Animation 34 : Partial    scene_file_writer.py:588
                             movie file written in                             
                             'C:\Users\Windows                                 
                             11\Documents\Instagram\ma                         
                             tematica_em_movimento_30\                         
                             enem\media\videos\05_2021                         
                             _q153_volume_reservatorio                         
                             \1920p30\partial_movie_fi                         
                             les\Resolucao05\uncached_                         
                             00034.mp4'                                        
                    INFO     Combining to Movie file.  scene_file_writer.py:739
[09/12/26 01:22:08] WARNING  Some options were not     scene_file_writer.py:801
                             used: {'shortest': '1',                           
                             'metadata':                                       
                             'comment=Rendered with                            
                             Manim Community v0.19.0'}                         
                    INFO                               scene_file_writer.py:886
                             File ready at                                     
                             'C:\Users\Windows                                 
                             11\Documents\Instagram\ma                         
                             tematica_em_movimento_30\                         
                             enem\media\videos\05_2021                         
                             _q153_volume_reservatorio                         
                             \1920p30\Resolucao05.mp4'                         
                                                                               
                    INFO     Rendered Resolucao05                  scene.py:255
                             Played 35 animations                              
You are using manim version v0.19.0, but version v0.21.0 is available.
You should consider upgrading via pip install -U manim
