Manim Community v0.19.0

[09/12/26 01:22:10] INFO     Automatically converted   scene_file_writer.py:377
                             C:\Users\Windows                                  
                             11\Documents\Instagram\ma                         
                             tematica_em_movimento_30\                         
                             enem\audio\ENEM-2021-MT-2                         
                             8\source.mp3 to .wav                              
                    INFO     Caching disabled.             cairo_renderer.py:79
[09/12/26 01:22:12] INFO     Animation 0 : Partial     scene_file_writer.py:588
                             movie file written in                             
                             'C:\Users\Windows                                 
                             11\Documents\Instagram\ma                         
                             tematica_em_movimento_30\                         
                             enem\media\videos\06_2021                         
                             _q163_escala_castelo\1920                         
                             p30\partial_movie_files\R                         
                             esolucao06\uncached_00000                         
                             .mp4'                                             
                    INFO     Caching disabled.             cairo_renderer.py:79
[09/12/26 01:22:14] INFO     Animation 1 : Partial     scene_file_writer.py:588
                             movie file written in                             
                             'C:\Users\Windows                                 
                             11\Documents\Instagram\ma                         
                             tematica_em_movimento_30\                         
                             enem\media\videos\06_2021                         
                             _q163_escala_castelo\1920                         
                             p30\partial_movie_files\R                         
                             esolucao06\uncached_00001                         
                             .mp4'                                             
                    INFO     Caching disabled.             cairo_renderer.py:79
                    INFO     Animation 2 : Partial     scene_file_writer.py:588
                             movie file written in                             
                             'C:\Users\Windows                                 
                             11\Documents\Instagram\ma                         
                             tematica_em_movimento_30\                         
                             enem\media\videos\06_2021                         
                             _q163_escala_castelo\1920                         
                             p30\partial_movie_files\R                         
                             esolucao06\uncached_00002                         
                             .mp4'                                             
[09/12/26 01:22:15] INFO     Automatically converted   scene_file_writer.py:377
                             C:\Users\Windows                                  
                             11\Documents\Instagram\ma                         
                             tematica_em_movimento_30\                         
                             enem\audio\ENEM-2021-MT-2                         
                             8\statement_01.mp3 to                             
                             .wav                                              
                    INFO     Caching disabled.             cairo_renderer.py:79
[09/12/26 01:22:22] INFO     Animation 3 : Partial     scene_file_writer.py:588
                             movie file written in                             
                             'C:\Users\Windows                                 
                             11\Documents\Instagram\ma                         
                             tematica_em_movimento_30\                         
                             enem\media\videos\06_2021                         
                             _q163_escala_castelo\1920                         
                             p30\partial_movie_files\R                         
                             esolucao06\uncached_00003                         
                             .mp4'                                             
                    INFO     Caching disabled.             cairo_renderer.py:79
[09/12/26 01:22:33] INFO     Animation 4 : Partial     scene_file_writer.py:588
                             movie file written in                             
                             'C:\Users\Windows                                 
                             11\Documents\Instagram\ma                         
                             tematica_em_movimento_30\                         
                             enem\media\videos\06_2021                         
                             _q163_escala_castelo\1920                         
                             p30\partial_movie_files\R                         
                             esolucao06\uncached_00004                         
                             .mp4'                                             
                    INFO     Caching disabled.             cairo_renderer.py:79
[09/12/26 01:22:34] INFO     Animation 5 : Partial     scene_file_writer.py:588
                             movie file written in                             
                             'C:\Users\Windows                                 
                             11\Documents\Instagram\ma                         
                             tematica_em_movimento_30\                         
                             enem\media\videos\06_2021                         
                             _q163_escala_castelo\1920                         
                             p30\partial_movie_files\R                         
                             esolucao06\uncached_00005                         
                             .mp4'                                             
                    INFO     Automatically converted   scene_file_writer.py:377
                             C:\Users\Windows                                  
                             11\Documents\Instagram\ma                         
                             tematica_em_movimento_30\                         
                             enem\audio\ENEM-2021-MT-2                         
                             8\statement_02.mp3 to                             
                             .wav                                              
                    INFO     Caching disabled.             cairo_renderer.py:79
[09/12/26 01:22:38] INFO     Animation 6 : Partial     scene_file_writer.py:588
                             movie file written in                             
                             'C:\Users\Windows                                 
                             11\Documents\Instagram\ma                         
                             tematica_em_movimento_30\                         
                             enem\media\videos\06_2021                         
                             _q163_escala_castelo\1920                         
                             p30\partial_movie_files\R                         
                             esolucao06\uncached_00006                         
                             .mp4'                                             
                    INFO     Caching disabled.             cairo_renderer.py:79
[09/12/26 01:22:41] INFO     Animation 7 : Partial     scene_file_writer.py:588
                             movie file written in                             
                             'C:\Users\Windows                                 
                             11\Documents\Instagram\ma                         
                             tematica_em_movimento_30\                         
                             enem\media\videos\06_2021                         
                             _q163_escala_castelo\1920                         
                             p30\partial_movie_files\R                         
                             esolucao06\uncached_00007                         
                             .mp4'                                             
                    INFO     Caching disabled.             cairo_renderer.py:79
[09/12/26 01:22:42] INFO     Animation 8 : Partial     scene_file_writer.py:588
                             movie file written in                             
                             'C:\Users\Windows                                 
                             11\Documents\Instagram\ma                         
                             tematica_em_movimento_30\                         
                             enem\media\videos\06_2021                         
                             _q163_escala_castelo\1920                         
                             p30\partial_movie_files\R                         
                             esolucao06\uncached_00008                         
                             .mp4'                                             
                    INFO     Caching disabled.             cairo_renderer.py:79
                    INFO     Animation 9 : Partial     scene_file_writer.py:588
                             movie file written in                             
                             'C:\Users\Windows                                 
                             11\Documents\Instagram\ma                         
                             tematica_em_movimento_30\                         
                             enem\media\videos\06_2021                         
                             _q163_escala_castelo\1920                         
                             p30\partial_movie_files\R                         
                             esolucao06\uncached_00009                         
                             .mp4'                                             
                    INFO     Writing                    tex_file_writing.py:111
                             38{,}4\,m\to160\,cm to                            
                             media\Tex\af78de104e9a83cd                        
                             .tex                                              
[09/12/26 01:22:43] INFO     Writing 1{,}68\,m\to7\,cm  tex_file_writing.py:111
                             to                                                
                             media\Tex\0fdcc9ddf5fea191                        
                             .tex                                              
[09/12/26 01:22:44] INFO     Automatically converted   scene_file_writer.py:377
                             C:\Users\Windows                                  
                             11\Documents\Instagram\ma                         
                             tematica_em_movimento_30\                         
                             enem\audio\ENEM-2021-MT-2                         
                             8\figure.mp3 to .wav                              
                    INFO     Caching disabled.             cairo_renderer.py:79
[09/12/26 01:22:48] INFO     Animation 10 : Partial    scene_file_writer.py:588
                             movie file written in                             
                             'C:\Users\Windows                                 
                             11\Documents\Instagram\ma                         
                             tematica_em_movimento_30\                         
                             enem\media\videos\06_2021                         
                             _q163_escala_castelo\1920                         
                             p30\partial_movie_files\R                         
                             esolucao06\uncached_00010                         
                             .mp4'                                             
                    INFO     Caching disabled.             cairo_renderer.py:79
[09/12/26 01:22:53] INFO     Animation 11 : Partial    scene_file_writer.py:588
                             movie file written in                             
                             'C:\Users\Windows                                 
                             11\Documents\Instagram\ma                         
                             tematica_em_movimento_30\                         
                             enem\media\videos\06_2021                         
                             _q163_escala_castelo\1920                         
                             p30\partial_movie_files\R                         
                             esolucao06\uncached_00011                         
                             .mp4'                                             
                    INFO     Caching disabled.             cairo_renderer.py:79
                    INFO     Animation 12 : Partial    scene_file_writer.py:588
                             movie file written in                             
                             'C:\Users\Windows                                 
                             11\Documents\Instagram\ma                         
                             tematica_em_movimento_30\                         
                             enem\media\videos\06_2021                         
                             _q163_escala_castelo\1920                         
                             p30\partial_movie_files\R                         
                             esolucao06\uncached_00012                         
                             .mp4'                                             
[09/12/26 01:22:54] INFO     Automatically converted   scene_file_writer.py:377
                             C:\Users\Windows                                  
                             11\Documents\Instagram\ma                         
                             tematica_em_movimento_30\                         
                             enem\audio\ENEM-2021-MT-2                         
                             8\options.mp3 to .wav                             
                    INFO     Caching disabled.             cairo_renderer.py:79
[09/12/26 01:22:56] INFO     Animation 13 : Partial    scene_file_writer.py:588
                             movie file written in                             
                             'C:\Users\Windows                                 
                             11\Documents\Instagram\ma                         
                             tematica_em_movimento_30\                         
                             enem\media\videos\06_2021                         
                             _q163_escala_castelo\1920                         
                             p30\partial_movie_files\R                         
                             esolucao06\uncached_00013                         
                             .mp4'                                             
                    INFO     Caching disabled.             cairo_renderer.py:79
[09/12/26 01:23:00] INFO     Animation 14 : Partial    scene_file_writer.py:588
                             movie file written in                             
                             'C:\Users\Windows                                 
                             11\Documents\Instagram\ma                         
                             tematica_em_movimento_30\                         
                             enem\media\videos\06_2021                         
                             _q163_escala_castelo\1920                         
                             p30\partial_movie_files\R                         
                             esolucao06\uncached_00014                         
                             .mp4'                                             
                    INFO     Caching disabled.             cairo_renderer.py:79
                    INFO     Animation 15 : Partial    scene_file_writer.py:588
                             movie file written in                             
                             'C:\Users\Windows                                 
                             11\Documents\Instagram\ma                         
                             tematica_em_movimento_30\                         
                             enem\media\videos\06_2021                         
                             _q163_escala_castelo\1920                         
                             p30\partial_movie_files\R                         
                             esolucao06\uncached_00015                         
                             .mp4'                                             
                    INFO     Automatically converted   scene_file_writer.py:377
                             C:\Users\Windows                                  
                             11\Documents\Instagram\ma                         
                             tematica_em_movimento_30\                         
                             enem\audio\ENEM-2021-MT-2                         
                             8\data.mp3 to .wav                                
                    INFO     Caching disabled.             cairo_renderer.py:79
[09/12/26 01:23:03] INFO     Animation 16 : Partial    scene_file_writer.py:588
                             movie file written in                             
                             'C:\Users\Windows                                 
                             11\Documents\Instagram\ma                         
                             tematica_em_movimento_30\                         
                             enem\media\videos\06_2021                         
                             _q163_escala_castelo\1920                         
                             p30\partial_movie_files\R                         
                             esolucao06\uncached_00016                         
                             .mp4'                                             
                    INFO     Caching disabled.             cairo_renderer.py:79
[09/12/26 01:23:07] INFO     Animation 17 : Partial    scene_file_writer.py:588
                             movie file written in                             
                             'C:\Users\Windows                                 
                             11\Documents\Instagram\ma                         
                             tematica_em_movimento_30\                         
                             enem\media\videos\06_2021                         
                             _q163_escala_castelo\1920                         
                             p30\partial_movie_files\R                         
                             esolucao06\uncached_00017                         
                             .mp4'                                             
                    INFO     Caching disabled.             cairo_renderer.py:79
                    INFO     Animation 18 : Partial    scene_file_writer.py:588
                             movie file written in                             
                             'C:\Users\Windows                                 
                             11\Documents\Instagram\ma                         
                             tematica_em_movimento_30\                         
                             enem\media\videos\06_2021                         
                             _q163_escala_castelo\1920                         
                             p30\partial_movie_files\R                         
                             esolucao06\uncached_00018                         
                             .mp4'                                             
[09/12/26 01:23:08] INFO     Automatically converted   scene_file_writer.py:377
                             C:\Users\Windows                                  
                             11\Documents\Instagram\ma                         
                             tematica_em_movimento_30\                         
                             enem\audio\ENEM-2021-MT-2                         
                             8\strategy.mp3 to .wav                            
                    INFO     Caching disabled.             cairo_renderer.py:79
[09/12/26 01:23:11] INFO     Animation 19 : Partial    scene_file_writer.py:588
                             movie file written in                             
                             'C:\Users\Windows                                 
                             11\Documents\Instagram\ma                         
                             tematica_em_movimento_30\                         
                             enem\media\videos\06_2021                         
                             _q163_escala_castelo\1920                         
                             p30\partial_movie_files\R                         
                             esolucao06\uncached_00019                         
                             .mp4'                                             
                    INFO     Caching disabled.             cairo_renderer.py:79
[09/12/26 01:23:16] INFO     Animation 20 : Partial    scene_file_writer.py:588
                             movie file written in                             
                             'C:\Users\Windows                                 
                             11\Documents\Instagram\ma                         
                             tematica_em_movimento_30\                         
                             enem\media\videos\06_2021                         
                             _q163_escala_castelo\1920                         
                             p30\partial_movie_files\R                         
                             esolucao06\uncached_00020                         
                             .mp4'                                             
                    INFO     Caching disabled.             cairo_renderer.py:79
                    INFO     Animation 21 : Partial    scene_file_writer.py:588
                             movie file written in                             
                             'C:\Users\Windows                                 
                             11\Documents\Instagram\ma                         
                             tematica_em_movimento_30\                         
                             enem\media\videos\06_2021                         
                             _q163_escala_castelo\1920                         
                             p30\partial_movie_files\R                         
                             esolucao06\uncached_00021                         
                             .mp4'                                             
                    INFO     Writing k to               tex_file_writing.py:111
                             media\Tex\0ec167d908ac84ec                        
                             .tex                                              
[09/12/26 01:23:17] INFO     Automatically converted   scene_file_writer.py:377
                             C:\Users\Windows                                  
                             11\Documents\Instagram\ma                         
                             tematica_em_movimento_30\                         
                             enem\audio\ENEM-2021-MT-2                         
                             8\visual.mp3 to .wav                              
                    INFO     Caching disabled.             cairo_renderer.py:79
[09/12/26 01:23:19] INFO     Animation 22 : Partial    scene_file_writer.py:588
                             movie file written in                             
                             'C:\Users\Windows                                 
                             11\Documents\Instagram\ma                         
                             tematica_em_movimento_30\                         
                             enem\media\videos\06_2021                         
                             _q163_escala_castelo\1920                         
                             p30\partial_movie_files\R                         
                             esolucao06\uncached_00022                         
                             .mp4'                                             
                    INFO     Caching disabled.             cairo_renderer.py:79
[09/12/26 01:23:20] INFO     Animation 23 : Partial    scene_file_writer.py:588
                             movie file written in                             
                             'C:\Users\Windows                                 
                             11\Documents\Instagram\ma                         
                             tematica_em_movimento_30\                         
                             enem\media\videos\06_2021                         
                             _q163_escala_castelo\1920                         
                             p30\partial_movie_files\R                         
                             esolucao06\uncached_00023                         
                             .mp4'                                             
                    INFO     Caching disabled.             cairo_renderer.py:79
                    INFO     Animation 24 : Partial    scene_file_writer.py:588
                             movie file written in                             
                             'C:\Users\Windows                                 
                             11\Documents\Instagram\ma                         
                             tematica_em_movimento_30\                         
                             enem\media\videos\06_2021                         
                             _q163_escala_castelo\1920                         
                             p30\partial_movie_files\R                         
                             esolucao06\uncached_00024                         
                             .mp4'                                             
                    INFO     Caching disabled.             cairo_renderer.py:79
[09/12/26 01:23:21] INFO     Animation 25 : Partial    scene_file_writer.py:588
                             movie file written in                             
                             'C:\Users\Windows                                 
                             11\Documents\Instagram\ma                         
                             tematica_em_movimento_30\                         
                             enem\media\videos\06_2021                         
                             _q163_escala_castelo\1920                         
                             p30\partial_movie_files\R                         
                             esolucao06\uncached_00025                         
                             .mp4'                                             
                    INFO     Writing 38{,}4\ \mathrm    tex_file_writing.py:111
                             m=3840\ \mathrm{cm} to                            
                             media\Tex\43228a0f6ed232fc                        
                             .tex                                              
[09/12/26 01:23:22] INFO     Automatically converted   scene_file_writer.py:377
                             C:\Users\Windows                                  
                             11\Documents\Instagram\ma                         
                             tematica_em_movimento_30\                         
                             enem\audio\ENEM-2021-MT-2                         
                             8\step_01.mp3 to .wav                             
                    INFO     Caching disabled.             cairo_renderer.py:79
[09/12/26 01:23:24] INFO     Animation 26 : Partial    scene_file_writer.py:588
                             movie file written in                             
                             'C:\Users\Windows                                 
                             11\Documents\Instagram\ma                         
                             tematica_em_movimento_30\                         
                             enem\media\videos\06_2021                         
                             _q163_escala_castelo\1920                         
                             p30\partial_movie_files\R                         
                             esolucao06\uncached_00026                         
                             .mp4'                                             
                    INFO     Caching disabled.             cairo_renderer.py:79
[09/12/26 01:23:26] INFO     Animation 27 : Partial    scene_file_writer.py:588
                             movie file written in                             
                             'C:\Users\Windows                                 
                             11\Documents\Instagram\ma                         
                             tematica_em_movimento_30\                         
                             enem\media\videos\06_2021                         
                             _q163_escala_castelo\1920                         
                             p30\partial_movie_files\R                         
                             esolucao06\uncached_00027                         
                             .mp4'                                             
                    INFO     Writing E={160\over3840}   tex_file_writing.py:111
                             to                                                
                             media\Tex\f5740c5fae62e745                        
                             .tex                                              
[09/12/26 01:23:27] INFO     Automatically converted   scene_file_writer.py:377
                             C:\Users\Windows                                  
                             11\Documents\Instagram\ma                         
                             tematica_em_movimento_30\                         
                             enem\audio\ENEM-2021-MT-2                         
                             8\step_02.mp3 to .wav                             
                    INFO     Caching disabled.             cairo_renderer.py:79
[09/12/26 01:23:30] INFO     Animation 28 : Partial    scene_file_writer.py:588
                             movie file written in                             
                             'C:\Users\Windows                                 
                             11\Documents\Instagram\ma                         
                             tematica_em_movimento_30\                         
                             enem\media\videos\06_2021                         
                             _q163_escala_castelo\1920                         
                             p30\partial_movie_files\R                         
                             esolucao06\uncached_00028                         
                             .mp4'                                             
                    INFO     Caching disabled.             cairo_renderer.py:79
[09/12/26 01:23:31] INFO     Animation 29 : Partial    scene_file_writer.py:588
                             movie file written in                             
                             'C:\Users\Windows                                 
                             11\Documents\Instagram\ma                         
                             tematica_em_movimento_30\                         
                             enem\media\videos\06_2021                         
                             _q163_escala_castelo\1920                         
                             p30\partial_movie_files\R                         
                             esolucao06\uncached_00029                         
                             .mp4'                                             
                    INFO     Writing E={1\over24}=1:24  tex_file_writing.py:111
                             to                                                
                             media\Tex\6809357fa0602500                        
                             .tex                                              
[09/12/26 01:23:32] INFO     Automatically converted   scene_file_writer.py:377
                             C:\Users\Windows                                  
                             11\Documents\Instagram\ma                         
                             tematica_em_movimento_30\                         
                             enem\audio\ENEM-2021-MT-2                         
                             8\step_03.mp3 to .wav                             
                    INFO     Caching disabled.             cairo_renderer.py:79
[09/12/26 01:23:35] INFO     Animation 30 : Partial    scene_file_writer.py:588
                             movie file written in                             
                             'C:\Users\Windows                                 
                             11\Documents\Instagram\ma                         
                             tematica_em_movimento_30\                         
                             enem\media\videos\06_2021                         
                             _q163_escala_castelo\1920                         
                             p30\partial_movie_files\R                         
                             esolucao06\uncached_00030                         
                             .mp4'                                             
                    INFO     Caching disabled.             cairo_renderer.py:79
[09/12/26 01:23:37] INFO     Animation 31 : Partial    scene_file_writer.py:588
                             movie file written in                             
                             'C:\Users\Windows                                 
                             11\Documents\Instagram\ma                         
                             tematica_em_movimento_30\                         
                             enem\media\videos\06_2021                         
                             _q163_escala_castelo\1920                         
                             p30\partial_movie_files\R                         
                             esolucao06\uncached_00031                         
                             .mp4'                                             
                    INFO     Writing                    tex_file_writing.py:111
                             {7\over168}={1\over24} to                         
                             media\Tex\3f8ba49e25a0175d                        
                             .tex                                              
[09/12/26 01:23:38] INFO     Automatically converted   scene_file_writer.py:377
                             C:\Users\Windows                                  
                             11\Documents\Instagram\ma                         
                             tematica_em_movimento_30\                         
                             enem\audio\ENEM-2021-MT-2                         
                             8\step_04.mp3 to .wav                             
                    INFO     Caching disabled.             cairo_renderer.py:79
[09/12/26 01:23:40] INFO     Animation 32 : Partial    scene_file_writer.py:588
                             movie file written in                             
                             'C:\Users\Windows                                 
                             11\Documents\Instagram\ma                         
                             tematica_em_movimento_30\                         
                             enem\media\videos\06_2021                         
                             _q163_escala_castelo\1920                         
                             p30\partial_movie_files\R                         
                             esolucao06\uncached_00032                         
                             .mp4'                                             
                    INFO     Caching disabled.             cairo_renderer.py:79
[09/12/26 01:23:42] INFO     Animation 33 : Partial    scene_file_writer.py:588
                             movie file written in                             
                             'C:\Users\Windows                                 
                             11\Documents\Instagram\ma                         
                             tematica_em_movimento_30\                         
                             enem\media\videos\06_2021                         
                             _q163_escala_castelo\1920                         
                             p30\partial_movie_files\R                         
                             esolucao06\uncached_00033                         
                             .mp4'                                             
                    INFO     Automatically converted   scene_file_writer.py:377
                             C:\Users\Windows                                  
                             11\Documents\Instagram\ma                         
                             tematica_em_movimento_30\                         
                             enem\audio\ENEM-2021-MT-2                         
                             8\answer.mp3 to .wav                              
                    INFO     Caching disabled.             cairo_renderer.py:79
[09/12/26 01:23:43] INFO     Animation 34 : Partial    scene_file_writer.py:588
                             movie file written in                             
                             'C:\Users\Windows                                 
                             11\Documents\Instagram\ma                         
                             tematica_em_movimento_30\                         
                             enem\media\videos\06_2021                         
                             _q163_escala_castelo\1920                         
                             p30\partial_movie_files\R                         
                             esolucao06\uncached_00034                         
                             .mp4'                                             
                    INFO     Caching disabled.             cairo_renderer.py:79
[09/12/26 01:23:44] INFO     Animation 35 : Partial    scene_file_writer.py:588
                             movie file written in                             
                             'C:\Users\Windows                                 
                             11\Documents\Instagram\ma                         
                             tematica_em_movimento_30\                         
                             enem\media\videos\06_2021                         
                             _q163_escala_castelo\1920                         
                             p30\partial_movie_files\R                         
                             esolucao06\uncached_00035                         
                             .mp4'                                             
                    INFO     Combining to Movie file.  scene_file_writer.py:739
[09/12/26 01:23:48] WARNING  Some options were not     scene_file_writer.py:801
                             used: {'shortest': '1',                           
                             'metadata':                                       
                             'comment=Rendered with                            
                             Manim Community v0.19.0'}                         
                    INFO                               scene_file_writer.py:886
                             File ready at                                     
                             'C:\Users\Windows                                 
                             11\Documents\Instagram\ma                         
                             tematica_em_movimento_30\                         
                             enem\media\videos\06_2021                         
                             _q163_escala_castelo\1920                         
                             p30\Resolucao06.mp4'                              
                                                                               
                    INFO     Rendered Resolucao06                  scene.py:255
                             Played 36 animations                              
You are using manim version v0.19.0, but version v0.21.0 is available.
You should consider upgrading via pip install -U manim
