Manim Community v0.19.0

[09/12/26 01:23:50] INFO     Automatically converted   scene_file_writer.py:377
                             C:\Users\Windows                                  
                             11\Documents\Instagram\ma                         
                             tematica_em_movimento_30\                         
                             enem\audio\ENEM-2022-MT-0                         
                             7\source.mp3 to .wav                              
                    INFO     Caching disabled.             cairo_renderer.py:79
[09/12/26 01:23:53] INFO     Animation 0 : Partial     scene_file_writer.py:588
                             movie file written in                             
                             'C:\Users\Windows                                 
                             11\Documents\Instagram\ma                         
                             tematica_em_movimento_30\                         
                             enem\media\videos\07_2022                         
                             _q142_capacidade_cilindro                         
                             s\1920p30\partial_movie_f                         
                             iles\Resolucao07\uncached                         
                             _00000.mp4'                                       
                    INFO     Caching disabled.             cairo_renderer.py:79
[09/12/26 01:23:54] INFO     Animation 1 : Partial     scene_file_writer.py:588
                             movie file written in                             
                             'C:\Users\Windows                                 
                             11\Documents\Instagram\ma                         
                             tematica_em_movimento_30\                         
                             enem\media\videos\07_2022                         
                             _q142_capacidade_cilindro                         
                             s\1920p30\partial_movie_f                         
                             iles\Resolucao07\uncached                         
                             _00001.mp4'                                       
                    INFO     Caching disabled.             cairo_renderer.py:79
[09/12/26 01:23:55] INFO     Animation 2 : Partial     scene_file_writer.py:588
                             movie file written in                             
                             'C:\Users\Windows                                 
                             11\Documents\Instagram\ma                         
                             tematica_em_movimento_30\                         
                             enem\media\videos\07_2022                         
                             _q142_capacidade_cilindro                         
                             s\1920p30\partial_movie_f                         
                             iles\Resolucao07\uncached                         
                             _00002.mp4'                                       
                    INFO     Automatically converted   scene_file_writer.py:377
                             C:\Users\Windows                                  
                             11\Documents\Instagram\ma                         
                             tematica_em_movimento_30\                         
                             enem\audio\ENEM-2022-MT-0                         
                             7\statement_01.mp3 to                             
                             .wav                                              
                    INFO     Caching disabled.             cairo_renderer.py:79
[09/12/26 01:23:58] INFO     Animation 3 : Partial     scene_file_writer.py:588
                             movie file written in                             
                             'C:\Users\Windows                                 
                             11\Documents\Instagram\ma                         
                             tematica_em_movimento_30\                         
                             enem\media\videos\07_2022                         
                             _q142_capacidade_cilindro                         
                             s\1920p30\partial_movie_f                         
                             iles\Resolucao07\uncached                         
                             _00003.mp4'                                       
                    INFO     Caching disabled.             cairo_renderer.py:79
[09/12/26 01:24:00] INFO     Animation 4 : Partial     scene_file_writer.py:588
                             movie file written in                             
                             'C:\Users\Windows                                 
                             11\Documents\Instagram\ma                         
                             tematica_em_movimento_30\                         
                             enem\media\videos\07_2022                         
                             _q142_capacidade_cilindro                         
                             s\1920p30\partial_movie_f                         
                             iles\Resolucao07\uncached                         
                             _00004.mp4'                                       
                    INFO     Caching disabled.             cairo_renderer.py:79
[09/12/26 01:24:01] INFO     Animation 5 : Partial     scene_file_writer.py:588
                             movie file written in                             
                             'C:\Users\Windows                                 
                             11\Documents\Instagram\ma                         
                             tematica_em_movimento_30\                         
                             enem\media\videos\07_2022                         
                             _q142_capacidade_cilindro                         
                             s\1920p30\partial_movie_f                         
                             iles\Resolucao07\uncached                         
                             _00005.mp4'                                       
                    INFO     Automatically converted   scene_file_writer.py:377
                             C:\Users\Windows                                  
                             11\Documents\Instagram\ma                         
                             tematica_em_movimento_30\                         
                             enem\audio\ENEM-2022-MT-0                         
                             7\statement_02.mp3 to                             
                             .wav                                              
                    INFO     Caching disabled.             cairo_renderer.py:79
[09/12/26 01:24:08] INFO     Animation 6 : Partial     scene_file_writer.py:588
                             movie file written in                             
                             'C:\Users\Windows                                 
                             11\Documents\Instagram\ma                         
                             tematica_em_movimento_30\                         
                             enem\media\videos\07_2022                         
                             _q142_capacidade_cilindro                         
                             s\1920p30\partial_movie_f                         
                             iles\Resolucao07\uncached                         
                             _00006.mp4'                                       
                    INFO     Caching disabled.             cairo_renderer.py:79
[09/12/26 01:24:19] INFO     Animation 7 : Partial     scene_file_writer.py:588
                             movie file written in                             
                             'C:\Users\Windows                                 
                             11\Documents\Instagram\ma                         
                             tematica_em_movimento_30\                         
                             enem\media\videos\07_2022                         
                             _q142_capacidade_cilindro                         
                             s\1920p30\partial_movie_f                         
                             iles\Resolucao07\uncached                         
                             _00007.mp4'                                       
                    INFO     Caching disabled.             cairo_renderer.py:79
[09/12/26 01:24:20] INFO     Animation 8 : Partial     scene_file_writer.py:588
                             movie file written in                             
                             'C:\Users\Windows                                 
                             11\Documents\Instagram\ma                         
                             tematica_em_movimento_30\                         
                             enem\media\videos\07_2022                         
                             _q142_capacidade_cilindro                         
                             s\1920p30\partial_movie_f                         
                             iles\Resolucao07\uncached                         
                             _00008.mp4'                                       
                    INFO     Automatically converted   scene_file_writer.py:377
                             C:\Users\Windows                                  
                             11\Documents\Instagram\ma                         
                             tematica_em_movimento_30\                         
                             enem\audio\ENEM-2022-MT-0                         
                             7\statement_03.mp3 to                             
                             .wav                                              
                    INFO     Caching disabled.             cairo_renderer.py:79
[09/12/26 01:24:24] INFO     Animation 9 : Partial     scene_file_writer.py:588
                             movie file written in                             
                             'C:\Users\Windows                                 
                             11\Documents\Instagram\ma                         
                             tematica_em_movimento_30\                         
                             enem\media\videos\07_2022                         
                             _q142_capacidade_cilindro                         
                             s\1920p30\partial_movie_f                         
                             iles\Resolucao07\uncached                         
                             _00009.mp4'                                       
                    INFO     Caching disabled.             cairo_renderer.py:79
[09/12/26 01:24:28] INFO     Animation 10 : Partial    scene_file_writer.py:588
                             movie file written in                             
                             'C:\Users\Windows                                 
                             11\Documents\Instagram\ma                         
                             tematica_em_movimento_30\                         
                             enem\media\videos\07_2022                         
                             _q142_capacidade_cilindro                         
                             s\1920p30\partial_movie_f                         
                             iles\Resolucao07\uncached                         
                             _00010.mp4'                                       
                    INFO     Caching disabled.             cairo_renderer.py:79
                    INFO     Animation 11 : Partial    scene_file_writer.py:588
                             movie file written in                             
                             'C:\Users\Windows                                 
                             11\Documents\Instagram\ma                         
                             tematica_em_movimento_30\                         
                             enem\media\videos\07_2022                         
                             _q142_capacidade_cilindro                         
                             s\1920p30\partial_movie_f                         
                             iles\Resolucao07\uncached                         
                             _00011.mp4'                                       
                    INFO     Caching disabled.             cairo_renderer.py:79
[09/12/26 01:24:29] INFO     Animation 12 : Partial    scene_file_writer.py:588
                             movie file written in                             
                             'C:\Users\Windows                                 
                             11\Documents\Instagram\ma                         
                             tematica_em_movimento_30\                         
                             enem\media\videos\07_2022                         
                             _q142_capacidade_cilindro                         
                             s\1920p30\partial_movie_f                         
                             iles\Resolucao07\uncached                         
                             _00012.mp4'                                       
                    INFO     Automatically converted   scene_file_writer.py:377
                             C:\Users\Windows                                  
                             11\Documents\Instagram\ma                         
                             tematica_em_movimento_30\                         
                             enem\audio\ENEM-2022-MT-0                         
                             7\options.mp3 to .wav                             
                    INFO     Caching disabled.             cairo_renderer.py:79
[09/12/26 01:24:31] INFO     Animation 13 : Partial    scene_file_writer.py:588
                             movie file written in                             
                             'C:\Users\Windows                                 
                             11\Documents\Instagram\ma                         
                             tematica_em_movimento_30\                         
                             enem\media\videos\07_2022                         
                             _q142_capacidade_cilindro                         
                             s\1920p30\partial_movie_f                         
                             iles\Resolucao07\uncached                         
                             _00013.mp4'                                       
                    INFO     Caching disabled.             cairo_renderer.py:79
[09/12/26 01:24:33] INFO     Animation 14 : Partial    scene_file_writer.py:588
                             movie file written in                             
                             'C:\Users\Windows                                 
                             11\Documents\Instagram\ma                         
                             tematica_em_movimento_30\                         
                             enem\media\videos\07_2022                         
                             _q142_capacidade_cilindro                         
                             s\1920p30\partial_movie_f                         
                             iles\Resolucao07\uncached                         
                             _00014.mp4'                                       
                    INFO     Caching disabled.             cairo_renderer.py:79
                    INFO     Animation 15 : Partial    scene_file_writer.py:588
                             movie file written in                             
                             'C:\Users\Windows                                 
                             11\Documents\Instagram\ma                         
                             tematica_em_movimento_30\                         
                             enem\media\videos\07_2022                         
                             _q142_capacidade_cilindro                         
                             s\1920p30\partial_movie_f                         
                             iles\Resolucao07\uncached                         
                             _00015.mp4'                                       
                    INFO     Automatically converted   scene_file_writer.py:377
                             C:\Users\Windows                                  
                             11\Documents\Instagram\ma                         
                             tematica_em_movimento_30\                         
                             enem\audio\ENEM-2022-MT-0                         
                             7\data.mp3 to .wav                                
[09/12/26 01:24:34] INFO     Caching disabled.             cairo_renderer.py:79
[09/12/26 01:24:36] INFO     Animation 16 : Partial    scene_file_writer.py:588
                             movie file written in                             
                             'C:\Users\Windows                                 
                             11\Documents\Instagram\ma                         
                             tematica_em_movimento_30\                         
                             enem\media\videos\07_2022                         
                             _q142_capacidade_cilindro                         
                             s\1920p30\partial_movie_f                         
                             iles\Resolucao07\uncached                         
                             _00016.mp4'                                       
                    INFO     Caching disabled.             cairo_renderer.py:79
[09/12/26 01:24:42] INFO     Animation 17 : Partial    scene_file_writer.py:588
                             movie file written in                             
                             'C:\Users\Windows                                 
                             11\Documents\Instagram\ma                         
                             tematica_em_movimento_30\                         
                             enem\media\videos\07_2022                         
                             _q142_capacidade_cilindro                         
                             s\1920p30\partial_movie_f                         
                             iles\Resolucao07\uncached                         
                             _00017.mp4'                                       
                    INFO     Caching disabled.             cairo_renderer.py:79
                    INFO     Animation 18 : Partial    scene_file_writer.py:588
                             movie file written in                             
                             'C:\Users\Windows                                 
                             11\Documents\Instagram\ma                         
                             tematica_em_movimento_30\                         
                             enem\media\videos\07_2022                         
                             _q142_capacidade_cilindro                         
                             s\1920p30\partial_movie_f                         
                             iles\Resolucao07\uncached                         
                             _00018.mp4'                                       
[09/12/26 01:24:43] INFO     Automatically converted   scene_file_writer.py:377
                             C:\Users\Windows                                  
                             11\Documents\Instagram\ma                         
                             tematica_em_movimento_30\                         
                             enem\audio\ENEM-2022-MT-0                         
                             7\strategy.mp3 to .wav                            
                    INFO     Caching disabled.             cairo_renderer.py:79
[09/12/26 01:24:46] INFO     Animation 19 : Partial    scene_file_writer.py:588
                             movie file written in                             
                             'C:\Users\Windows                                 
                             11\Documents\Instagram\ma                         
                             tematica_em_movimento_30\                         
                             enem\media\videos\07_2022                         
                             _q142_capacidade_cilindro                         
                             s\1920p30\partial_movie_f                         
                             iles\Resolucao07\uncached                         
                             _00019.mp4'                                       
                    INFO     Caching disabled.             cairo_renderer.py:79
[09/12/26 01:24:51] INFO     Animation 20 : Partial    scene_file_writer.py:588
                             movie file written in                             
                             'C:\Users\Windows                                 
                             11\Documents\Instagram\ma                         
                             tematica_em_movimento_30\                         
                             enem\media\videos\07_2022                         
                             _q142_capacidade_cilindro                         
                             s\1920p30\partial_movie_f                         
                             iles\Resolucao07\uncached                         
                             _00020.mp4'                                       
                    INFO     Caching disabled.             cairo_renderer.py:79
                    INFO     Animation 21 : Partial    scene_file_writer.py:588
                             movie file written in                             
                             'C:\Users\Windows                                 
                             11\Documents\Instagram\ma                         
                             tematica_em_movimento_30\                         
                             enem\media\videos\07_2022                         
                             _q142_capacidade_cilindro                         
                             s\1920p30\partial_movie_f                         
                             iles\Resolucao07\uncached                         
                             _00021.mp4'                                       
                    INFO     Automatically converted   scene_file_writer.py:377
                             C:\Users\Windows                                  
                             11\Documents\Instagram\ma                         
                             tematica_em_movimento_30\                         
                             enem\audio\ENEM-2022-MT-0                         
                             7\visual.mp3 to .wav                              
                    INFO     Caching disabled.             cairo_renderer.py:79
[09/12/26 01:24:53] INFO     Animation 22 : Partial    scene_file_writer.py:588
                             movie file written in                             
                             'C:\Users\Windows                                 
                             11\Documents\Instagram\ma                         
                             tematica_em_movimento_30\                         
                             enem\media\videos\07_2022                         
                             _q142_capacidade_cilindro                         
                             s\1920p30\partial_movie_f                         
                             iles\Resolucao07\uncached                         
                             _00022.mp4'                                       
                    INFO     Caching disabled.             cairo_renderer.py:79
[09/12/26 01:24:54] INFO     Animation 23 : Partial    scene_file_writer.py:588
                             movie file written in                             
                             'C:\Users\Windows                                 
                             11\Documents\Instagram\ma                         
                             tematica_em_movimento_30\                         
                             enem\media\videos\07_2022                         
                             _q142_capacidade_cilindro                         
                             s\1920p30\partial_movie_f                         
                             iles\Resolucao07\uncached                         
                             _00023.mp4'                                       
                    INFO     Caching disabled.             cairo_renderer.py:79
[09/12/26 01:24:55] INFO     Animation 24 : Partial    scene_file_writer.py:588
                             movie file written in                             
                             'C:\Users\Windows                                 
                             11\Documents\Instagram\ma                         
                             tematica_em_movimento_30\                         
                             enem\media\videos\07_2022                         
                             _q142_capacidade_cilindro                         
                             s\1920p30\partial_movie_f                         
                             iles\Resolucao07\uncached                         
                             _00024.mp4'                                       
                    INFO     Caching disabled.             cairo_renderer.py:79
                    INFO     Animation 25 : Partial    scene_file_writer.py:588
                             movie file written in                             
                             'C:\Users\Windows                                 
                             11\Documents\Instagram\ma                         
                             tematica_em_movimento_30\                         
                             enem\media\videos\07_2022                         
                             _q142_capacidade_cilindro                         
                             s\1920p30\partial_movie_f                         
                             iles\Resolucao07\uncached                         
                             _00025.mp4'                                       
                    INFO     Writing V_I=AP to          tex_file_writing.py:111
                             media\Tex\4d0f0a438e3d558c                        
                             .tex                                              
[09/12/26 01:24:56] INFO     Automatically converted   scene_file_writer.py:377
                             C:\Users\Windows                                  
                             11\Documents\Instagram\ma                         
                             tematica_em_movimento_30\                         
                             enem\audio\ENEM-2022-MT-0                         
                             7\step_01.mp3 to .wav                             
                    INFO     Caching disabled.             cairo_renderer.py:79
[09/12/26 01:24:57] INFO     Animation 26 : Partial    scene_file_writer.py:588
                             movie file written in                             
                             'C:\Users\Windows                                 
                             11\Documents\Instagram\ma                         
                             tematica_em_movimento_30\                         
                             enem\media\videos\07_2022                         
                             _q142_capacidade_cilindro                         
                             s\1920p30\partial_movie_f                         
                             iles\Resolucao07\uncached                         
                             _00026.mp4'                                       
                    INFO     Caching disabled.             cairo_renderer.py:79
[09/12/26 01:24:58] INFO     Animation 27 : Partial    scene_file_writer.py:588
                             movie file written in                             
                             'C:\Users\Windows                                 
                             11\Documents\Instagram\ma                         
                             tematica_em_movimento_30\                         
                             enem\media\videos\07_2022                         
                             _q142_capacidade_cilindro                         
                             s\1920p30\partial_movie_f                         
                             iles\Resolucao07\uncached                         
                             _00027.mp4'                                       
                    INFO     Writing                    tex_file_writing.py:111
                             V_{II}=(A/2)(2P)=AP to                            
                             media\Tex\60ba4fd22ed2010a                        
                             .tex                                              
[09/12/26 01:24:59] INFO     Automatically converted   scene_file_writer.py:377
                             C:\Users\Windows                                  
                             11\Documents\Instagram\ma                         
                             tematica_em_movimento_30\                         
                             enem\audio\ENEM-2022-MT-0                         
                             7\step_02.mp3 to .wav                             
                    INFO     Caching disabled.             cairo_renderer.py:79
[09/12/26 01:25:01] INFO     Animation 28 : Partial    scene_file_writer.py:588
                             movie file written in                             
                             'C:\Users\Windows                                 
                             11\Documents\Instagram\ma                         
                             tematica_em_movimento_30\                         
                             enem\media\videos\07_2022                         
                             _q142_capacidade_cilindro                         
                             s\1920p30\partial_movie_f                         
                             iles\Resolucao07\uncached                         
                             _00028.mp4'                                       
                    INFO     Caching disabled.             cairo_renderer.py:79
[09/12/26 01:25:03] INFO     Animation 29 : Partial    scene_file_writer.py:588
                             movie file written in                             
                             'C:\Users\Windows                                 
                             11\Documents\Instagram\ma                         
                             tematica_em_movimento_30\                         
                             enem\media\videos\07_2022                         
                             _q142_capacidade_cilindro                         
                             s\1920p30\partial_movie_f                         
                             iles\Resolucao07\uncached                         
                             _00029.mp4'                                       
                    INFO     Writing                    tex_file_writing.py:111
                             V_{III}=(A/4)(2P)=AP/2 to                         
                             media\Tex\2fcf50a0334f00d9                        
                             .tex                                              
[09/12/26 01:25:04] INFO     Automatically converted   scene_file_writer.py:377
                             C:\Users\Windows                                  
                             11\Documents\Instagram\ma                         
                             tematica_em_movimento_30\                         
                             enem\audio\ENEM-2022-MT-0                         
                             7\step_03.mp3 to .wav                             
                    INFO     Caching disabled.             cairo_renderer.py:79
[09/12/26 01:25:06] INFO     Animation 30 : Partial    scene_file_writer.py:588
                             movie file written in                             
                             'C:\Users\Windows                                 
                             11\Documents\Instagram\ma                         
                             tematica_em_movimento_30\                         
                             enem\media\videos\07_2022                         
                             _q142_capacidade_cilindro                         
                             s\1920p30\partial_movie_f                         
                             iles\Resolucao07\uncached                         
                             _00030.mp4'                                       
                    INFO     Caching disabled.             cairo_renderer.py:79
[09/12/26 01:25:09] INFO     Animation 31 : Partial    scene_file_writer.py:588
                             movie file written in                             
                             'C:\Users\Windows                                 
                             11\Documents\Instagram\ma                         
                             tematica_em_movimento_30\                         
                             enem\media\videos\07_2022                         
                             _q142_capacidade_cilindro                         
                             s\1920p30\partial_movie_f                         
                             iles\Resolucao07\uncached                         
                             _00031.mp4'                                       
                    INFO     Writing                    tex_file_writing.py:111
                             V_{IV}=(2A)(P/2)=AP to                            
                             media\Tex\f4b4822a8de13423                        
                             .tex                                              
[09/12/26 01:25:10] INFO     Automatically converted   scene_file_writer.py:377
                             C:\Users\Windows                                  
                             11\Documents\Instagram\ma                         
                             tematica_em_movimento_30\                         
                             enem\audio\ENEM-2022-MT-0                         
                             7\step_04.mp3 to .wav                             
                    INFO     Caching disabled.             cairo_renderer.py:79
[09/12/26 01:25:13] INFO     Animation 32 : Partial    scene_file_writer.py:588
                             movie file written in                             
                             'C:\Users\Windows                                 
                             11\Documents\Instagram\ma                         
                             tematica_em_movimento_30\                         
                             enem\media\videos\07_2022                         
                             _q142_capacidade_cilindro                         
                             s\1920p30\partial_movie_f                         
                             iles\Resolucao07\uncached                         
                             _00032.mp4'                                       
                    INFO     Caching disabled.             cairo_renderer.py:79
[09/12/26 01:25:14] INFO     Animation 33 : Partial    scene_file_writer.py:588
                             movie file written in                             
                             'C:\Users\Windows                                 
                             11\Documents\Instagram\ma                         
                             tematica_em_movimento_30\                         
                             enem\media\videos\07_2022                         
                             _q142_capacidade_cilindro                         
                             s\1920p30\partial_movie_f                         
                             iles\Resolucao07\uncached                         
                             _00033.mp4'                                       
                    INFO     Writing V_V=(4A)(P/2)=2AP  tex_file_writing.py:111
                             to                                                
                             media\Tex\5d67de90a890ce1c                        
                             .tex                                              
[09/12/26 01:25:15] INFO     Automatically converted   scene_file_writer.py:377
                             C:\Users\Windows                                  
                             11\Documents\Instagram\ma                         
                             tematica_em_movimento_30\                         
                             enem\audio\ENEM-2022-MT-0                         
                             7\step_05.mp3 to .wav                             
                    INFO     Caching disabled.             cairo_renderer.py:79
[09/12/26 01:25:17] INFO     Animation 34 : Partial    scene_file_writer.py:588
                             movie file written in                             
                             'C:\Users\Windows                                 
                             11\Documents\Instagram\ma                         
                             tematica_em_movimento_30\                         
                             enem\media\videos\07_2022                         
                             _q142_capacidade_cilindro                         
                             s\1920p30\partial_movie_f                         
                             iles\Resolucao07\uncached                         
                             _00034.mp4'                                       
                    INFO     Caching disabled.             cairo_renderer.py:79
[09/12/26 01:25:20] INFO     Animation 35 : Partial    scene_file_writer.py:588
                             movie file written in                             
                             'C:\Users\Windows                                 
                             11\Documents\Instagram\ma                         
                             tematica_em_movimento_30\                         
                             enem\media\videos\07_2022                         
                             _q142_capacidade_cilindro                         
                             s\1920p30\partial_movie_f                         
                             iles\Resolucao07\uncached                         
                             _00035.mp4'                                       
                    INFO     Writing                    tex_file_writing.py:111
                             2AP>AP>AP/2\quad\Rightarro                        
                             w\quad V to                                       
                             media\Tex\2fb8e754e7f86a45                        
                             .tex                                              
                    INFO     Automatically converted   scene_file_writer.py:377
                             C:\Users\Windows                                  
                             11\Documents\Instagram\ma                         
                             tematica_em_movimento_30\                         
                             enem\audio\ENEM-2022-MT-0                         
                             7\step_06.mp3 to .wav                             
                    INFO     Caching disabled.             cairo_renderer.py:79
[09/12/26 01:25:23] INFO     Animation 36 : Partial    scene_file_writer.py:588
                             movie file written in                             
                             'C:\Users\Windows                                 
                             11\Documents\Instagram\ma                         
                             tematica_em_movimento_30\                         
                             enem\media\videos\07_2022                         
                             _q142_capacidade_cilindro                         
                             s\1920p30\partial_movie_f                         
                             iles\Resolucao07\uncached                         
                             _00036.mp4'                                       
                    INFO     Caching disabled.             cairo_renderer.py:79
[09/12/26 01:25:24] INFO     Animation 37 : Partial    scene_file_writer.py:588
                             movie file written in                             
                             'C:\Users\Windows                                 
                             11\Documents\Instagram\ma                         
                             tematica_em_movimento_30\                         
                             enem\media\videos\07_2022                         
                             _q142_capacidade_cilindro                         
                             s\1920p30\partial_movie_f                         
                             iles\Resolucao07\uncached                         
                             _00037.mp4'                                       
                    INFO     Automatically converted   scene_file_writer.py:377
                             C:\Users\Windows                                  
                             11\Documents\Instagram\ma                         
                             tematica_em_movimento_30\                         
                             enem\audio\ENEM-2022-MT-0                         
                             7\answer.mp3 to .wav                              
                    INFO     Caching disabled.             cairo_renderer.py:79
[09/12/26 01:25:26] INFO     Animation 38 : Partial    scene_file_writer.py:588
                             movie file written in                             
                             'C:\Users\Windows                                 
                             11\Documents\Instagram\ma                         
                             tematica_em_movimento_30\                         
                             enem\media\videos\07_2022                         
                             _q142_capacidade_cilindro                         
                             s\1920p30\partial_movie_f                         
                             iles\Resolucao07\uncached                         
                             _00038.mp4'                                       
                    INFO     Caching disabled.             cairo_renderer.py:79
                    INFO     Animation 39 : Partial    scene_file_writer.py:588
                             movie file written in                             
                             'C:\Users\Windows                                 
                             11\Documents\Instagram\ma                         
                             tematica_em_movimento_30\                         
                             enem\media\videos\07_2022                         
                             _q142_capacidade_cilindro                         
                             s\1920p30\partial_movie_f                         
                             iles\Resolucao07\uncached                         
                             _00039.mp4'                                       
                    INFO     Combining to Movie file.  scene_file_writer.py:739
[09/12/26 01:25:31] WARNING  Some options were not     scene_file_writer.py:801
                             used: {'shortest': '1',                           
                             'metadata':                                       
                             'comment=Rendered with                            
                             Manim Community v0.19.0'}                         
                    INFO                               scene_file_writer.py:886
                             File ready at                                     
                             'C:\Users\Windows                                 
                             11\Documents\Instagram\ma                         
                             tematica_em_movimento_30\                         
                             enem\media\videos\07_2022                         
                             _q142_capacidade_cilindro                         
                             s\1920p30\Resolucao07.mp4                         
                             '                                                 
                                                                               
                    INFO     Rendered Resolucao07                  scene.py:255
                             Played 40 animations                              
You are using manim version v0.19.0, but version v0.21.0 is available.
You should consider upgrading via pip install -U manim
