Manim Community v0.19.0

[09/12/26 01:25:33] INFO     Automatically converted   scene_file_writer.py:377
                             C:\Users\Windows                                  
                             11\Documents\Instagram\ma                         
                             tematica_em_movimento_30\                         
                             enem\audio\ENEM-2022-MT-1                         
                             0\source.mp3 to .wav                              
                    INFO     Caching disabled.             cairo_renderer.py:79
[09/12/26 01:25:35] INFO     Animation 0 : Partial     scene_file_writer.py:588
                             movie file written in                             
                             'C:\Users\Windows                                 
                             11\Documents\Instagram\ma                         
                             tematica_em_movimento_30\                         
                             enem\media\videos\08_2022                         
                             _q145_menor_caminho\1920p                         
                             30\partial_movie_files\Re                         
                             solucao08\uncached_00000.                         
                             mp4'                                              
                    INFO     Caching disabled.             cairo_renderer.py:79
[09/12/26 01:25:37] INFO     Animation 1 : Partial     scene_file_writer.py:588
                             movie file written in                             
                             'C:\Users\Windows                                 
                             11\Documents\Instagram\ma                         
                             tematica_em_movimento_30\                         
                             enem\media\videos\08_2022                         
                             _q145_menor_caminho\1920p                         
                             30\partial_movie_files\Re                         
                             solucao08\uncached_00001.                         
                             mp4'                                              
                    INFO     Caching disabled.             cairo_renderer.py:79
                    INFO     Animation 2 : Partial     scene_file_writer.py:588
                             movie file written in                             
                             'C:\Users\Windows                                 
                             11\Documents\Instagram\ma                         
                             tematica_em_movimento_30\                         
                             enem\media\videos\08_2022                         
                             _q145_menor_caminho\1920p                         
                             30\partial_movie_files\Re                         
                             solucao08\uncached_00002.                         
                             mp4'                                              
[09/12/26 01:25:38] INFO     Automatically converted   scene_file_writer.py:377
                             C:\Users\Windows                                  
                             11\Documents\Instagram\ma                         
                             tematica_em_movimento_30\                         
                             enem\audio\ENEM-2022-MT-1                         
                             0\statement_01.mp3 to                             
                             .wav                                              
                    INFO     Caching disabled.             cairo_renderer.py:79
[09/12/26 01:25:44] INFO     Animation 3 : Partial     scene_file_writer.py:588
                             movie file written in                             
                             'C:\Users\Windows                                 
                             11\Documents\Instagram\ma                         
                             tematica_em_movimento_30\                         
                             enem\media\videos\08_2022                         
                             _q145_menor_caminho\1920p                         
                             30\partial_movie_files\Re                         
                             solucao08\uncached_00003.                         
                             mp4'                                              
                    INFO     Caching disabled.             cairo_renderer.py:79
[09/12/26 01:25:53] INFO     Animation 4 : Partial     scene_file_writer.py:588
                             movie file written in                             
                             'C:\Users\Windows                                 
                             11\Documents\Instagram\ma                         
                             tematica_em_movimento_30\                         
                             enem\media\videos\08_2022                         
                             _q145_menor_caminho\1920p                         
                             30\partial_movie_files\Re                         
                             solucao08\uncached_00004.                         
                             mp4'                                              
                    INFO     Caching disabled.             cairo_renderer.py:79
[09/12/26 01:25:55] INFO     Animation 5 : Partial     scene_file_writer.py:588
                             movie file written in                             
                             'C:\Users\Windows                                 
                             11\Documents\Instagram\ma                         
                             tematica_em_movimento_30\                         
                             enem\media\videos\08_2022                         
                             _q145_menor_caminho\1920p                         
                             30\partial_movie_files\Re                         
                             solucao08\uncached_00005.                         
                             mp4'                                              
                    INFO     Automatically converted   scene_file_writer.py:377
                             C:\Users\Windows                                  
                             11\Documents\Instagram\ma                         
                             tematica_em_movimento_30\                         
                             enem\audio\ENEM-2022-MT-1                         
                             0\statement_02.mp3 to                             
                             .wav                                              
                    INFO     Caching disabled.             cairo_renderer.py:79
[09/12/26 01:25:59] INFO     Animation 6 : Partial     scene_file_writer.py:588
                             movie file written in                             
                             'C:\Users\Windows                                 
                             11\Documents\Instagram\ma                         
                             tematica_em_movimento_30\                         
                             enem\media\videos\08_2022                         
                             _q145_menor_caminho\1920p                         
                             30\partial_movie_files\Re                         
                             solucao08\uncached_00006.                         
                             mp4'                                              
                    INFO     Caching disabled.             cairo_renderer.py:79
[09/12/26 01:26:02] INFO     Animation 7 : Partial     scene_file_writer.py:588
                             movie file written in                             
                             'C:\Users\Windows                                 
                             11\Documents\Instagram\ma                         
                             tematica_em_movimento_30\                         
                             enem\media\videos\08_2022                         
                             _q145_menor_caminho\1920p                         
                             30\partial_movie_files\Re                         
                             solucao08\uncached_00007.                         
                             mp4'                                              
                    INFO     Caching disabled.             cairo_renderer.py:79
[09/12/26 01:26:03] INFO     Animation 8 : Partial     scene_file_writer.py:588
                             movie file written in                             
                             'C:\Users\Windows                                 
                             11\Documents\Instagram\ma                         
                             tematica_em_movimento_30\                         
                             enem\media\videos\08_2022                         
                             _q145_menor_caminho\1920p                         
                             30\partial_movie_files\Re                         
                             solucao08\uncached_00008.                         
                             mp4'                                              
                    INFO     Caching disabled.             cairo_renderer.py:79
                    INFO     Animation 9 : Partial     scene_file_writer.py:588
                             movie file written in                             
                             'C:\Users\Windows                                 
                             11\Documents\Instagram\ma                         
                             tematica_em_movimento_30\                         
                             enem\media\videos\08_2022                         
                             _q145_menor_caminho\1920p                         
                             30\partial_movie_files\Re                         
                             solucao08\uncached_00009.                         
                             mp4'                                              
                    INFO     Writing A to               tex_file_writing.py:111
                             media\Tex\90f07b07e57adf79                        
                             .tex                                              
[09/12/26 01:26:04] INFO     Writing B to               tex_file_writing.py:111
                             media\Tex\d82288bb87e99d59                        
                             .tex                                              
[09/12/26 01:26:05] INFO     Writing I to               tex_file_writing.py:111
                             media\Tex\af20bb7e2b46c25f                        
                             .tex                                              
                    INFO     Writing II to              tex_file_writing.py:111
                             media\Tex\cfcb4bfa08345e14                        
                             .tex                                              
[09/12/26 01:26:06] INFO     Writing III to             tex_file_writing.py:111
                             media\Tex\03c2968c1eb28deb                        
                             .tex                                              
[09/12/26 01:26:07] INFO     Writing IV to              tex_file_writing.py:111
                             media\Tex\94355822677b0d8b                        
                             .tex                                              
[09/12/26 01:26:08] INFO     Writing V to               tex_file_writing.py:111
                             media\Tex\0b32209973af9c4d                        
                             .tex                                              
[09/12/26 01:26:09] INFO     Automatically converted   scene_file_writer.py:377
                             C:\Users\Windows                                  
                             11\Documents\Instagram\ma                         
                             tematica_em_movimento_30\                         
                             enem\audio\ENEM-2022-MT-1                         
                             0\figure.mp3 to .wav                              
                    INFO     Caching disabled.             cairo_renderer.py:79
[09/12/26 01:26:13] INFO     Animation 10 : Partial    scene_file_writer.py:588
                             movie file written in                             
                             'C:\Users\Windows                                 
                             11\Documents\Instagram\ma                         
                             tematica_em_movimento_30\                         
                             enem\media\videos\08_2022                         
                             _q145_menor_caminho\1920p                         
                             30\partial_movie_files\Re                         
                             solucao08\uncached_00010.                         
                             mp4'                                              
                    INFO     Caching disabled.             cairo_renderer.py:79
[09/12/26 01:26:18] INFO     Animation 11 : Partial    scene_file_writer.py:588
                             movie file written in                             
                             'C:\Users\Windows                                 
                             11\Documents\Instagram\ma                         
                             tematica_em_movimento_30\                         
                             enem\media\videos\08_2022                         
                             _q145_menor_caminho\1920p                         
                             30\partial_movie_files\Re                         
                             solucao08\uncached_00011.                         
                             mp4'                                              
                    INFO     Caching disabled.             cairo_renderer.py:79
[09/12/26 01:26:19] INFO     Animation 12 : Partial    scene_file_writer.py:588
                             movie file written in                             
                             'C:\Users\Windows                                 
                             11\Documents\Instagram\ma                         
                             tematica_em_movimento_30\                         
                             enem\media\videos\08_2022                         
                             _q145_menor_caminho\1920p                         
                             30\partial_movie_files\Re                         
                             solucao08\uncached_00012.                         
                             mp4'                                              
                    INFO     Automatically converted   scene_file_writer.py:377
                             C:\Users\Windows                                  
                             11\Documents\Instagram\ma                         
                             tematica_em_movimento_30\                         
                             enem\audio\ENEM-2022-MT-1                         
                             0\options.mp3 to .wav                             
                    INFO     Caching disabled.             cairo_renderer.py:79
[09/12/26 01:26:22] INFO     Animation 13 : Partial    scene_file_writer.py:588
                             movie file written in                             
                             'C:\Users\Windows                                 
                             11\Documents\Instagram\ma                         
                             tematica_em_movimento_30\                         
                             enem\media\videos\08_2022                         
                             _q145_menor_caminho\1920p                         
                             30\partial_movie_files\Re                         
                             solucao08\uncached_00013.                         
                             mp4'                                              
                    INFO     Caching disabled.             cairo_renderer.py:79
[09/12/26 01:26:24] INFO     Animation 14 : Partial    scene_file_writer.py:588
                             movie file written in                             
                             'C:\Users\Windows                                 
                             11\Documents\Instagram\ma                         
                             tematica_em_movimento_30\                         
                             enem\media\videos\08_2022                         
                             _q145_menor_caminho\1920p                         
                             30\partial_movie_files\Re                         
                             solucao08\uncached_00014.                         
                             mp4'                                              
                    INFO     Caching disabled.             cairo_renderer.py:79
                    INFO     Animation 15 : Partial    scene_file_writer.py:588
                             movie file written in                             
                             'C:\Users\Windows                                 
                             11\Documents\Instagram\ma                         
                             tematica_em_movimento_30\                         
                             enem\media\videos\08_2022                         
                             _q145_menor_caminho\1920p                         
                             30\partial_movie_files\Re                         
                             solucao08\uncached_00015.                         
                             mp4'                                              
                    INFO     Automatically converted   scene_file_writer.py:377
                             C:\Users\Windows                                  
                             11\Documents\Instagram\ma                         
                             tematica_em_movimento_30\                         
                             enem\audio\ENEM-2022-MT-1                         
                             0\data.mp3 to .wav                                
                    INFO     Caching disabled.             cairo_renderer.py:79
[09/12/26 01:26:27] INFO     Animation 16 : Partial    scene_file_writer.py:588
                             movie file written in                             
                             'C:\Users\Windows                                 
                             11\Documents\Instagram\ma                         
                             tematica_em_movimento_30\                         
                             enem\media\videos\08_2022                         
                             _q145_menor_caminho\1920p                         
                             30\partial_movie_files\Re                         
                             solucao08\uncached_00016.                         
                             mp4'                                              
                    INFO     Caching disabled.             cairo_renderer.py:79
[09/12/26 01:26:32] INFO     Animation 17 : Partial    scene_file_writer.py:588
                             movie file written in                             
                             'C:\Users\Windows                                 
                             11\Documents\Instagram\ma                         
                             tematica_em_movimento_30\                         
                             enem\media\videos\08_2022                         
                             _q145_menor_caminho\1920p                         
                             30\partial_movie_files\Re                         
                             solucao08\uncached_00017.                         
                             mp4'                                              
                    INFO     Caching disabled.             cairo_renderer.py:79
                    INFO     Animation 18 : Partial    scene_file_writer.py:588
                             movie file written in                             
                             'C:\Users\Windows                                 
                             11\Documents\Instagram\ma                         
                             tematica_em_movimento_30\                         
                             enem\media\videos\08_2022                         
                             _q145_menor_caminho\1920p                         
                             30\partial_movie_files\Re                         
                             solucao08\uncached_00018.                         
                             mp4'                                              
                    INFO     Automatically converted   scene_file_writer.py:377
                             C:\Users\Windows                                  
                             11\Documents\Instagram\ma                         
                             tematica_em_movimento_30\                         
                             enem\audio\ENEM-2022-MT-1                         
                             0\strategy.mp3 to .wav                            
                    INFO     Caching disabled.             cairo_renderer.py:79
[09/12/26 01:26:37] INFO     Animation 19 : Partial    scene_file_writer.py:588
                             movie file written in                             
                             'C:\Users\Windows                                 
                             11\Documents\Instagram\ma                         
                             tematica_em_movimento_30\                         
                             enem\media\videos\08_2022                         
                             _q145_menor_caminho\1920p                         
                             30\partial_movie_files\Re                         
                             solucao08\uncached_00019.                         
                             mp4'                                              
                    INFO     Caching disabled.             cairo_renderer.py:79
[09/12/26 01:26:42] INFO     Animation 20 : Partial    scene_file_writer.py:588
                             movie file written in                             
                             'C:\Users\Windows                                 
                             11\Documents\Instagram\ma                         
                             tematica_em_movimento_30\                         
                             enem\media\videos\08_2022                         
                             _q145_menor_caminho\1920p                         
                             30\partial_movie_files\Re                         
                             solucao08\uncached_00020.                         
                             mp4'                                              
                    INFO     Caching disabled.             cairo_renderer.py:79
[09/12/26 01:26:43] INFO     Animation 21 : Partial    scene_file_writer.py:588
                             movie file written in                             
                             'C:\Users\Windows                                 
                             11\Documents\Instagram\ma                         
                             tematica_em_movimento_30\                         
                             enem\media\videos\08_2022                         
                             _q145_menor_caminho\1920p                         
                             30\partial_movie_files\Re                         
                             solucao08\uncached_00021.                         
                             mp4'                                              
                    INFO     Automatically converted   scene_file_writer.py:377
                             C:\Users\Windows                                  
                             11\Documents\Instagram\ma                         
                             tematica_em_movimento_30\                         
                             enem\audio\ENEM-2022-MT-1                         
                             0\visual.mp3 to .wav                              
                    INFO     Caching disabled.             cairo_renderer.py:79
[09/12/26 01:26:46] INFO     Animation 22 : Partial    scene_file_writer.py:588
                             movie file written in                             
                             'C:\Users\Windows                                 
                             11\Documents\Instagram\ma                         
                             tematica_em_movimento_30\                         
                             enem\media\videos\08_2022                         
                             _q145_menor_caminho\1920p                         
                             30\partial_movie_files\Re                         
                             solucao08\uncached_00022.                         
                             mp4'                                              
                    INFO     Caching disabled.             cairo_renderer.py:79
[09/12/26 01:26:49] INFO     Animation 23 : Partial    scene_file_writer.py:588
                             movie file written in                             
                             'C:\Users\Windows                                 
                             11\Documents\Instagram\ma                         
                             tematica_em_movimento_30\                         
                             enem\media\videos\08_2022                         
                             _q145_menor_caminho\1920p                         
                             30\partial_movie_files\Re                         
                             solucao08\uncached_00023.                         
                             mp4'                                              
                    INFO     Caching disabled.             cairo_renderer.py:79
[09/12/26 01:26:50] INFO     Animation 24 : Partial    scene_file_writer.py:588
                             movie file written in                             
                             'C:\Users\Windows                                 
                             11\Documents\Instagram\ma                         
                             tematica_em_movimento_30\                         
                             enem\media\videos\08_2022                         
                             _q145_menor_caminho\1920p                         
                             30\partial_movie_files\Re                         
                             solucao08\uncached_00024.                         
                             mp4'                                              
                    INFO     Caching disabled.             cairo_renderer.py:79
                    INFO     Animation 25 : Partial    scene_file_writer.py:588
                             movie file written in                             
                             'C:\Users\Windows                                 
                             11\Documents\Instagram\ma                         
                             tematica_em_movimento_30\                         
                             enem\media\videos\08_2022                         
                             _q145_menor_caminho\1920p                         
                             30\partial_movie_files\Re                         
                             solucao08\uncached_00025.                         
                             mp4'                                              
                    INFO     Writing B'=(50,-20) to     tex_file_writing.py:111
                             media\Tex\7d58c17d59fda5bb                        
                             .tex                                              
[09/12/26 01:26:51] INFO     Automatically converted   scene_file_writer.py:377
                             C:\Users\Windows                                  
                             11\Documents\Instagram\ma                         
                             tematica_em_movimento_30\                         
                             enem\audio\ENEM-2022-MT-1                         
                             0\step_01.mp3 to .wav                             
                    INFO     Caching disabled.             cairo_renderer.py:79
[09/12/26 01:26:53] INFO     Animation 26 : Partial    scene_file_writer.py:588
                             movie file written in                             
                             'C:\Users\Windows                                 
                             11\Documents\Instagram\ma                         
                             tematica_em_movimento_30\                         
                             enem\media\videos\08_2022                         
                             _q145_menor_caminho\1920p                         
                             30\partial_movie_files\Re                         
                             solucao08\uncached_00026.                         
                             mp4'                                              
                    INFO     Caching disabled.             cairo_renderer.py:79
[09/12/26 01:26:55] INFO     Animation 27 : Partial    scene_file_writer.py:588
                             movie file written in                             
                             'C:\Users\Windows                                 
                             11\Documents\Instagram\ma                         
                             tematica_em_movimento_30\                         
                             enem\media\videos\08_2022                         
                             _q145_menor_caminho\1920p                         
                             30\partial_movie_files\Re                         
                             solucao08\uncached_00027.                         
                             mp4'                                              
                    INFO     Writing                    tex_file_writing.py:111
                             m={-20-40\over50-20}=-2 to                        
                             media\Tex\e50a40d17fc41bd6                        
                             .tex                                              
[09/12/26 01:26:56] INFO     Automatically converted   scene_file_writer.py:377
                             C:\Users\Windows                                  
                             11\Documents\Instagram\ma                         
                             tematica_em_movimento_30\                         
                             enem\audio\ENEM-2022-MT-1                         
                             0\step_02.mp3 to .wav                             
                    INFO     Caching disabled.             cairo_renderer.py:79
[09/12/26 01:26:58] INFO     Animation 28 : Partial    scene_file_writer.py:588
                             movie file written in                             
                             'C:\Users\Windows                                 
                             11\Documents\Instagram\ma                         
                             tematica_em_movimento_30\                         
                             enem\media\videos\08_2022                         
                             _q145_menor_caminho\1920p                         
                             30\partial_movie_files\Re                         
                             solucao08\uncached_00028.                         
                             mp4'                                              
                    INFO     Caching disabled.             cairo_renderer.py:79
[09/12/26 01:27:00] INFO     Animation 29 : Partial    scene_file_writer.py:588
                             movie file written in                             
                             'C:\Users\Windows                                 
                             11\Documents\Instagram\ma                         
                             tematica_em_movimento_30\                         
                             enem\media\videos\08_2022                         
                             _q145_menor_caminho\1920p                         
                             30\partial_movie_files\Re                         
                             solucao08\uncached_00029.                         
                             mp4'                                              
                    INFO     Writing y-40=-2(x-20) to   tex_file_writing.py:111
                             media\Tex\3cbe774ef7c69778                        
                             .tex                                              
[09/12/26 01:27:01] INFO     Automatically converted   scene_file_writer.py:377
                             C:\Users\Windows                                  
                             11\Documents\Instagram\ma                         
                             tematica_em_movimento_30\                         
                             enem\audio\ENEM-2022-MT-1                         
                             0\step_03.mp3 to .wav                             
                    INFO     Caching disabled.             cairo_renderer.py:79
[09/12/26 01:27:03] INFO     Animation 30 : Partial    scene_file_writer.py:588
                             movie file written in                             
                             'C:\Users\Windows                                 
                             11\Documents\Instagram\ma                         
                             tematica_em_movimento_30\                         
                             enem\media\videos\08_2022                         
                             _q145_menor_caminho\1920p                         
                             30\partial_movie_files\Re                         
                             solucao08\uncached_00030.                         
                             mp4'                                              
                    INFO     Caching disabled.             cairo_renderer.py:79
[09/12/26 01:27:05] INFO     Animation 31 : Partial    scene_file_writer.py:588
                             movie file written in                             
                             'C:\Users\Windows                                 
                             11\Documents\Instagram\ma                         
                             tematica_em_movimento_30\                         
                             enem\media\videos\08_2022                         
                             _q145_menor_caminho\1920p                         
                             30\partial_movie_files\Re                         
                             solucao08\uncached_00031.                         
                             mp4'                                              
                    INFO     Writing 0-40=-2(x-20) to   tex_file_writing.py:111
                             media\Tex\6b1e123f8baa0e94                        
                             .tex                                              
[09/12/26 01:27:06] INFO     Automatically converted   scene_file_writer.py:377
                             C:\Users\Windows                                  
                             11\Documents\Instagram\ma                         
                             tematica_em_movimento_30\                         
                             enem\audio\ENEM-2022-MT-1                         
                             0\step_04.mp3 to .wav                             
                    INFO     Caching disabled.             cairo_renderer.py:79
[09/12/26 01:27:08] INFO     Animation 32 : Partial    scene_file_writer.py:588
                             movie file written in                             
                             'C:\Users\Windows                                 
                             11\Documents\Instagram\ma                         
                             tematica_em_movimento_30\                         
                             enem\media\videos\08_2022                         
                             _q145_menor_caminho\1920p                         
                             30\partial_movie_files\Re                         
                             solucao08\uncached_00032.                         
                             mp4'                                              
                    INFO     Caching disabled.             cairo_renderer.py:79
[09/12/26 01:27:10] INFO     Animation 33 : Partial    scene_file_writer.py:588
                             movie file written in                             
                             'C:\Users\Windows                                 
                             11\Documents\Instagram\ma                         
                             tematica_em_movimento_30\                         
                             enem\media\videos\08_2022                         
                             _q145_menor_caminho\1920p                         
                             30\partial_movie_files\Re                         
                             solucao08\uncached_00033.                         
                             mp4'                                              
                    INFO     Writing                    tex_file_writing.py:111
                             40=2x-40\quad\Rightarrow\q                        
                             uad x=40 to                                       
                             media\Tex\769f3fe6c33d0017                        
                             .tex                                              
[09/12/26 01:27:11] INFO     Automatically converted   scene_file_writer.py:377
                             C:\Users\Windows                                  
                             11\Documents\Instagram\ma                         
                             tematica_em_movimento_30\                         
                             enem\audio\ENEM-2022-MT-1                         
                             0\step_05.mp3 to .wav                             
                    INFO     Caching disabled.             cairo_renderer.py:79
[09/12/26 01:27:13] INFO     Animation 34 : Partial    scene_file_writer.py:588
                             movie file written in                             
                             'C:\Users\Windows                                 
                             11\Documents\Instagram\ma                         
                             tematica_em_movimento_30\                         
                             enem\media\videos\08_2022                         
                             _q145_menor_caminho\1920p                         
                             30\partial_movie_files\Re                         
                             solucao08\uncached_00034.                         
                             mp4'                                              
                    INFO     Caching disabled.             cairo_renderer.py:79
[09/12/26 01:27:15] INFO     Animation 35 : Partial    scene_file_writer.py:588
                             movie file written in                             
                             'C:\Users\Windows                                 
                             11\Documents\Instagram\ma                         
                             tematica_em_movimento_30\                         
                             enem\media\videos\08_2022                         
                             _q145_menor_caminho\1920p                         
                             30\partial_movie_files\Re                         
                             solucao08\uncached_00035.                         
                             mp4'                                              
                    INFO     Writing                    tex_file_writing.py:111
                             X=(40,0)\quad\Rightarrow\q                        
                             uad IV to                                         
                             media\Tex\b4bcd4c046f45836                        
                             .tex                                              
[09/12/26 01:27:16] INFO     Automatically converted   scene_file_writer.py:377
                             C:\Users\Windows                                  
                             11\Documents\Instagram\ma                         
                             tematica_em_movimento_30\                         
                             enem\audio\ENEM-2022-MT-1                         
                             0\step_06.mp3 to .wav                             
                    INFO     Caching disabled.             cairo_renderer.py:79
[09/12/26 01:27:18] INFO     Animation 36 : Partial    scene_file_writer.py:588
                             movie file written in                             
                             'C:\Users\Windows                                 
                             11\Documents\Instagram\ma                         
                             tematica_em_movimento_30\                         
                             enem\media\videos\08_2022                         
                             _q145_menor_caminho\1920p                         
                             30\partial_movie_files\Re                         
                             solucao08\uncached_00036.                         
                             mp4'                                              
                    INFO     Caching disabled.             cairo_renderer.py:79
[09/12/26 01:27:20] INFO     Animation 37 : Partial    scene_file_writer.py:588
                             movie file written in                             
                             'C:\Users\Windows                                 
                             11\Documents\Instagram\ma                         
                             tematica_em_movimento_30\                         
                             enem\media\videos\08_2022                         
                             _q145_menor_caminho\1920p                         
                             30\partial_movie_files\Re                         
                             solucao08\uncached_00037.                         
                             mp4'                                              
                    INFO     Automatically converted   scene_file_writer.py:377
                             C:\Users\Windows                                  
                             11\Documents\Instagram\ma                         
                             tematica_em_movimento_30\                         
                             enem\audio\ENEM-2022-MT-1                         
                             0\answer.mp3 to .wav                              
                    INFO     Caching disabled.             cairo_renderer.py:79
[09/12/26 01:27:21] INFO     Animation 38 : Partial    scene_file_writer.py:588
                             movie file written in                             
                             'C:\Users\Windows                                 
                             11\Documents\Instagram\ma                         
                             tematica_em_movimento_30\                         
                             enem\media\videos\08_2022                         
                             _q145_menor_caminho\1920p                         
                             30\partial_movie_files\Re                         
                             solucao08\uncached_00038.                         
                             mp4'                                              
                    INFO     Caching disabled.             cairo_renderer.py:79
[09/12/26 01:27:22] INFO     Animation 39 : Partial    scene_file_writer.py:588
                             movie file written in                             
                             'C:\Users\Windows                                 
                             11\Documents\Instagram\ma                         
                             tematica_em_movimento_30\                         
                             enem\media\videos\08_2022                         
                             _q145_menor_caminho\1920p                         
                             30\partial_movie_files\Re                         
                             solucao08\uncached_00039.                         
                             mp4'                                              
                    INFO     Combining to Movie file.  scene_file_writer.py:739
[09/12/26 01:27:26] WARNING  Some options were not     scene_file_writer.py:801
                             used: {'shortest': '1',                           
                             'metadata':                                       
                             'comment=Rendered with                            
                             Manim Community v0.19.0'}                         
[09/12/26 01:27:27] INFO                               scene_file_writer.py:886
                             File ready at                                     
                             'C:\Users\Windows                                 
                             11\Documents\Instagram\ma                         
                             tematica_em_movimento_30\                         
                             enem\media\videos\08_2022                         
                             _q145_menor_caminho\1920p                         
                             30\Resolucao08.mp4'                               
                                                                               
                    INFO     Rendered Resolucao08                  scene.py:255
                             Played 40 animations                              
You are using manim version v0.19.0, but version v0.21.0 is available.
You should consider upgrading via pip install -U manim
