Manim Community v0.19.0

[09/12/26 09:01:29] INFO     Automatically converted   scene_file_writer.py:377
                             C:\Users\Windows                                  
                             11\Documents\Instagram\ma                         
                             tematica_em_movimento_30\                         
                             enem\audio\ENEM-2022-MT-1                         
                             3\source.mp3 to .wav                              
                    INFO     Caching disabled.             cairo_renderer.py:79
[09/12/26 09:01:31] INFO     Animation 0 : Partial     scene_file_writer.py:588
                             movie file written in                             
                             'C:\Users\Windows                                 
                             11\Documents\Instagram\ma                         
                             tematica_em_movimento_30\                         
                             enem\media\videos\10_2022                         
                             _q148_volume_cone\1920p30                         
                             \partial_movie_files\Reso                         
                             lucao10\uncached_00000.mp                         
                             4'                                                
                    INFO     Caching disabled.             cairo_renderer.py:79
[09/12/26 09:01:32] INFO     Animation 1 : Partial     scene_file_writer.py:588
                             movie file written in                             
                             'C:\Users\Windows                                 
                             11\Documents\Instagram\ma                         
                             tematica_em_movimento_30\                         
                             enem\media\videos\10_2022                         
                             _q148_volume_cone\1920p30                         
                             \partial_movie_files\Reso                         
                             lucao10\uncached_00001.mp                         
                             4'                                                
                    INFO     Caching disabled.             cairo_renderer.py:79
[09/12/26 09:01:33] INFO     Animation 2 : Partial     scene_file_writer.py:588
                             movie file written in                             
                             'C:\Users\Windows                                 
                             11\Documents\Instagram\ma                         
                             tematica_em_movimento_30\                         
                             enem\media\videos\10_2022                         
                             _q148_volume_cone\1920p30                         
                             \partial_movie_files\Reso                         
                             lucao10\uncached_00002.mp                         
                             4'                                                
                    INFO     Automatically converted   scene_file_writer.py:377
                             C:\Users\Windows                                  
                             11\Documents\Instagram\ma                         
                             tematica_em_movimento_30\                         
                             enem\audio\ENEM-2022-MT-1                         
                             3\statement_01.mp3 to                             
                             .wav                                              
                    INFO     Caching disabled.             cairo_renderer.py:79
[09/12/26 09:01:38] INFO     Animation 3 : Partial     scene_file_writer.py:588
                             movie file written in                             
                             'C:\Users\Windows                                 
                             11\Documents\Instagram\ma                         
                             tematica_em_movimento_30\                         
                             enem\media\videos\10_2022                         
                             _q148_volume_cone\1920p30                         
                             \partial_movie_files\Reso                         
                             lucao10\uncached_00003.mp                         
                             4'                                                
                    INFO     Caching disabled.             cairo_renderer.py:79
[09/12/26 09:01:42] INFO     Animation 4 : Partial     scene_file_writer.py:588
                             movie file written in                             
                             'C:\Users\Windows                                 
                             11\Documents\Instagram\ma                         
                             tematica_em_movimento_30\                         
                             enem\media\videos\10_2022                         
                             _q148_volume_cone\1920p30                         
                             \partial_movie_files\Reso                         
                             lucao10\uncached_00004.mp                         
                             4'                                                
                    INFO     Caching disabled.             cairo_renderer.py:79
[09/12/26 09:01:43] INFO     Animation 5 : Partial     scene_file_writer.py:588
                             movie file written in                             
                             'C:\Users\Windows                                 
                             11\Documents\Instagram\ma                         
                             tematica_em_movimento_30\                         
                             enem\media\videos\10_2022                         
                             _q148_volume_cone\1920p30                         
                             \partial_movie_files\Reso                         
                             lucao10\uncached_00005.mp                         
                             4'                                                
[09/12/26 09:01:44] INFO     Automatically converted   scene_file_writer.py:377
                             C:\Users\Windows                                  
                             11\Documents\Instagram\ma                         
                             tematica_em_movimento_30\                         
                             enem\audio\ENEM-2022-MT-1                         
                             3\statement_02.mp3 to                             
                             .wav                                              
                    INFO     Caching disabled.             cairo_renderer.py:79
[09/12/26 09:01:50] INFO     Animation 6 : Partial     scene_file_writer.py:588
                             movie file written in                             
                             'C:\Users\Windows                                 
                             11\Documents\Instagram\ma                         
                             tematica_em_movimento_30\                         
                             enem\media\videos\10_2022                         
                             _q148_volume_cone\1920p30                         
                             \partial_movie_files\Reso                         
                             lucao10\uncached_00006.mp                         
                             4'                                                
                    INFO     Caching disabled.             cairo_renderer.py:79
[09/12/26 09:01:59] INFO     Animation 7 : Partial     scene_file_writer.py:588
                             movie file written in                             
                             'C:\Users\Windows                                 
                             11\Documents\Instagram\ma                         
                             tematica_em_movimento_30\                         
                             enem\media\videos\10_2022                         
                             _q148_volume_cone\1920p30                         
                             \partial_movie_files\Reso                         
                             lucao10\uncached_00007.mp                         
                             4'                                                
                    INFO     Caching disabled.             cairo_renderer.py:79
[09/12/26 09:02:01] INFO     Animation 8 : Partial     scene_file_writer.py:588
                             movie file written in                             
                             'C:\Users\Windows                                 
                             11\Documents\Instagram\ma                         
                             tematica_em_movimento_30\                         
                             enem\media\videos\10_2022                         
                             _q148_volume_cone\1920p30                         
                             \partial_movie_files\Reso                         
                             lucao10\uncached_00008.mp                         
                             4'                                                
                    INFO     Caching disabled.             cairo_renderer.py:79
                    INFO     Animation 9 : Partial     scene_file_writer.py:588
                             movie file written in                             
                             'C:\Users\Windows                                 
                             11\Documents\Instagram\ma                         
                             tematica_em_movimento_30\                         
                             enem\media\videos\10_2022                         
                             _q148_volume_cone\1920p30                         
                             \partial_movie_files\Reso                         
                             lucao10\uncached_00009.mp                         
                             4'                                                
                    INFO     Writing 10\,cm to          tex_file_writing.py:111
                             media\Tex\708e805699cf65a6                        
                             .tex                                              
latex: security risk: running with elevated privileges
dvisvgm: security risk: running with elevated privileges
[09/12/26 09:02:03] INFO     Automatically converted   scene_file_writer.py:377
                             C:\Users\Windows                                  
                             11\Documents\Instagram\ma                         
                             tematica_em_movimento_30\                         
                             enem\audio\ENEM-2022-MT-1                         
                             3\figure.mp3 to .wav                              
                    INFO     Caching disabled.             cairo_renderer.py:79
[09/12/26 09:02:06] INFO     Animation 10 : Partial    scene_file_writer.py:588
                             movie file written in                             
                             'C:\Users\Windows                                 
                             11\Documents\Instagram\ma                         
                             tematica_em_movimento_30\                         
                             enem\media\videos\10_2022                         
                             _q148_volume_cone\1920p30                         
                             \partial_movie_files\Reso                         
                             lucao10\uncached_00010.mp                         
                             4'                                                
                    INFO     Caching disabled.             cairo_renderer.py:79
[09/12/26 09:02:08] INFO     Animation 11 : Partial    scene_file_writer.py:588
                             movie file written in                             
                             'C:\Users\Windows                                 
                             11\Documents\Instagram\ma                         
                             tematica_em_movimento_30\                         
                             enem\media\videos\10_2022                         
                             _q148_volume_cone\1920p30                         
                             \partial_movie_files\Reso                         
                             lucao10\uncached_00011.mp                         
                             4'                                                
                    INFO     Caching disabled.             cairo_renderer.py:79
[09/12/26 09:02:09] INFO     Animation 12 : Partial    scene_file_writer.py:588
                             movie file written in                             
                             'C:\Users\Windows                                 
                             11\Documents\Instagram\ma                         
                             tematica_em_movimento_30\                         
                             enem\media\videos\10_2022                         
                             _q148_volume_cone\1920p30                         
                             \partial_movie_files\Reso                         
                             lucao10\uncached_00012.mp                         
                             4'                                                
                    INFO     Automatically converted   scene_file_writer.py:377
                             C:\Users\Windows                                  
                             11\Documents\Instagram\ma                         
                             tematica_em_movimento_30\                         
                             enem\audio\ENEM-2022-MT-1                         
                             3\options.mp3 to .wav                             
                    INFO     Caching disabled.             cairo_renderer.py:79
[09/12/26 09:02:11] INFO     Animation 13 : Partial    scene_file_writer.py:588
                             movie file written in                             
                             'C:\Users\Windows                                 
                             11\Documents\Instagram\ma                         
                             tematica_em_movimento_30\                         
                             enem\media\videos\10_2022                         
                             _q148_volume_cone\1920p30                         
                             \partial_movie_files\Reso                         
                             lucao10\uncached_00013.mp                         
                             4'                                                
                    INFO     Caching disabled.             cairo_renderer.py:79
[09/12/26 09:02:15] INFO     Animation 14 : Partial    scene_file_writer.py:588
                             movie file written in                             
                             'C:\Users\Windows                                 
                             11\Documents\Instagram\ma                         
                             tematica_em_movimento_30\                         
                             enem\media\videos\10_2022                         
                             _q148_volume_cone\1920p30                         
                             \partial_movie_files\Reso                         
                             lucao10\uncached_00014.mp                         
                             4'                                                
                    INFO     Caching disabled.             cairo_renderer.py:79
                    INFO     Animation 15 : Partial    scene_file_writer.py:588
                             movie file written in                             
                             'C:\Users\Windows                                 
                             11\Documents\Instagram\ma                         
                             tematica_em_movimento_30\                         
                             enem\media\videos\10_2022                         
                             _q148_volume_cone\1920p30                         
                             \partial_movie_files\Reso                         
                             lucao10\uncached_00015.mp                         
                             4'                                                
                    INFO     Automatically converted   scene_file_writer.py:377
                             C:\Users\Windows                                  
                             11\Documents\Instagram\ma                         
                             tematica_em_movimento_30\                         
                             enem\audio\ENEM-2022-MT-1                         
                             3\data.mp3 to .wav                                
                    INFO     Caching disabled.             cairo_renderer.py:79
[09/12/26 09:02:18] INFO     Animation 16 : Partial    scene_file_writer.py:588
                             movie file written in                             
                             'C:\Users\Windows                                 
                             11\Documents\Instagram\ma                         
                             tematica_em_movimento_30\                         
                             enem\media\videos\10_2022                         
                             _q148_volume_cone\1920p30                         
                             \partial_movie_files\Reso                         
                             lucao10\uncached_00016.mp                         
                             4'                                                
                    INFO     Caching disabled.             cairo_renderer.py:79
[09/12/26 09:02:23] INFO     Animation 17 : Partial    scene_file_writer.py:588
                             movie file written in                             
                             'C:\Users\Windows                                 
                             11\Documents\Instagram\ma                         
                             tematica_em_movimento_30\                         
                             enem\media\videos\10_2022                         
                             _q148_volume_cone\1920p30                         
                             \partial_movie_files\Reso                         
                             lucao10\uncached_00017.mp                         
                             4'                                                
                    INFO     Caching disabled.             cairo_renderer.py:79
                    INFO     Animation 18 : Partial    scene_file_writer.py:588
                             movie file written in                             
                             'C:\Users\Windows                                 
                             11\Documents\Instagram\ma                         
                             tematica_em_movimento_30\                         
                             enem\media\videos\10_2022                         
                             _q148_volume_cone\1920p30                         
                             \partial_movie_files\Reso                         
                             lucao10\uncached_00018.mp                         
                             4'                                                
                    INFO     Automatically converted   scene_file_writer.py:377
                             C:\Users\Windows                                  
                             11\Documents\Instagram\ma                         
                             tematica_em_movimento_30\                         
                             enem\audio\ENEM-2022-MT-1                         
                             3\strategy.mp3 to .wav                            
                    INFO     Caching disabled.             cairo_renderer.py:79
[09/12/26 09:02:27] INFO     Animation 19 : Partial    scene_file_writer.py:588
                             movie file written in                             
                             'C:\Users\Windows                                 
                             11\Documents\Instagram\ma                         
                             tematica_em_movimento_30\                         
                             enem\media\videos\10_2022                         
                             _q148_volume_cone\1920p30                         
                             \partial_movie_files\Reso                         
                             lucao10\uncached_00019.mp                         
                             4'                                                
                    INFO     Caching disabled.             cairo_renderer.py:79
[09/12/26 09:02:31] INFO     Animation 20 : Partial    scene_file_writer.py:588
                             movie file written in                             
                             'C:\Users\Windows                                 
                             11\Documents\Instagram\ma                         
                             tematica_em_movimento_30\                         
                             enem\media\videos\10_2022                         
                             _q148_volume_cone\1920p30                         
                             \partial_movie_files\Reso                         
                             lucao10\uncached_00020.mp                         
                             4'                                                
                    INFO     Caching disabled.             cairo_renderer.py:79
[09/12/26 09:02:32] INFO     Animation 21 : Partial    scene_file_writer.py:588
                             movie file written in                             
                             'C:\Users\Windows                                 
                             11\Documents\Instagram\ma                         
                             tematica_em_movimento_30\                         
                             enem\media\videos\10_2022                         
                             _q148_volume_cone\1920p30                         
                             \partial_movie_files\Reso                         
                             lucao10\uncached_00021.mp                         
                             4'                                                
                    INFO     Automatically converted   scene_file_writer.py:377
                             C:\Users\Windows                                  
                             11\Documents\Instagram\ma                         
                             tematica_em_movimento_30\                         
                             enem\audio\ENEM-2022-MT-1                         
                             3\visual.mp3 to .wav                              
                    INFO     Caching disabled.             cairo_renderer.py:79
[09/12/26 09:02:34] INFO     Animation 22 : Partial    scene_file_writer.py:588
                             movie file written in                             
                             'C:\Users\Windows                                 
                             11\Documents\Instagram\ma                         
                             tematica_em_movimento_30\                         
                             enem\media\videos\10_2022                         
                             _q148_volume_cone\1920p30                         
                             \partial_movie_files\Reso                         
                             lucao10\uncached_00022.mp                         
                             4'                                                
                    INFO     Caching disabled.             cairo_renderer.py:79
[09/12/26 09:02:35] INFO     Animation 23 : Partial    scene_file_writer.py:588
                             movie file written in                             
                             'C:\Users\Windows                                 
                             11\Documents\Instagram\ma                         
                             tematica_em_movimento_30\                         
                             enem\media\videos\10_2022                         
                             _q148_volume_cone\1920p30                         
                             \partial_movie_files\Reso                         
                             lucao10\uncached_00023.mp                         
                             4'                                                
                    INFO     Caching disabled.             cairo_renderer.py:79
                    INFO     Animation 24 : Partial    scene_file_writer.py:588
                             movie file written in                             
                             'C:\Users\Windows                                 
                             11\Documents\Instagram\ma                         
                             tematica_em_movimento_30\                         
                             enem\media\videos\10_2022                         
                             _q148_volume_cone\1920p30                         
                             \partial_movie_files\Reso                         
                             lucao10\uncached_00024.mp                         
                             4'                                                
                    INFO     Caching disabled.             cairo_renderer.py:79
[09/12/26 09:02:36] INFO     Animation 25 : Partial    scene_file_writer.py:588
                             movie file written in                             
                             'C:\Users\Windows                                 
                             11\Documents\Instagram\ma                         
                             tematica_em_movimento_30\                         
                             enem\media\videos\10_2022                         
                             _q148_volume_cone\1920p30                         
                             \partial_movie_files\Reso                         
                             lucao10\uncached_00025.mp                         
                             4'                                                
                    INFO     Writing                    tex_file_writing.py:111
                             V={1\over3}\pi(4)^2(10),\q                        
                             uad V'={1\over3}\pi                               
                             r'^2(10) to                                       
                             media\Tex\72fc4d2a444c5f30                        
                             .tex                                              
latex: security risk: running with elevated privileges
dvisvgm: security risk: running with elevated privileges
[09/12/26 09:02:37] INFO     Automatically converted   scene_file_writer.py:377
                             C:\Users\Windows                                  
                             11\Documents\Instagram\ma                         
                             tematica_em_movimento_30\                         
                             enem\audio\ENEM-2022-MT-1                         
                             3\step_01.mp3 to .wav                             
                    INFO     Caching disabled.             cairo_renderer.py:79
[09/12/26 09:02:39] INFO     Animation 26 : Partial    scene_file_writer.py:588
                             movie file written in                             
                             'C:\Users\Windows                                 
                             11\Documents\Instagram\ma                         
                             tematica_em_movimento_30\                         
                             enem\media\videos\10_2022                         
                             _q148_volume_cone\1920p30                         
                             \partial_movie_files\Reso                         
                             lucao10\uncached_00026.mp                         
                             4'                                                
                    INFO     Caching disabled.             cairo_renderer.py:79
[09/12/26 09:02:43] INFO     Animation 27 : Partial    scene_file_writer.py:588
                             movie file written in                             
                             'C:\Users\Windows                                 
                             11\Documents\Instagram\ma                         
                             tematica_em_movimento_30\                         
                             enem\media\videos\10_2022                         
                             _q148_volume_cone\1920p30                         
                             \partial_movie_files\Reso                         
                             lucao10\uncached_00027.mp                         
                             4'                                                
                    INFO     Writing {1\over3}\pi       tex_file_writing.py:111
                             r'^2(10)=0{,}81{1\over3}\p                        
                             i(4)^2(10) to                                     
                             media\Tex\a51e52358aa30984                        
                             .tex                                              
latex: security risk: running with elevated privileges
dvisvgm: security risk: running with elevated privileges
[09/12/26 09:02:44] INFO     Automatically converted   scene_file_writer.py:377
                             C:\Users\Windows                                  
                             11\Documents\Instagram\ma                         
                             tematica_em_movimento_30\                         
                             enem\audio\ENEM-2022-MT-1                         
                             3\step_02.mp3 to .wav                             
                    INFO     Caching disabled.             cairo_renderer.py:79
[09/12/26 09:02:46] INFO     Animation 28 : Partial    scene_file_writer.py:588
                             movie file written in                             
                             'C:\Users\Windows                                 
                             11\Documents\Instagram\ma                         
                             tematica_em_movimento_30\                         
                             enem\media\videos\10_2022                         
                             _q148_volume_cone\1920p30                         
                             \partial_movie_files\Reso                         
                             lucao10\uncached_00028.mp                         
                             4'                                                
                    INFO     Caching disabled.             cairo_renderer.py:79
[09/12/26 09:02:50] INFO     Animation 29 : Partial    scene_file_writer.py:588
                             movie file written in                             
                             'C:\Users\Windows                                 
                             11\Documents\Instagram\ma                         
                             tematica_em_movimento_30\                         
                             enem\media\videos\10_2022                         
                             _q148_volume_cone\1920p30                         
                             \partial_movie_files\Reso                         
                             lucao10\uncached_00029.mp                         
                             4'                                                
                    INFO     Writing                    tex_file_writing.py:111
                             r'^2=0{,}81\cdot16=12{,}96                        
                             to                                                
                             media\Tex\30b6fbaca79207e5                        
                             .tex                                              
latex: security risk: running with elevated privileges
dvisvgm: security risk: running with elevated privileges
[09/12/26 09:02:51] INFO     Automatically converted   scene_file_writer.py:377
                             C:\Users\Windows                                  
                             11\Documents\Instagram\ma                         
                             tematica_em_movimento_30\                         
                             enem\audio\ENEM-2022-MT-1                         
                             3\step_03.mp3 to .wav                             
                    INFO     Caching disabled.             cairo_renderer.py:79
[09/12/26 09:02:53] INFO     Animation 30 : Partial    scene_file_writer.py:588
                             movie file written in                             
                             'C:\Users\Windows                                 
                             11\Documents\Instagram\ma                         
                             tematica_em_movimento_30\                         
                             enem\media\videos\10_2022                         
                             _q148_volume_cone\1920p30                         
                             \partial_movie_files\Reso                         
                             lucao10\uncached_00030.mp                         
                             4'                                                
                    INFO     Caching disabled.             cairo_renderer.py:79
[09/12/26 09:02:56] INFO     Animation 31 : Partial    scene_file_writer.py:588
                             movie file written in                             
                             'C:\Users\Windows                                 
                             11\Documents\Instagram\ma                         
                             tematica_em_movimento_30\                         
                             enem\media\videos\10_2022                         
                             _q148_volume_cone\1920p30                         
                             \partial_movie_files\Reso                         
                             lucao10\uncached_00031.mp                         
                             4'                                                
                    INFO     Writing                    tex_file_writing.py:111
                             r'=\sqrt{12{,}96}=3{,}6\                          
                             \mathrm{cm} to                                    
                             media\Tex\53812baafa4e68eb                        
                             .tex                                              
latex: security risk: running with elevated privileges
dvisvgm: security risk: running with elevated privileges
[09/12/26 09:02:57] INFO     Automatically converted   scene_file_writer.py:377
                             C:\Users\Windows                                  
                             11\Documents\Instagram\ma                         
                             tematica_em_movimento_30\                         
                             enem\audio\ENEM-2022-MT-1                         
                             3\step_04.mp3 to .wav                             
                    INFO     Caching disabled.             cairo_renderer.py:79
[09/12/26 09:02:59] INFO     Animation 32 : Partial    scene_file_writer.py:588
                             movie file written in                             
                             'C:\Users\Windows                                 
                             11\Documents\Instagram\ma                         
                             tematica_em_movimento_30\                         
                             enem\media\videos\10_2022                         
                             _q148_volume_cone\1920p30                         
                             \partial_movie_files\Reso                         
                             lucao10\uncached_00032.mp                         
                             4'                                                
                    INFO     Caching disabled.             cairo_renderer.py:79
[09/12/26 09:03:01] INFO     Animation 33 : Partial    scene_file_writer.py:588
                             movie file written in                             
                             'C:\Users\Windows                                 
                             11\Documents\Instagram\ma                         
                             tematica_em_movimento_30\                         
                             enem\media\videos\10_2022                         
                             _q148_volume_cone\1920p30                         
                             \partial_movie_files\Reso                         
                             lucao10\uncached_00033.mp                         
                             4'                                                
                    INFO     Automatically converted   scene_file_writer.py:377
                             C:\Users\Windows                                  
                             11\Documents\Instagram\ma                         
                             tematica_em_movimento_30\                         
                             enem\audio\ENEM-2022-MT-1                         
                             3\answer.mp3 to .wav                              
                    INFO     Caching disabled.             cairo_renderer.py:79
[09/12/26 09:03:02] INFO     Animation 34 : Partial    scene_file_writer.py:588
                             movie file written in                             
                             'C:\Users\Windows                                 
                             11\Documents\Instagram\ma                         
                             tematica_em_movimento_30\                         
                             enem\media\videos\10_2022                         
                             _q148_volume_cone\1920p30                         
                             \partial_movie_files\Reso                         
                             lucao10\uncached_00034.mp                         
                             4'                                                
                    INFO     Caching disabled.             cairo_renderer.py:79
[09/12/26 09:03:03] INFO     Animation 35 : Partial    scene_file_writer.py:588
                             movie file written in                             
                             'C:\Users\Windows                                 
                             11\Documents\Instagram\ma                         
                             tematica_em_movimento_30\                         
                             enem\media\videos\10_2022                         
                             _q148_volume_cone\1920p30                         
                             \partial_movie_files\Reso                         
                             lucao10\uncached_00035.mp                         
                             4'                                                
                    INFO     Combining to Movie file.  scene_file_writer.py:739
[09/12/26 09:03:08] WARNING  Some options were not     scene_file_writer.py:801
                             used: {'shortest': '1',                           
                             'metadata':                                       
                             'comment=Rendered with                            
                             Manim Community v0.19.0'}                         
                    INFO                               scene_file_writer.py:886
                             File ready at                                     
                             'C:\Users\Windows                                 
                             11\Documents\Instagram\ma                         
                             tematica_em_movimento_30\                         
                             enem\media\videos\10_2022                         
                             _q148_volume_cone\1920p30                         
                             \Resolucao10.mp4'                                 
                                                                               
                    INFO     Rendered Resolucao10                  scene.py:255
                             Played 36 animations                              
You are using manim version v0.19.0, but version v0.21.0 is available.
You should consider upgrading via pip install -U manim
