Manim Community v0.19.0

[09/12/26 09:03:10] INFO     Automatically converted   scene_file_writer.py:377
                             C:\Users\Windows                                  
                             11\Documents\Instagram\ma                         
                             tematica_em_movimento_30\                         
                             enem\audio\ENEM-2022-MT-2                         
                             5\source.mp3 to .wav                              
                    INFO     Caching disabled.             cairo_renderer.py:79
[09/12/26 09:03:12] INFO     Animation 0 : Partial     scene_file_writer.py:588
                             movie file written in                             
                             'C:\Users\Windows                                 
                             11\Documents\Instagram\ma                         
                             tematica_em_movimento_30\                         
                             enem\media\videos\11_2022                         
                             _q160_escala_refrigerador                         
                             \1920p30\partial_movie_fi                         
                             les\Resolucao11\uncached_                         
                             00000.mp4'                                        
                    INFO     Caching disabled.             cairo_renderer.py:79
[09/12/26 09:03:14] INFO     Animation 1 : Partial     scene_file_writer.py:588
                             movie file written in                             
                             'C:\Users\Windows                                 
                             11\Documents\Instagram\ma                         
                             tematica_em_movimento_30\                         
                             enem\media\videos\11_2022                         
                             _q160_escala_refrigerador                         
                             \1920p30\partial_movie_fi                         
                             les\Resolucao11\uncached_                         
                             00001.mp4'                                        
                    INFO     Caching disabled.             cairo_renderer.py:79
                    INFO     Animation 2 : Partial     scene_file_writer.py:588
                             movie file written in                             
                             'C:\Users\Windows                                 
                             11\Documents\Instagram\ma                         
                             tematica_em_movimento_30\                         
                             enem\media\videos\11_2022                         
                             _q160_escala_refrigerador                         
                             \1920p30\partial_movie_fi                         
                             les\Resolucao11\uncached_                         
                             00002.mp4'                                        
                    INFO     Automatically converted   scene_file_writer.py:377
                             C:\Users\Windows                                  
                             11\Documents\Instagram\ma                         
                             tematica_em_movimento_30\                         
                             enem\audio\ENEM-2022-MT-2                         
                             5\statement_01.mp3 to                             
                             .wav                                              
                    INFO     Caching disabled.             cairo_renderer.py:79
[09/12/26 09:03:21] INFO     Animation 3 : Partial     scene_file_writer.py:588
                             movie file written in                             
                             'C:\Users\Windows                                 
                             11\Documents\Instagram\ma                         
                             tematica_em_movimento_30\                         
                             enem\media\videos\11_2022                         
                             _q160_escala_refrigerador                         
                             \1920p30\partial_movie_fi                         
                             les\Resolucao11\uncached_                         
                             00003.mp4'                                        
                    INFO     Caching disabled.             cairo_renderer.py:79
[09/12/26 09:03:26] INFO     Animation 4 : Partial     scene_file_writer.py:588
                             movie file written in                             
                             'C:\Users\Windows                                 
                             11\Documents\Instagram\ma                         
                             tematica_em_movimento_30\                         
                             enem\media\videos\11_2022                         
                             _q160_escala_refrigerador                         
                             \1920p30\partial_movie_fi                         
                             les\Resolucao11\uncached_                         
                             00004.mp4'                                        
                    INFO     Caching disabled.             cairo_renderer.py:79
[09/12/26 09:03:27] INFO     Animation 5 : Partial     scene_file_writer.py:588
                             movie file written in                             
                             'C:\Users\Windows                                 
                             11\Documents\Instagram\ma                         
                             tematica_em_movimento_30\                         
                             enem\media\videos\11_2022                         
                             _q160_escala_refrigerador                         
                             \1920p30\partial_movie_fi                         
                             les\Resolucao11\uncached_                         
                             00005.mp4'                                        
[09/12/26 09:03:28] INFO     Automatically converted   scene_file_writer.py:377
                             C:\Users\Windows                                  
                             11\Documents\Instagram\ma                         
                             tematica_em_movimento_30\                         
                             enem\audio\ENEM-2022-MT-2                         
                             5\statement_02.mp3 to                             
                             .wav                                              
                    INFO     Caching disabled.             cairo_renderer.py:79
[09/12/26 09:03:36] INFO     Animation 6 : Partial     scene_file_writer.py:588
                             movie file written in                             
                             'C:\Users\Windows                                 
                             11\Documents\Instagram\ma                         
                             tematica_em_movimento_30\                         
                             enem\media\videos\11_2022                         
                             _q160_escala_refrigerador                         
                             \1920p30\partial_movie_fi                         
                             les\Resolucao11\uncached_                         
                             00006.mp4'                                        
                    INFO     Caching disabled.             cairo_renderer.py:79
[09/12/26 09:03:44] INFO     Animation 7 : Partial     scene_file_writer.py:588
                             movie file written in                             
                             'C:\Users\Windows                                 
                             11\Documents\Instagram\ma                         
                             tematica_em_movimento_30\                         
                             enem\media\videos\11_2022                         
                             _q160_escala_refrigerador                         
                             \1920p30\partial_movie_fi                         
                             les\Resolucao11\uncached_                         
                             00007.mp4'                                        
                    INFO     Caching disabled.             cairo_renderer.py:79
[09/12/26 09:03:45] INFO     Animation 8 : Partial     scene_file_writer.py:588
                             movie file written in                             
                             'C:\Users\Windows                                 
                             11\Documents\Instagram\ma                         
                             tematica_em_movimento_30\                         
                             enem\media\videos\11_2022                         
                             _q160_escala_refrigerador                         
                             \1920p30\partial_movie_fi                         
                             les\Resolucao11\uncached_                         
                             00008.mp4'                                        
[09/12/26 09:03:46] INFO     Automatically converted   scene_file_writer.py:377
                             C:\Users\Windows                                  
                             11\Documents\Instagram\ma                         
                             tematica_em_movimento_30\                         
                             enem\audio\ENEM-2022-MT-2                         
                             5\statement_03.mp3 to                             
                             .wav                                              
                    INFO     Caching disabled.             cairo_renderer.py:79
[09/12/26 09:03:48] INFO     Animation 9 : Partial     scene_file_writer.py:588
                             movie file written in                             
                             'C:\Users\Windows                                 
                             11\Documents\Instagram\ma                         
                             tematica_em_movimento_30\                         
                             enem\media\videos\11_2022                         
                             _q160_escala_refrigerador                         
                             \1920p30\partial_movie_fi                         
                             les\Resolucao11\uncached_                         
                             00009.mp4'                                        
                    INFO     Caching disabled.             cairo_renderer.py:79
[09/12/26 09:03:49] INFO     Animation 10 : Partial    scene_file_writer.py:588
                             movie file written in                             
                             'C:\Users\Windows                                 
                             11\Documents\Instagram\ma                         
                             tematica_em_movimento_30\                         
                             enem\media\videos\11_2022                         
                             _q160_escala_refrigerador                         
                             \1920p30\partial_movie_fi                         
                             les\Resolucao11\uncached_                         
                             00010.mp4'                                        
                    INFO     Caching disabled.             cairo_renderer.py:79
[09/12/26 09:03:50] INFO     Animation 11 : Partial    scene_file_writer.py:588
                             movie file written in                             
                             'C:\Users\Windows                                 
                             11\Documents\Instagram\ma                         
                             tematica_em_movimento_30\                         
                             enem\media\videos\11_2022                         
                             _q160_escala_refrigerador                         
                             \1920p30\partial_movie_fi                         
                             les\Resolucao11\uncached_                         
                             00011.mp4'                                        
                    INFO     Caching disabled.             cairo_renderer.py:79
                    INFO     Animation 12 : Partial    scene_file_writer.py:588
                             movie file written in                             
                             'C:\Users\Windows                                 
                             11\Documents\Instagram\ma                         
                             tematica_em_movimento_30\                         
                             enem\media\videos\11_2022                         
                             _q160_escala_refrigerador                         
                             \1920p30\partial_movie_fi                         
                             les\Resolucao11\uncached_                         
                             00012.mp4'                                        
                    INFO     Automatically converted   scene_file_writer.py:377
                             C:\Users\Windows                                  
                             11\Documents\Instagram\ma                         
                             tematica_em_movimento_30\                         
                             enem\audio\ENEM-2022-MT-2                         
                             5\options.mp3 to .wav                             
                    INFO     Caching disabled.             cairo_renderer.py:79
[09/12/26 09:03:53] INFO     Animation 13 : Partial    scene_file_writer.py:588
                             movie file written in                             
                             'C:\Users\Windows                                 
                             11\Documents\Instagram\ma                         
                             tematica_em_movimento_30\                         
                             enem\media\videos\11_2022                         
                             _q160_escala_refrigerador                         
                             \1920p30\partial_movie_fi                         
                             les\Resolucao11\uncached_                         
                             00013.mp4'                                        
                    INFO     Caching disabled.             cairo_renderer.py:79
[09/12/26 09:03:58] INFO     Animation 14 : Partial    scene_file_writer.py:588
                             movie file written in                             
                             'C:\Users\Windows                                 
                             11\Documents\Instagram\ma                         
                             tematica_em_movimento_30\                         
                             enem\media\videos\11_2022                         
                             _q160_escala_refrigerador                         
                             \1920p30\partial_movie_fi                         
                             les\Resolucao11\uncached_                         
                             00014.mp4'                                        
                    INFO     Caching disabled.             cairo_renderer.py:79
[09/12/26 09:03:59] INFO     Animation 15 : Partial    scene_file_writer.py:588
                             movie file written in                             
                             'C:\Users\Windows                                 
                             11\Documents\Instagram\ma                         
                             tematica_em_movimento_30\                         
                             enem\media\videos\11_2022                         
                             _q160_escala_refrigerador                         
                             \1920p30\partial_movie_fi                         
                             les\Resolucao11\uncached_                         
                             00015.mp4'                                        
                    INFO     Automatically converted   scene_file_writer.py:377
                             C:\Users\Windows                                  
                             11\Documents\Instagram\ma                         
                             tematica_em_movimento_30\                         
                             enem\audio\ENEM-2022-MT-2                         
                             5\data.mp3 to .wav                                
                    INFO     Caching disabled.             cairo_renderer.py:79
[09/12/26 09:04:02] INFO     Animation 16 : Partial    scene_file_writer.py:588
                             movie file written in                             
                             'C:\Users\Windows                                 
                             11\Documents\Instagram\ma                         
                             tematica_em_movimento_30\                         
                             enem\media\videos\11_2022                         
                             _q160_escala_refrigerador                         
                             \1920p30\partial_movie_fi                         
                             les\Resolucao11\uncached_                         
                             00016.mp4'                                        
                    INFO     Caching disabled.             cairo_renderer.py:79
[09/12/26 09:04:07] INFO     Animation 17 : Partial    scene_file_writer.py:588
                             movie file written in                             
                             'C:\Users\Windows                                 
                             11\Documents\Instagram\ma                         
                             tematica_em_movimento_30\                         
                             enem\media\videos\11_2022                         
                             _q160_escala_refrigerador                         
                             \1920p30\partial_movie_fi                         
                             les\Resolucao11\uncached_                         
                             00017.mp4'                                        
                    INFO     Caching disabled.             cairo_renderer.py:79
                    INFO     Animation 18 : Partial    scene_file_writer.py:588
                             movie file written in                             
                             'C:\Users\Windows                                 
                             11\Documents\Instagram\ma                         
                             tematica_em_movimento_30\                         
                             enem\media\videos\11_2022                         
                             _q160_escala_refrigerador                         
                             \1920p30\partial_movie_fi                         
                             les\Resolucao11\uncached_                         
                             00018.mp4'                                        
[09/12/26 09:04:08] INFO     Automatically converted   scene_file_writer.py:377
                             C:\Users\Windows                                  
                             11\Documents\Instagram\ma                         
                             tematica_em_movimento_30\                         
                             enem\audio\ENEM-2022-MT-2                         
                             5\strategy.mp3 to .wav                            
                    INFO     Caching disabled.             cairo_renderer.py:79
[09/12/26 09:04:12] INFO     Animation 19 : Partial    scene_file_writer.py:588
                             movie file written in                             
                             'C:\Users\Windows                                 
                             11\Documents\Instagram\ma                         
                             tematica_em_movimento_30\                         
                             enem\media\videos\11_2022                         
                             _q160_escala_refrigerador                         
                             \1920p30\partial_movie_fi                         
                             les\Resolucao11\uncached_                         
                             00019.mp4'                                        
                    INFO     Caching disabled.             cairo_renderer.py:79
[09/12/26 09:04:17] INFO     Animation 20 : Partial    scene_file_writer.py:588
                             movie file written in                             
                             'C:\Users\Windows                                 
                             11\Documents\Instagram\ma                         
                             tematica_em_movimento_30\                         
                             enem\media\videos\11_2022                         
                             _q160_escala_refrigerador                         
                             \1920p30\partial_movie_fi                         
                             les\Resolucao11\uncached_                         
                             00020.mp4'                                        
                    INFO     Caching disabled.             cairo_renderer.py:79
[09/12/26 09:04:18] INFO     Animation 21 : Partial    scene_file_writer.py:588
                             movie file written in                             
                             'C:\Users\Windows                                 
                             11\Documents\Instagram\ma                         
                             tematica_em_movimento_30\                         
                             enem\media\videos\11_2022                         
                             _q160_escala_refrigerador                         
                             \1920p30\partial_movie_fi                         
                             les\Resolucao11\uncached_                         
                             00021.mp4'                                        
                    INFO     Automatically converted   scene_file_writer.py:377
                             C:\Users\Windows                                  
                             11\Documents\Instagram\ma                         
                             tematica_em_movimento_30\                         
                             enem\audio\ENEM-2022-MT-2                         
                             5\visual.mp3 to .wav                              
                    INFO     Caching disabled.             cairo_renderer.py:79
[09/12/26 09:04:20] INFO     Animation 22 : Partial    scene_file_writer.py:588
                             movie file written in                             
                             'C:\Users\Windows                                 
                             11\Documents\Instagram\ma                         
                             tematica_em_movimento_30\                         
                             enem\media\videos\11_2022                         
                             _q160_escala_refrigerador                         
                             \1920p30\partial_movie_fi                         
                             les\Resolucao11\uncached_                         
                             00022.mp4'                                        
                    INFO     Caching disabled.             cairo_renderer.py:79
[09/12/26 09:04:21] INFO     Animation 23 : Partial    scene_file_writer.py:588
                             movie file written in                             
                             'C:\Users\Windows                                 
                             11\Documents\Instagram\ma                         
                             tematica_em_movimento_30\                         
                             enem\media\videos\11_2022                         
                             _q160_escala_refrigerador                         
                             \1920p30\partial_movie_fi                         
                             les\Resolucao11\uncached_                         
                             00023.mp4'                                        
                    INFO     Caching disabled.             cairo_renderer.py:79
                    INFO     Animation 24 : Partial    scene_file_writer.py:588
                             movie file written in                             
                             'C:\Users\Windows                                 
                             11\Documents\Instagram\ma                         
                             tematica_em_movimento_30\                         
                             enem\media\videos\11_2022                         
                             _q160_escala_refrigerador                         
                             \1920p30\partial_movie_fi                         
                             les\Resolucao11\uncached_                         
                             00024.mp4'                                        
                    INFO     Caching disabled.             cairo_renderer.py:79
                    INFO     Animation 25 : Partial    scene_file_writer.py:588
                             movie file written in                             
                             'C:\Users\Windows                                 
                             11\Documents\Instagram\ma                         
                             tematica_em_movimento_30\                         
                             enem\media\videos\11_2022                         
                             _q160_escala_refrigerador                         
                             \1920p30\partial_movie_fi                         
                             les\Resolucao11\uncached_                         
                             00025.mp4'                                        
                    INFO     Writing 3{,}8\cdot50=190\  tex_file_writing.py:111
                             \mathrm{cm} to                                    
                             media\Tex\76f6c13ec2cec834                        
                             .tex                                              
latex: security risk: running with elevated privileges
dvisvgm: security risk: running with elevated privileges
[09/12/26 09:04:22] INFO     Automatically converted   scene_file_writer.py:377
                             C:\Users\Windows                                  
                             11\Documents\Instagram\ma                         
                             tematica_em_movimento_30\                         
                             enem\audio\ENEM-2022-MT-2                         
                             5\step_01.mp3 to .wav                             
                    INFO     Caching disabled.             cairo_renderer.py:79
[09/12/26 09:04:24] INFO     Animation 26 : Partial    scene_file_writer.py:588
                             movie file written in                             
                             'C:\Users\Windows                                 
                             11\Documents\Instagram\ma                         
                             tematica_em_movimento_30\                         
                             enem\media\videos\11_2022                         
                             _q160_escala_refrigerador                         
                             \1920p30\partial_movie_fi                         
                             les\Resolucao11\uncached_                         
                             00026.mp4'                                        
                    INFO     Caching disabled.             cairo_renderer.py:79
[09/12/26 09:04:26] INFO     Animation 27 : Partial    scene_file_writer.py:588
                             movie file written in                             
                             'C:\Users\Windows                                 
                             11\Documents\Instagram\ma                         
                             tematica_em_movimento_30\                         
                             enem\media\videos\11_2022                         
                             _q160_escala_refrigerador                         
                             \1920p30\partial_movie_fi                         
                             les\Resolucao11\uncached_                         
                             00027.mp4'                                        
                    INFO     Writing 1{,}6\cdot50=80\   tex_file_writing.py:111
                             \mathrm{cm} to                                    
                             media\Tex\08dcf778d62d5056                        
                             .tex                                              
latex: security risk: running with elevated privileges
dvisvgm: security risk: running with elevated privileges
[09/12/26 09:04:27] INFO     Automatically converted   scene_file_writer.py:377
                             C:\Users\Windows                                  
                             11\Documents\Instagram\ma                         
                             tematica_em_movimento_30\                         
                             enem\audio\ENEM-2022-MT-2                         
                             5\step_02.mp3 to .wav                             
                    INFO     Caching disabled.             cairo_renderer.py:79
[09/12/26 09:04:29] INFO     Animation 28 : Partial    scene_file_writer.py:588
                             movie file written in                             
                             'C:\Users\Windows                                 
                             11\Documents\Instagram\ma                         
                             tematica_em_movimento_30\                         
                             enem\media\videos\11_2022                         
                             _q160_escala_refrigerador                         
                             \1920p30\partial_movie_fi                         
                             les\Resolucao11\uncached_                         
                             00028.mp4'                                        
                    INFO     Caching disabled.             cairo_renderer.py:79
[09/12/26 09:04:30] INFO     Animation 29 : Partial    scene_file_writer.py:588
                             movie file written in                             
                             'C:\Users\Windows                                 
                             11\Documents\Instagram\ma                         
                             tematica_em_movimento_30\                         
                             enem\media\videos\11_2022                         
                             _q160_escala_refrigerador                         
                             \1920p30\partial_movie_fi                         
                             les\Resolucao11\uncached_                         
                             00029.mp4'                                        
                    INFO     Writing                    tex_file_writing.py:111
                             H_{ref}=190-10=180\                               
                             \mathrm{cm}=1{,}80\                               
                             \mathrm m to                                      
                             media\Tex\bd3ddbe727c51223                        
                             .tex                                              
latex: security risk: running with elevated privileges
dvisvgm: security risk: running with elevated privileges
[09/12/26 09:04:31] INFO     Automatically converted   scene_file_writer.py:377
                             C:\Users\Windows                                  
                             11\Documents\Instagram\ma                         
                             tematica_em_movimento_30\                         
                             enem\audio\ENEM-2022-MT-2                         
                             5\step_03.mp3 to .wav                             
                    INFO     Caching disabled.             cairo_renderer.py:79
[09/12/26 09:04:34] INFO     Animation 30 : Partial    scene_file_writer.py:588
                             movie file written in                             
                             'C:\Users\Windows                                 
                             11\Documents\Instagram\ma                         
                             tematica_em_movimento_30\                         
                             enem\media\videos\11_2022                         
                             _q160_escala_refrigerador                         
                             \1920p30\partial_movie_fi                         
                             les\Resolucao11\uncached_                         
                             00030.mp4'                                        
                    INFO     Caching disabled.             cairo_renderer.py:79
[09/12/26 09:04:36] INFO     Animation 31 : Partial    scene_file_writer.py:588
                             movie file written in                             
                             'C:\Users\Windows                                 
                             11\Documents\Instagram\ma                         
                             tematica_em_movimento_30\                         
                             enem\media\videos\11_2022                         
                             _q160_escala_refrigerador                         
                             \1920p30\partial_movie_fi                         
                             les\Resolucao11\uncached_                         
                             00031.mp4'                                        
                    INFO     Writing                    tex_file_writing.py:111
                             L_{ref}=80-2\cdot10=60\                           
                             \mathrm{cm}=0{,}60\                               
                             \mathrm m to                                      
                             media\Tex\93513dd09802b3a7                        
                             .tex                                              
latex: security risk: running with elevated privileges
dvisvgm: security risk: running with elevated privileges
[09/12/26 09:04:37] INFO     Automatically converted   scene_file_writer.py:377
                             C:\Users\Windows                                  
                             11\Documents\Instagram\ma                         
                             tematica_em_movimento_30\                         
                             enem\audio\ENEM-2022-MT-2                         
                             5\step_04.mp3 to .wav                             
                    INFO     Caching disabled.             cairo_renderer.py:79
[09/12/26 09:04:40] INFO     Animation 32 : Partial    scene_file_writer.py:588
                             movie file written in                             
                             'C:\Users\Windows                                 
                             11\Documents\Instagram\ma                         
                             tematica_em_movimento_30\                         
                             enem\media\videos\11_2022                         
                             _q160_escala_refrigerador                         
                             \1920p30\partial_movie_fi                         
                             les\Resolucao11\uncached_                         
                             00032.mp4'                                        
                    INFO     Caching disabled.             cairo_renderer.py:79
[09/12/26 09:04:43] INFO     Animation 33 : Partial    scene_file_writer.py:588
                             movie file written in                             
                             'C:\Users\Windows                                 
                             11\Documents\Instagram\ma                         
                             tematica_em_movimento_30\                         
                             enem\media\videos\11_2022                         
                             _q160_escala_refrigerador                         
                             \1920p30\partial_movie_fi                         
                             les\Resolucao11\uncached_                         
                             00033.mp4'                                        
                    INFO     Automatically converted   scene_file_writer.py:377
                             C:\Users\Windows                                  
                             11\Documents\Instagram\ma                         
                             tematica_em_movimento_30\                         
                             enem\audio\ENEM-2022-MT-2                         
                             5\answer.mp3 to .wav                              
                    INFO     Caching disabled.             cairo_renderer.py:79
[09/12/26 09:04:45] INFO     Animation 34 : Partial    scene_file_writer.py:588
                             movie file written in                             
                             'C:\Users\Windows                                 
                             11\Documents\Instagram\ma                         
                             tematica_em_movimento_30\                         
                             enem\media\videos\11_2022                         
                             _q160_escala_refrigerador                         
                             \1920p30\partial_movie_fi                         
                             les\Resolucao11\uncached_                         
                             00034.mp4'                                        
                    INFO     Caching disabled.             cairo_renderer.py:79
[09/12/26 09:04:46] INFO     Animation 35 : Partial    scene_file_writer.py:588
                             movie file written in                             
                             'C:\Users\Windows                                 
                             11\Documents\Instagram\ma                         
                             tematica_em_movimento_30\                         
                             enem\media\videos\11_2022                         
                             _q160_escala_refrigerador                         
                             \1920p30\partial_movie_fi                         
                             les\Resolucao11\uncached_                         
                             00035.mp4'                                        
                    INFO     Combining to Movie file.  scene_file_writer.py:739
[09/12/26 09:04:50] WARNING  Some options were not     scene_file_writer.py:801
                             used: {'shortest': '1',                           
                             'metadata':                                       
                             'comment=Rendered with                            
                             Manim Community v0.19.0'}                         
                    INFO                               scene_file_writer.py:886
                             File ready at                                     
                             'C:\Users\Windows                                 
                             11\Documents\Instagram\ma                         
                             tematica_em_movimento_30\                         
                             enem\media\videos\11_2022                         
                             _q160_escala_refrigerador                         
                             \1920p30\Resolucao11.mp4'                         
                                                                               
                    INFO     Rendered Resolucao11                  scene.py:255
                             Played 36 animations                              
You are using manim version v0.19.0, but version v0.21.0 is available.
You should consider upgrading via pip install -U manim
