Manim Community v0.19.0

[09/12/26 09:04:52] INFO     Automatically converted   scene_file_writer.py:377
                             C:\Users\Windows                                  
                             11\Documents\Instagram\ma                         
                             tematica_em_movimento_30\                         
                             enem\audio\ENEM-2022-MT-3                         
                             2\source.mp3 to .wav                              
                    INFO     Caching disabled.             cairo_renderer.py:79
[09/12/26 09:04:54] INFO     Animation 0 : Partial     scene_file_writer.py:588
                             movie file written in                             
                             'C:\Users\Windows                                 
                             11\Documents\Instagram\ma                         
                             tematica_em_movimento_30\                         
                             enem\media\videos\12_2022                         
                             _q167_area_piscina\1920p3                         
                             0\partial_movie_files\Res                         
                             olucao12\uncached_00000.m                         
                             p4'                                               
                    INFO     Caching disabled.             cairo_renderer.py:79
[09/12/26 09:04:56] INFO     Animation 1 : Partial     scene_file_writer.py:588
                             movie file written in                             
                             'C:\Users\Windows                                 
                             11\Documents\Instagram\ma                         
                             tematica_em_movimento_30\                         
                             enem\media\videos\12_2022                         
                             _q167_area_piscina\1920p3                         
                             0\partial_movie_files\Res                         
                             olucao12\uncached_00001.m                         
                             p4'                                               
                    INFO     Caching disabled.             cairo_renderer.py:79
                    INFO     Animation 2 : Partial     scene_file_writer.py:588
                             movie file written in                             
                             'C:\Users\Windows                                 
                             11\Documents\Instagram\ma                         
                             tematica_em_movimento_30\                         
                             enem\media\videos\12_2022                         
                             _q167_area_piscina\1920p3                         
                             0\partial_movie_files\Res                         
                             olucao12\uncached_00002.m                         
                             p4'                                               
[09/12/26 09:04:57] INFO     Automatically converted   scene_file_writer.py:377
                             C:\Users\Windows                                  
                             11\Documents\Instagram\ma                         
                             tematica_em_movimento_30\                         
                             enem\audio\ENEM-2022-MT-3                         
                             2\statement_01.mp3 to                             
                             .wav                                              
                    INFO     Caching disabled.             cairo_renderer.py:79
[09/12/26 09:05:03] INFO     Animation 3 : Partial     scene_file_writer.py:588
                             movie file written in                             
                             'C:\Users\Windows                                 
                             11\Documents\Instagram\ma                         
                             tematica_em_movimento_30\                         
                             enem\media\videos\12_2022                         
                             _q167_area_piscina\1920p3                         
                             0\partial_movie_files\Res                         
                             olucao12\uncached_00003.m                         
                             p4'                                               
                    INFO     Caching disabled.             cairo_renderer.py:79
[09/12/26 09:05:08] INFO     Animation 4 : Partial     scene_file_writer.py:588
                             movie file written in                             
                             'C:\Users\Windows                                 
                             11\Documents\Instagram\ma                         
                             tematica_em_movimento_30\                         
                             enem\media\videos\12_2022                         
                             _q167_area_piscina\1920p3                         
                             0\partial_movie_files\Res                         
                             olucao12\uncached_00004.m                         
                             p4'                                               
                    INFO     Caching disabled.             cairo_renderer.py:79
[09/12/26 09:05:09] INFO     Animation 5 : Partial     scene_file_writer.py:588
                             movie file written in                             
                             'C:\Users\Windows                                 
                             11\Documents\Instagram\ma                         
                             tematica_em_movimento_30\                         
                             enem\media\videos\12_2022                         
                             _q167_area_piscina\1920p3                         
                             0\partial_movie_files\Res                         
                             olucao12\uncached_00005.m                         
                             p4'                                               
[09/12/26 09:05:10] INFO     Automatically converted   scene_file_writer.py:377
                             C:\Users\Windows                                  
                             11\Documents\Instagram\ma                         
                             tematica_em_movimento_30\                         
                             enem\audio\ENEM-2022-MT-3                         
                             2\statement_02.mp3 to                             
                             .wav                                              
                    INFO     Caching disabled.             cairo_renderer.py:79
[09/12/26 09:05:14] INFO     Animation 6 : Partial     scene_file_writer.py:588
                             movie file written in                             
                             'C:\Users\Windows                                 
                             11\Documents\Instagram\ma                         
                             tematica_em_movimento_30\                         
                             enem\media\videos\12_2022                         
                             _q167_area_piscina\1920p3                         
                             0\partial_movie_files\Res                         
                             olucao12\uncached_00006.m                         
                             p4'                                               
                    INFO     Caching disabled.             cairo_renderer.py:79
[09/12/26 09:05:16] INFO     Animation 7 : Partial     scene_file_writer.py:588
                             movie file written in                             
                             'C:\Users\Windows                                 
                             11\Documents\Instagram\ma                         
                             tematica_em_movimento_30\                         
                             enem\media\videos\12_2022                         
                             _q167_area_piscina\1920p3                         
                             0\partial_movie_files\Res                         
                             olucao12\uncached_00007.m                         
                             p4'                                               
                    INFO     Caching disabled.             cairo_renderer.py:79
[09/12/26 09:05:17] INFO     Animation 8 : Partial     scene_file_writer.py:588
                             movie file written in                             
                             'C:\Users\Windows                                 
                             11\Documents\Instagram\ma                         
                             tematica_em_movimento_30\                         
                             enem\media\videos\12_2022                         
                             _q167_area_piscina\1920p3                         
                             0\partial_movie_files\Res                         
                             olucao12\uncached_00008.m                         
                             p4'                                               
                    INFO     Automatically converted   scene_file_writer.py:377
                             C:\Users\Windows                                  
                             11\Documents\Instagram\ma                         
                             tematica_em_movimento_30\                         
                             enem\audio\ENEM-2022-MT-3                         
                             2\statement_03.mp3 to                             
                             .wav                                              
                    INFO     Caching disabled.             cairo_renderer.py:79
[09/12/26 09:05:24] INFO     Animation 9 : Partial     scene_file_writer.py:588
                             movie file written in                             
                             'C:\Users\Windows                                 
                             11\Documents\Instagram\ma                         
                             tematica_em_movimento_30\                         
                             enem\media\videos\12_2022                         
                             _q167_area_piscina\1920p3                         
                             0\partial_movie_files\Res                         
                             olucao12\uncached_00009.m                         
                             p4'                                               
                    INFO     Caching disabled.             cairo_renderer.py:79
[09/12/26 09:05:39] INFO     Animation 10 : Partial    scene_file_writer.py:588
                             movie file written in                             
                             'C:\Users\Windows                                 
                             11\Documents\Instagram\ma                         
                             tematica_em_movimento_30\                         
                             enem\media\videos\12_2022                         
                             _q167_area_piscina\1920p3                         
                             0\partial_movie_files\Res                         
                             olucao12\uncached_00010.m                         
                             p4'                                               
                    INFO     Caching disabled.             cairo_renderer.py:79
[09/12/26 09:05:40] INFO     Animation 11 : Partial    scene_file_writer.py:588
                             movie file written in                             
                             'C:\Users\Windows                                 
                             11\Documents\Instagram\ma                         
                             tematica_em_movimento_30\                         
                             enem\media\videos\12_2022                         
                             _q167_area_piscina\1920p3                         
                             0\partial_movie_files\Res                         
                             olucao12\uncached_00011.m                         
                             p4'                                               
                    INFO     Caching disabled.             cairo_renderer.py:79
                    INFO     Animation 12 : Partial    scene_file_writer.py:588
                             movie file written in                             
                             'C:\Users\Windows                                 
                             11\Documents\Instagram\ma                         
                             tematica_em_movimento_30\                         
                             enem\media\videos\12_2022                         
                             _q167_area_piscina\1920p3                         
                             0\partial_movie_files\Res                         
                             olucao12\uncached_00012.m                         
                             p4'                                               
                    INFO     Automatically converted   scene_file_writer.py:377
                             C:\Users\Windows                                  
                             11\Documents\Instagram\ma                         
                             tematica_em_movimento_30\                         
                             enem\audio\ENEM-2022-MT-3                         
                             2\options.mp3 to .wav                             
                    INFO     Caching disabled.             cairo_renderer.py:79
[09/12/26 09:05:42] INFO     Animation 13 : Partial    scene_file_writer.py:588
                             movie file written in                             
                             'C:\Users\Windows                                 
                             11\Documents\Instagram\ma                         
                             tematica_em_movimento_30\                         
                             enem\media\videos\12_2022                         
                             _q167_area_piscina\1920p3                         
                             0\partial_movie_files\Res                         
                             olucao12\uncached_00013.m                         
                             p4'                                               
                    INFO     Caching disabled.             cairo_renderer.py:79
[09/12/26 09:05:44] INFO     Animation 14 : Partial    scene_file_writer.py:588
                             movie file written in                             
                             'C:\Users\Windows                                 
                             11\Documents\Instagram\ma                         
                             tematica_em_movimento_30\                         
                             enem\media\videos\12_2022                         
                             _q167_area_piscina\1920p3                         
                             0\partial_movie_files\Res                         
                             olucao12\uncached_00014.m                         
                             p4'                                               
                    INFO     Caching disabled.             cairo_renderer.py:79
[09/12/26 09:05:45] INFO     Animation 15 : Partial    scene_file_writer.py:588
                             movie file written in                             
                             'C:\Users\Windows                                 
                             11\Documents\Instagram\ma                         
                             tematica_em_movimento_30\                         
                             enem\media\videos\12_2022                         
                             _q167_area_piscina\1920p3                         
                             0\partial_movie_files\Res                         
                             olucao12\uncached_00015.m                         
                             p4'                                               
                    INFO     Automatically converted   scene_file_writer.py:377
                             C:\Users\Windows                                  
                             11\Documents\Instagram\ma                         
                             tematica_em_movimento_30\                         
                             enem\audio\ENEM-2022-MT-3                         
                             2\data.mp3 to .wav                                
                    INFO     Caching disabled.             cairo_renderer.py:79
[09/12/26 09:05:48] INFO     Animation 16 : Partial    scene_file_writer.py:588
                             movie file written in                             
                             'C:\Users\Windows                                 
                             11\Documents\Instagram\ma                         
                             tematica_em_movimento_30\                         
                             enem\media\videos\12_2022                         
                             _q167_area_piscina\1920p3                         
                             0\partial_movie_files\Res                         
                             olucao12\uncached_00016.m                         
                             p4'                                               
                    INFO     Caching disabled.             cairo_renderer.py:79
[09/12/26 09:05:53] INFO     Animation 17 : Partial    scene_file_writer.py:588
                             movie file written in                             
                             'C:\Users\Windows                                 
                             11\Documents\Instagram\ma                         
                             tematica_em_movimento_30\                         
                             enem\media\videos\12_2022                         
                             _q167_area_piscina\1920p3                         
                             0\partial_movie_files\Res                         
                             olucao12\uncached_00017.m                         
                             p4'                                               
                    INFO     Caching disabled.             cairo_renderer.py:79
                    INFO     Animation 18 : Partial    scene_file_writer.py:588
                             movie file written in                             
                             'C:\Users\Windows                                 
                             11\Documents\Instagram\ma                         
                             tematica_em_movimento_30\                         
                             enem\media\videos\12_2022                         
                             _q167_area_piscina\1920p3                         
                             0\partial_movie_files\Res                         
                             olucao12\uncached_00018.m                         
                             p4'                                               
[09/12/26 09:05:54] INFO     Automatically converted   scene_file_writer.py:377
                             C:\Users\Windows                                  
                             11\Documents\Instagram\ma                         
                             tematica_em_movimento_30\                         
                             enem\audio\ENEM-2022-MT-3                         
                             2\strategy.mp3 to .wav                            
                    INFO     Caching disabled.             cairo_renderer.py:79
[09/12/26 09:05:57] INFO     Animation 19 : Partial    scene_file_writer.py:588
                             movie file written in                             
                             'C:\Users\Windows                                 
                             11\Documents\Instagram\ma                         
                             tematica_em_movimento_30\                         
                             enem\media\videos\12_2022                         
                             _q167_area_piscina\1920p3                         
                             0\partial_movie_files\Res                         
                             olucao12\uncached_00019.m                         
                             p4'                                               
                    INFO     Caching disabled.             cairo_renderer.py:79
[09/12/26 09:06:03] INFO     Animation 20 : Partial    scene_file_writer.py:588
                             movie file written in                             
                             'C:\Users\Windows                                 
                             11\Documents\Instagram\ma                         
                             tematica_em_movimento_30\                         
                             enem\media\videos\12_2022                         
                             _q167_area_piscina\1920p3                         
                             0\partial_movie_files\Res                         
                             olucao12\uncached_00020.m                         
                             p4'                                               
                    INFO     Caching disabled.             cairo_renderer.py:79
                    INFO     Animation 21 : Partial    scene_file_writer.py:588
                             movie file written in                             
                             'C:\Users\Windows                                 
                             11\Documents\Instagram\ma                         
                             tematica_em_movimento_30\                         
                             enem\media\videos\12_2022                         
                             _q167_area_piscina\1920p3                         
                             0\partial_movie_files\Res                         
                             olucao12\uncached_00021.m                         
                             p4'                                               
                    INFO     Automatically converted   scene_file_writer.py:377
                             C:\Users\Windows                                  
                             11\Documents\Instagram\ma                         
                             tematica_em_movimento_30\                         
                             enem\audio\ENEM-2022-MT-3                         
                             2\visual.mp3 to .wav                              
                    INFO     Caching disabled.             cairo_renderer.py:79
[09/12/26 09:06:05] INFO     Animation 22 : Partial    scene_file_writer.py:588
                             movie file written in                             
                             'C:\Users\Windows                                 
                             11\Documents\Instagram\ma                         
                             tematica_em_movimento_30\                         
                             enem\media\videos\12_2022                         
                             _q167_area_piscina\1920p3                         
                             0\partial_movie_files\Res                         
                             olucao12\uncached_00022.m                         
                             p4'                                               
                    INFO     Caching disabled.             cairo_renderer.py:79
[09/12/26 09:06:06] INFO     Animation 23 : Partial    scene_file_writer.py:588
                             movie file written in                             
                             'C:\Users\Windows                                 
                             11\Documents\Instagram\ma                         
                             tematica_em_movimento_30\                         
                             enem\media\videos\12_2022                         
                             _q167_area_piscina\1920p3                         
                             0\partial_movie_files\Res                         
                             olucao12\uncached_00023.m                         
                             p4'                                               
                    INFO     Caching disabled.             cairo_renderer.py:79
                    INFO     Animation 24 : Partial    scene_file_writer.py:588
                             movie file written in                             
                             'C:\Users\Windows                                 
                             11\Documents\Instagram\ma                         
                             tematica_em_movimento_30\                         
                             enem\media\videos\12_2022                         
                             _q167_area_piscina\1920p3                         
                             0\partial_movie_files\Res                         
                             olucao12\uncached_00024.m                         
                             p4'                                               
                    INFO     Caching disabled.             cairo_renderer.py:79
[09/12/26 09:06:07] INFO     Animation 25 : Partial    scene_file_writer.py:588
                             movie file written in                             
                             'C:\Users\Windows                                 
                             11\Documents\Instagram\ma                         
                             tematica_em_movimento_30\                         
                             enem\media\videos\12_2022                         
                             _q167_area_piscina\1920p3                         
                             0\partial_movie_files\Res                         
                             olucao12\uncached_00025.m                         
                             p4'                                               
                    INFO     Writing                    tex_file_writing.py:111
                             A=LW+2hL+2hW=LW+2h(L+W) to                        
                             media\Tex\99605c8b4eae1df0                        
                             .tex                                              
latex: security risk: running with elevated privileges
dvisvgm: security risk: running with elevated privileges
                    INFO     Automatically converted   scene_file_writer.py:377
                             C:\Users\Windows                                  
                             11\Documents\Instagram\ma                         
                             tematica_em_movimento_30\                         
                             enem\audio\ENEM-2022-MT-3                         
                             2\step_01.mp3 to .wav                             
                    INFO     Caching disabled.             cairo_renderer.py:79
[09/12/26 09:06:10] INFO     Animation 26 : Partial    scene_file_writer.py:588
                             movie file written in                             
                             'C:\Users\Windows                                 
                             11\Documents\Instagram\ma                         
                             tematica_em_movimento_30\                         
                             enem\media\videos\12_2022                         
                             _q167_area_piscina\1920p3                         
                             0\partial_movie_files\Res                         
                             olucao12\uncached_00026.m                         
                             p4'                                               
                    INFO     Caching disabled.             cairo_renderer.py:79
[09/12/26 09:06:12] INFO     Animation 27 : Partial    scene_file_writer.py:588
                             movie file written in                             
                             'C:\Users\Windows                                 
                             11\Documents\Instagram\ma                         
                             tematica_em_movimento_30\                         
                             enem\media\videos\12_2022                         
                             _q167_area_piscina\1920p3                         
                             0\partial_movie_files\Res                         
                             olucao12\uncached_00027.m                         
                             p4'                                               
                    INFO     Writing                    tex_file_writing.py:111
                             A_I=50+3{,}6(27)=147{,}2                          
                             to                                                
                             media\Tex\62bb7f376bdab440                        
                             .tex                                              
latex: security risk: running with elevated privileges
dvisvgm: security risk: running with elevated privileges
[09/12/26 09:06:13] INFO     Automatically converted   scene_file_writer.py:377
                             C:\Users\Windows                                  
                             11\Documents\Instagram\ma                         
                             tematica_em_movimento_30\                         
                             enem\audio\ENEM-2022-MT-3                         
                             2\step_02.mp3 to .wav                             
                    INFO     Caching disabled.             cairo_renderer.py:79
[09/12/26 09:06:15] INFO     Animation 28 : Partial    scene_file_writer.py:588
                             movie file written in                             
                             'C:\Users\Windows                                 
                             11\Documents\Instagram\ma                         
                             tematica_em_movimento_30\                         
                             enem\media\videos\12_2022                         
                             _q167_area_piscina\1920p3                         
                             0\partial_movie_files\Res                         
                             olucao12\uncached_00028.m                         
                             p4'                                               
                    INFO     Caching disabled.             cairo_renderer.py:79
[09/12/26 09:06:19] INFO     Animation 29 : Partial    scene_file_writer.py:588
                             movie file written in                             
                             'C:\Users\Windows                                 
                             11\Documents\Instagram\ma                         
                             tematica_em_movimento_30\                         
                             enem\media\videos\12_2022                         
                             _q167_area_piscina\1920p3                         
                             0\partial_movie_files\Res                         
                             olucao12\uncached_00029.m                         
                             p4'                                               
                    INFO     Writing                    tex_file_writing.py:111
                             A_{II}=45+4(14)=101 to                            
                             media\Tex\2d8a57b43d20e158                        
                             .tex                                              
latex: security risk: running with elevated privileges
dvisvgm: security risk: running with elevated privileges
[09/12/26 09:06:20] INFO     Automatically converted   scene_file_writer.py:377
                             C:\Users\Windows                                  
                             11\Documents\Instagram\ma                         
                             tematica_em_movimento_30\                         
                             enem\audio\ENEM-2022-MT-3                         
                             2\step_03.mp3 to .wav                             
                    INFO     Caching disabled.             cairo_renderer.py:79
[09/12/26 09:06:22] INFO     Animation 30 : Partial    scene_file_writer.py:588
                             movie file written in                             
                             'C:\Users\Windows                                 
                             11\Documents\Instagram\ma                         
                             tematica_em_movimento_30\                         
                             enem\media\videos\12_2022                         
                             _q167_area_piscina\1920p3                         
                             0\partial_movie_files\Res                         
                             olucao12\uncached_00030.m                         
                             p4'                                               
                    INFO     Caching disabled.             cairo_renderer.py:79
[09/12/26 09:06:24] INFO     Animation 31 : Partial    scene_file_writer.py:588
                             movie file written in                             
                             'C:\Users\Windows                                 
                             11\Documents\Instagram\ma                         
                             tematica_em_movimento_30\                         
                             enem\media\videos\12_2022                         
                             _q167_area_piscina\1920p3                         
                             0\partial_movie_files\Res                         
                             olucao12\uncached_00031.m                         
                             p4'                                               
                    INFO     Writing                    tex_file_writing.py:111
                             A_{III}=90+2(21)=132 to                           
                             media\Tex\0e01354cfb3c18c1                        
                             .tex                                              
latex: security risk: running with elevated privileges
dvisvgm: security risk: running with elevated privileges
[09/12/26 09:06:25] INFO     Automatically converted   scene_file_writer.py:377
                             C:\Users\Windows                                  
                             11\Documents\Instagram\ma                         
                             tematica_em_movimento_30\                         
                             enem\audio\ENEM-2022-MT-3                         
                             2\step_04.mp3 to .wav                             
                    INFO     Caching disabled.             cairo_renderer.py:79
[09/12/26 09:06:27] INFO     Animation 32 : Partial    scene_file_writer.py:588
                             movie file written in                             
                             'C:\Users\Windows                                 
                             11\Documents\Instagram\ma                         
                             tematica_em_movimento_30\                         
                             enem\media\videos\12_2022                         
                             _q167_area_piscina\1920p3                         
                             0\partial_movie_files\Res                         
                             olucao12\uncached_00032.m                         
                             p4'                                               
                    INFO     Caching disabled.             cairo_renderer.py:79
[09/12/26 09:06:30] INFO     Animation 33 : Partial    scene_file_writer.py:588
                             movie file written in                             
                             'C:\Users\Windows                                 
                             11\Documents\Instagram\ma                         
                             tematica_em_movimento_30\                         
                             enem\media\videos\12_2022                         
                             _q167_area_piscina\1920p3                         
                             0\partial_movie_files\Res                         
                             olucao12\uncached_00033.m                         
                             p4'                                               
                    INFO     Writing                    tex_file_writing.py:111
                             A_{IV}=60+3(19)=117 to                            
                             media\Tex\4d5c5c42cc094d72                        
                             .tex                                              
latex: security risk: running with elevated privileges
dvisvgm: security risk: running with elevated privileges
[09/12/26 09:06:31] INFO     Automatically converted   scene_file_writer.py:377
                             C:\Users\Windows                                  
                             11\Documents\Instagram\ma                         
                             tematica_em_movimento_30\                         
                             enem\audio\ENEM-2022-MT-3                         
                             2\step_05.mp3 to .wav                             
                    INFO     Caching disabled.             cairo_renderer.py:79
[09/12/26 09:06:33] INFO     Animation 34 : Partial    scene_file_writer.py:588
                             movie file written in                             
                             'C:\Users\Windows                                 
                             11\Documents\Instagram\ma                         
                             tematica_em_movimento_30\                         
                             enem\media\videos\12_2022                         
                             _q167_area_piscina\1920p3                         
                             0\partial_movie_files\Res                         
                             olucao12\uncached_00034.m                         
                             p4'                                               
                    INFO     Caching disabled.             cairo_renderer.py:79
[09/12/26 09:06:36] INFO     Animation 35 : Partial    scene_file_writer.py:588
                             movie file written in                             
                             'C:\Users\Windows                                 
                             11\Documents\Instagram\ma                         
                             tematica_em_movimento_30\                         
                             enem\media\videos\12_2022                         
                             _q167_area_piscina\1920p3                         
                             0\partial_movie_files\Res                         
                             olucao12\uncached_00035.m                         
                             p4'                                               
                    INFO     Writing A_V=36+5(15)=111   tex_file_writing.py:111
                             to                                                
                             media\Tex\2ffda9ec30c03c9f                        
                             .tex                                              
latex: security risk: running with elevated privileges
dvisvgm: security risk: running with elevated privileges
[09/12/26 09:06:37] INFO     Automatically converted   scene_file_writer.py:377
                             C:\Users\Windows                                  
                             11\Documents\Instagram\ma                         
                             tematica_em_movimento_30\                         
                             enem\audio\ENEM-2022-MT-3                         
                             2\step_06.mp3 to .wav                             
                    INFO     Caching disabled.             cairo_renderer.py:79
[09/12/26 09:06:39] INFO     Animation 36 : Partial    scene_file_writer.py:588
                             movie file written in                             
                             'C:\Users\Windows                                 
                             11\Documents\Instagram\ma                         
                             tematica_em_movimento_30\                         
                             enem\media\videos\12_2022                         
                             _q167_area_piscina\1920p3                         
                             0\partial_movie_files\Res                         
                             olucao12\uncached_00036.m                         
                             p4'                                               
                    INFO     Caching disabled.             cairo_renderer.py:79
[09/12/26 09:06:41] INFO     Animation 37 : Partial    scene_file_writer.py:588
                             movie file written in                             
                             'C:\Users\Windows                                 
                             11\Documents\Instagram\ma                         
                             tematica_em_movimento_30\                         
                             enem\media\videos\12_2022                         
                             _q167_area_piscina\1920p3                         
                             0\partial_movie_files\Res                         
                             olucao12\uncached_00037.m                         
                             p4'                                               
                    INFO     Writing                    tex_file_writing.py:111
                             101<111<117<132<147{,}2\qu                        
                             ad\Rightarrow II to                               
                             media\Tex\4d6c15062bc915a1                        
                             .tex                                              
latex: security risk: running with elevated privileges
dvisvgm: security risk: running with elevated privileges
[09/12/26 09:06:42] INFO     Automatically converted   scene_file_writer.py:377
                             C:\Users\Windows                                  
                             11\Documents\Instagram\ma                         
                             tematica_em_movimento_30\                         
                             enem\audio\ENEM-2022-MT-3                         
                             2\step_07.mp3 to .wav                             
                    INFO     Caching disabled.             cairo_renderer.py:79
[09/12/26 09:06:45] INFO     Animation 38 : Partial    scene_file_writer.py:588
                             movie file written in                             
                             'C:\Users\Windows                                 
                             11\Documents\Instagram\ma                         
                             tematica_em_movimento_30\                         
                             enem\media\videos\12_2022                         
                             _q167_area_piscina\1920p3                         
                             0\partial_movie_files\Res                         
                             olucao12\uncached_00038.m                         
                             p4'                                               
                    INFO     Caching disabled.             cairo_renderer.py:79
[09/12/26 09:06:48] INFO     Animation 39 : Partial    scene_file_writer.py:588
                             movie file written in                             
                             'C:\Users\Windows                                 
                             11\Documents\Instagram\ma                         
                             tematica_em_movimento_30\                         
                             enem\media\videos\12_2022                         
                             _q167_area_piscina\1920p3                         
                             0\partial_movie_files\Res                         
                             olucao12\uncached_00039.m                         
                             p4'                                               
                    INFO     Automatically converted   scene_file_writer.py:377
                             C:\Users\Windows                                  
                             11\Documents\Instagram\ma                         
                             tematica_em_movimento_30\                         
                             enem\audio\ENEM-2022-MT-3                         
                             2\answer.mp3 to .wav                              
                    INFO     Caching disabled.             cairo_renderer.py:79
[09/12/26 09:06:50] INFO     Animation 40 : Partial    scene_file_writer.py:588
                             movie file written in                             
                             'C:\Users\Windows                                 
                             11\Documents\Instagram\ma                         
                             tematica_em_movimento_30\                         
                             enem\media\videos\12_2022                         
                             _q167_area_piscina\1920p3                         
                             0\partial_movie_files\Res                         
                             olucao12\uncached_00040.m                         
                             p4'                                               
                    INFO     Caching disabled.             cairo_renderer.py:79
[09/12/26 09:06:51] INFO     Animation 41 : Partial    scene_file_writer.py:588
                             movie file written in                             
                             'C:\Users\Windows                                 
                             11\Documents\Instagram\ma                         
                             tematica_em_movimento_30\                         
                             enem\media\videos\12_2022                         
                             _q167_area_piscina\1920p3                         
                             0\partial_movie_files\Res                         
                             olucao12\uncached_00041.m                         
                             p4'                                               
                    INFO     Combining to Movie file.  scene_file_writer.py:739
[09/12/26 09:06:56] WARNING  Some options were not     scene_file_writer.py:801
                             used: {'shortest': '1',                           
                             'metadata':                                       
                             'comment=Rendered with                            
                             Manim Community v0.19.0'}                         
                    INFO                               scene_file_writer.py:886
                             File ready at                                     
                             'C:\Users\Windows                                 
                             11\Documents\Instagram\ma                         
                             tematica_em_movimento_30\                         
                             enem\media\videos\12_2022                         
                             _q167_area_piscina\1920p3                         
                             0\Resolucao12.mp4'                                
                                                                               
                    INFO     Rendered Resolucao12                  scene.py:255
                             Played 42 animations                              
You are using manim version v0.19.0, but version v0.21.0 is available.
You should consider upgrading via pip install -U manim
