Manim Community v0.19.0

[09/12/26 09:06:59] INFO     Automatically converted   scene_file_writer.py:377
                             C:\Users\Windows                                  
                             11\Documents\Instagram\ma                         
                             tematica_em_movimento_30\                         
                             enem\audio\ENEM-2022-MT-3                         
                             4\source.mp3 to .wav                              
                    INFO     Caching disabled.             cairo_renderer.py:79
[09/12/26 09:07:01] INFO     Animation 0 : Partial     scene_file_writer.py:588
                             movie file written in                             
                             'C:\Users\Windows                                 
                             11\Documents\Instagram\ma                         
                             tematica_em_movimento_30\                         
                             enem\media\videos\13_2022                         
                             _q169_cilindro_em_esferas                         
                             \1920p30\partial_movie_fi                         
                             les\Resolucao13\uncached_                         
                             00000.mp4'                                        
                    INFO     Caching disabled.             cairo_renderer.py:79
[09/12/26 09:07:03] INFO     Animation 1 : Partial     scene_file_writer.py:588
                             movie file written in                             
                             'C:\Users\Windows                                 
                             11\Documents\Instagram\ma                         
                             tematica_em_movimento_30\                         
                             enem\media\videos\13_2022                         
                             _q169_cilindro_em_esferas                         
                             \1920p30\partial_movie_fi                         
                             les\Resolucao13\uncached_                         
                             00001.mp4'                                        
                    INFO     Caching disabled.             cairo_renderer.py:79
                    INFO     Animation 2 : Partial     scene_file_writer.py:588
                             movie file written in                             
                             'C:\Users\Windows                                 
                             11\Documents\Instagram\ma                         
                             tematica_em_movimento_30\                         
                             enem\media\videos\13_2022                         
                             _q169_cilindro_em_esferas                         
                             \1920p30\partial_movie_fi                         
                             les\Resolucao13\uncached_                         
                             00002.mp4'                                        
[09/12/26 09:07:04] INFO     Automatically converted   scene_file_writer.py:377
                             C:\Users\Windows                                  
                             11\Documents\Instagram\ma                         
                             tematica_em_movimento_30\                         
                             enem\audio\ENEM-2022-MT-3                         
                             4\statement_01.mp3 to                             
                             .wav                                              
                    INFO     Caching disabled.             cairo_renderer.py:79
[09/12/26 09:07:11] INFO     Animation 3 : Partial     scene_file_writer.py:588
                             movie file written in                             
                             'C:\Users\Windows                                 
                             11\Documents\Instagram\ma                         
                             tematica_em_movimento_30\                         
                             enem\media\videos\13_2022                         
                             _q169_cilindro_em_esferas                         
                             \1920p30\partial_movie_fi                         
                             les\Resolucao13\uncached_                         
                             00003.mp4'                                        
                    INFO     Caching disabled.             cairo_renderer.py:79
[09/12/26 09:07:19] INFO     Animation 4 : Partial     scene_file_writer.py:588
                             movie file written in                             
                             'C:\Users\Windows                                 
                             11\Documents\Instagram\ma                         
                             tematica_em_movimento_30\                         
                             enem\media\videos\13_2022                         
                             _q169_cilindro_em_esferas                         
                             \1920p30\partial_movie_fi                         
                             les\Resolucao13\uncached_                         
                             00004.mp4'                                        
                    INFO     Caching disabled.             cairo_renderer.py:79
[09/12/26 09:07:20] INFO     Animation 5 : Partial     scene_file_writer.py:588
                             movie file written in                             
                             'C:\Users\Windows                                 
                             11\Documents\Instagram\ma                         
                             tematica_em_movimento_30\                         
                             enem\media\videos\13_2022                         
                             _q169_cilindro_em_esferas                         
                             \1920p30\partial_movie_fi                         
                             les\Resolucao13\uncached_                         
                             00005.mp4'                                        
                    INFO     Automatically converted   scene_file_writer.py:377
                             C:\Users\Windows                                  
                             11\Documents\Instagram\ma                         
                             tematica_em_movimento_30\                         
                             enem\audio\ENEM-2022-MT-3                         
                             4\statement_02.mp3 to                             
                             .wav                                              
[09/12/26 09:07:21] INFO     Caching disabled.             cairo_renderer.py:79
[09/12/26 09:07:26] INFO     Animation 6 : Partial     scene_file_writer.py:588
                             movie file written in                             
                             'C:\Users\Windows                                 
                             11\Documents\Instagram\ma                         
                             tematica_em_movimento_30\                         
                             enem\media\videos\13_2022                         
                             _q169_cilindro_em_esferas                         
                             \1920p30\partial_movie_fi                         
                             les\Resolucao13\uncached_                         
                             00006.mp4'                                        
                    INFO     Caching disabled.             cairo_renderer.py:79
[09/12/26 09:07:30] INFO     Animation 7 : Partial     scene_file_writer.py:588
                             movie file written in                             
                             'C:\Users\Windows                                 
                             11\Documents\Instagram\ma                         
                             tematica_em_movimento_30\                         
                             enem\media\videos\13_2022                         
                             _q169_cilindro_em_esferas                         
                             \1920p30\partial_movie_fi                         
                             les\Resolucao13\uncached_                         
                             00007.mp4'                                        
                    INFO     Caching disabled.             cairo_renderer.py:79
[09/12/26 09:07:31] INFO     Animation 8 : Partial     scene_file_writer.py:588
                             movie file written in                             
                             'C:\Users\Windows                                 
                             11\Documents\Instagram\ma                         
                             tematica_em_movimento_30\                         
                             enem\media\videos\13_2022                         
                             _q169_cilindro_em_esferas                         
                             \1920p30\partial_movie_fi                         
                             les\Resolucao13\uncached_                         
                             00008.mp4'                                        
                    INFO     Caching disabled.             cairo_renderer.py:79
[09/12/26 09:07:32] INFO     Animation 9 : Partial     scene_file_writer.py:588
                             movie file written in                             
                             'C:\Users\Windows                                 
                             11\Documents\Instagram\ma                         
                             tematica_em_movimento_30\                         
                             enem\media\videos\13_2022                         
                             _q169_cilindro_em_esferas                         
                             \1920p30\partial_movie_fi                         
                             les\Resolucao13\uncached_                         
                             00009.mp4'                                        
                    INFO     Automatically converted   scene_file_writer.py:377
                             C:\Users\Windows                                  
                             11\Documents\Instagram\ma                         
                             tematica_em_movimento_30\                         
                             enem\audio\ENEM-2022-MT-3                         
                             4\options.mp3 to .wav                             
                    INFO     Caching disabled.             cairo_renderer.py:79
[09/12/26 09:07:34] INFO     Animation 10 : Partial    scene_file_writer.py:588
                             movie file written in                             
                             'C:\Users\Windows                                 
                             11\Documents\Instagram\ma                         
                             tematica_em_movimento_30\                         
                             enem\media\videos\13_2022                         
                             _q169_cilindro_em_esferas                         
                             \1920p30\partial_movie_fi                         
                             les\Resolucao13\uncached_                         
                             00010.mp4'                                        
                    INFO     Caching disabled.             cairo_renderer.py:79
[09/12/26 09:07:37] INFO     Animation 11 : Partial    scene_file_writer.py:588
                             movie file written in                             
                             'C:\Users\Windows                                 
                             11\Documents\Instagram\ma                         
                             tematica_em_movimento_30\                         
                             enem\media\videos\13_2022                         
                             _q169_cilindro_em_esferas                         
                             \1920p30\partial_movie_fi                         
                             les\Resolucao13\uncached_                         
                             00011.mp4'                                        
                    INFO     Caching disabled.             cairo_renderer.py:79
                    INFO     Animation 12 : Partial    scene_file_writer.py:588
                             movie file written in                             
                             'C:\Users\Windows                                 
                             11\Documents\Instagram\ma                         
                             tematica_em_movimento_30\                         
                             enem\media\videos\13_2022                         
                             _q169_cilindro_em_esferas                         
                             \1920p30\partial_movie_fi                         
                             les\Resolucao13\uncached_                         
                             00012.mp4'                                        
[09/12/26 09:07:38] INFO     Automatically converted   scene_file_writer.py:377
                             C:\Users\Windows                                  
                             11\Documents\Instagram\ma                         
                             tematica_em_movimento_30\                         
                             enem\audio\ENEM-2022-MT-3                         
                             4\data.mp3 to .wav                                
                    INFO     Caching disabled.             cairo_renderer.py:79
[09/12/26 09:07:40] INFO     Animation 13 : Partial    scene_file_writer.py:588
                             movie file written in                             
                             'C:\Users\Windows                                 
                             11\Documents\Instagram\ma                         
                             tematica_em_movimento_30\                         
                             enem\media\videos\13_2022                         
                             _q169_cilindro_em_esferas                         
                             \1920p30\partial_movie_fi                         
                             les\Resolucao13\uncached_                         
                             00013.mp4'                                        
                    INFO     Caching disabled.             cairo_renderer.py:79
[09/12/26 09:07:45] INFO     Animation 14 : Partial    scene_file_writer.py:588
                             movie file written in                             
                             'C:\Users\Windows                                 
                             11\Documents\Instagram\ma                         
                             tematica_em_movimento_30\                         
                             enem\media\videos\13_2022                         
                             _q169_cilindro_em_esferas                         
                             \1920p30\partial_movie_fi                         
                             les\Resolucao13\uncached_                         
                             00014.mp4'                                        
                    INFO     Caching disabled.             cairo_renderer.py:79
                    INFO     Animation 15 : Partial    scene_file_writer.py:588
                             movie file written in                             
                             'C:\Users\Windows                                 
                             11\Documents\Instagram\ma                         
                             tematica_em_movimento_30\                         
                             enem\media\videos\13_2022                         
                             _q169_cilindro_em_esferas                         
                             \1920p30\partial_movie_fi                         
                             les\Resolucao13\uncached_                         
                             00015.mp4'                                        
[09/12/26 09:07:46] INFO     Automatically converted   scene_file_writer.py:377
                             C:\Users\Windows                                  
                             11\Documents\Instagram\ma                         
                             tematica_em_movimento_30\                         
                             enem\audio\ENEM-2022-MT-3                         
                             4\strategy.mp3 to .wav                            
                    INFO     Caching disabled.             cairo_renderer.py:79
[09/12/26 09:07:50] INFO     Animation 16 : Partial    scene_file_writer.py:588
                             movie file written in                             
                             'C:\Users\Windows                                 
                             11\Documents\Instagram\ma                         
                             tematica_em_movimento_30\                         
                             enem\media\videos\13_2022                         
                             _q169_cilindro_em_esferas                         
                             \1920p30\partial_movie_fi                         
                             les\Resolucao13\uncached_                         
                             00016.mp4'                                        
                    INFO     Caching disabled.             cairo_renderer.py:79
[09/12/26 09:07:55] INFO     Animation 17 : Partial    scene_file_writer.py:588
                             movie file written in                             
                             'C:\Users\Windows                                 
                             11\Documents\Instagram\ma                         
                             tematica_em_movimento_30\                         
                             enem\media\videos\13_2022                         
                             _q169_cilindro_em_esferas                         
                             \1920p30\partial_movie_fi                         
                             les\Resolucao13\uncached_                         
                             00017.mp4'                                        
                    INFO     Caching disabled.             cairo_renderer.py:79
[09/12/26 09:07:56] INFO     Animation 18 : Partial    scene_file_writer.py:588
                             movie file written in                             
                             'C:\Users\Windows                                 
                             11\Documents\Instagram\ma                         
                             tematica_em_movimento_30\                         
                             enem\media\videos\13_2022                         
                             _q169_cilindro_em_esferas                         
                             \1920p30\partial_movie_fi                         
                             les\Resolucao13\uncached_                         
                             00018.mp4'                                        
                    INFO     Automatically converted   scene_file_writer.py:377
                             C:\Users\Windows                                  
                             11\Documents\Instagram\ma                         
                             tematica_em_movimento_30\                         
                             enem\audio\ENEM-2022-MT-3                         
                             4\visual.mp3 to .wav                              
                    INFO     Caching disabled.             cairo_renderer.py:79
[09/12/26 09:07:57] INFO     Animation 19 : Partial    scene_file_writer.py:588
                             movie file written in                             
                             'C:\Users\Windows                                 
                             11\Documents\Instagram\ma                         
                             tematica_em_movimento_30\                         
                             enem\media\videos\13_2022                         
                             _q169_cilindro_em_esferas                         
                             \1920p30\partial_movie_fi                         
                             les\Resolucao13\uncached_                         
                             00019.mp4'                                        
                    INFO     Caching disabled.             cairo_renderer.py:79
[09/12/26 09:07:58] INFO     Animation 20 : Partial    scene_file_writer.py:588
                             movie file written in                             
                             'C:\Users\Windows                                 
                             11\Documents\Instagram\ma                         
                             tematica_em_movimento_30\                         
                             enem\media\videos\13_2022                         
                             _q169_cilindro_em_esferas                         
                             \1920p30\partial_movie_fi                         
                             les\Resolucao13\uncached_                         
                             00020.mp4'                                        
                    INFO     Caching disabled.             cairo_renderer.py:79
[09/12/26 09:07:59] INFO     Animation 21 : Partial    scene_file_writer.py:588
                             movie file written in                             
                             'C:\Users\Windows                                 
                             11\Documents\Instagram\ma                         
                             tematica_em_movimento_30\                         
                             enem\media\videos\13_2022                         
                             _q169_cilindro_em_esferas                         
                             \1920p30\partial_movie_fi                         
                             les\Resolucao13\uncached_                         
                             00021.mp4'                                        
                    INFO     Caching disabled.             cairo_renderer.py:79
                    INFO     Animation 22 : Partial    scene_file_writer.py:588
                             movie file written in                             
                             'C:\Users\Windows                                 
                             11\Documents\Instagram\ma                         
                             tematica_em_movimento_30\                         
                             enem\media\videos\13_2022                         
                             _q169_cilindro_em_esferas                         
                             \1920p30\partial_movie_fi                         
                             les\Resolucao13\uncached_                         
                             00022.mp4'                                        
                    INFO     Writing                    tex_file_writing.py:111
                             V_c=\pi4^2\cdot50=800\pi                          
                             to                                                
                             media\Tex\a80f593f7d574639                        
                             .tex                                              
latex: security risk: running with elevated privileges
dvisvgm: security risk: running with elevated privileges
[09/12/26 09:08:00] INFO     Automatically converted   scene_file_writer.py:377
                             C:\Users\Windows                                  
                             11\Documents\Instagram\ma                         
                             tematica_em_movimento_30\                         
                             enem\audio\ENEM-2022-MT-3                         
                             4\step_01.mp3 to .wav                             
                    INFO     Caching disabled.             cairo_renderer.py:79
[09/12/26 09:08:02] INFO     Animation 23 : Partial    scene_file_writer.py:588
                             movie file written in                             
                             'C:\Users\Windows                                 
                             11\Documents\Instagram\ma                         
                             tematica_em_movimento_30\                         
                             enem\media\videos\13_2022                         
                             _q169_cilindro_em_esferas                         
                             \1920p30\partial_movie_fi                         
                             les\Resolucao13\uncached_                         
                             00023.mp4'                                        
                    INFO     Caching disabled.             cairo_renderer.py:79
[09/12/26 09:08:04] INFO     Animation 24 : Partial    scene_file_writer.py:588
                             movie file written in                             
                             'C:\Users\Windows                                 
                             11\Documents\Instagram\ma                         
                             tematica_em_movimento_30\                         
                             enem\media\videos\13_2022                         
                             _q169_cilindro_em_esferas                         
                             \1920p30\partial_movie_fi                         
                             les\Resolucao13\uncached_                         
                             00024.mp4'                                        
                    INFO     Writing                    tex_file_writing.py:111
                             V_e={4\over3}\pi(1/2)^3 to                        
                             media\Tex\f6d172c653dd2dd0                        
                             .tex                                              
latex: security risk: running with elevated privileges
dvisvgm: security risk: running with elevated privileges
[09/12/26 09:08:05] INFO     Automatically converted   scene_file_writer.py:377
                             C:\Users\Windows                                  
                             11\Documents\Instagram\ma                         
                             tematica_em_movimento_30\                         
                             enem\audio\ENEM-2022-MT-3                         
                             4\step_02.mp3 to .wav                             
                    INFO     Caching disabled.             cairo_renderer.py:79
[09/12/26 09:08:07] INFO     Animation 25 : Partial    scene_file_writer.py:588
                             movie file written in                             
                             'C:\Users\Windows                                 
                             11\Documents\Instagram\ma                         
                             tematica_em_movimento_30\                         
                             enem\media\videos\13_2022                         
                             _q169_cilindro_em_esferas                         
                             \1920p30\partial_movie_fi                         
                             les\Resolucao13\uncached_                         
                             00025.mp4'                                        
                    INFO     Caching disabled.             cairo_renderer.py:79
[09/12/26 09:08:09] INFO     Animation 26 : Partial    scene_file_writer.py:588
                             movie file written in                             
                             'C:\Users\Windows                                 
                             11\Documents\Instagram\ma                         
                             tematica_em_movimento_30\                         
                             enem\media\videos\13_2022                         
                             _q169_cilindro_em_esferas                         
                             \1920p30\partial_movie_fi                         
                             les\Resolucao13\uncached_                         
                             00026.mp4'                                        
                    INFO     Writing                    tex_file_writing.py:111
                             V_e={4\over3}\pi{1\over8}=                        
                             {\pi\over6} to                                    
                             media\Tex\0c1af8f6663adc3a                        
                             .tex                                              
latex: security risk: running with elevated privileges
dvisvgm: security risk: running with elevated privileges
                    INFO     Automatically converted   scene_file_writer.py:377
                             C:\Users\Windows                                  
                             11\Documents\Instagram\ma                         
                             tematica_em_movimento_30\                         
                             enem\audio\ENEM-2022-MT-3                         
                             4\step_03.mp3 to .wav                             
[09/12/26 09:08:10] INFO     Caching disabled.             cairo_renderer.py:79
[09/12/26 09:08:12] INFO     Animation 27 : Partial    scene_file_writer.py:588
                             movie file written in                             
                             'C:\Users\Windows                                 
                             11\Documents\Instagram\ma                         
                             tematica_em_movimento_30\                         
                             enem\media\videos\13_2022                         
                             _q169_cilindro_em_esferas                         
                             \1920p30\partial_movie_fi                         
                             les\Resolucao13\uncached_                         
                             00027.mp4'                                        
                    INFO     Caching disabled.             cairo_renderer.py:79
[09/12/26 09:08:14] INFO     Animation 28 : Partial    scene_file_writer.py:588
                             movie file written in                             
                             'C:\Users\Windows                                 
                             11\Documents\Instagram\ma                         
                             tematica_em_movimento_30\                         
                             enem\media\videos\13_2022                         
                             _q169_cilindro_em_esferas                         
                             \1920p30\partial_movie_fi                         
                             les\Resolucao13\uncached_                         
                             00028.mp4'                                        
                    INFO     Writing n={V_c\over        tex_file_writing.py:111
                             V_e}={800\pi\over\pi/6} to                        
                             media\Tex\a122c3f7c3e77bc8                        
                             .tex                                              
latex: security risk: running with elevated privileges
dvisvgm: security risk: running with elevated privileges
[09/12/26 09:08:15] INFO     Automatically converted   scene_file_writer.py:377
                             C:\Users\Windows                                  
                             11\Documents\Instagram\ma                         
                             tematica_em_movimento_30\                         
                             enem\audio\ENEM-2022-MT-3                         
                             4\step_04.mp3 to .wav                             
                    INFO     Caching disabled.             cairo_renderer.py:79
[09/12/26 09:08:17] INFO     Animation 29 : Partial    scene_file_writer.py:588
                             movie file written in                             
                             'C:\Users\Windows                                 
                             11\Documents\Instagram\ma                         
                             tematica_em_movimento_30\                         
                             enem\media\videos\13_2022                         
                             _q169_cilindro_em_esferas                         
                             \1920p30\partial_movie_fi                         
                             les\Resolucao13\uncached_                         
                             00029.mp4'                                        
                    INFO     Caching disabled.             cairo_renderer.py:79
[09/12/26 09:08:20] INFO     Animation 30 : Partial    scene_file_writer.py:588
                             movie file written in                             
                             'C:\Users\Windows                                 
                             11\Documents\Instagram\ma                         
                             tematica_em_movimento_30\                         
                             enem\media\videos\13_2022                         
                             _q169_cilindro_em_esferas                         
                             \1920p30\partial_movie_fi                         
                             les\Resolucao13\uncached_                         
                             00030.mp4'                                        
                    INFO     Writing n=800\cdot6=4800   tex_file_writing.py:111
                             to                                                
                             media\Tex\d049342b8ec24956                        
                             .tex                                              
latex: security risk: running with elevated privileges
dvisvgm: security risk: running with elevated privileges
[09/12/26 09:08:21] INFO     Automatically converted   scene_file_writer.py:377
                             C:\Users\Windows                                  
                             11\Documents\Instagram\ma                         
                             tematica_em_movimento_30\                         
                             enem\audio\ENEM-2022-MT-3                         
                             4\step_05.mp3 to .wav                             
                    INFO     Caching disabled.             cairo_renderer.py:79
[09/12/26 09:08:23] INFO     Animation 31 : Partial    scene_file_writer.py:588
                             movie file written in                             
                             'C:\Users\Windows                                 
                             11\Documents\Instagram\ma                         
                             tematica_em_movimento_30\                         
                             enem\media\videos\13_2022                         
                             _q169_cilindro_em_esferas                         
                             \1920p30\partial_movie_fi                         
                             les\Resolucao13\uncached_                         
                             00031.mp4'                                        
                    INFO     Caching disabled.             cairo_renderer.py:79
[09/12/26 09:08:25] INFO     Animation 32 : Partial    scene_file_writer.py:588
                             movie file written in                             
                             'C:\Users\Windows                                 
                             11\Documents\Instagram\ma                         
                             tematica_em_movimento_30\                         
                             enem\media\videos\13_2022                         
                             _q169_cilindro_em_esferas                         
                             \1920p30\partial_movie_fi                         
                             les\Resolucao13\uncached_                         
                             00032.mp4'                                        
                    INFO     Automatically converted   scene_file_writer.py:377
                             C:\Users\Windows                                  
                             11\Documents\Instagram\ma                         
                             tematica_em_movimento_30\                         
                             enem\audio\ENEM-2022-MT-3                         
                             4\answer.mp3 to .wav                              
                    INFO     Caching disabled.             cairo_renderer.py:79
[09/12/26 09:08:27] INFO     Animation 33 : Partial    scene_file_writer.py:588
                             movie file written in                             
                             'C:\Users\Windows                                 
                             11\Documents\Instagram\ma                         
                             tematica_em_movimento_30\                         
                             enem\media\videos\13_2022                         
                             _q169_cilindro_em_esferas                         
                             \1920p30\partial_movie_fi                         
                             les\Resolucao13\uncached_                         
                             00033.mp4'                                        
                    INFO     Caching disabled.             cairo_renderer.py:79
[09/12/26 09:08:28] INFO     Animation 34 : Partial    scene_file_writer.py:588
                             movie file written in                             
                             'C:\Users\Windows                                 
                             11\Documents\Instagram\ma                         
                             tematica_em_movimento_30\                         
                             enem\media\videos\13_2022                         
                             _q169_cilindro_em_esferas                         
                             \1920p30\partial_movie_fi                         
                             les\Resolucao13\uncached_                         
                             00034.mp4'                                        
                    INFO     Combining to Movie file.  scene_file_writer.py:739
[09/12/26 09:08:32] WARNING  Some options were not     scene_file_writer.py:801
                             used: {'shortest': '1',                           
                             'metadata':                                       
                             'comment=Rendered with                            
                             Manim Community v0.19.0'}                         
                    INFO                               scene_file_writer.py:886
                             File ready at                                     
                             'C:\Users\Windows                                 
                             11\Documents\Instagram\ma                         
                             tematica_em_movimento_30\                         
                             enem\media\videos\13_2022                         
                             _q169_cilindro_em_esferas                         
                             \1920p30\Resolucao13.mp4'                         
                                                                               
                    INFO     Rendered Resolucao13                  scene.py:255
                             Played 35 animations                              
You are using manim version v0.19.0, but version v0.21.0 is available.
You should consider upgrading via pip install -U manim
