Manim Community v0.19.0

[09/12/26 09:08:34] INFO     Automatically converted   scene_file_writer.py:377
                             C:\Users\Windows                                  
                             11\Documents\Instagram\ma                         
                             tematica_em_movimento_30\                         
                             enem\audio\ENEM-2023-MT-0                         
                             4\source.mp3 to .wav                              
                    INFO     Caching disabled.             cairo_renderer.py:79
[09/12/26 09:08:36] INFO     Animation 0 : Partial     scene_file_writer.py:588
                             movie file written in                             
                             'C:\Users\Windows                                 
                             11\Documents\Instagram\ma                         
                             tematica_em_movimento_30\                         
                             enem\media\videos\14_2023                         
                             _q139_area_escada\1920p30                         
                             \partial_movie_files\Reso                         
                             lucao14\uncached_00000.mp                         
                             4'                                                
                    INFO     Caching disabled.             cairo_renderer.py:79
[09/12/26 09:08:38] INFO     Animation 1 : Partial     scene_file_writer.py:588
                             movie file written in                             
                             'C:\Users\Windows                                 
                             11\Documents\Instagram\ma                         
                             tematica_em_movimento_30\                         
                             enem\media\videos\14_2023                         
                             _q139_area_escada\1920p30                         
                             \partial_movie_files\Reso                         
                             lucao14\uncached_00001.mp                         
                             4'                                                
                    INFO     Caching disabled.             cairo_renderer.py:79
                    INFO     Animation 2 : Partial     scene_file_writer.py:588
                             movie file written in                             
                             'C:\Users\Windows                                 
                             11\Documents\Instagram\ma                         
                             tematica_em_movimento_30\                         
                             enem\media\videos\14_2023                         
                             _q139_area_escada\1920p30                         
                             \partial_movie_files\Reso                         
                             lucao14\uncached_00002.mp                         
                             4'                                                
[09/12/26 09:08:39] INFO     Automatically converted   scene_file_writer.py:377
                             C:\Users\Windows                                  
                             11\Documents\Instagram\ma                         
                             tematica_em_movimento_30\                         
                             enem\audio\ENEM-2023-MT-0                         
                             4\statement_01.mp3 to                             
                             .wav                                              
                    INFO     Caching disabled.             cairo_renderer.py:79
[09/12/26 09:08:46] INFO     Animation 3 : Partial     scene_file_writer.py:588
                             movie file written in                             
                             'C:\Users\Windows                                 
                             11\Documents\Instagram\ma                         
                             tematica_em_movimento_30\                         
                             enem\media\videos\14_2023                         
                             _q139_area_escada\1920p30                         
                             \partial_movie_files\Reso                         
                             lucao14\uncached_00003.mp                         
                             4'                                                
                    INFO     Caching disabled.             cairo_renderer.py:79
[09/12/26 09:08:55] INFO     Animation 4 : Partial     scene_file_writer.py:588
                             movie file written in                             
                             'C:\Users\Windows                                 
                             11\Documents\Instagram\ma                         
                             tematica_em_movimento_30\                         
                             enem\media\videos\14_2023                         
                             _q139_area_escada\1920p30                         
                             \partial_movie_files\Reso                         
                             lucao14\uncached_00004.mp                         
                             4'                                                
                    INFO     Caching disabled.             cairo_renderer.py:79
[09/12/26 09:08:56] INFO     Animation 5 : Partial     scene_file_writer.py:588
                             movie file written in                             
                             'C:\Users\Windows                                 
                             11\Documents\Instagram\ma                         
                             tematica_em_movimento_30\                         
                             enem\media\videos\14_2023                         
                             _q139_area_escada\1920p30                         
                             \partial_movie_files\Reso                         
                             lucao14\uncached_00005.mp                         
                             4'                                                
                    INFO     Caching disabled.             cairo_renderer.py:79
                    INFO     Animation 6 : Partial     scene_file_writer.py:588
                             movie file written in                             
                             'C:\Users\Windows                                 
                             11\Documents\Instagram\ma                         
                             tematica_em_movimento_30\                         
                             enem\media\videos\14_2023                         
                             _q139_area_escada\1920p30                         
                             \partial_movie_files\Reso                         
                             lucao14\uncached_00006.mp                         
                             4'                                                
                    INFO     Writing 0{,}25 to          tex_file_writing.py:111
                             media\Tex\29ac51b11dc0d78f                        
                             .tex                                              
latex: security risk: running with elevated privileges
dvisvgm: security risk: running with elevated privileges
[09/12/26 09:08:57] INFO     Writing 0{,}20 to          tex_file_writing.py:111
                             media\Tex\27b6b4c83a50e8bd                        
                             .tex                                              
latex: security risk: running with elevated privileges
dvisvgm: security risk: running with elevated privileges
[09/12/26 09:08:58] INFO     Writing 1{,}0\,m to        tex_file_writing.py:111
                             media\Tex\c331c39a68d4d2d0                        
                             .tex                                              
latex: security risk: running with elevated privileges
dvisvgm: security risk: running with elevated privileges
[09/12/26 09:08:59] INFO     Automatically converted   scene_file_writer.py:377
                             C:\Users\Windows                                  
                             11\Documents\Instagram\ma                         
                             tematica_em_movimento_30\                         
                             enem\audio\ENEM-2023-MT-0                         
                             4\figure.mp3 to .wav                              
                    INFO     Caching disabled.             cairo_renderer.py:79
[09/12/26 09:09:03] INFO     Animation 7 : Partial     scene_file_writer.py:588
                             movie file written in                             
                             'C:\Users\Windows                                 
                             11\Documents\Instagram\ma                         
                             tematica_em_movimento_30\                         
                             enem\media\videos\14_2023                         
                             _q139_area_escada\1920p30                         
                             \partial_movie_files\Reso                         
                             lucao14\uncached_00007.mp                         
                             4'                                                
                    INFO     Caching disabled.             cairo_renderer.py:79
[09/12/26 09:09:08] INFO     Animation 8 : Partial     scene_file_writer.py:588
                             movie file written in                             
                             'C:\Users\Windows                                 
                             11\Documents\Instagram\ma                         
                             tematica_em_movimento_30\                         
                             enem\media\videos\14_2023                         
                             _q139_area_escada\1920p30                         
                             \partial_movie_files\Reso                         
                             lucao14\uncached_00008.mp                         
                             4'                                                
                    INFO     Caching disabled.             cairo_renderer.py:79
[09/12/26 09:09:09] INFO     Animation 9 : Partial     scene_file_writer.py:588
                             movie file written in                             
                             'C:\Users\Windows                                 
                             11\Documents\Instagram\ma                         
                             tematica_em_movimento_30\                         
                             enem\media\videos\14_2023                         
                             _q139_area_escada\1920p30                         
                             \partial_movie_files\Reso                         
                             lucao14\uncached_00009.mp                         
                             4'                                                
                    INFO     Automatically converted   scene_file_writer.py:377
                             C:\Users\Windows                                  
                             11\Documents\Instagram\ma                         
                             tematica_em_movimento_30\                         
                             enem\audio\ENEM-2023-MT-0                         
                             4\options.mp3 to .wav                             
                    INFO     Caching disabled.             cairo_renderer.py:79
[09/12/26 09:09:11] INFO     Animation 10 : Partial    scene_file_writer.py:588
                             movie file written in                             
                             'C:\Users\Windows                                 
                             11\Documents\Instagram\ma                         
                             tematica_em_movimento_30\                         
                             enem\media\videos\14_2023                         
                             _q139_area_escada\1920p30                         
                             \partial_movie_files\Reso                         
                             lucao14\uncached_00010.mp                         
                             4'                                                
                    INFO     Caching disabled.             cairo_renderer.py:79
[09/12/26 09:09:14] INFO     Animation 11 : Partial    scene_file_writer.py:588
                             movie file written in                             
                             'C:\Users\Windows                                 
                             11\Documents\Instagram\ma                         
                             tematica_em_movimento_30\                         
                             enem\media\videos\14_2023                         
                             _q139_area_escada\1920p30                         
                             \partial_movie_files\Reso                         
                             lucao14\uncached_00011.mp                         
                             4'                                                
                    INFO     Caching disabled.             cairo_renderer.py:79
                    INFO     Animation 12 : Partial    scene_file_writer.py:588
                             movie file written in                             
                             'C:\Users\Windows                                 
                             11\Documents\Instagram\ma                         
                             tematica_em_movimento_30\                         
                             enem\media\videos\14_2023                         
                             _q139_area_escada\1920p30                         
                             \partial_movie_files\Reso                         
                             lucao14\uncached_00012.mp                         
                             4'                                                
[09/12/26 09:09:15] INFO     Automatically converted   scene_file_writer.py:377
                             C:\Users\Windows                                  
                             11\Documents\Instagram\ma                         
                             tematica_em_movimento_30\                         
                             enem\audio\ENEM-2023-MT-0                         
                             4\data.mp3 to .wav                                
                    INFO     Caching disabled.             cairo_renderer.py:79
[09/12/26 09:09:18] INFO     Animation 13 : Partial    scene_file_writer.py:588
                             movie file written in                             
                             'C:\Users\Windows                                 
                             11\Documents\Instagram\ma                         
                             tematica_em_movimento_30\                         
                             enem\media\videos\14_2023                         
                             _q139_area_escada\1920p30                         
                             \partial_movie_files\Reso                         
                             lucao14\uncached_00013.mp                         
                             4'                                                
                    INFO     Caching disabled.             cairo_renderer.py:79
[09/12/26 09:09:25] INFO     Animation 14 : Partial    scene_file_writer.py:588
                             movie file written in                             
                             'C:\Users\Windows                                 
                             11\Documents\Instagram\ma                         
                             tematica_em_movimento_30\                         
                             enem\media\videos\14_2023                         
                             _q139_area_escada\1920p30                         
                             \partial_movie_files\Reso                         
                             lucao14\uncached_00014.mp                         
                             4'                                                
                    INFO     Caching disabled.             cairo_renderer.py:79
[09/12/26 09:09:26] INFO     Animation 15 : Partial    scene_file_writer.py:588
                             movie file written in                             
                             'C:\Users\Windows                                 
                             11\Documents\Instagram\ma                         
                             tematica_em_movimento_30\                         
                             enem\media\videos\14_2023                         
                             _q139_area_escada\1920p30                         
                             \partial_movie_files\Reso                         
                             lucao14\uncached_00015.mp                         
                             4'                                                
                    INFO     Automatically converted   scene_file_writer.py:377
                             C:\Users\Windows                                  
                             11\Documents\Instagram\ma                         
                             tematica_em_movimento_30\                         
                             enem\audio\ENEM-2023-MT-0                         
                             4\strategy.mp3 to .wav                            
                    INFO     Caching disabled.             cairo_renderer.py:79
[09/12/26 09:09:30] INFO     Animation 16 : Partial    scene_file_writer.py:588
                             movie file written in                             
                             'C:\Users\Windows                                 
                             11\Documents\Instagram\ma                         
                             tematica_em_movimento_30\                         
                             enem\media\videos\14_2023                         
                             _q139_area_escada\1920p30                         
                             \partial_movie_files\Reso                         
                             lucao14\uncached_00016.mp                         
                             4'                                                
                    INFO     Caching disabled.             cairo_renderer.py:79
[09/12/26 09:09:35] INFO     Animation 17 : Partial    scene_file_writer.py:588
                             movie file written in                             
                             'C:\Users\Windows                                 
                             11\Documents\Instagram\ma                         
                             tematica_em_movimento_30\                         
                             enem\media\videos\14_2023                         
                             _q139_area_escada\1920p30                         
                             \partial_movie_files\Reso                         
                             lucao14\uncached_00017.mp                         
                             4'                                                
                    INFO     Caching disabled.             cairo_renderer.py:79
[09/12/26 09:09:36] INFO     Animation 18 : Partial    scene_file_writer.py:588
                             movie file written in                             
                             'C:\Users\Windows                                 
                             11\Documents\Instagram\ma                         
                             tematica_em_movimento_30\                         
                             enem\media\videos\14_2023                         
                             _q139_area_escada\1920p30                         
                             \partial_movie_files\Reso                         
                             lucao14\uncached_00018.mp                         
                             4'                                                
                    INFO     Automatically converted   scene_file_writer.py:377
                             C:\Users\Windows                                  
                             11\Documents\Instagram\ma                         
                             tematica_em_movimento_30\                         
                             enem\audio\ENEM-2023-MT-0                         
                             4\visual.mp3 to .wav                              
                    INFO     Caching disabled.             cairo_renderer.py:79
[09/12/26 09:09:38] INFO     Animation 19 : Partial    scene_file_writer.py:588
                             movie file written in                             
                             'C:\Users\Windows                                 
                             11\Documents\Instagram\ma                         
                             tematica_em_movimento_30\                         
                             enem\media\videos\14_2023                         
                             _q139_area_escada\1920p30                         
                             \partial_movie_files\Reso                         
                             lucao14\uncached_00019.mp                         
                             4'                                                
                    INFO     Caching disabled.             cairo_renderer.py:79
                    INFO     Animation 20 : Partial    scene_file_writer.py:588
                             movie file written in                             
                             'C:\Users\Windows                                 
                             11\Documents\Instagram\ma                         
                             tematica_em_movimento_30\                         
                             enem\media\videos\14_2023                         
                             _q139_area_escada\1920p30                         
                             \partial_movie_files\Reso                         
                             lucao14\uncached_00020.mp                         
                             4'                                                
                    INFO     Caching disabled.             cairo_renderer.py:79
[09/12/26 09:09:39] INFO     Animation 21 : Partial    scene_file_writer.py:588
                             movie file written in                             
                             'C:\Users\Windows                                 
                             11\Documents\Instagram\ma                         
                             tematica_em_movimento_30\                         
                             enem\media\videos\14_2023                         
                             _q139_area_escada\1920p30                         
                             \partial_movie_files\Reso                         
                             lucao14\uncached_00021.mp                         
                             4'                                                
                    INFO     Caching disabled.             cairo_renderer.py:79
                    INFO     Animation 22 : Partial    scene_file_writer.py:588
                             movie file written in                             
                             'C:\Users\Windows                                 
                             11\Documents\Instagram\ma                         
                             tematica_em_movimento_30\                         
                             enem\media\videos\14_2023                         
                             _q139_area_escada\1920p30                         
                             \partial_movie_files\Reso                         
                             lucao14\uncached_00022.mp                         
                             4'                                                
                    INFO     Writing                    tex_file_writing.py:111
                             A_p=3(1\cdot0{,}25)=0{,}75                        
                             to                                                
                             media\Tex\9a95cd70b78859f4                        
                             .tex                                              
latex: security risk: running with elevated privileges
dvisvgm: security risk: running with elevated privileges
[09/12/26 09:09:40] INFO     Automatically converted   scene_file_writer.py:377
                             C:\Users\Windows                                  
                             11\Documents\Instagram\ma                         
                             tematica_em_movimento_30\                         
                             enem\audio\ENEM-2023-MT-0                         
                             4\step_01.mp3 to .wav                             
                    INFO     Caching disabled.             cairo_renderer.py:79
[09/12/26 09:09:42] INFO     Animation 23 : Partial    scene_file_writer.py:588
                             movie file written in                             
                             'C:\Users\Windows                                 
                             11\Documents\Instagram\ma                         
                             tematica_em_movimento_30\                         
                             enem\media\videos\14_2023                         
                             _q139_area_escada\1920p30                         
                             \partial_movie_files\Reso                         
                             lucao14\uncached_00023.mp                         
                             4'                                                
                    INFO     Caching disabled.             cairo_renderer.py:79
[09/12/26 09:09:44] INFO     Animation 24 : Partial    scene_file_writer.py:588
                             movie file written in                             
                             'C:\Users\Windows                                 
                             11\Documents\Instagram\ma                         
                             tematica_em_movimento_30\                         
                             enem\media\videos\14_2023                         
                             _q139_area_escada\1920p30                         
                             \partial_movie_files\Reso                         
                             lucao14\uncached_00024.mp                         
                             4'                                                
                    INFO     Writing                    tex_file_writing.py:111
                             A_e=3(1\cdot0{,}20)=0{,}60                        
                             to                                                
                             media\Tex\76c4cba2e3223284                        
                             .tex                                              
latex: security risk: running with elevated privileges
dvisvgm: security risk: running with elevated privileges
[09/12/26 09:09:45] INFO     Automatically converted   scene_file_writer.py:377
                             C:\Users\Windows                                  
                             11\Documents\Instagram\ma                         
                             tematica_em_movimento_30\                         
                             enem\audio\ENEM-2023-MT-0                         
                             4\step_02.mp3 to .wav                             
                    INFO     Caching disabled.             cairo_renderer.py:79
[09/12/26 09:09:47] INFO     Animation 25 : Partial    scene_file_writer.py:588
                             movie file written in                             
                             'C:\Users\Windows                                 
                             11\Documents\Instagram\ma                         
                             tematica_em_movimento_30\                         
                             enem\media\videos\14_2023                         
                             _q139_area_escada\1920p30                         
                             \partial_movie_files\Reso                         
                             lucao14\uncached_00025.mp                         
                             4'                                                
                    INFO     Caching disabled.             cairo_renderer.py:79
[09/12/26 09:09:49] INFO     Animation 26 : Partial    scene_file_writer.py:588
                             movie file written in                             
                             'C:\Users\Windows                                 
                             11\Documents\Instagram\ma                         
                             tematica_em_movimento_30\                         
                             enem\media\videos\14_2023                         
                             _q139_area_escada\1920p30                         
                             \partial_movie_files\Reso                         
                             lucao14\uncached_00026.mp                         
                             4'                                                
                    INFO     Writing                    tex_file_writing.py:111
                             A_l=0{,}25(0{,}20+0{,}40+0                        
                             {,}60)=0{,}30 to                                  
                             media\Tex\88304645ca3765d5                        
                             .tex                                              
latex: security risk: running with elevated privileges
dvisvgm: security risk: running with elevated privileges
[09/12/26 09:09:50] INFO     Automatically converted   scene_file_writer.py:377
                             C:\Users\Windows                                  
                             11\Documents\Instagram\ma                         
                             tematica_em_movimento_30\                         
                             enem\audio\ENEM-2023-MT-0                         
                             4\step_03.mp3 to .wav                             
                    INFO     Caching disabled.             cairo_renderer.py:79
[09/12/26 09:09:52] INFO     Animation 27 : Partial    scene_file_writer.py:588
                             movie file written in                             
                             'C:\Users\Windows                                 
                             11\Documents\Instagram\ma                         
                             tematica_em_movimento_30\                         
                             enem\media\videos\14_2023                         
                             _q139_area_escada\1920p30                         
                             \partial_movie_files\Reso                         
                             lucao14\uncached_00027.mp                         
                             4'                                                
                    INFO     Caching disabled.             cairo_renderer.py:79
[09/12/26 09:09:55] INFO     Animation 28 : Partial    scene_file_writer.py:588
                             movie file written in                             
                             'C:\Users\Windows                                 
                             11\Documents\Instagram\ma                         
                             tematica_em_movimento_30\                         
                             enem\media\videos\14_2023                         
                             _q139_area_escada\1920p30                         
                             \partial_movie_files\Reso                         
                             lucao14\uncached_00028.mp                         
                             4'                                                
                    INFO     Writing                    tex_file_writing.py:111
                             2A_l=2(0{,}30)=0{,}60 to                          
                             media\Tex\f329c5653ab7b6e6                        
                             .tex                                              
latex: security risk: running with elevated privileges
dvisvgm: security risk: running with elevated privileges
[09/12/26 09:09:56] INFO     Automatically converted   scene_file_writer.py:377
                             C:\Users\Windows                                  
                             11\Documents\Instagram\ma                         
                             tematica_em_movimento_30\                         
                             enem\audio\ENEM-2023-MT-0                         
                             4\step_04.mp3 to .wav                             
                    INFO     Caching disabled.             cairo_renderer.py:79
[09/12/26 09:09:58] INFO     Animation 29 : Partial    scene_file_writer.py:588
                             movie file written in                             
                             'C:\Users\Windows                                 
                             11\Documents\Instagram\ma                         
                             tematica_em_movimento_30\                         
                             enem\media\videos\14_2023                         
                             _q139_area_escada\1920p30                         
                             \partial_movie_files\Reso                         
                             lucao14\uncached_00029.mp                         
                             4'                                                
                    INFO     Caching disabled.             cairo_renderer.py:79
[09/12/26 09:10:00] INFO     Animation 30 : Partial    scene_file_writer.py:588
                             movie file written in                             
                             'C:\Users\Windows                                 
                             11\Documents\Instagram\ma                         
                             tematica_em_movimento_30\                         
                             enem\media\videos\14_2023                         
                             _q139_area_escada\1920p30                         
                             \partial_movie_files\Reso                         
                             lucao14\uncached_00030.mp                         
                             4'                                                
                    INFO     Writing                    tex_file_writing.py:111
                             A=0{,}75+0{,}60+0{,}60=1{,                        
                             }95\ \mathrm{m^2} to                              
                             media\Tex\d3cfc481946281b8                        
                             .tex                                              
latex: security risk: running with elevated privileges
dvisvgm: security risk: running with elevated privileges
[09/12/26 09:10:01] INFO     Automatically converted   scene_file_writer.py:377
                             C:\Users\Windows                                  
                             11\Documents\Instagram\ma                         
                             tematica_em_movimento_30\                         
                             enem\audio\ENEM-2023-MT-0                         
                             4\step_05.mp3 to .wav                             
                    INFO     Caching disabled.             cairo_renderer.py:79
[09/12/26 09:10:03] INFO     Animation 31 : Partial    scene_file_writer.py:588
                             movie file written in                             
                             'C:\Users\Windows                                 
                             11\Documents\Instagram\ma                         
                             tematica_em_movimento_30\                         
                             enem\media\videos\14_2023                         
                             _q139_area_escada\1920p30                         
                             \partial_movie_files\Reso                         
                             lucao14\uncached_00031.mp                         
                             4'                                                
                    INFO     Caching disabled.             cairo_renderer.py:79
[09/12/26 09:10:06] INFO     Animation 32 : Partial    scene_file_writer.py:588
                             movie file written in                             
                             'C:\Users\Windows                                 
                             11\Documents\Instagram\ma                         
                             tematica_em_movimento_30\                         
                             enem\media\videos\14_2023                         
                             _q139_area_escada\1920p30                         
                             \partial_movie_files\Reso                         
                             lucao14\uncached_00032.mp                         
                             4'                                                
                    INFO     Automatically converted   scene_file_writer.py:377
                             C:\Users\Windows                                  
                             11\Documents\Instagram\ma                         
                             tematica_em_movimento_30\                         
                             enem\audio\ENEM-2023-MT-0                         
                             4\answer.mp3 to .wav                              
                    INFO     Caching disabled.             cairo_renderer.py:79
[09/12/26 09:10:07] INFO     Animation 33 : Partial    scene_file_writer.py:588
                             movie file written in                             
                             'C:\Users\Windows                                 
                             11\Documents\Instagram\ma                         
                             tematica_em_movimento_30\                         
                             enem\media\videos\14_2023                         
                             _q139_area_escada\1920p30                         
                             \partial_movie_files\Reso                         
                             lucao14\uncached_00033.mp                         
                             4'                                                
                    INFO     Caching disabled.             cairo_renderer.py:79
[09/12/26 09:10:08] INFO     Animation 34 : Partial    scene_file_writer.py:588
                             movie file written in                             
                             'C:\Users\Windows                                 
                             11\Documents\Instagram\ma                         
                             tematica_em_movimento_30\                         
                             enem\media\videos\14_2023                         
                             _q139_area_escada\1920p30                         
                             \partial_movie_files\Reso                         
                             lucao14\uncached_00034.mp                         
                             4'                                                
                    INFO     Combining to Movie file.  scene_file_writer.py:739
[09/12/26 09:10:13] WARNING  Some options were not     scene_file_writer.py:801
                             used: {'shortest': '1',                           
                             'metadata':                                       
                             'comment=Rendered with                            
                             Manim Community v0.19.0'}                         
                    INFO                               scene_file_writer.py:886
                             File ready at                                     
                             'C:\Users\Windows                                 
                             11\Documents\Instagram\ma                         
                             tematica_em_movimento_30\                         
                             enem\media\videos\14_2023                         
                             _q139_area_escada\1920p30                         
                             \Resolucao14.mp4'                                 
                                                                               
                    INFO     Rendered Resolucao14                  scene.py:255
                             Played 35 animations                              
You are using manim version v0.19.0, but version v0.21.0 is available.
You should consider upgrading via pip install -U manim
