Manim Community v0.19.0

[09/12/26 09:10:15] INFO     Automatically converted   scene_file_writer.py:377
                             C:\Users\Windows                                  
                             11\Documents\Instagram\ma                         
                             tematica_em_movimento_30\                         
                             enem\audio\ENEM-2023-MT-0                         
                             6\source.mp3 to .wav                              
                    INFO     Caching disabled.             cairo_renderer.py:79
[09/12/26 09:10:17] INFO     Animation 0 : Partial     scene_file_writer.py:588
                             movie file written in                             
                             'C:\Users\Windows                                 
                             11\Documents\Instagram\ma                         
                             tematica_em_movimento_30\                         
                             enem\media\videos\15_2023                         
                             _q141_setor_circular\1920                         
                             p30\partial_movie_files\R                         
                             esolucao15\uncached_00000                         
                             .mp4'                                             
                    INFO     Caching disabled.             cairo_renderer.py:79
[09/12/26 09:10:19] INFO     Animation 1 : Partial     scene_file_writer.py:588
                             movie file written in                             
                             'C:\Users\Windows                                 
                             11\Documents\Instagram\ma                         
                             tematica_em_movimento_30\                         
                             enem\media\videos\15_2023                         
                             _q141_setor_circular\1920                         
                             p30\partial_movie_files\R                         
                             esolucao15\uncached_00001                         
                             .mp4'                                             
                    INFO     Caching disabled.             cairo_renderer.py:79
                    INFO     Animation 2 : Partial     scene_file_writer.py:588
                             movie file written in                             
                             'C:\Users\Windows                                 
                             11\Documents\Instagram\ma                         
                             tematica_em_movimento_30\                         
                             enem\media\videos\15_2023                         
                             _q141_setor_circular\1920                         
                             p30\partial_movie_files\R                         
                             esolucao15\uncached_00002                         
                             .mp4'                                             
[09/12/26 09:10:20] INFO     Automatically converted   scene_file_writer.py:377
                             C:\Users\Windows                                  
                             11\Documents\Instagram\ma                         
                             tematica_em_movimento_30\                         
                             enem\audio\ENEM-2023-MT-0                         
                             6\statement_01.mp3 to                             
                             .wav                                              
                    INFO     Caching disabled.             cairo_renderer.py:79
[09/12/26 09:10:27] INFO     Animation 3 : Partial     scene_file_writer.py:588
                             movie file written in                             
                             'C:\Users\Windows                                 
                             11\Documents\Instagram\ma                         
                             tematica_em_movimento_30\                         
                             enem\media\videos\15_2023                         
                             _q141_setor_circular\1920                         
                             p30\partial_movie_files\R                         
                             esolucao15\uncached_00003                         
                             .mp4'                                             
                    INFO     Caching disabled.             cairo_renderer.py:79
[09/12/26 09:10:34] INFO     Animation 4 : Partial     scene_file_writer.py:588
                             movie file written in                             
                             'C:\Users\Windows                                 
                             11\Documents\Instagram\ma                         
                             tematica_em_movimento_30\                         
                             enem\media\videos\15_2023                         
                             _q141_setor_circular\1920                         
                             p30\partial_movie_files\R                         
                             esolucao15\uncached_00004                         
                             .mp4'                                             
                    INFO     Caching disabled.             cairo_renderer.py:79
[09/12/26 09:10:36] INFO     Animation 5 : Partial     scene_file_writer.py:588
                             movie file written in                             
                             'C:\Users\Windows                                 
                             11\Documents\Instagram\ma                         
                             tematica_em_movimento_30\                         
                             enem\media\videos\15_2023                         
                             _q141_setor_circular\1920                         
                             p30\partial_movie_files\R                         
                             esolucao15\uncached_00005                         
                             .mp4'                                             
                    INFO     Automatically converted   scene_file_writer.py:377
                             C:\Users\Windows                                  
                             11\Documents\Instagram\ma                         
                             tematica_em_movimento_30\                         
                             enem\audio\ENEM-2023-MT-0                         
                             6\statement_02.mp3 to                             
                             .wav                                              
                    INFO     Caching disabled.             cairo_renderer.py:79
[09/12/26 09:10:39] INFO     Animation 6 : Partial     scene_file_writer.py:588
                             movie file written in                             
                             'C:\Users\Windows                                 
                             11\Documents\Instagram\ma                         
                             tematica_em_movimento_30\                         
                             enem\media\videos\15_2023                         
                             _q141_setor_circular\1920                         
                             p30\partial_movie_files\R                         
                             esolucao15\uncached_00006                         
                             .mp4'                                             
                    INFO     Caching disabled.             cairo_renderer.py:79
[09/12/26 09:10:40] INFO     Animation 7 : Partial     scene_file_writer.py:588
                             movie file written in                             
                             'C:\Users\Windows                                 
                             11\Documents\Instagram\ma                         
                             tematica_em_movimento_30\                         
                             enem\media\videos\15_2023                         
                             _q141_setor_circular\1920                         
                             p30\partial_movie_files\R                         
                             esolucao15\uncached_00007                         
                             .mp4'                                             
                    INFO     Caching disabled.             cairo_renderer.py:79
                    INFO     Animation 8 : Partial     scene_file_writer.py:588
                             movie file written in                             
                             'C:\Users\Windows                                 
                             11\Documents\Instagram\ma                         
                             tematica_em_movimento_30\                         
                             enem\media\videos\15_2023                         
                             _q141_setor_circular\1920                         
                             p30\partial_movie_files\R                         
                             esolucao15\uncached_00008                         
                             .mp4'                                             
                    INFO     Caching disabled.             cairo_renderer.py:79
[09/12/26 09:10:41] INFO     Animation 9 : Partial     scene_file_writer.py:588
                             movie file written in                             
                             'C:\Users\Windows                                 
                             11\Documents\Instagram\ma                         
                             tematica_em_movimento_30\                         
                             enem\media\videos\15_2023                         
                             _q141_setor_circular\1920                         
                             p30\partial_movie_files\R                         
                             esolucao15\uncached_00009                         
                             .mp4'                                             
                    INFO     Writing S to               tex_file_writing.py:111
                             media\Tex\0cf2fea82f814717                        
                             .tex                                              
latex: security risk: running with elevated privileges
dvisvgm: security risk: running with elevated privileges
[09/12/26 09:10:42] INFO     Automatically converted   scene_file_writer.py:377
                             C:\Users\Windows                                  
                             11\Documents\Instagram\ma                         
                             tematica_em_movimento_30\                         
                             enem\audio\ENEM-2023-MT-0                         
                             6\figure.mp3 to .wav                              
                    INFO     Caching disabled.             cairo_renderer.py:79
[09/12/26 09:10:45] INFO     Animation 10 : Partial    scene_file_writer.py:588
                             movie file written in                             
                             'C:\Users\Windows                                 
                             11\Documents\Instagram\ma                         
                             tematica_em_movimento_30\                         
                             enem\media\videos\15_2023                         
                             _q141_setor_circular\1920                         
                             p30\partial_movie_files\R                         
                             esolucao15\uncached_00010                         
                             .mp4'                                             
                    INFO     Caching disabled.             cairo_renderer.py:79
[09/12/26 09:10:49] INFO     Animation 11 : Partial    scene_file_writer.py:588
                             movie file written in                             
                             'C:\Users\Windows                                 
                             11\Documents\Instagram\ma                         
                             tematica_em_movimento_30\                         
                             enem\media\videos\15_2023                         
                             _q141_setor_circular\1920                         
                             p30\partial_movie_files\R                         
                             esolucao15\uncached_00011                         
                             .mp4'                                             
                    INFO     Caching disabled.             cairo_renderer.py:79
[09/12/26 09:10:50] INFO     Animation 12 : Partial    scene_file_writer.py:588
                             movie file written in                             
                             'C:\Users\Windows                                 
                             11\Documents\Instagram\ma                         
                             tematica_em_movimento_30\                         
                             enem\media\videos\15_2023                         
                             _q141_setor_circular\1920                         
                             p30\partial_movie_files\R                         
                             esolucao15\uncached_00012                         
                             .mp4'                                             
                    INFO     Automatically converted   scene_file_writer.py:377
                             C:\Users\Windows                                  
                             11\Documents\Instagram\ma                         
                             tematica_em_movimento_30\                         
                             enem\audio\ENEM-2023-MT-0                         
                             6\options.mp3 to .wav                             
                    INFO     Caching disabled.             cairo_renderer.py:79
[09/12/26 09:10:53] INFO     Animation 13 : Partial    scene_file_writer.py:588
                             movie file written in                             
                             'C:\Users\Windows                                 
                             11\Documents\Instagram\ma                         
                             tematica_em_movimento_30\                         
                             enem\media\videos\15_2023                         
                             _q141_setor_circular\1920                         
                             p30\partial_movie_files\R                         
                             esolucao15\uncached_00013                         
                             .mp4'                                             
                    INFO     Caching disabled.             cairo_renderer.py:79
[09/12/26 09:10:56] INFO     Animation 14 : Partial    scene_file_writer.py:588
                             movie file written in                             
                             'C:\Users\Windows                                 
                             11\Documents\Instagram\ma                         
                             tematica_em_movimento_30\                         
                             enem\media\videos\15_2023                         
                             _q141_setor_circular\1920                         
                             p30\partial_movie_files\R                         
                             esolucao15\uncached_00014                         
                             .mp4'                                             
                    INFO     Caching disabled.             cairo_renderer.py:79
                    INFO     Animation 15 : Partial    scene_file_writer.py:588
                             movie file written in                             
                             'C:\Users\Windows                                 
                             11\Documents\Instagram\ma                         
                             tematica_em_movimento_30\                         
                             enem\media\videos\15_2023                         
                             _q141_setor_circular\1920                         
                             p30\partial_movie_files\R                         
                             esolucao15\uncached_00015                         
                             .mp4'                                             
[09/12/26 09:10:57] INFO     Automatically converted   scene_file_writer.py:377
                             C:\Users\Windows                                  
                             11\Documents\Instagram\ma                         
                             tematica_em_movimento_30\                         
                             enem\audio\ENEM-2023-MT-0                         
                             6\data.mp3 to .wav                                
                    INFO     Caching disabled.             cairo_renderer.py:79
[09/12/26 09:11:00] INFO     Animation 16 : Partial    scene_file_writer.py:588
                             movie file written in                             
                             'C:\Users\Windows                                 
                             11\Documents\Instagram\ma                         
                             tematica_em_movimento_30\                         
                             enem\media\videos\15_2023                         
                             _q141_setor_circular\1920                         
                             p30\partial_movie_files\R                         
                             esolucao15\uncached_00016                         
                             .mp4'                                             
                    INFO     Caching disabled.             cairo_renderer.py:79
[09/12/26 09:11:04] INFO     Animation 17 : Partial    scene_file_writer.py:588
                             movie file written in                             
                             'C:\Users\Windows                                 
                             11\Documents\Instagram\ma                         
                             tematica_em_movimento_30\                         
                             enem\media\videos\15_2023                         
                             _q141_setor_circular\1920                         
                             p30\partial_movie_files\R                         
                             esolucao15\uncached_00017                         
                             .mp4'                                             
                    INFO     Caching disabled.             cairo_renderer.py:79
                    INFO     Animation 18 : Partial    scene_file_writer.py:588
                             movie file written in                             
                             'C:\Users\Windows                                 
                             11\Documents\Instagram\ma                         
                             tematica_em_movimento_30\                         
                             enem\media\videos\15_2023                         
                             _q141_setor_circular\1920                         
                             p30\partial_movie_files\R                         
                             esolucao15\uncached_00018                         
                             .mp4'                                             
[09/12/26 09:11:05] INFO     Automatically converted   scene_file_writer.py:377
                             C:\Users\Windows                                  
                             11\Documents\Instagram\ma                         
                             tematica_em_movimento_30\                         
                             enem\audio\ENEM-2023-MT-0                         
                             6\strategy.mp3 to .wav                            
                    INFO     Caching disabled.             cairo_renderer.py:79
[09/12/26 09:11:09] INFO     Animation 19 : Partial    scene_file_writer.py:588
                             movie file written in                             
                             'C:\Users\Windows                                 
                             11\Documents\Instagram\ma                         
                             tematica_em_movimento_30\                         
                             enem\media\videos\15_2023                         
                             _q141_setor_circular\1920                         
                             p30\partial_movie_files\R                         
                             esolucao15\uncached_00019                         
                             .mp4'                                             
                    INFO     Caching disabled.             cairo_renderer.py:79
[09/12/26 09:11:14] INFO     Animation 20 : Partial    scene_file_writer.py:588
                             movie file written in                             
                             'C:\Users\Windows                                 
                             11\Documents\Instagram\ma                         
                             tematica_em_movimento_30\                         
                             enem\media\videos\15_2023                         
                             _q141_setor_circular\1920                         
                             p30\partial_movie_files\R                         
                             esolucao15\uncached_00020                         
                             .mp4'                                             
                    INFO     Caching disabled.             cairo_renderer.py:79
[09/12/26 09:11:15] INFO     Animation 21 : Partial    scene_file_writer.py:588
                             movie file written in                             
                             'C:\Users\Windows                                 
                             11\Documents\Instagram\ma                         
                             tematica_em_movimento_30\                         
                             enem\media\videos\15_2023                         
                             _q141_setor_circular\1920                         
                             p30\partial_movie_files\R                         
                             esolucao15\uncached_00021                         
                             .mp4'                                             
                    INFO     Writing \alpha to          tex_file_writing.py:111
                             media\Tex\acdb48cc087a8bdf                        
                             .tex                                              
latex: security risk: running with elevated privileges
dvisvgm: security risk: running with elevated privileges
[09/12/26 09:11:16] INFO     Automatically converted   scene_file_writer.py:377
                             C:\Users\Windows                                  
                             11\Documents\Instagram\ma                         
                             tematica_em_movimento_30\                         
                             enem\audio\ENEM-2023-MT-0                         
                             6\visual.mp3 to .wav                              
                    INFO     Caching disabled.             cairo_renderer.py:79
[09/12/26 09:11:17] INFO     Animation 22 : Partial    scene_file_writer.py:588
                             movie file written in                             
                             'C:\Users\Windows                                 
                             11\Documents\Instagram\ma                         
                             tematica_em_movimento_30\                         
                             enem\media\videos\15_2023                         
                             _q141_setor_circular\1920                         
                             p30\partial_movie_files\R                         
                             esolucao15\uncached_00022                         
                             .mp4'                                             
                    INFO     Caching disabled.             cairo_renderer.py:79
[09/12/26 09:11:18] INFO     Animation 23 : Partial    scene_file_writer.py:588
                             movie file written in                             
                             'C:\Users\Windows                                 
                             11\Documents\Instagram\ma                         
                             tematica_em_movimento_30\                         
                             enem\media\videos\15_2023                         
                             _q141_setor_circular\1920                         
                             p30\partial_movie_files\R                         
                             esolucao15\uncached_00023                         
                             .mp4'                                             
                    INFO     Caching disabled.             cairo_renderer.py:79
[09/12/26 09:11:19] INFO     Animation 24 : Partial    scene_file_writer.py:588
                             movie file written in                             
                             'C:\Users\Windows                                 
                             11\Documents\Instagram\ma                         
                             tematica_em_movimento_30\                         
                             enem\media\videos\15_2023                         
                             _q141_setor_circular\1920                         
                             p30\partial_movie_files\R                         
                             esolucao15\uncached_00024                         
                             .mp4'                                             
                    INFO     Caching disabled.             cairo_renderer.py:79
                    INFO     Animation 25 : Partial    scene_file_writer.py:588
                             movie file written in                             
                             'C:\Users\Windows                                 
                             11\Documents\Instagram\ma                         
                             tematica_em_movimento_30\                         
                             enem\media\videos\15_2023                         
                             _q141_setor_circular\1920                         
                             p30\partial_movie_files\R                         
                             esolucao15\uncached_00025                         
                             .mp4'                                             
                    INFO     Writing SA=SB=R to         tex_file_writing.py:111
                             media\Tex\256522e859de8f4d                        
                             .tex                                              
latex: security risk: running with elevated privileges
dvisvgm: security risk: running with elevated privileges
[09/12/26 09:11:20] INFO     Automatically converted   scene_file_writer.py:377
                             C:\Users\Windows                                  
                             11\Documents\Instagram\ma                         
                             tematica_em_movimento_30\                         
                             enem\audio\ENEM-2023-MT-0                         
                             6\step_01.mp3 to .wav                             
                    INFO     Caching disabled.             cairo_renderer.py:79
[09/12/26 09:11:22] INFO     Animation 26 : Partial    scene_file_writer.py:588
                             movie file written in                             
                             'C:\Users\Windows                                 
                             11\Documents\Instagram\ma                         
                             tematica_em_movimento_30\                         
                             enem\media\videos\15_2023                         
                             _q141_setor_circular\1920                         
                             p30\partial_movie_files\R                         
                             esolucao15\uncached_00026                         
                             .mp4'                                             
                    INFO     Caching disabled.             cairo_renderer.py:79
[09/12/26 09:11:24] INFO     Animation 27 : Partial    scene_file_writer.py:588
                             movie file written in                             
                             'C:\Users\Windows                                 
                             11\Documents\Instagram\ma                         
                             tematica_em_movimento_30\                         
                             enem\media\videos\15_2023                         
                             _q141_setor_circular\1920                         
                             p30\partial_movie_files\R                         
                             esolucao15\uncached_00027                         
                             .mp4'                                             
                    INFO     Writing                    tex_file_writing.py:111
                             \widehat{AB}\subset\text{c                        
                             ircunferência} to                                 
                             media\Tex\a894f53c22553662                        
                             .tex                                              
latex: security risk: running with elevated privileges
dvisvgm: security risk: running with elevated privileges
                    INFO     Automatically converted   scene_file_writer.py:377
                             C:\Users\Windows                                  
                             11\Documents\Instagram\ma                         
                             tematica_em_movimento_30\                         
                             enem\audio\ENEM-2023-MT-0                         
                             6\step_02.mp3 to .wav                             
                    INFO     Caching disabled.             cairo_renderer.py:79
[09/12/26 09:11:27] INFO     Animation 28 : Partial    scene_file_writer.py:588
                             movie file written in                             
                             'C:\Users\Windows                                 
                             11\Documents\Instagram\ma                         
                             tematica_em_movimento_30\                         
                             enem\media\videos\15_2023                         
                             _q141_setor_circular\1920                         
                             p30\partial_movie_files\R                         
                             esolucao15\uncached_00028                         
                             .mp4'                                             
                    INFO     Caching disabled.             cairo_renderer.py:79
[09/12/26 09:11:28] INFO     Animation 29 : Partial    scene_file_writer.py:588
                             movie file written in                             
                             'C:\Users\Windows                                 
                             11\Documents\Instagram\ma                         
                             tematica_em_movimento_30\                         
                             enem\media\videos\15_2023                         
                             _q141_setor_circular\1920                         
                             p30\partial_movie_files\R                         
                             esolucao15\uncached_00029                         
                             .mp4'                                             
                    INFO     Writing \text{dois raios + tex_file_writing.py:111
                             um arco}=\text{setor                              
                             circular} to                                      
                             media\Tex\00ffc340d0f278f9                        
                             .tex                                              
latex: security risk: running with elevated privileges
dvisvgm: security risk: running with elevated privileges
[09/12/26 09:11:29] INFO     Automatically converted   scene_file_writer.py:377
                             C:\Users\Windows                                  
                             11\Documents\Instagram\ma                         
                             tematica_em_movimento_30\                         
                             enem\audio\ENEM-2023-MT-0                         
                             6\step_03.mp3 to .wav                             
                    INFO     Caching disabled.             cairo_renderer.py:79
[09/12/26 09:11:32] INFO     Animation 30 : Partial    scene_file_writer.py:588
                             movie file written in                             
                             'C:\Users\Windows                                 
                             11\Documents\Instagram\ma                         
                             tematica_em_movimento_30\                         
                             enem\media\videos\15_2023                         
                             _q141_setor_circular\1920                         
                             p30\partial_movie_files\R                         
                             esolucao15\uncached_00030                         
                             .mp4'                                             
                    INFO     Caching disabled.             cairo_renderer.py:79
[09/12/26 09:11:33] INFO     Animation 31 : Partial    scene_file_writer.py:588
                             movie file written in                             
                             'C:\Users\Windows                                 
                             11\Documents\Instagram\ma                         
                             tematica_em_movimento_30\                         
                             enem\media\videos\15_2023                         
                             _q141_setor_circular\1920                         
                             p30\partial_movie_files\R                         
                             esolucao15\uncached_00031                         
                             .mp4'                                             
                    INFO     Automatically converted   scene_file_writer.py:377
                             C:\Users\Windows                                  
                             11\Documents\Instagram\ma                         
                             tematica_em_movimento_30\                         
                             enem\audio\ENEM-2023-MT-0                         
                             6\answer.mp3 to .wav                              
                    INFO     Caching disabled.             cairo_renderer.py:79
[09/12/26 09:11:34] INFO     Animation 32 : Partial    scene_file_writer.py:588
                             movie file written in                             
                             'C:\Users\Windows                                 
                             11\Documents\Instagram\ma                         
                             tematica_em_movimento_30\                         
                             enem\media\videos\15_2023                         
                             _q141_setor_circular\1920                         
                             p30\partial_movie_files\R                         
                             esolucao15\uncached_00032                         
                             .mp4'                                             
                    INFO     Caching disabled.             cairo_renderer.py:79
[09/12/26 09:11:35] INFO     Animation 33 : Partial    scene_file_writer.py:588
                             movie file written in                             
                             'C:\Users\Windows                                 
                             11\Documents\Instagram\ma                         
                             tematica_em_movimento_30\                         
                             enem\media\videos\15_2023                         
                             _q141_setor_circular\1920                         
                             p30\partial_movie_files\R                         
                             esolucao15\uncached_00033                         
                             .mp4'                                             
                    INFO     Combining to Movie file.  scene_file_writer.py:739
[09/12/26 09:11:39] WARNING  Some options were not     scene_file_writer.py:801
                             used: {'shortest': '1',                           
                             'metadata':                                       
                             'comment=Rendered with                            
                             Manim Community v0.19.0'}                         
                    INFO                               scene_file_writer.py:886
                             File ready at                                     
                             'C:\Users\Windows                                 
                             11\Documents\Instagram\ma                         
                             tematica_em_movimento_30\                         
                             enem\media\videos\15_2023                         
                             _q141_setor_circular\1920                         
                             p30\Resolucao15.mp4'                              
                                                                               
                    INFO     Rendered Resolucao15                  scene.py:255
                             Played 34 animations                              
You are using manim version v0.19.0, but version v0.21.0 is available.
You should consider upgrading via pip install -U manim
