Manim Community v0.19.0

[09/12/26 09:12:58] INFO     Automatically converted   scene_file_writer.py:377
                             C:\Users\Windows                                  
                             11\Documents\Instagram\ma                         
                             tematica_em_movimento_30\                         
                             enem\audio\ENEM-2023-MT-1                         
                             5\source.mp3 to .wav                              
                    INFO     Caching disabled.             cairo_renderer.py:79
[09/12/26 09:13:01] INFO     Animation 0 : Partial     scene_file_writer.py:588
                             movie file written in                             
                             'C:\Users\Windows                                 
                             11\Documents\Instagram\ma                         
                             tematica_em_movimento_30\                         
                             enem\media\videos\17_2023                         
                             _q150_escultura_cones\192                         
                             0p30\partial_movie_files\                         
                             Resolucao17\uncached_0000                         
                             0.mp4'                                            
                    INFO     Caching disabled.             cairo_renderer.py:79
[09/12/26 09:13:02] INFO     Animation 1 : Partial     scene_file_writer.py:588
                             movie file written in                             
                             'C:\Users\Windows                                 
                             11\Documents\Instagram\ma                         
                             tematica_em_movimento_30\                         
                             enem\media\videos\17_2023                         
                             _q150_escultura_cones\192                         
                             0p30\partial_movie_files\                         
                             Resolucao17\uncached_0000                         
                             1.mp4'                                            
                    INFO     Caching disabled.             cairo_renderer.py:79
                    INFO     Animation 2 : Partial     scene_file_writer.py:588
                             movie file written in                             
                             'C:\Users\Windows                                 
                             11\Documents\Instagram\ma                         
                             tematica_em_movimento_30\                         
                             enem\media\videos\17_2023                         
                             _q150_escultura_cones\192                         
                             0p30\partial_movie_files\                         
                             Resolucao17\uncached_0000                         
                             2.mp4'                                            
[09/12/26 09:13:03] INFO     Automatically converted   scene_file_writer.py:377
                             C:\Users\Windows                                  
                             11\Documents\Instagram\ma                         
                             tematica_em_movimento_30\                         
                             enem\audio\ENEM-2023-MT-1                         
                             5\statement_01.mp3 to                             
                             .wav                                              
                    INFO     Caching disabled.             cairo_renderer.py:79
[09/12/26 09:13:09] INFO     Animation 3 : Partial     scene_file_writer.py:588
                             movie file written in                             
                             'C:\Users\Windows                                 
                             11\Documents\Instagram\ma                         
                             tematica_em_movimento_30\                         
                             enem\media\videos\17_2023                         
                             _q150_escultura_cones\192                         
                             0p30\partial_movie_files\                         
                             Resolucao17\uncached_0000                         
                             3.mp4'                                            
                    INFO     Caching disabled.             cairo_renderer.py:79
[09/12/26 09:13:17] INFO     Animation 4 : Partial     scene_file_writer.py:588
                             movie file written in                             
                             'C:\Users\Windows                                 
                             11\Documents\Instagram\ma                         
                             tematica_em_movimento_30\                         
                             enem\media\videos\17_2023                         
                             _q150_escultura_cones\192                         
                             0p30\partial_movie_files\                         
                             Resolucao17\uncached_0000                         
                             4.mp4'                                            
                    INFO     Caching disabled.             cairo_renderer.py:79
[09/12/26 09:13:18] INFO     Animation 5 : Partial     scene_file_writer.py:588
                             movie file written in                             
                             'C:\Users\Windows                                 
                             11\Documents\Instagram\ma                         
                             tematica_em_movimento_30\                         
                             enem\media\videos\17_2023                         
                             _q150_escultura_cones\192                         
                             0p30\partial_movie_files\                         
                             Resolucao17\uncached_0000                         
                             5.mp4'                                            
[09/12/26 09:13:19] INFO     Automatically converted   scene_file_writer.py:377
                             C:\Users\Windows                                  
                             11\Documents\Instagram\ma                         
                             tematica_em_movimento_30\                         
                             enem\audio\ENEM-2023-MT-1                         
                             5\statement_02.mp3 to                             
                             .wav                                              
                    INFO     Caching disabled.             cairo_renderer.py:79
[09/12/26 09:13:25] INFO     Animation 6 : Partial     scene_file_writer.py:588
                             movie file written in                             
                             'C:\Users\Windows                                 
                             11\Documents\Instagram\ma                         
                             tematica_em_movimento_30\                         
                             enem\media\videos\17_2023                         
                             _q150_escultura_cones\192                         
                             0p30\partial_movie_files\                         
                             Resolucao17\uncached_0000                         
                             6.mp4'                                            
                    INFO     Caching disabled.             cairo_renderer.py:79
[09/12/26 09:13:35] INFO     Animation 7 : Partial     scene_file_writer.py:588
                             movie file written in                             
                             'C:\Users\Windows                                 
                             11\Documents\Instagram\ma                         
                             tematica_em_movimento_30\                         
                             enem\media\videos\17_2023                         
                             _q150_escultura_cones\192                         
                             0p30\partial_movie_files\                         
                             Resolucao17\uncached_0000                         
                             7.mp4'                                            
                    INFO     Caching disabled.             cairo_renderer.py:79
[09/12/26 09:13:36] INFO     Animation 8 : Partial     scene_file_writer.py:588
                             movie file written in                             
                             'C:\Users\Windows                                 
                             11\Documents\Instagram\ma                         
                             tematica_em_movimento_30\                         
                             enem\media\videos\17_2023                         
                             _q150_escultura_cones\192                         
                             0p30\partial_movie_files\                         
                             Resolucao17\uncached_0000                         
                             8.mp4'                                            
                    INFO     Automatically converted   scene_file_writer.py:377
                             C:\Users\Windows                                  
                             11\Documents\Instagram\ma                         
                             tematica_em_movimento_30\                         
                             enem\audio\ENEM-2023-MT-1                         
                             5\statement_03.mp3 to                             
                             .wav                                              
                    INFO     Caching disabled.             cairo_renderer.py:79
[09/12/26 09:13:37] INFO     Animation 9 : Partial     scene_file_writer.py:588
                             movie file written in                             
                             'C:\Users\Windows                                 
                             11\Documents\Instagram\ma                         
                             tematica_em_movimento_30\                         
                             enem\media\videos\17_2023                         
                             _q150_escultura_cones\192                         
                             0p30\partial_movie_files\                         
                             Resolucao17\uncached_0000                         
                             9.mp4'                                            
                    INFO     Caching disabled.             cairo_renderer.py:79
[09/12/26 09:13:38] INFO     Animation 10 : Partial    scene_file_writer.py:588
                             movie file written in                             
                             'C:\Users\Windows                                 
                             11\Documents\Instagram\ma                         
                             tematica_em_movimento_30\                         
                             enem\media\videos\17_2023                         
                             _q150_escultura_cones\192                         
                             0p30\partial_movie_files\                         
                             Resolucao17\uncached_0001                         
                             0.mp4'                                            
                    INFO     Caching disabled.             cairo_renderer.py:79
                    INFO     Animation 11 : Partial    scene_file_writer.py:588
                             movie file written in                             
                             'C:\Users\Windows                                 
                             11\Documents\Instagram\ma                         
                             tematica_em_movimento_30\                         
                             enem\media\videos\17_2023                         
                             _q150_escultura_cones\192                         
                             0p30\partial_movie_files\                         
                             Resolucao17\uncached_0001                         
                             1.mp4'                                            
                    INFO     Caching disabled.             cairo_renderer.py:79
[09/12/26 09:13:39] INFO     Animation 12 : Partial    scene_file_writer.py:588
                             movie file written in                             
                             'C:\Users\Windows                                 
                             11\Documents\Instagram\ma                         
                             tematica_em_movimento_30\                         
                             enem\media\videos\17_2023                         
                             _q150_escultura_cones\192                         
                             0p30\partial_movie_files\                         
                             Resolucao17\uncached_0001                         
                             2.mp4'                                            
                    INFO     Writing H=36,\ D=18 to     tex_file_writing.py:111
                             media\Tex\c1eb6a9e8a4ff37c                        
                             .tex                                              
latex: security risk: running with elevated privileges
dvisvgm: security risk: running with elevated privileges
[09/12/26 09:13:40] INFO     Writing d=6 to             tex_file_writing.py:111
                             media\Tex\bf71560ab0067fd5                        
                             .tex                                              
latex: security risk: running with elevated privileges
dvisvgm: security risk: running with elevated privileges
                    INFO     Automatically converted   scene_file_writer.py:377
                             C:\Users\Windows                                  
                             11\Documents\Instagram\ma                         
                             tematica_em_movimento_30\                         
                             enem\audio\ENEM-2023-MT-1                         
                             5\figure.mp3 to .wav                              
                    INFO     Caching disabled.             cairo_renderer.py:79
[09/12/26 09:13:45] INFO     Animation 13 : Partial    scene_file_writer.py:588
                             movie file written in                             
                             'C:\Users\Windows                                 
                             11\Documents\Instagram\ma                         
                             tematica_em_movimento_30\                         
                             enem\media\videos\17_2023                         
                             _q150_escultura_cones\192                         
                             0p30\partial_movie_files\                         
                             Resolucao17\uncached_0001                         
                             3.mp4'                                            
                    INFO     Caching disabled.             cairo_renderer.py:79
[09/12/26 09:13:49] INFO     Animation 14 : Partial    scene_file_writer.py:588
                             movie file written in                             
                             'C:\Users\Windows                                 
                             11\Documents\Instagram\ma                         
                             tematica_em_movimento_30\                         
                             enem\media\videos\17_2023                         
                             _q150_escultura_cones\192                         
                             0p30\partial_movie_files\                         
                             Resolucao17\uncached_0001                         
                             4.mp4'                                            
                    INFO     Caching disabled.             cairo_renderer.py:79
[09/12/26 09:13:50] INFO     Animation 15 : Partial    scene_file_writer.py:588
                             movie file written in                             
                             'C:\Users\Windows                                 
                             11\Documents\Instagram\ma                         
                             tematica_em_movimento_30\                         
                             enem\media\videos\17_2023                         
                             _q150_escultura_cones\192                         
                             0p30\partial_movie_files\                         
                             Resolucao17\uncached_0001                         
                             5.mp4'                                            
                    INFO     Automatically converted   scene_file_writer.py:377
                             C:\Users\Windows                                  
                             11\Documents\Instagram\ma                         
                             tematica_em_movimento_30\                         
                             enem\audio\ENEM-2023-MT-1                         
                             5\options.mp3 to .wav                             
                    INFO     Caching disabled.             cairo_renderer.py:79
[09/12/26 09:13:53] INFO     Animation 16 : Partial    scene_file_writer.py:588
                             movie file written in                             
                             'C:\Users\Windows                                 
                             11\Documents\Instagram\ma                         
                             tematica_em_movimento_30\                         
                             enem\media\videos\17_2023                         
                             _q150_escultura_cones\192                         
                             0p30\partial_movie_files\                         
                             Resolucao17\uncached_0001                         
                             6.mp4'                                            
                    INFO     Caching disabled.             cairo_renderer.py:79
[09/12/26 09:13:58] INFO     Animation 17 : Partial    scene_file_writer.py:588
                             movie file written in                             
                             'C:\Users\Windows                                 
                             11\Documents\Instagram\ma                         
                             tematica_em_movimento_30\                         
                             enem\media\videos\17_2023                         
                             _q150_escultura_cones\192                         
                             0p30\partial_movie_files\                         
                             Resolucao17\uncached_0001                         
                             7.mp4'                                            
                    INFO     Caching disabled.             cairo_renderer.py:79
                    INFO     Animation 18 : Partial    scene_file_writer.py:588
                             movie file written in                             
                             'C:\Users\Windows                                 
                             11\Documents\Instagram\ma                         
                             tematica_em_movimento_30\                         
                             enem\media\videos\17_2023                         
                             _q150_escultura_cones\192                         
                             0p30\partial_movie_files\                         
                             Resolucao17\uncached_0001                         
                             8.mp4'                                            
                    INFO     Automatically converted   scene_file_writer.py:377
                             C:\Users\Windows                                  
                             11\Documents\Instagram\ma                         
                             tematica_em_movimento_30\                         
                             enem\audio\ENEM-2023-MT-1                         
                             5\data.mp3 to .wav                                
                    INFO     Caching disabled.             cairo_renderer.py:79
[09/12/26 09:14:02] INFO     Animation 19 : Partial    scene_file_writer.py:588
                             movie file written in                             
                             'C:\Users\Windows                                 
                             11\Documents\Instagram\ma                         
                             tematica_em_movimento_30\                         
                             enem\media\videos\17_2023                         
                             _q150_escultura_cones\192                         
                             0p30\partial_movie_files\                         
                             Resolucao17\uncached_0001                         
                             9.mp4'                                            
                    INFO     Caching disabled.             cairo_renderer.py:79
[09/12/26 09:14:09] INFO     Animation 20 : Partial    scene_file_writer.py:588
                             movie file written in                             
                             'C:\Users\Windows                                 
                             11\Documents\Instagram\ma                         
                             tematica_em_movimento_30\                         
                             enem\media\videos\17_2023                         
                             _q150_escultura_cones\192                         
                             0p30\partial_movie_files\                         
                             Resolucao17\uncached_0002                         
                             0.mp4'                                            
                    INFO     Caching disabled.             cairo_renderer.py:79
[09/12/26 09:14:10] INFO     Animation 21 : Partial    scene_file_writer.py:588
                             movie file written in                             
                             'C:\Users\Windows                                 
                             11\Documents\Instagram\ma                         
                             tematica_em_movimento_30\                         
                             enem\media\videos\17_2023                         
                             _q150_escultura_cones\192                         
                             0p30\partial_movie_files\                         
                             Resolucao17\uncached_0002                         
                             1.mp4'                                            
[09/12/26 09:14:11] INFO     Automatically converted   scene_file_writer.py:377
                             C:\Users\Windows                                  
                             11\Documents\Instagram\ma                         
                             tematica_em_movimento_30\                         
                             enem\audio\ENEM-2023-MT-1                         
                             5\strategy.mp3 to .wav                            
                    INFO     Caching disabled.             cairo_renderer.py:79
[09/12/26 09:14:15] INFO     Animation 22 : Partial    scene_file_writer.py:588
                             movie file written in                             
                             'C:\Users\Windows                                 
                             11\Documents\Instagram\ma                         
                             tematica_em_movimento_30\                         
                             enem\media\videos\17_2023                         
                             _q150_escultura_cones\192                         
                             0p30\partial_movie_files\                         
                             Resolucao17\uncached_0002                         
                             2.mp4'                                            
                    INFO     Caching disabled.             cairo_renderer.py:79
[09/12/26 09:14:20] INFO     Animation 23 : Partial    scene_file_writer.py:588
                             movie file written in                             
                             'C:\Users\Windows                                 
                             11\Documents\Instagram\ma                         
                             tematica_em_movimento_30\                         
                             enem\media\videos\17_2023                         
                             _q150_escultura_cones\192                         
                             0p30\partial_movie_files\                         
                             Resolucao17\uncached_0002                         
                             3.mp4'                                            
                    INFO     Caching disabled.             cairo_renderer.py:79
[09/12/26 09:14:21] INFO     Animation 24 : Partial    scene_file_writer.py:588
                             movie file written in                             
                             'C:\Users\Windows                                 
                             11\Documents\Instagram\ma                         
                             tematica_em_movimento_30\                         
                             enem\media\videos\17_2023                         
                             _q150_escultura_cones\192                         
                             0p30\partial_movie_files\                         
                             Resolucao17\uncached_0002                         
                             4.mp4'                                            
[09/12/26 09:14:22] INFO     Automatically converted   scene_file_writer.py:377
                             C:\Users\Windows                                  
                             11\Documents\Instagram\ma                         
                             tematica_em_movimento_30\                         
                             enem\audio\ENEM-2023-MT-1                         
                             5\visual.mp3 to .wav                              
                    INFO     Caching disabled.             cairo_renderer.py:79
[09/12/26 09:14:23] INFO     Animation 25 : Partial    scene_file_writer.py:588
                             movie file written in                             
                             'C:\Users\Windows                                 
                             11\Documents\Instagram\ma                         
                             tematica_em_movimento_30\                         
                             enem\media\videos\17_2023                         
                             _q150_escultura_cones\192                         
                             0p30\partial_movie_files\                         
                             Resolucao17\uncached_0002                         
                             5.mp4'                                            
                    INFO     Caching disabled.             cairo_renderer.py:79
[09/12/26 09:14:24] INFO     Animation 26 : Partial    scene_file_writer.py:588
                             movie file written in                             
                             'C:\Users\Windows                                 
                             11\Documents\Instagram\ma                         
                             tematica_em_movimento_30\                         
                             enem\media\videos\17_2023                         
                             _q150_escultura_cones\192                         
                             0p30\partial_movie_files\                         
                             Resolucao17\uncached_0002                         
                             6.mp4'                                            
                    INFO     Caching disabled.             cairo_renderer.py:79
                    INFO     Animation 27 : Partial    scene_file_writer.py:588
                             movie file written in                             
                             'C:\Users\Windows                                 
                             11\Documents\Instagram\ma                         
                             tematica_em_movimento_30\                         
                             enem\media\videos\17_2023                         
                             _q150_escultura_cones\192                         
                             0p30\partial_movie_files\                         
                             Resolucao17\uncached_0002                         
                             7.mp4'                                            
                    INFO     Caching disabled.             cairo_renderer.py:79
[09/12/26 09:14:25] INFO     Animation 28 : Partial    scene_file_writer.py:588
                             movie file written in                             
                             'C:\Users\Windows                                 
                             11\Documents\Instagram\ma                         
                             tematica_em_movimento_30\                         
                             enem\media\videos\17_2023                         
                             _q150_escultura_cones\192                         
                             0p30\partial_movie_files\                         
                             Resolucao17\uncached_0002                         
                             8.mp4'                                            
                    INFO     Writing                    tex_file_writing.py:111
                             {h\over36}={3\over9}={1\ov                        
                             er3} to                                           
                             media\Tex\017cdccec7b3c295                        
                             .tex                                              
latex: security risk: running with elevated privileges
dvisvgm: security risk: running with elevated privileges
[09/12/26 09:14:26] INFO     Automatically converted   scene_file_writer.py:377
                             C:\Users\Windows                                  
                             11\Documents\Instagram\ma                         
                             tematica_em_movimento_30\                         
                             enem\audio\ENEM-2023-MT-1                         
                             5\step_01.mp3 to .wav                             
                    INFO     Caching disabled.             cairo_renderer.py:79
[09/12/26 09:14:28] INFO     Animation 29 : Partial    scene_file_writer.py:588
                             movie file written in                             
                             'C:\Users\Windows                                 
                             11\Documents\Instagram\ma                         
                             tematica_em_movimento_30\                         
                             enem\media\videos\17_2023                         
                             _q150_escultura_cones\192                         
                             0p30\partial_movie_files\                         
                             Resolucao17\uncached_0002                         
                             9.mp4'                                            
                    INFO     Caching disabled.             cairo_renderer.py:79
[09/12/26 09:14:30] INFO     Animation 30 : Partial    scene_file_writer.py:588
                             movie file written in                             
                             'C:\Users\Windows                                 
                             11\Documents\Instagram\ma                         
                             tematica_em_movimento_30\                         
                             enem\media\videos\17_2023                         
                             _q150_escultura_cones\192                         
                             0p30\partial_movie_files\                         
                             Resolucao17\uncached_0003                         
                             0.mp4'                                            
                    INFO     Writing h=36/3=12\         tex_file_writing.py:111
                             \mathrm{cm} to                                    
                             media\Tex\a2af4c688b314594                        
                             .tex                                              
latex: security risk: running with elevated privileges
dvisvgm: security risk: running with elevated privileges
                    INFO     Automatically converted   scene_file_writer.py:377
                             C:\Users\Windows                                  
                             11\Documents\Instagram\ma                         
                             tematica_em_movimento_30\                         
                             enem\audio\ENEM-2023-MT-1                         
                             5\step_02.mp3 to .wav                             
                    INFO     Caching disabled.             cairo_renderer.py:79
[09/12/26 09:14:33] INFO     Animation 31 : Partial    scene_file_writer.py:588
                             movie file written in                             
                             'C:\Users\Windows                                 
                             11\Documents\Instagram\ma                         
                             tematica_em_movimento_30\                         
                             enem\media\videos\17_2023                         
                             _q150_escultura_cones\192                         
                             0p30\partial_movie_files\                         
                             Resolucao17\uncached_0003                         
                             1.mp4'                                            
                    INFO     Caching disabled.             cairo_renderer.py:79
[09/12/26 09:14:34] INFO     Animation 32 : Partial    scene_file_writer.py:588
                             movie file written in                             
                             'C:\Users\Windows                                 
                             11\Documents\Instagram\ma                         
                             tematica_em_movimento_30\                         
                             enem\media\videos\17_2023                         
                             _q150_escultura_cones\192                         
                             0p30\partial_movie_files\                         
                             Resolucao17\uncached_0003                         
                             2.mp4'                                            
                    INFO     Writing                    tex_file_writing.py:111
                             V_M={1\over3}\cdot3\cdot9^                        
                             2\cdot36=2916 to                                  
                             media\Tex\ab42f4b65d2d5c3d                        
                             .tex                                              
latex: security risk: running with elevated privileges
dvisvgm: security risk: running with elevated privileges
[09/12/26 09:14:35] INFO     Automatically converted   scene_file_writer.py:377
                             C:\Users\Windows                                  
                             11\Documents\Instagram\ma                         
                             tematica_em_movimento_30\                         
                             enem\audio\ENEM-2023-MT-1                         
                             5\step_03.mp3 to .wav                             
                    INFO     Caching disabled.             cairo_renderer.py:79
[09/12/26 09:14:37] INFO     Animation 33 : Partial    scene_file_writer.py:588
                             movie file written in                             
                             'C:\Users\Windows                                 
                             11\Documents\Instagram\ma                         
                             tematica_em_movimento_30\                         
                             enem\media\videos\17_2023                         
                             _q150_escultura_cones\192                         
                             0p30\partial_movie_files\                         
                             Resolucao17\uncached_0003                         
                             3.mp4'                                            
                    INFO     Caching disabled.             cairo_renderer.py:79
[09/12/26 09:14:40] INFO     Animation 34 : Partial    scene_file_writer.py:588
                             movie file written in                             
                             'C:\Users\Windows                                 
                             11\Documents\Instagram\ma                         
                             tematica_em_movimento_30\                         
                             enem\media\videos\17_2023                         
                             _q150_escultura_cones\192                         
                             0p30\partial_movie_files\                         
                             Resolucao17\uncached_0003                         
                             4.mp4'                                            
                    INFO     Writing                    tex_file_writing.py:111
                             V_m={1\over3}\cdot3\cdot3^                        
                             2\cdot12=108 to                                   
                             media\Tex\b9c14f0965cfd3ed                        
                             .tex                                              
latex: security risk: running with elevated privileges
dvisvgm: security risk: running with elevated privileges
[09/12/26 09:14:41] INFO     Automatically converted   scene_file_writer.py:377
                             C:\Users\Windows                                  
                             11\Documents\Instagram\ma                         
                             tematica_em_movimento_30\                         
                             enem\audio\ENEM-2023-MT-1                         
                             5\step_04.mp3 to .wav                             
                    INFO     Caching disabled.             cairo_renderer.py:79
[09/12/26 09:14:43] INFO     Animation 35 : Partial    scene_file_writer.py:588
                             movie file written in                             
                             'C:\Users\Windows                                 
                             11\Documents\Instagram\ma                         
                             tematica_em_movimento_30\                         
                             enem\media\videos\17_2023                         
                             _q150_escultura_cones\192                         
                             0p30\partial_movie_files\                         
                             Resolucao17\uncached_0003                         
                             5.mp4'                                            
                    INFO     Caching disabled.             cairo_renderer.py:79
[09/12/26 09:14:46] INFO     Animation 36 : Partial    scene_file_writer.py:588
                             movie file written in                             
                             'C:\Users\Windows                                 
                             11\Documents\Instagram\ma                         
                             tematica_em_movimento_30\                         
                             enem\media\videos\17_2023                         
                             _q150_escultura_cones\192                         
                             0p30\partial_movie_files\                         
                             Resolucao17\uncached_0003                         
                             6.mp4'                                            
                    INFO     Writing H_t=36-12=24 to    tex_file_writing.py:111
                             media\Tex\9a3f27b4274f8079                        
                             .tex                                              
latex: security risk: running with elevated privileges
dvisvgm: security risk: running with elevated privileges
[09/12/26 09:14:47] INFO     Automatically converted   scene_file_writer.py:377
                             C:\Users\Windows                                  
                             11\Documents\Instagram\ma                         
                             tematica_em_movimento_30\                         
                             enem\audio\ENEM-2023-MT-1                         
                             5\step_05.mp3 to .wav                             
                    INFO     Caching disabled.             cairo_renderer.py:79
[09/12/26 09:14:49] INFO     Animation 37 : Partial    scene_file_writer.py:588
                             movie file written in                             
                             'C:\Users\Windows                                 
                             11\Documents\Instagram\ma                         
                             tematica_em_movimento_30\                         
                             enem\media\videos\17_2023                         
                             _q150_escultura_cones\192                         
                             0p30\partial_movie_files\                         
                             Resolucao17\uncached_0003                         
                             7.mp4'                                            
                    INFO     Caching disabled.             cairo_renderer.py:79
[09/12/26 09:14:50] INFO     Animation 38 : Partial    scene_file_writer.py:588
                             movie file written in                             
                             'C:\Users\Windows                                 
                             11\Documents\Instagram\ma                         
                             tematica_em_movimento_30\                         
                             enem\media\videos\17_2023                         
                             _q150_escultura_cones\192                         
                             0p30\partial_movie_files\                         
                             Resolucao17\uncached_0003                         
                             8.mp4'                                            
                    INFO     Writing                    tex_file_writing.py:111
                             V_c=3\cdot3^2\cdot24=648                          
                             to                                                
                             media\Tex\efad85920fd89c50                        
                             .tex                                              
latex: security risk: running with elevated privileges
dvisvgm: security risk: running with elevated privileges
[09/12/26 09:14:51] INFO     Automatically converted   scene_file_writer.py:377
                             C:\Users\Windows                                  
                             11\Documents\Instagram\ma                         
                             tematica_em_movimento_30\                         
                             enem\audio\ENEM-2023-MT-1                         
                             5\step_06.mp3 to .wav                             
                    INFO     Caching disabled.             cairo_renderer.py:79
[09/12/26 09:14:53] INFO     Animation 39 : Partial    scene_file_writer.py:588
                             movie file written in                             
                             'C:\Users\Windows                                 
                             11\Documents\Instagram\ma                         
                             tematica_em_movimento_30\                         
                             enem\media\videos\17_2023                         
                             _q150_escultura_cones\192                         
                             0p30\partial_movie_files\                         
                             Resolucao17\uncached_0003                         
                             9.mp4'                                            
                    INFO     Caching disabled.             cairo_renderer.py:79
[09/12/26 09:14:56] INFO     Animation 40 : Partial    scene_file_writer.py:588
                             movie file written in                             
                             'C:\Users\Windows                                 
                             11\Documents\Instagram\ma                         
                             tematica_em_movimento_30\                         
                             enem\media\videos\17_2023                         
                             _q150_escultura_cones\192                         
                             0p30\partial_movie_files\                         
                             Resolucao17\uncached_0004                         
                             0.mp4'                                            
                    INFO     Writing                    tex_file_writing.py:111
                             V=2916-108-648=2160\                              
                             \mathrm{cm^3} to                                  
                             media\Tex\4e5097827b733e37                        
                             .tex                                              
latex: security risk: running with elevated privileges
dvisvgm: security risk: running with elevated privileges
[09/12/26 09:14:57] INFO     Automatically converted   scene_file_writer.py:377
                             C:\Users\Windows                                  
                             11\Documents\Instagram\ma                         
                             tematica_em_movimento_30\                         
                             enem\audio\ENEM-2023-MT-1                         
                             5\step_07.mp3 to .wav                             
                    INFO     Caching disabled.             cairo_renderer.py:79
[09/12/26 09:14:59] INFO     Animation 41 : Partial    scene_file_writer.py:588
                             movie file written in                             
                             'C:\Users\Windows                                 
                             11\Documents\Instagram\ma                         
                             tematica_em_movimento_30\                         
                             enem\media\videos\17_2023                         
                             _q150_escultura_cones\192                         
                             0p30\partial_movie_files\                         
                             Resolucao17\uncached_0004                         
                             1.mp4'                                            
                    INFO     Caching disabled.             cairo_renderer.py:79
[09/12/26 09:15:02] INFO     Animation 42 : Partial    scene_file_writer.py:588
                             movie file written in                             
                             'C:\Users\Windows                                 
                             11\Documents\Instagram\ma                         
                             tematica_em_movimento_30\                         
                             enem\media\videos\17_2023                         
                             _q150_escultura_cones\192                         
                             0p30\partial_movie_files\                         
                             Resolucao17\uncached_0004                         
                             2.mp4'                                            
                    INFO     Writing                    tex_file_writing.py:111
                             m=0{,}6\cdot2160=1296\                            
                             \mathrm g to                                      
                             media\Tex\00a6e40b66c0cefa                        
                             .tex                                              
latex: security risk: running with elevated privileges
dvisvgm: security risk: running with elevated privileges
[09/12/26 09:15:03] INFO     Automatically converted   scene_file_writer.py:377
                             C:\Users\Windows                                  
                             11\Documents\Instagram\ma                         
                             tematica_em_movimento_30\                         
                             enem\audio\ENEM-2023-MT-1                         
                             5\step_08.mp3 to .wav                             
                    INFO     Caching disabled.             cairo_renderer.py:79
[09/12/26 09:15:05] INFO     Animation 43 : Partial    scene_file_writer.py:588
                             movie file written in                             
                             'C:\Users\Windows                                 
                             11\Documents\Instagram\ma                         
                             tematica_em_movimento_30\                         
                             enem\media\videos\17_2023                         
                             _q150_escultura_cones\192                         
                             0p30\partial_movie_files\                         
                             Resolucao17\uncached_0004                         
                             3.mp4'                                            
                    INFO     Caching disabled.             cairo_renderer.py:79
[09/12/26 09:15:08] INFO     Animation 44 : Partial    scene_file_writer.py:588
                             movie file written in                             
                             'C:\Users\Windows                                 
                             11\Documents\Instagram\ma                         
                             tematica_em_movimento_30\                         
                             enem\media\videos\17_2023                         
                             _q150_escultura_cones\192                         
                             0p30\partial_movie_files\                         
                             Resolucao17\uncached_0004                         
                             4.mp4'                                            
                    INFO     Automatically converted   scene_file_writer.py:377
                             C:\Users\Windows                                  
                             11\Documents\Instagram\ma                         
                             tematica_em_movimento_30\                         
                             enem\audio\ENEM-2023-MT-1                         
                             5\answer.mp3 to .wav                              
                    INFO     Caching disabled.             cairo_renderer.py:79
[09/12/26 09:15:09] INFO     Animation 45 : Partial    scene_file_writer.py:588
                             movie file written in                             
                             'C:\Users\Windows                                 
                             11\Documents\Instagram\ma                         
                             tematica_em_movimento_30\                         
                             enem\media\videos\17_2023                         
                             _q150_escultura_cones\192                         
                             0p30\partial_movie_files\                         
                             Resolucao17\uncached_0004                         
                             5.mp4'                                            
                    INFO     Caching disabled.             cairo_renderer.py:79
[09/12/26 09:15:10] INFO     Animation 46 : Partial    scene_file_writer.py:588
                             movie file written in                             
                             'C:\Users\Windows                                 
                             11\Documents\Instagram\ma                         
                             tematica_em_movimento_30\                         
                             enem\media\videos\17_2023                         
                             _q150_escultura_cones\192                         
                             0p30\partial_movie_files\                         
                             Resolucao17\uncached_0004                         
                             6.mp4'                                            
                    INFO     Combining to Movie file.  scene_file_writer.py:739
[09/12/26 09:15:16] WARNING  Some options were not     scene_file_writer.py:801
                             used: {'shortest': '1',                           
                             'metadata':                                       
                             'comment=Rendered with                            
                             Manim Community v0.19.0'}                         
                    INFO                               scene_file_writer.py:886
                             File ready at                                     
                             'C:\Users\Windows                                 
                             11\Documents\Instagram\ma                         
                             tematica_em_movimento_30\                         
                             enem\media\videos\17_2023                         
                             _q150_escultura_cones\192                         
                             0p30\Resolucao17.mp4'                             
                                                                               
                    INFO     Rendered Resolucao17                  scene.py:255
                             Played 47 animations                              
You are using manim version v0.19.0, but version v0.21.0 is available.
You should consider upgrading via pip install -U manim
