Manim Community v0.19.0

[09/12/26 09:15:18] INFO     Automatically converted   scene_file_writer.py:377
                             C:\Users\Windows                                  
                             11\Documents\Instagram\ma                         
                             tematica_em_movimento_30\                         
                             enem\audio\ENEM-2023-MT-2                         
                             9\source.mp3 to .wav                              
                    INFO     Caching disabled.             cairo_renderer.py:79
[09/12/26 09:15:21] INFO     Animation 0 : Partial     scene_file_writer.py:588
                             movie file written in                             
                             'C:\Users\Windows                                 
                             11\Documents\Instagram\ma                         
                             tematica_em_movimento_30\                         
                             enem\media\videos\18_2023                         
                             _q164_roda_gigante\1920p3                         
                             0\partial_movie_files\Res                         
                             olucao18\uncached_00000.m                         
                             p4'                                               
                    INFO     Caching disabled.             cairo_renderer.py:79
[09/12/26 09:15:22] INFO     Animation 1 : Partial     scene_file_writer.py:588
                             movie file written in                             
                             'C:\Users\Windows                                 
                             11\Documents\Instagram\ma                         
                             tematica_em_movimento_30\                         
                             enem\media\videos\18_2023                         
                             _q164_roda_gigante\1920p3                         
                             0\partial_movie_files\Res                         
                             olucao18\uncached_00001.m                         
                             p4'                                               
                    INFO     Caching disabled.             cairo_renderer.py:79
[09/12/26 09:15:23] INFO     Animation 2 : Partial     scene_file_writer.py:588
                             movie file written in                             
                             'C:\Users\Windows                                 
                             11\Documents\Instagram\ma                         
                             tematica_em_movimento_30\                         
                             enem\media\videos\18_2023                         
                             _q164_roda_gigante\1920p3                         
                             0\partial_movie_files\Res                         
                             olucao18\uncached_00002.m                         
                             p4'                                               
                    INFO     Automatically converted   scene_file_writer.py:377
                             C:\Users\Windows                                  
                             11\Documents\Instagram\ma                         
                             tematica_em_movimento_30\                         
                             enem\audio\ENEM-2023-MT-2                         
                             9\statement_01.mp3 to                             
                             .wav                                              
                    INFO     Caching disabled.             cairo_renderer.py:79
[09/12/26 09:15:29] INFO     Animation 3 : Partial     scene_file_writer.py:588
                             movie file written in                             
                             'C:\Users\Windows                                 
                             11\Documents\Instagram\ma                         
                             tematica_em_movimento_30\                         
                             enem\media\videos\18_2023                         
                             _q164_roda_gigante\1920p3                         
                             0\partial_movie_files\Res                         
                             olucao18\uncached_00003.m                         
                             p4'                                               
                    INFO     Caching disabled.             cairo_renderer.py:79
[09/12/26 09:15:36] INFO     Animation 4 : Partial     scene_file_writer.py:588
                             movie file written in                             
                             'C:\Users\Windows                                 
                             11\Documents\Instagram\ma                         
                             tematica_em_movimento_30\                         
                             enem\media\videos\18_2023                         
                             _q164_roda_gigante\1920p3                         
                             0\partial_movie_files\Res                         
                             olucao18\uncached_00004.m                         
                             p4'                                               
                    INFO     Caching disabled.             cairo_renderer.py:79
[09/12/26 09:15:37] INFO     Animation 5 : Partial     scene_file_writer.py:588
                             movie file written in                             
                             'C:\Users\Windows                                 
                             11\Documents\Instagram\ma                         
                             tematica_em_movimento_30\                         
                             enem\media\videos\18_2023                         
                             _q164_roda_gigante\1920p3                         
                             0\partial_movie_files\Res                         
                             olucao18\uncached_00005.m                         
                             p4'                                               
                    INFO     Automatically converted   scene_file_writer.py:377
                             C:\Users\Windows                                  
                             11\Documents\Instagram\ma                         
                             tematica_em_movimento_30\                         
                             enem\audio\ENEM-2023-MT-2                         
                             9\statement_02.mp3 to                             
                             .wav                                              
                    INFO     Caching disabled.             cairo_renderer.py:79
[09/12/26 09:15:42] INFO     Animation 6 : Partial     scene_file_writer.py:588
                             movie file written in                             
                             'C:\Users\Windows                                 
                             11\Documents\Instagram\ma                         
                             tematica_em_movimento_30\                         
                             enem\media\videos\18_2023                         
                             _q164_roda_gigante\1920p3                         
                             0\partial_movie_files\Res                         
                             olucao18\uncached_00006.m                         
                             p4'                                               
                    INFO     Caching disabled.             cairo_renderer.py:79
[09/12/26 09:15:44] INFO     Animation 7 : Partial     scene_file_writer.py:588
                             movie file written in                             
                             'C:\Users\Windows                                 
                             11\Documents\Instagram\ma                         
                             tematica_em_movimento_30\                         
                             enem\media\videos\18_2023                         
                             _q164_roda_gigante\1920p3                         
                             0\partial_movie_files\Res                         
                             olucao18\uncached_00007.m                         
                             p4'                                               
                    INFO     Caching disabled.             cairo_renderer.py:79
[09/12/26 09:15:45] INFO     Animation 8 : Partial     scene_file_writer.py:588
                             movie file written in                             
                             'C:\Users\Windows                                 
                             11\Documents\Instagram\ma                         
                             tematica_em_movimento_30\                         
                             enem\media\videos\18_2023                         
                             _q164_roda_gigante\1920p3                         
                             0\partial_movie_files\Res                         
                             olucao18\uncached_00008.m                         
                             p4'                                               
                    INFO     Caching disabled.             cairo_renderer.py:79
                    INFO     Animation 9 : Partial     scene_file_writer.py:588
                             movie file written in                             
                             'C:\Users\Windows                                 
                             11\Documents\Instagram\ma                         
                             tematica_em_movimento_30\                         
                             enem\media\videos\18_2023                         
                             _q164_roda_gigante\1920p3                         
                             0\partial_movie_files\Res                         
                             olucao18\uncached_00009.m                         
                             p4'                                               
                    INFO     Writing P to               tex_file_writing.py:111
                             media\Tex\5f4e4499e33519cd                        
                             .tex                                              
latex: security risk: running with elevated privileges
dvisvgm: security risk: running with elevated privileges
[09/12/26 09:15:46] INFO     Automatically converted   scene_file_writer.py:377
                             C:\Users\Windows                                  
                             11\Documents\Instagram\ma                         
                             tematica_em_movimento_30\                         
                             enem\audio\ENEM-2023-MT-2                         
                             9\figure.mp3 to .wav                              
                    INFO     Caching disabled.             cairo_renderer.py:79
[09/12/26 09:15:50] INFO     Animation 10 : Partial    scene_file_writer.py:588
                             movie file written in                             
                             'C:\Users\Windows                                 
                             11\Documents\Instagram\ma                         
                             tematica_em_movimento_30\                         
                             enem\media\videos\18_2023                         
                             _q164_roda_gigante\1920p3                         
                             0\partial_movie_files\Res                         
                             olucao18\uncached_00010.m                         
                             p4'                                               
                    INFO     Caching disabled.             cairo_renderer.py:79
[09/12/26 09:15:53] INFO     Animation 11 : Partial    scene_file_writer.py:588
                             movie file written in                             
                             'C:\Users\Windows                                 
                             11\Documents\Instagram\ma                         
                             tematica_em_movimento_30\                         
                             enem\media\videos\18_2023                         
                             _q164_roda_gigante\1920p3                         
                             0\partial_movie_files\Res                         
                             olucao18\uncached_00011.m                         
                             p4'                                               
                    INFO     Caching disabled.             cairo_renderer.py:79
[09/12/26 09:15:54] INFO     Animation 12 : Partial    scene_file_writer.py:588
                             movie file written in                             
                             'C:\Users\Windows                                 
                             11\Documents\Instagram\ma                         
                             tematica_em_movimento_30\                         
                             enem\media\videos\18_2023                         
                             _q164_roda_gigante\1920p3                         
                             0\partial_movie_files\Res                         
                             olucao18\uncached_00012.m                         
                             p4'                                               
                    INFO     Automatically converted   scene_file_writer.py:377
                             C:\Users\Windows                                  
                             11\Documents\Instagram\ma                         
                             tematica_em_movimento_30\                         
                             enem\audio\ENEM-2023-MT-2                         
                             9\options.mp3 to .wav                             
                    INFO     Caching disabled.             cairo_renderer.py:79
[09/12/26 09:15:56] INFO     Animation 13 : Partial    scene_file_writer.py:588
                             movie file written in                             
                             'C:\Users\Windows                                 
                             11\Documents\Instagram\ma                         
                             tematica_em_movimento_30\                         
                             enem\media\videos\18_2023                         
                             _q164_roda_gigante\1920p3                         
                             0\partial_movie_files\Res                         
                             olucao18\uncached_00013.m                         
                             p4'                                               
                    INFO     Caching disabled.             cairo_renderer.py:79
[09/12/26 09:16:00] INFO     Animation 14 : Partial    scene_file_writer.py:588
                             movie file written in                             
                             'C:\Users\Windows                                 
                             11\Documents\Instagram\ma                         
                             tematica_em_movimento_30\                         
                             enem\media\videos\18_2023                         
                             _q164_roda_gigante\1920p3                         
                             0\partial_movie_files\Res                         
                             olucao18\uncached_00014.m                         
                             p4'                                               
                    INFO     Caching disabled.             cairo_renderer.py:79
[09/12/26 09:16:01] INFO     Animation 15 : Partial    scene_file_writer.py:588
                             movie file written in                             
                             'C:\Users\Windows                                 
                             11\Documents\Instagram\ma                         
                             tematica_em_movimento_30\                         
                             enem\media\videos\18_2023                         
                             _q164_roda_gigante\1920p3                         
                             0\partial_movie_files\Res                         
                             olucao18\uncached_00015.m                         
                             p4'                                               
                    INFO     Automatically converted   scene_file_writer.py:377
                             C:\Users\Windows                                  
                             11\Documents\Instagram\ma                         
                             tematica_em_movimento_30\                         
                             enem\audio\ENEM-2023-MT-2                         
                             9\data.mp3 to .wav                                
                    INFO     Caching disabled.             cairo_renderer.py:79
[09/12/26 09:16:05] INFO     Animation 16 : Partial    scene_file_writer.py:588
                             movie file written in                             
                             'C:\Users\Windows                                 
                             11\Documents\Instagram\ma                         
                             tematica_em_movimento_30\                         
                             enem\media\videos\18_2023                         
                             _q164_roda_gigante\1920p3                         
                             0\partial_movie_files\Res                         
                             olucao18\uncached_00016.m                         
                             p4'                                               
                    INFO     Caching disabled.             cairo_renderer.py:79
[09/12/26 09:16:08] INFO     Animation 17 : Partial    scene_file_writer.py:588
                             movie file written in                             
                             'C:\Users\Windows                                 
                             11\Documents\Instagram\ma                         
                             tematica_em_movimento_30\                         
                             enem\media\videos\18_2023                         
                             _q164_roda_gigante\1920p3                         
                             0\partial_movie_files\Res                         
                             olucao18\uncached_00017.m                         
                             p4'                                               
                    INFO     Caching disabled.             cairo_renderer.py:79
[09/12/26 09:16:09] INFO     Animation 18 : Partial    scene_file_writer.py:588
                             movie file written in                             
                             'C:\Users\Windows                                 
                             11\Documents\Instagram\ma                         
                             tematica_em_movimento_30\                         
                             enem\media\videos\18_2023                         
                             _q164_roda_gigante\1920p3                         
                             0\partial_movie_files\Res                         
                             olucao18\uncached_00018.m                         
                             p4'                                               
[09/12/26 09:16:10] INFO     Automatically converted   scene_file_writer.py:377
                             C:\Users\Windows                                  
                             11\Documents\Instagram\ma                         
                             tematica_em_movimento_30\                         
                             enem\audio\ENEM-2023-MT-2                         
                             9\strategy.mp3 to .wav                            
                    INFO     Caching disabled.             cairo_renderer.py:79
[09/12/26 09:16:14] INFO     Animation 19 : Partial    scene_file_writer.py:588
                             movie file written in                             
                             'C:\Users\Windows                                 
                             11\Documents\Instagram\ma                         
                             tematica_em_movimento_30\                         
                             enem\media\videos\18_2023                         
                             _q164_roda_gigante\1920p3                         
                             0\partial_movie_files\Res                         
                             olucao18\uncached_00019.m                         
                             p4'                                               
                    INFO     Caching disabled.             cairo_renderer.py:79
[09/12/26 09:16:18] INFO     Animation 20 : Partial    scene_file_writer.py:588
                             movie file written in                             
                             'C:\Users\Windows                                 
                             11\Documents\Instagram\ma                         
                             tematica_em_movimento_30\                         
                             enem\media\videos\18_2023                         
                             _q164_roda_gigante\1920p3                         
                             0\partial_movie_files\Res                         
                             olucao18\uncached_00020.m                         
                             p4'                                               
                    INFO     Caching disabled.             cairo_renderer.py:79
[09/12/26 09:16:19] INFO     Animation 21 : Partial    scene_file_writer.py:588
                             movie file written in                             
                             'C:\Users\Windows                                 
                             11\Documents\Instagram\ma                         
                             tematica_em_movimento_30\                         
                             enem\media\videos\18_2023                         
                             _q164_roda_gigante\1920p3                         
                             0\partial_movie_files\Res                         
                             olucao18\uncached_00021.m                         
                             p4'                                               
                    INFO     Automatically converted   scene_file_writer.py:377
                             C:\Users\Windows                                  
                             11\Documents\Instagram\ma                         
                             tematica_em_movimento_30\                         
                             enem\audio\ENEM-2023-MT-2                         
                             9\visual.mp3 to .wav                              
                    INFO     Caching disabled.             cairo_renderer.py:79
[09/12/26 09:16:21] INFO     Animation 22 : Partial    scene_file_writer.py:588
                             movie file written in                             
                             'C:\Users\Windows                                 
                             11\Documents\Instagram\ma                         
                             tematica_em_movimento_30\                         
                             enem\media\videos\18_2023                         
                             _q164_roda_gigante\1920p3                         
                             0\partial_movie_files\Res                         
                             olucao18\uncached_00022.m                         
                             p4'                                               
                    INFO     Caching disabled.             cairo_renderer.py:79
[09/12/26 09:16:22] INFO     Animation 23 : Partial    scene_file_writer.py:588
                             movie file written in                             
                             'C:\Users\Windows                                 
                             11\Documents\Instagram\ma                         
                             tematica_em_movimento_30\                         
                             enem\media\videos\18_2023                         
                             _q164_roda_gigante\1920p3                         
                             0\partial_movie_files\Res                         
                             olucao18\uncached_00023.m                         
                             p4'                                               
                    INFO     Caching disabled.             cairo_renderer.py:79
                    INFO     Animation 24 : Partial    scene_file_writer.py:588
                             movie file written in                             
                             'C:\Users\Windows                                 
                             11\Documents\Instagram\ma                         
                             tematica_em_movimento_30\                         
                             enem\media\videos\18_2023                         
                             _q164_roda_gigante\1920p3                         
                             0\partial_movie_files\Res                         
                             olucao18\uncached_00024.m                         
                             p4'                                               
                    INFO     Caching disabled.             cairo_renderer.py:79
[09/12/26 09:16:23] INFO     Animation 25 : Partial    scene_file_writer.py:588
                             movie file written in                             
                             'C:\Users\Windows                                 
                             11\Documents\Instagram\ma                         
                             tematica_em_movimento_30\                         
                             enem\media\videos\18_2023                         
                             _q164_roda_gigante\1920p3                         
                             0\partial_movie_files\Res                         
                             olucao18\uncached_00025.m                         
                             p4'                                               
                    INFO     Writing \theta(t)=\omega t tex_file_writing.py:111
                             to                                                
                             media\Tex\610645d0be418104                        
                             .tex                                              
latex: security risk: running with elevated privileges
dvisvgm: security risk: running with elevated privileges
                    INFO     Automatically converted   scene_file_writer.py:377
                             C:\Users\Windows                                  
                             11\Documents\Instagram\ma                         
                             tematica_em_movimento_30\                         
                             enem\audio\ENEM-2023-MT-2                         
                             9\step_01.mp3 to .wav                             
                    INFO     Caching disabled.             cairo_renderer.py:79
[09/12/26 09:16:25] INFO     Animation 26 : Partial    scene_file_writer.py:588
                             movie file written in                             
                             'C:\Users\Windows                                 
                             11\Documents\Instagram\ma                         
                             tematica_em_movimento_30\                         
                             enem\media\videos\18_2023                         
                             _q164_roda_gigante\1920p3                         
                             0\partial_movie_files\Res                         
                             olucao18\uncached_00026.m                         
                             p4'                                               
                    INFO     Caching disabled.             cairo_renderer.py:79
[09/12/26 09:16:27] INFO     Animation 27 : Partial    scene_file_writer.py:588
                             movie file written in                             
                             'C:\Users\Windows                                 
                             11\Documents\Instagram\ma                         
                             tematica_em_movimento_30\                         
                             enem\media\videos\18_2023                         
                             _q164_roda_gigante\1920p3                         
                             0\partial_movie_files\Res                         
                             olucao18\uncached_00027.m                         
                             p4'                                               
                    INFO     Writing                    tex_file_writing.py:111
                             h(t)=h_c+R\cos(\omega t)                          
                             to                                                
                             media\Tex\8d6a632a5c331bd3                        
                             .tex                                              
latex: security risk: running with elevated privileges
dvisvgm: security risk: running with elevated privileges
                    INFO     Automatically converted   scene_file_writer.py:377
                             C:\Users\Windows                                  
                             11\Documents\Instagram\ma                         
                             tematica_em_movimento_30\                         
                             enem\audio\ENEM-2023-MT-2                         
                             9\step_02.mp3 to .wav                             
                    INFO     Caching disabled.             cairo_renderer.py:79
[09/12/26 09:16:30] INFO     Animation 28 : Partial    scene_file_writer.py:588
                             movie file written in                             
                             'C:\Users\Windows                                 
                             11\Documents\Instagram\ma                         
                             tematica_em_movimento_30\                         
                             enem\media\videos\18_2023                         
                             _q164_roda_gigante\1920p3                         
                             0\partial_movie_files\Res                         
                             olucao18\uncached_00028.m                         
                             p4'                                               
                    INFO     Caching disabled.             cairo_renderer.py:79
[09/12/26 09:16:31] INFO     Animation 29 : Partial    scene_file_writer.py:588
                             movie file written in                             
                             'C:\Users\Windows                                 
                             11\Documents\Instagram\ma                         
                             tematica_em_movimento_30\                         
                             enem\media\videos\18_2023                         
                             _q164_roda_gigante\1920p3                         
                             0\partial_movie_files\Res                         
                             olucao18\uncached_00029.m                         
                             p4'                                               
                    INFO     Writing                    tex_file_writing.py:111
                             h(0)=h_c+R\quad\text{máxim                        
                             o} to                                             
                             media\Tex\7d340e2e6027cdae                        
                             .tex                                              
latex: security risk: running with elevated privileges
dvisvgm: security risk: running with elevated privileges
[09/12/26 09:16:32] INFO     Automatically converted   scene_file_writer.py:377
                             C:\Users\Windows                                  
                             11\Documents\Instagram\ma                         
                             tematica_em_movimento_30\                         
                             enem\audio\ENEM-2023-MT-2                         
                             9\step_03.mp3 to .wav                             
                    INFO     Caching disabled.             cairo_renderer.py:79
[09/12/26 09:16:34] INFO     Animation 30 : Partial    scene_file_writer.py:588
                             movie file written in                             
                             'C:\Users\Windows                                 
                             11\Documents\Instagram\ma                         
                             tematica_em_movimento_30\                         
                             enem\media\videos\18_2023                         
                             _q164_roda_gigante\1920p3                         
                             0\partial_movie_files\Res                         
                             olucao18\uncached_00030.m                         
                             p4'                                               
                    INFO     Caching disabled.             cairo_renderer.py:79
[09/12/26 09:16:36] INFO     Animation 31 : Partial    scene_file_writer.py:588
                             movie file written in                             
                             'C:\Users\Windows                                 
                             11\Documents\Instagram\ma                         
                             tematica_em_movimento_30\                         
                             enem\media\videos\18_2023                         
                             _q164_roda_gigante\1920p3                         
                             0\partial_movie_files\Res                         
                             olucao18\uncached_00031.m                         
                             p4'                                               
                    INFO     Writing                    tex_file_writing.py:111
                             h(t+2\pi/\omega)=h(t) to                          
                             media\Tex\f243e9806a3cebbf                        
                             .tex                                              
latex: security risk: running with elevated privileges
dvisvgm: security risk: running with elevated privileges
[09/12/26 09:16:37] INFO     Automatically converted   scene_file_writer.py:377
                             C:\Users\Windows                                  
                             11\Documents\Instagram\ma                         
                             tematica_em_movimento_30\                         
                             enem\audio\ENEM-2023-MT-2                         
                             9\step_04.mp3 to .wav                             
                    INFO     Caching disabled.             cairo_renderer.py:79
[09/12/26 09:16:39] INFO     Animation 32 : Partial    scene_file_writer.py:588
                             movie file written in                             
                             'C:\Users\Windows                                 
                             11\Documents\Instagram\ma                         
                             tematica_em_movimento_30\                         
                             enem\media\videos\18_2023                         
                             _q164_roda_gigante\1920p3                         
                             0\partial_movie_files\Res                         
                             olucao18\uncached_00032.m                         
                             p4'                                               
                    INFO     Caching disabled.             cairo_renderer.py:79
[09/12/26 09:16:41] INFO     Animation 33 : Partial    scene_file_writer.py:588
                             movie file written in                             
                             'C:\Users\Windows                                 
                             11\Documents\Instagram\ma                         
                             tematica_em_movimento_30\                         
                             enem\media\videos\18_2023                         
                             _q164_roda_gigante\1920p3                         
                             0\partial_movie_files\Res                         
                             olucao18\uncached_00033.m                         
                             p4'                                               
                    INFO     Writing \text{gráfico A}   tex_file_writing.py:111
                             to                                                
                             media\Tex\f7b6b25dc1ebb849                        
                             .tex                                              
latex: security risk: running with elevated privileges
dvisvgm: security risk: running with elevated privileges
[09/12/26 09:16:42] INFO     Automatically converted   scene_file_writer.py:377
                             C:\Users\Windows                                  
                             11\Documents\Instagram\ma                         
                             tematica_em_movimento_30\                         
                             enem\audio\ENEM-2023-MT-2                         
                             9\step_05.mp3 to .wav                             
                    INFO     Caching disabled.             cairo_renderer.py:79
[09/12/26 09:16:43] INFO     Animation 34 : Partial    scene_file_writer.py:588
                             movie file written in                             
                             'C:\Users\Windows                                 
                             11\Documents\Instagram\ma                         
                             tematica_em_movimento_30\                         
                             enem\media\videos\18_2023                         
                             _q164_roda_gigante\1920p3                         
                             0\partial_movie_files\Res                         
                             olucao18\uncached_00034.m                         
                             p4'                                               
                    INFO     Caching disabled.             cairo_renderer.py:79
[09/12/26 09:16:44] INFO     Animation 35 : Partial    scene_file_writer.py:588
                             movie file written in                             
                             'C:\Users\Windows                                 
                             11\Documents\Instagram\ma                         
                             tematica_em_movimento_30\                         
                             enem\media\videos\18_2023                         
                             _q164_roda_gigante\1920p3                         
                             0\partial_movie_files\Res                         
                             olucao18\uncached_00035.m                         
                             p4'                                               
                    INFO     Automatically converted   scene_file_writer.py:377
                             C:\Users\Windows                                  
                             11\Documents\Instagram\ma                         
                             tematica_em_movimento_30\                         
                             enem\audio\ENEM-2023-MT-2                         
                             9\answer.mp3 to .wav                              
                    INFO     Caching disabled.             cairo_renderer.py:79
[09/12/26 09:16:46] INFO     Animation 36 : Partial    scene_file_writer.py:588
                             movie file written in                             
                             'C:\Users\Windows                                 
                             11\Documents\Instagram\ma                         
                             tematica_em_movimento_30\                         
                             enem\media\videos\18_2023                         
                             _q164_roda_gigante\1920p3                         
                             0\partial_movie_files\Res                         
                             olucao18\uncached_00036.m                         
                             p4'                                               
                    INFO     Caching disabled.             cairo_renderer.py:79
[09/12/26 09:16:48] INFO     Animation 37 : Partial    scene_file_writer.py:588
                             movie file written in                             
                             'C:\Users\Windows                                 
                             11\Documents\Instagram\ma                         
                             tematica_em_movimento_30\                         
                             enem\media\videos\18_2023                         
                             _q164_roda_gigante\1920p3                         
                             0\partial_movie_files\Res                         
                             olucao18\uncached_00037.m                         
                             p4'                                               
                    INFO     Combining to Movie file.  scene_file_writer.py:739
[09/12/26 09:16:52] WARNING  Some options were not     scene_file_writer.py:801
                             used: {'shortest': '1',                           
                             'metadata':                                       
                             'comment=Rendered with                            
                             Manim Community v0.19.0'}                         
                    INFO                               scene_file_writer.py:886
                             File ready at                                     
                             'C:\Users\Windows                                 
                             11\Documents\Instagram\ma                         
                             tematica_em_movimento_30\                         
                             enem\media\videos\18_2023                         
                             _q164_roda_gigante\1920p3                         
                             0\Resolucao18.mp4'                                
                                                                               
                    INFO     Rendered Resolucao18                  scene.py:255
                             Played 38 animations                              
You are using manim version v0.19.0, but version v0.21.0 is available.
You should consider upgrading via pip install -U manim
