Manim Community v0.19.0

[09/12/26 09:16:54] INFO     Automatically converted   scene_file_writer.py:377
                             C:\Users\Windows                                  
                             11\Documents\Instagram\ma                         
                             tematica_em_movimento_30\                         
                             enem\audio\ENEM-2023-MT-3                         
                             1\source.mp3 to .wav                              
                    INFO     Caching disabled.             cairo_renderer.py:79
[09/12/26 09:16:56] INFO     Animation 0 : Partial     scene_file_writer.py:588
                             movie file written in                             
                             'C:\Users\Windows                                 
                             11\Documents\Instagram\ma                         
                             tematica_em_movimento_30\                         
                             enem\media\videos\19_2023                         
                             _q166_reservatorio\1920p3                         
                             0\partial_movie_files\Res                         
                             olucao19\uncached_00000.m                         
                             p4'                                               
                    INFO     Caching disabled.             cairo_renderer.py:79
[09/12/26 09:16:58] INFO     Animation 1 : Partial     scene_file_writer.py:588
                             movie file written in                             
                             'C:\Users\Windows                                 
                             11\Documents\Instagram\ma                         
                             tematica_em_movimento_30\                         
                             enem\media\videos\19_2023                         
                             _q166_reservatorio\1920p3                         
                             0\partial_movie_files\Res                         
                             olucao19\uncached_00001.m                         
                             p4'                                               
                    INFO     Caching disabled.             cairo_renderer.py:79
                    INFO     Animation 2 : Partial     scene_file_writer.py:588
                             movie file written in                             
                             'C:\Users\Windows                                 
                             11\Documents\Instagram\ma                         
                             tematica_em_movimento_30\                         
                             enem\media\videos\19_2023                         
                             _q166_reservatorio\1920p3                         
                             0\partial_movie_files\Res                         
                             olucao19\uncached_00002.m                         
                             p4'                                               
[09/12/26 09:16:59] INFO     Automatically converted   scene_file_writer.py:377
                             C:\Users\Windows                                  
                             11\Documents\Instagram\ma                         
                             tematica_em_movimento_30\                         
                             enem\audio\ENEM-2023-MT-3                         
                             1\statement_01.mp3 to                             
                             .wav                                              
                    INFO     Caching disabled.             cairo_renderer.py:79
[09/12/26 09:17:06] INFO     Animation 3 : Partial     scene_file_writer.py:588
                             movie file written in                             
                             'C:\Users\Windows                                 
                             11\Documents\Instagram\ma                         
                             tematica_em_movimento_30\                         
                             enem\media\videos\19_2023                         
                             _q166_reservatorio\1920p3                         
                             0\partial_movie_files\Res                         
                             olucao19\uncached_00003.m                         
                             p4'                                               
                    INFO     Caching disabled.             cairo_renderer.py:79
[09/12/26 09:17:15] INFO     Animation 4 : Partial     scene_file_writer.py:588
                             movie file written in                             
                             'C:\Users\Windows                                 
                             11\Documents\Instagram\ma                         
                             tematica_em_movimento_30\                         
                             enem\media\videos\19_2023                         
                             _q166_reservatorio\1920p3                         
                             0\partial_movie_files\Res                         
                             olucao19\uncached_00004.m                         
                             p4'                                               
                    INFO     Caching disabled.             cairo_renderer.py:79
[09/12/26 09:17:17] INFO     Animation 5 : Partial     scene_file_writer.py:588
                             movie file written in                             
                             'C:\Users\Windows                                 
                             11\Documents\Instagram\ma                         
                             tematica_em_movimento_30\                         
                             enem\media\videos\19_2023                         
                             _q166_reservatorio\1920p3                         
                             0\partial_movie_files\Res                         
                             olucao19\uncached_00005.m                         
                             p4'                                               
                    INFO     Automatically converted   scene_file_writer.py:377
                             C:\Users\Windows                                  
                             11\Documents\Instagram\ma                         
                             tematica_em_movimento_30\                         
                             enem\audio\ENEM-2023-MT-3                         
                             1\statement_02.mp3 to                             
                             .wav                                              
                    INFO     Caching disabled.             cairo_renderer.py:79
[09/12/26 09:17:23] INFO     Animation 6 : Partial     scene_file_writer.py:588
                             movie file written in                             
                             'C:\Users\Windows                                 
                             11\Documents\Instagram\ma                         
                             tematica_em_movimento_30\                         
                             enem\media\videos\19_2023                         
                             _q166_reservatorio\1920p3                         
                             0\partial_movie_files\Res                         
                             olucao19\uncached_00006.m                         
                             p4'                                               
                    INFO     Caching disabled.             cairo_renderer.py:79
[09/12/26 09:17:28] INFO     Animation 7 : Partial     scene_file_writer.py:588
                             movie file written in                             
                             'C:\Users\Windows                                 
                             11\Documents\Instagram\ma                         
                             tematica_em_movimento_30\                         
                             enem\media\videos\19_2023                         
                             _q166_reservatorio\1920p3                         
                             0\partial_movie_files\Res                         
                             olucao19\uncached_00007.m                         
                             p4'                                               
                    INFO     Caching disabled.             cairo_renderer.py:79
[09/12/26 09:17:29] INFO     Animation 8 : Partial     scene_file_writer.py:588
                             movie file written in                             
                             'C:\Users\Windows                                 
                             11\Documents\Instagram\ma                         
                             tematica_em_movimento_30\                         
                             enem\media\videos\19_2023                         
                             _q166_reservatorio\1920p3                         
                             0\partial_movie_files\Res                         
                             olucao19\uncached_00008.m                         
                             p4'                                               
                    INFO     Automatically converted   scene_file_writer.py:377
                             C:\Users\Windows                                  
                             11\Documents\Instagram\ma                         
                             tematica_em_movimento_30\                         
                             enem\audio\ENEM-2023-MT-3                         
                             1\statement_03.mp3 to                             
                             .wav                                              
                    INFO     Caching disabled.             cairo_renderer.py:79
[09/12/26 09:17:33] INFO     Animation 9 : Partial     scene_file_writer.py:588
                             movie file written in                             
                             'C:\Users\Windows                                 
                             11\Documents\Instagram\ma                         
                             tematica_em_movimento_30\                         
                             enem\media\videos\19_2023                         
                             _q166_reservatorio\1920p3                         
                             0\partial_movie_files\Res                         
                             olucao19\uncached_00009.m                         
                             p4'                                               
                    INFO     Caching disabled.             cairo_renderer.py:79
[09/12/26 09:17:36] INFO     Animation 10 : Partial    scene_file_writer.py:588
                             movie file written in                             
                             'C:\Users\Windows                                 
                             11\Documents\Instagram\ma                         
                             tematica_em_movimento_30\                         
                             enem\media\videos\19_2023                         
                             _q166_reservatorio\1920p3                         
                             0\partial_movie_files\Res                         
                             olucao19\uncached_00010.m                         
                             p4'                                               
                    INFO     Caching disabled.             cairo_renderer.py:79
[09/12/26 09:17:37] INFO     Animation 11 : Partial    scene_file_writer.py:588
                             movie file written in                             
                             'C:\Users\Windows                                 
                             11\Documents\Instagram\ma                         
                             tematica_em_movimento_30\                         
                             enem\media\videos\19_2023                         
                             _q166_reservatorio\1920p3                         
                             0\partial_movie_files\Res                         
                             olucao19\uncached_00011.m                         
                             p4'                                               
                    INFO     Caching disabled.             cairo_renderer.py:79
                    INFO     Animation 12 : Partial    scene_file_writer.py:588
                             movie file written in                             
                             'C:\Users\Windows                                 
                             11\Documents\Instagram\ma                         
                             tematica_em_movimento_30\                         
                             enem\media\videos\19_2023                         
                             _q166_reservatorio\1920p3                         
                             0\partial_movie_files\Res                         
                             olucao19\uncached_00012.m                         
                             p4'                                               
                    INFO     Automatically converted   scene_file_writer.py:377
                             C:\Users\Windows                                  
                             11\Documents\Instagram\ma                         
                             tematica_em_movimento_30\                         
                             enem\audio\ENEM-2023-MT-3                         
                             1\options.mp3 to .wav                             
                    INFO     Caching disabled.             cairo_renderer.py:79
[09/12/26 09:17:39] INFO     Animation 13 : Partial    scene_file_writer.py:588
                             movie file written in                             
                             'C:\Users\Windows                                 
                             11\Documents\Instagram\ma                         
                             tematica_em_movimento_30\                         
                             enem\media\videos\19_2023                         
                             _q166_reservatorio\1920p3                         
                             0\partial_movie_files\Res                         
                             olucao19\uncached_00013.m                         
                             p4'                                               
                    INFO     Caching disabled.             cairo_renderer.py:79
[09/12/26 09:17:42] INFO     Animation 14 : Partial    scene_file_writer.py:588
                             movie file written in                             
                             'C:\Users\Windows                                 
                             11\Documents\Instagram\ma                         
                             tematica_em_movimento_30\                         
                             enem\media\videos\19_2023                         
                             _q166_reservatorio\1920p3                         
                             0\partial_movie_files\Res                         
                             olucao19\uncached_00014.m                         
                             p4'                                               
                    INFO     Caching disabled.             cairo_renderer.py:79
                    INFO     Animation 15 : Partial    scene_file_writer.py:588
                             movie file written in                             
                             'C:\Users\Windows                                 
                             11\Documents\Instagram\ma                         
                             tematica_em_movimento_30\                         
                             enem\media\videos\19_2023                         
                             _q166_reservatorio\1920p3                         
                             0\partial_movie_files\Res                         
                             olucao19\uncached_00015.m                         
                             p4'                                               
                    INFO     Automatically converted   scene_file_writer.py:377
                             C:\Users\Windows                                  
                             11\Documents\Instagram\ma                         
                             tematica_em_movimento_30\                         
                             enem\audio\ENEM-2023-MT-3                         
                             1\data.mp3 to .wav                                
                    INFO     Caching disabled.             cairo_renderer.py:79
[09/12/26 09:17:45] INFO     Animation 16 : Partial    scene_file_writer.py:588
                             movie file written in                             
                             'C:\Users\Windows                                 
                             11\Documents\Instagram\ma                         
                             tematica_em_movimento_30\                         
                             enem\media\videos\19_2023                         
                             _q166_reservatorio\1920p3                         
                             0\partial_movie_files\Res                         
                             olucao19\uncached_00016.m                         
                             p4'                                               
                    INFO     Caching disabled.             cairo_renderer.py:79
[09/12/26 09:17:51] INFO     Animation 17 : Partial    scene_file_writer.py:588
                             movie file written in                             
                             'C:\Users\Windows                                 
                             11\Documents\Instagram\ma                         
                             tematica_em_movimento_30\                         
                             enem\media\videos\19_2023                         
                             _q166_reservatorio\1920p3                         
                             0\partial_movie_files\Res                         
                             olucao19\uncached_00017.m                         
                             p4'                                               
                    INFO     Caching disabled.             cairo_renderer.py:79
[09/12/26 09:17:52] INFO     Animation 18 : Partial    scene_file_writer.py:588
                             movie file written in                             
                             'C:\Users\Windows                                 
                             11\Documents\Instagram\ma                         
                             tematica_em_movimento_30\                         
                             enem\media\videos\19_2023                         
                             _q166_reservatorio\1920p3                         
                             0\partial_movie_files\Res                         
                             olucao19\uncached_00018.m                         
                             p4'                                               
                    INFO     Automatically converted   scene_file_writer.py:377
                             C:\Users\Windows                                  
                             11\Documents\Instagram\ma                         
                             tematica_em_movimento_30\                         
                             enem\audio\ENEM-2023-MT-3                         
                             1\strategy.mp3 to .wav                            
                    INFO     Caching disabled.             cairo_renderer.py:79
[09/12/26 09:17:57] INFO     Animation 19 : Partial    scene_file_writer.py:588
                             movie file written in                             
                             'C:\Users\Windows                                 
                             11\Documents\Instagram\ma                         
                             tematica_em_movimento_30\                         
                             enem\media\videos\19_2023                         
                             _q166_reservatorio\1920p3                         
                             0\partial_movie_files\Res                         
                             olucao19\uncached_00019.m                         
                             p4'                                               
                    INFO     Caching disabled.             cairo_renderer.py:79
[09/12/26 09:18:02] INFO     Animation 20 : Partial    scene_file_writer.py:588
                             movie file written in                             
                             'C:\Users\Windows                                 
                             11\Documents\Instagram\ma                         
                             tematica_em_movimento_30\                         
                             enem\media\videos\19_2023                         
                             _q166_reservatorio\1920p3                         
                             0\partial_movie_files\Res                         
                             olucao19\uncached_00020.m                         
                             p4'                                               
                    INFO     Caching disabled.             cairo_renderer.py:79
[09/12/26 09:18:03] INFO     Animation 21 : Partial    scene_file_writer.py:588
                             movie file written in                             
                             'C:\Users\Windows                                 
                             11\Documents\Instagram\ma                         
                             tematica_em_movimento_30\                         
                             enem\media\videos\19_2023                         
                             _q166_reservatorio\1920p3                         
                             0\partial_movie_files\Res                         
                             olucao19\uncached_00021.m                         
                             p4'                                               
                    INFO     Automatically converted   scene_file_writer.py:377
                             C:\Users\Windows                                  
                             11\Documents\Instagram\ma                         
                             tematica_em_movimento_30\                         
                             enem\audio\ENEM-2023-MT-3                         
                             1\visual.mp3 to .wav                              
                    INFO     Caching disabled.             cairo_renderer.py:79
[09/12/26 09:18:05] INFO     Animation 22 : Partial    scene_file_writer.py:588
                             movie file written in                             
                             'C:\Users\Windows                                 
                             11\Documents\Instagram\ma                         
                             tematica_em_movimento_30\                         
                             enem\media\videos\19_2023                         
                             _q166_reservatorio\1920p3                         
                             0\partial_movie_files\Res                         
                             olucao19\uncached_00022.m                         
                             p4'                                               
                    INFO     Caching disabled.             cairo_renderer.py:79
[09/12/26 09:18:06] INFO     Animation 23 : Partial    scene_file_writer.py:588
                             movie file written in                             
                             'C:\Users\Windows                                 
                             11\Documents\Instagram\ma                         
                             tematica_em_movimento_30\                         
                             enem\media\videos\19_2023                         
                             _q166_reservatorio\1920p3                         
                             0\partial_movie_files\Res                         
                             olucao19\uncached_00023.m                         
                             p4'                                               
                    INFO     Caching disabled.             cairo_renderer.py:79
                    INFO     Animation 24 : Partial    scene_file_writer.py:588
                             movie file written in                             
                             'C:\Users\Windows                                 
                             11\Documents\Instagram\ma                         
                             tematica_em_movimento_30\                         
                             enem\media\videos\19_2023                         
                             _q166_reservatorio\1920p3                         
                             0\partial_movie_files\Res                         
                             olucao19\uncached_00024.m                         
                             p4'                                               
                    INFO     Caching disabled.             cairo_renderer.py:79
                    INFO     Animation 25 : Partial    scene_file_writer.py:588
                             movie file written in                             
                             'C:\Users\Windows                                 
                             11\Documents\Instagram\ma                         
                             tematica_em_movimento_30\                         
                             enem\media\videos\19_2023                         
                             _q166_reservatorio\1920p3                         
                             0\partial_movie_files\Res                         
                             olucao19\uncached_00025.m                         
                             p4'                                               
[09/12/26 09:18:07] INFO     Writing V=\pi              tex_file_writing.py:111
                             r^2h=3\cdot5^2\cdot1{,}5=1                        
                             12{,}5\ \mathrm{m^3} to                           
                             media\Tex\09fcf9495308e33c                        
                             .tex                                              
latex: security risk: running with elevated privileges
dvisvgm: security risk: running with elevated privileges
                    INFO     Automatically converted   scene_file_writer.py:377
                             C:\Users\Windows                                  
                             11\Documents\Instagram\ma                         
                             tematica_em_movimento_30\                         
                             enem\audio\ENEM-2023-MT-3                         
                             1\step_01.mp3 to .wav                             
                    INFO     Caching disabled.             cairo_renderer.py:79
[09/12/26 09:18:09] INFO     Animation 26 : Partial    scene_file_writer.py:588
                             movie file written in                             
                             'C:\Users\Windows                                 
                             11\Documents\Instagram\ma                         
                             tematica_em_movimento_30\                         
                             enem\media\videos\19_2023                         
                             _q166_reservatorio\1920p3                         
                             0\partial_movie_files\Res                         
                             olucao19\uncached_00026.m                         
                             p4'                                               
                    INFO     Caching disabled.             cairo_renderer.py:79
[09/12/26 09:18:12] INFO     Animation 27 : Partial    scene_file_writer.py:588
                             movie file written in                             
                             'C:\Users\Windows                                 
                             11\Documents\Instagram\ma                         
                             tematica_em_movimento_30\                         
                             enem\media\videos\19_2023                         
                             _q166_reservatorio\1920p3                         
                             0\partial_movie_files\Res                         
                             olucao19\uncached_00027.m                         
                             p4'                                               
                    INFO     Writing 112{,}5\           tex_file_writing.py:111
                             \mathrm{m^3}=112500\                              
                             \mathrm L to                                      
                             media\Tex\42ef514829f2f455                        
                             .tex                                              
latex: security risk: running with elevated privileges
dvisvgm: security risk: running with elevated privileges
[09/12/26 09:18:13] INFO     Automatically converted   scene_file_writer.py:377
                             C:\Users\Windows                                  
                             11\Documents\Instagram\ma                         
                             tematica_em_movimento_30\                         
                             enem\audio\ENEM-2023-MT-3                         
                             1\step_02.mp3 to .wav                             
                    INFO     Caching disabled.             cairo_renderer.py:79
[09/12/26 09:18:16] INFO     Animation 28 : Partial    scene_file_writer.py:588
                             movie file written in                             
                             'C:\Users\Windows                                 
                             11\Documents\Instagram\ma                         
                             tematica_em_movimento_30\                         
                             enem\media\videos\19_2023                         
                             _q166_reservatorio\1920p3                         
                             0\partial_movie_files\Res                         
                             olucao19\uncached_00028.m                         
                             p4'                                               
                    INFO     Caching disabled.             cairo_renderer.py:79
[09/12/26 09:18:17] INFO     Animation 29 : Partial    scene_file_writer.py:588
                             movie file written in                             
                             'C:\Users\Windows                                 
                             11\Documents\Instagram\ma                         
                             tematica_em_movimento_30\                         
                             enem\media\videos\19_2023                         
                             _q166_reservatorio\1920p3                         
                             0\partial_movie_files\Res                         
                             olucao19\uncached_00029.m                         
                             p4'                                               
                    INFO     Writing 75\cdot10=750 to   tex_file_writing.py:111
                             media\Tex\6087c188e1aa6472                        
                             .tex                                              
latex: security risk: running with elevated privileges
dvisvgm: security risk: running with elevated privileges
[09/12/26 09:18:18] INFO     Automatically converted   scene_file_writer.py:377
                             C:\Users\Windows                                  
                             11\Documents\Instagram\ma                         
                             tematica_em_movimento_30\                         
                             enem\audio\ENEM-2023-MT-3                         
                             1\step_03.mp3 to .wav                             
                    INFO     Caching disabled.             cairo_renderer.py:79
[09/12/26 09:18:20] INFO     Animation 30 : Partial    scene_file_writer.py:588
                             movie file written in                             
                             'C:\Users\Windows                                 
                             11\Documents\Instagram\ma                         
                             tematica_em_movimento_30\                         
                             enem\media\videos\19_2023                         
                             _q166_reservatorio\1920p3                         
                             0\partial_movie_files\Res                         
                             olucao19\uncached_00030.m                         
                             p4'                                               
                    INFO     Caching disabled.             cairo_renderer.py:79
[09/12/26 09:18:21] INFO     Animation 31 : Partial    scene_file_writer.py:588
                             movie file written in                             
                             'C:\Users\Windows                                 
                             11\Documents\Instagram\ma                         
                             tematica_em_movimento_30\                         
                             enem\media\videos\19_2023                         
                             _q166_reservatorio\1920p3                         
                             0\partial_movie_files\Res                         
                             olucao19\uncached_00031.m                         
                             p4'                                               
                    INFO     Writing                    tex_file_writing.py:111
                             {112500\over750}=150\                             
                             \mathrm L to                                      
                             media\Tex\3496924122bb6899                        
                             .tex                                              
latex: security risk: running with elevated privileges
dvisvgm: security risk: running with elevated privileges
[09/12/26 09:18:22] INFO     Automatically converted   scene_file_writer.py:377
                             C:\Users\Windows                                  
                             11\Documents\Instagram\ma                         
                             tematica_em_movimento_30\                         
                             enem\audio\ENEM-2023-MT-3                         
                             1\step_04.mp3 to .wav                             
                    INFO     Caching disabled.             cairo_renderer.py:79
[09/12/26 09:18:24] INFO     Animation 32 : Partial    scene_file_writer.py:588
                             movie file written in                             
                             'C:\Users\Windows                                 
                             11\Documents\Instagram\ma                         
                             tematica_em_movimento_30\                         
                             enem\media\videos\19_2023                         
                             _q166_reservatorio\1920p3                         
                             0\partial_movie_files\Res                         
                             olucao19\uncached_00032.m                         
                             p4'                                               
                    INFO     Caching disabled.             cairo_renderer.py:79
[09/12/26 09:18:26] INFO     Animation 33 : Partial    scene_file_writer.py:588
                             movie file written in                             
                             'C:\Users\Windows                                 
                             11\Documents\Instagram\ma                         
                             tematica_em_movimento_30\                         
                             enem\media\videos\19_2023                         
                             _q166_reservatorio\1920p3                         
                             0\partial_movie_files\Res                         
                             olucao19\uncached_00033.m                         
                             p4'                                               
[09/12/26 09:18:27] INFO     Writing 200-150=50\        tex_file_writing.py:111
                             \mathrm{L/pessoa/dia} to                          
                             media\Tex\d988b60fab2e4939                        
                             .tex                                              
latex: security risk: running with elevated privileges
dvisvgm: security risk: running with elevated privileges
                    INFO     Automatically converted   scene_file_writer.py:377
                             C:\Users\Windows                                  
                             11\Documents\Instagram\ma                         
                             tematica_em_movimento_30\                         
                             enem\audio\ENEM-2023-MT-3                         
                             1\step_05.mp3 to .wav                             
                    INFO     Caching disabled.             cairo_renderer.py:79
[09/12/26 09:18:30] INFO     Animation 34 : Partial    scene_file_writer.py:588
                             movie file written in                             
                             'C:\Users\Windows                                 
                             11\Documents\Instagram\ma                         
                             tematica_em_movimento_30\                         
                             enem\media\videos\19_2023                         
                             _q166_reservatorio\1920p3                         
                             0\partial_movie_files\Res                         
                             olucao19\uncached_00034.m                         
                             p4'                                               
                    INFO     Caching disabled.             cairo_renderer.py:79
[09/12/26 09:18:32] INFO     Animation 35 : Partial    scene_file_writer.py:588
                             movie file written in                             
                             'C:\Users\Windows                                 
                             11\Documents\Instagram\ma                         
                             tematica_em_movimento_30\                         
                             enem\media\videos\19_2023                         
                             _q166_reservatorio\1920p3                         
                             0\partial_movie_files\Res                         
                             olucao19\uncached_00035.m                         
                             p4'                                               
                    INFO     Automatically converted   scene_file_writer.py:377
                             C:\Users\Windows                                  
                             11\Documents\Instagram\ma                         
                             tematica_em_movimento_30\                         
                             enem\audio\ENEM-2023-MT-3                         
                             1\answer.mp3 to .wav                              
                    INFO     Caching disabled.             cairo_renderer.py:79
[09/12/26 09:18:33] INFO     Animation 36 : Partial    scene_file_writer.py:588
                             movie file written in                             
                             'C:\Users\Windows                                 
                             11\Documents\Instagram\ma                         
                             tematica_em_movimento_30\                         
                             enem\media\videos\19_2023                         
                             _q166_reservatorio\1920p3                         
                             0\partial_movie_files\Res                         
                             olucao19\uncached_00036.m                         
                             p4'                                               
                    INFO     Caching disabled.             cairo_renderer.py:79
[09/12/26 09:18:34] INFO     Animation 37 : Partial    scene_file_writer.py:588
                             movie file written in                             
                             'C:\Users\Windows                                 
                             11\Documents\Instagram\ma                         
                             tematica_em_movimento_30\                         
                             enem\media\videos\19_2023                         
                             _q166_reservatorio\1920p3                         
                             0\partial_movie_files\Res                         
                             olucao19\uncached_00037.m                         
                             p4'                                               
                    INFO     Combining to Movie file.  scene_file_writer.py:739
[09/12/26 09:18:38] WARNING  Some options were not     scene_file_writer.py:801
                             used: {'shortest': '1',                           
                             'metadata':                                       
                             'comment=Rendered with                            
                             Manim Community v0.19.0'}                         
                    INFO                               scene_file_writer.py:886
                             File ready at                                     
                             'C:\Users\Windows                                 
                             11\Documents\Instagram\ma                         
                             tematica_em_movimento_30\                         
                             enem\media\videos\19_2023                         
                             _q166_reservatorio\1920p3                         
                             0\Resolucao19.mp4'                                
                                                                               
                    INFO     Rendered Resolucao19                  scene.py:255
                             Played 38 animations                              
You are using manim version v0.19.0, but version v0.21.0 is available.
You should consider upgrading via pip install -U manim
