Manim Community v0.19.0

[09/12/26 09:18:40] INFO     Automatically converted   scene_file_writer.py:377
                             C:\Users\Windows                                  
                             11\Documents\Instagram\ma                         
                             tematica_em_movimento_30\                         
                             enem\audio\ENEM-2023-MT-3                         
                             3\source.mp3 to .wav                              
                    INFO     Caching disabled.             cairo_renderer.py:79
[09/12/26 09:18:42] INFO     Animation 0 : Partial     scene_file_writer.py:588
                             movie file written in                             
                             'C:\Users\Windows                                 
                             11\Documents\Instagram\ma                         
                             tematica_em_movimento_30\                         
                             enem\media\videos\20_2023                         
                             _q168_vazao_cisterna\1920                         
                             p30\partial_movie_files\R                         
                             esolucao20\uncached_00000                         
                             .mp4'                                             
                    INFO     Caching disabled.             cairo_renderer.py:79
[09/12/26 09:18:44] INFO     Animation 1 : Partial     scene_file_writer.py:588
                             movie file written in                             
                             'C:\Users\Windows                                 
                             11\Documents\Instagram\ma                         
                             tematica_em_movimento_30\                         
                             enem\media\videos\20_2023                         
                             _q168_vazao_cisterna\1920                         
                             p30\partial_movie_files\R                         
                             esolucao20\uncached_00001                         
                             .mp4'                                             
                    INFO     Caching disabled.             cairo_renderer.py:79
                    INFO     Animation 2 : Partial     scene_file_writer.py:588
                             movie file written in                             
                             'C:\Users\Windows                                 
                             11\Documents\Instagram\ma                         
                             tematica_em_movimento_30\                         
                             enem\media\videos\20_2023                         
                             _q168_vazao_cisterna\1920                         
                             p30\partial_movie_files\R                         
                             esolucao20\uncached_00002                         
                             .mp4'                                             
[09/12/26 09:18:45] INFO     Automatically converted   scene_file_writer.py:377
                             C:\Users\Windows                                  
                             11\Documents\Instagram\ma                         
                             tematica_em_movimento_30\                         
                             enem\audio\ENEM-2023-MT-3                         
                             3\statement_01.mp3 to                             
                             .wav                                              
                    INFO     Caching disabled.             cairo_renderer.py:79
[09/12/26 09:18:52] INFO     Animation 3 : Partial     scene_file_writer.py:588
                             movie file written in                             
                             'C:\Users\Windows                                 
                             11\Documents\Instagram\ma                         
                             tematica_em_movimento_30\                         
                             enem\media\videos\20_2023                         
                             _q168_vazao_cisterna\1920                         
                             p30\partial_movie_files\R                         
                             esolucao20\uncached_00003                         
                             .mp4'                                             
                    INFO     Caching disabled.             cairo_renderer.py:79
[09/12/26 09:18:59] INFO     Animation 4 : Partial     scene_file_writer.py:588
                             movie file written in                             
                             'C:\Users\Windows                                 
                             11\Documents\Instagram\ma                         
                             tematica_em_movimento_30\                         
                             enem\media\videos\20_2023                         
                             _q168_vazao_cisterna\1920                         
                             p30\partial_movie_files\R                         
                             esolucao20\uncached_00004                         
                             .mp4'                                             
[09/12/26 09:19:00] INFO     Caching disabled.             cairo_renderer.py:79
[09/12/26 09:19:01] INFO     Animation 5 : Partial     scene_file_writer.py:588
                             movie file written in                             
                             'C:\Users\Windows                                 
                             11\Documents\Instagram\ma                         
                             tematica_em_movimento_30\                         
                             enem\media\videos\20_2023                         
                             _q168_vazao_cisterna\1920                         
                             p30\partial_movie_files\R                         
                             esolucao20\uncached_00005                         
                             .mp4'                                             
                    INFO     Automatically converted   scene_file_writer.py:377
                             C:\Users\Windows                                  
                             11\Documents\Instagram\ma                         
                             tematica_em_movimento_30\                         
                             enem\audio\ENEM-2023-MT-3                         
                             3\statement_02.mp3 to                             
                             .wav                                              
                    INFO     Caching disabled.             cairo_renderer.py:79
[09/12/26 09:19:03] INFO     Animation 6 : Partial     scene_file_writer.py:588
                             movie file written in                             
                             'C:\Users\Windows                                 
                             11\Documents\Instagram\ma                         
                             tematica_em_movimento_30\                         
                             enem\media\videos\20_2023                         
                             _q168_vazao_cisterna\1920                         
                             p30\partial_movie_files\R                         
                             esolucao20\uncached_00006                         
                             .mp4'                                             
                    INFO     Caching disabled.             cairo_renderer.py:79
[09/12/26 09:19:04] INFO     Animation 7 : Partial     scene_file_writer.py:588
                             movie file written in                             
                             'C:\Users\Windows                                 
                             11\Documents\Instagram\ma                         
                             tematica_em_movimento_30\                         
                             enem\media\videos\20_2023                         
                             _q168_vazao_cisterna\1920                         
                             p30\partial_movie_files\R                         
                             esolucao20\uncached_00007                         
                             .mp4'                                             
                    INFO     Caching disabled.             cairo_renderer.py:79
[09/12/26 09:19:05] INFO     Animation 8 : Partial     scene_file_writer.py:588
                             movie file written in                             
                             'C:\Users\Windows                                 
                             11\Documents\Instagram\ma                         
                             tematica_em_movimento_30\                         
                             enem\media\videos\20_2023                         
                             _q168_vazao_cisterna\1920                         
                             p30\partial_movie_files\R                         
                             esolucao20\uncached_00008                         
                             .mp4'                                             
                    INFO     Caching disabled.             cairo_renderer.py:79
                    INFO     Animation 9 : Partial     scene_file_writer.py:588
                             movie file written in                             
                             'C:\Users\Windows                                 
                             11\Documents\Instagram\ma                         
                             tematica_em_movimento_30\                         
                             enem\media\videos\20_2023                         
                             _q168_vazao_cisterna\1920                         
                             p30\partial_movie_files\R                         
                             esolucao20\uncached_00009                         
                             .mp4'                                             
                    INFO     Automatically converted   scene_file_writer.py:377
                             C:\Users\Windows                                  
                             11\Documents\Instagram\ma                         
                             tematica_em_movimento_30\                         
                             enem\audio\ENEM-2023-MT-3                         
                             3\figure.mp3 to .wav                              
                    INFO     Caching disabled.             cairo_renderer.py:79
[09/12/26 09:19:09] INFO     Animation 10 : Partial    scene_file_writer.py:588
                             movie file written in                             
                             'C:\Users\Windows                                 
                             11\Documents\Instagram\ma                         
                             tematica_em_movimento_30\                         
                             enem\media\videos\20_2023                         
                             _q168_vazao_cisterna\1920                         
                             p30\partial_movie_files\R                         
                             esolucao20\uncached_00010                         
                             .mp4'                                             
                    INFO     Caching disabled.             cairo_renderer.py:79
[09/12/26 09:19:14] INFO     Animation 11 : Partial    scene_file_writer.py:588
                             movie file written in                             
                             'C:\Users\Windows                                 
                             11\Documents\Instagram\ma                         
                             tematica_em_movimento_30\                         
                             enem\media\videos\20_2023                         
                             _q168_vazao_cisterna\1920                         
                             p30\partial_movie_files\R                         
                             esolucao20\uncached_00011                         
                             .mp4'                                             
                    INFO     Caching disabled.             cairo_renderer.py:79
                    INFO     Animation 12 : Partial    scene_file_writer.py:588
                             movie file written in                             
                             'C:\Users\Windows                                 
                             11\Documents\Instagram\ma                         
                             tematica_em_movimento_30\                         
                             enem\media\videos\20_2023                         
                             _q168_vazao_cisterna\1920                         
                             p30\partial_movie_files\R                         
                             esolucao20\uncached_00012                         
                             .mp4'                                             
                    INFO     Automatically converted   scene_file_writer.py:377
                             C:\Users\Windows                                  
                             11\Documents\Instagram\ma                         
                             tematica_em_movimento_30\                         
                             enem\audio\ENEM-2023-MT-3                         
                             3\options.mp3 to .wav                             
[09/12/26 09:19:15] INFO     Caching disabled.             cairo_renderer.py:79
[09/12/26 09:19:17] INFO     Animation 13 : Partial    scene_file_writer.py:588
                             movie file written in                             
                             'C:\Users\Windows                                 
                             11\Documents\Instagram\ma                         
                             tematica_em_movimento_30\                         
                             enem\media\videos\20_2023                         
                             _q168_vazao_cisterna\1920                         
                             p30\partial_movie_files\R                         
                             esolucao20\uncached_00013                         
                             .mp4'                                             
                    INFO     Caching disabled.             cairo_renderer.py:79
[09/12/26 09:19:20] INFO     Animation 14 : Partial    scene_file_writer.py:588
                             movie file written in                             
                             'C:\Users\Windows                                 
                             11\Documents\Instagram\ma                         
                             tematica_em_movimento_30\                         
                             enem\media\videos\20_2023                         
                             _q168_vazao_cisterna\1920                         
                             p30\partial_movie_files\R                         
                             esolucao20\uncached_00014                         
                             .mp4'                                             
                    INFO     Caching disabled.             cairo_renderer.py:79
                    INFO     Animation 15 : Partial    scene_file_writer.py:588
                             movie file written in                             
                             'C:\Users\Windows                                 
                             11\Documents\Instagram\ma                         
                             tematica_em_movimento_30\                         
                             enem\media\videos\20_2023                         
                             _q168_vazao_cisterna\1920                         
                             p30\partial_movie_files\R                         
                             esolucao20\uncached_00015                         
                             .mp4'                                             
                    INFO     Automatically converted   scene_file_writer.py:377
                             C:\Users\Windows                                  
                             11\Documents\Instagram\ma                         
                             tematica_em_movimento_30\                         
                             enem\audio\ENEM-2023-MT-3                         
                             3\data.mp3 to .wav                                
                    INFO     Caching disabled.             cairo_renderer.py:79
[09/12/26 09:19:23] INFO     Animation 16 : Partial    scene_file_writer.py:588
                             movie file written in                             
                             'C:\Users\Windows                                 
                             11\Documents\Instagram\ma                         
                             tematica_em_movimento_30\                         
                             enem\media\videos\20_2023                         
                             _q168_vazao_cisterna\1920                         
                             p30\partial_movie_files\R                         
                             esolucao20\uncached_00016                         
                             .mp4'                                             
                    INFO     Caching disabled.             cairo_renderer.py:79
[09/12/26 09:19:28] INFO     Animation 17 : Partial    scene_file_writer.py:588
                             movie file written in                             
                             'C:\Users\Windows                                 
                             11\Documents\Instagram\ma                         
                             tematica_em_movimento_30\                         
                             enem\media\videos\20_2023                         
                             _q168_vazao_cisterna\1920                         
                             p30\partial_movie_files\R                         
                             esolucao20\uncached_00017                         
                             .mp4'                                             
                    INFO     Caching disabled.             cairo_renderer.py:79
[09/12/26 09:19:29] INFO     Animation 18 : Partial    scene_file_writer.py:588
                             movie file written in                             
                             'C:\Users\Windows                                 
                             11\Documents\Instagram\ma                         
                             tematica_em_movimento_30\                         
                             enem\media\videos\20_2023                         
                             _q168_vazao_cisterna\1920                         
                             p30\partial_movie_files\R                         
                             esolucao20\uncached_00018                         
                             .mp4'                                             
                    INFO     Automatically converted   scene_file_writer.py:377
                             C:\Users\Windows                                  
                             11\Documents\Instagram\ma                         
                             tematica_em_movimento_30\                         
                             enem\audio\ENEM-2023-MT-3                         
                             3\strategy.mp3 to .wav                            
                    INFO     Caching disabled.             cairo_renderer.py:79
[09/12/26 09:19:34] INFO     Animation 19 : Partial    scene_file_writer.py:588
                             movie file written in                             
                             'C:\Users\Windows                                 
                             11\Documents\Instagram\ma                         
                             tematica_em_movimento_30\                         
                             enem\media\videos\20_2023                         
                             _q168_vazao_cisterna\1920                         
                             p30\partial_movie_files\R                         
                             esolucao20\uncached_00019                         
                             .mp4'                                             
                    INFO     Caching disabled.             cairo_renderer.py:79
[09/12/26 09:19:39] INFO     Animation 20 : Partial    scene_file_writer.py:588
                             movie file written in                             
                             'C:\Users\Windows                                 
                             11\Documents\Instagram\ma                         
                             tematica_em_movimento_30\                         
                             enem\media\videos\20_2023                         
                             _q168_vazao_cisterna\1920                         
                             p30\partial_movie_files\R                         
                             esolucao20\uncached_00020                         
                             .mp4'                                             
                    INFO     Caching disabled.             cairo_renderer.py:79
                    INFO     Animation 21 : Partial    scene_file_writer.py:588
                             movie file written in                             
                             'C:\Users\Windows                                 
                             11\Documents\Instagram\ma                         
                             tematica_em_movimento_30\                         
                             enem\media\videos\20_2023                         
                             _q168_vazao_cisterna\1920                         
                             p30\partial_movie_files\R                         
                             esolucao20\uncached_00021                         
                             .mp4'                                             
[09/12/26 09:19:40] INFO     Automatically converted   scene_file_writer.py:377
                             C:\Users\Windows                                  
                             11\Documents\Instagram\ma                         
                             tematica_em_movimento_30\                         
                             enem\audio\ENEM-2023-MT-3                         
                             3\visual.mp3 to .wav                              
                    INFO     Caching disabled.             cairo_renderer.py:79
[09/12/26 09:19:42] INFO     Animation 22 : Partial    scene_file_writer.py:588
                             movie file written in                             
                             'C:\Users\Windows                                 
                             11\Documents\Instagram\ma                         
                             tematica_em_movimento_30\                         
                             enem\media\videos\20_2023                         
                             _q168_vazao_cisterna\1920                         
                             p30\partial_movie_files\R                         
                             esolucao20\uncached_00022                         
                             .mp4'                                             
                    INFO     Caching disabled.             cairo_renderer.py:79
[09/12/26 09:19:44] INFO     Animation 23 : Partial    scene_file_writer.py:588
                             movie file written in                             
                             'C:\Users\Windows                                 
                             11\Documents\Instagram\ma                         
                             tematica_em_movimento_30\                         
                             enem\media\videos\20_2023                         
                             _q168_vazao_cisterna\1920                         
                             p30\partial_movie_files\R                         
                             esolucao20\uncached_00023                         
                             .mp4'                                             
                    INFO     Caching disabled.             cairo_renderer.py:79
                    INFO     Animation 24 : Partial    scene_file_writer.py:588
                             movie file written in                             
                             'C:\Users\Windows                                 
                             11\Documents\Instagram\ma                         
                             tematica_em_movimento_30\                         
                             enem\media\videos\20_2023                         
                             _q168_vazao_cisterna\1920                         
                             p30\partial_movie_files\R                         
                             esolucao20\uncached_00024                         
                             .mp4'                                             
                    INFO     Caching disabled.             cairo_renderer.py:79
                    INFO     Animation 25 : Partial    scene_file_writer.py:588
                             movie file written in                             
                             'C:\Users\Windows                                 
                             11\Documents\Instagram\ma                         
                             tematica_em_movimento_30\                         
                             enem\media\videos\20_2023                         
                             _q168_vazao_cisterna\1920                         
                             p30\partial_movie_files\R                         
                             esolucao20\uncached_00025                         
                             .mp4'                                             
                    INFO     Writing \Delta t=8-6=2\    tex_file_writing.py:111
                             \mathrm h to                                      
                             media\Tex\0123f207e147260d                        
                             .tex                                              
latex: security risk: running with elevated privileges
dvisvgm: security risk: running with elevated privileges
[09/12/26 09:19:45] INFO     Automatically converted   scene_file_writer.py:377
                             C:\Users\Windows                                  
                             11\Documents\Instagram\ma                         
                             tematica_em_movimento_30\                         
                             enem\audio\ENEM-2023-MT-3                         
                             3\step_01.mp3 to .wav                             
                    INFO     Caching disabled.             cairo_renderer.py:79
[09/12/26 09:19:47] INFO     Animation 26 : Partial    scene_file_writer.py:588
                             movie file written in                             
                             'C:\Users\Windows                                 
                             11\Documents\Instagram\ma                         
                             tematica_em_movimento_30\                         
                             enem\media\videos\20_2023                         
                             _q168_vazao_cisterna\1920                         
                             p30\partial_movie_files\R                         
                             esolucao20\uncached_00026                         
                             .mp4'                                             
                    INFO     Caching disabled.             cairo_renderer.py:79
[09/12/26 09:19:49] INFO     Animation 27 : Partial    scene_file_writer.py:588
                             movie file written in                             
                             'C:\Users\Windows                                 
                             11\Documents\Instagram\ma                         
                             tematica_em_movimento_30\                         
                             enem\media\videos\20_2023                         
                             _q168_vazao_cisterna\1920                         
                             p30\partial_movie_files\R                         
                             esolucao20\uncached_00027                         
                             .mp4'                                             
                    INFO     Writing \Delta             tex_file_writing.py:111
                             h=1{,}1-0{,}5=0{,}6\                              
                             \mathrm m to                                      
                             media\Tex\cf0970e6ef71b0f4                        
                             .tex                                              
latex: security risk: running with elevated privileges
dvisvgm: security risk: running with elevated privileges
[09/12/26 09:19:50] INFO     Automatically converted   scene_file_writer.py:377
                             C:\Users\Windows                                  
                             11\Documents\Instagram\ma                         
                             tematica_em_movimento_30\                         
                             enem\audio\ENEM-2023-MT-3                         
                             3\step_02.mp3 to .wav                             
                    INFO     Caching disabled.             cairo_renderer.py:79
[09/12/26 09:19:52] INFO     Animation 28 : Partial    scene_file_writer.py:588
                             movie file written in                             
                             'C:\Users\Windows                                 
                             11\Documents\Instagram\ma                         
                             tematica_em_movimento_30\                         
                             enem\media\videos\20_2023                         
                             _q168_vazao_cisterna\1920                         
                             p30\partial_movie_files\R                         
                             esolucao20\uncached_00028                         
                             .mp4'                                             
                    INFO     Caching disabled.             cairo_renderer.py:79
[09/12/26 09:19:54] INFO     Animation 29 : Partial    scene_file_writer.py:588
                             movie file written in                             
                             'C:\Users\Windows                                 
                             11\Documents\Instagram\ma                         
                             tematica_em_movimento_30\                         
                             enem\media\videos\20_2023                         
                             _q168_vazao_cisterna\1920                         
                             p30\partial_movie_files\R                         
                             esolucao20\uncached_00029                         
                             .mp4'                                             
                    INFO     Writing \Delta V=A_b\Delta tex_file_writing.py:111
                             h=3\cdot0{,}6=1{,}8\                              
                             \mathrm{m^3} to                                   
                             media\Tex\f1dc42816febee3c                        
                             .tex                                              
latex: security risk: running with elevated privileges
dvisvgm: security risk: running with elevated privileges
[09/12/26 09:19:55] INFO     Automatically converted   scene_file_writer.py:377
                             C:\Users\Windows                                  
                             11\Documents\Instagram\ma                         
                             tematica_em_movimento_30\                         
                             enem\audio\ENEM-2023-MT-3                         
                             3\step_03.mp3 to .wav                             
                    INFO     Caching disabled.             cairo_renderer.py:79
[09/12/26 09:19:57] INFO     Animation 30 : Partial    scene_file_writer.py:588
                             movie file written in                             
                             'C:\Users\Windows                                 
                             11\Documents\Instagram\ma                         
                             tematica_em_movimento_30\                         
                             enem\media\videos\20_2023                         
                             _q168_vazao_cisterna\1920                         
                             p30\partial_movie_files\R                         
                             esolucao20\uncached_00030                         
                             .mp4'                                             
                    INFO     Caching disabled.             cairo_renderer.py:79
[09/12/26 09:20:00] INFO     Animation 31 : Partial    scene_file_writer.py:588
                             movie file written in                             
                             'C:\Users\Windows                                 
                             11\Documents\Instagram\ma                         
                             tematica_em_movimento_30\                         
                             enem\media\videos\20_2023                         
                             _q168_vazao_cisterna\1920                         
                             p30\partial_movie_files\R                         
                             esolucao20\uncached_00031                         
                             .mp4'                                             
                    INFO     Writing Q={\Delta          tex_file_writing.py:111
                             V\over\Delta                                      
                             t}={1{,}8\over2}=0{,}9\                           
                             \mathrm{m^3/h} to                                 
                             media\Tex\cee6d739ef92dec2                        
                             .tex                                              
latex: security risk: running with elevated privileges
dvisvgm: security risk: running with elevated privileges
[09/12/26 09:20:01] INFO     Automatically converted   scene_file_writer.py:377
                             C:\Users\Windows                                  
                             11\Documents\Instagram\ma                         
                             tematica_em_movimento_30\                         
                             enem\audio\ENEM-2023-MT-3                         
                             3\step_04.mp3 to .wav                             
                    INFO     Caching disabled.             cairo_renderer.py:79
[09/12/26 09:20:03] INFO     Animation 32 : Partial    scene_file_writer.py:588
                             movie file written in                             
                             'C:\Users\Windows                                 
                             11\Documents\Instagram\ma                         
                             tematica_em_movimento_30\                         
                             enem\media\videos\20_2023                         
                             _q168_vazao_cisterna\1920                         
                             p30\partial_movie_files\R                         
                             esolucao20\uncached_00032                         
                             .mp4'                                             
                    INFO     Caching disabled.             cairo_renderer.py:79
[09/12/26 09:20:06] INFO     Animation 33 : Partial    scene_file_writer.py:588
                             movie file written in                             
                             'C:\Users\Windows                                 
                             11\Documents\Instagram\ma                         
                             tematica_em_movimento_30\                         
                             enem\media\videos\20_2023                         
                             _q168_vazao_cisterna\1920                         
                             p30\partial_movie_files\R                         
                             esolucao20\uncached_00033                         
                             .mp4'                                             
                    INFO     Writing                    tex_file_writing.py:111
                             Q={3(3{,}2-2{,}3)\over15-1                        
                             2}=0{,}9 to                                       
                             media\Tex\42d87419ff9fd9a6                        
                             .tex                                              
latex: security risk: running with elevated privileges
dvisvgm: security risk: running with elevated privileges
[09/12/26 09:20:07] INFO     Automatically converted   scene_file_writer.py:377
                             C:\Users\Windows                                  
                             11\Documents\Instagram\ma                         
                             tematica_em_movimento_30\                         
                             enem\audio\ENEM-2023-MT-3                         
                             3\step_05.mp3 to .wav                             
                    INFO     Caching disabled.             cairo_renderer.py:79
[09/12/26 09:20:09] INFO     Animation 34 : Partial    scene_file_writer.py:588
                             movie file written in                             
                             'C:\Users\Windows                                 
                             11\Documents\Instagram\ma                         
                             tematica_em_movimento_30\                         
                             enem\media\videos\20_2023                         
                             _q168_vazao_cisterna\1920                         
                             p30\partial_movie_files\R                         
                             esolucao20\uncached_00034                         
                             .mp4'                                             
                    INFO     Caching disabled.             cairo_renderer.py:79
[09/12/26 09:20:12] INFO     Animation 35 : Partial    scene_file_writer.py:588
                             movie file written in                             
                             'C:\Users\Windows                                 
                             11\Documents\Instagram\ma                         
                             tematica_em_movimento_30\                         
                             enem\media\videos\20_2023                         
                             _q168_vazao_cisterna\1920                         
                             p30\partial_movie_files\R                         
                             esolucao20\uncached_00035                         
                             .mp4'                                             
                    INFO     Automatically converted   scene_file_writer.py:377
                             C:\Users\Windows                                  
                             11\Documents\Instagram\ma                         
                             tematica_em_movimento_30\                         
                             enem\audio\ENEM-2023-MT-3                         
                             3\answer.mp3 to .wav                              
                    INFO     Caching disabled.             cairo_renderer.py:79
[09/12/26 09:20:13] INFO     Animation 36 : Partial    scene_file_writer.py:588
                             movie file written in                             
                             'C:\Users\Windows                                 
                             11\Documents\Instagram\ma                         
                             tematica_em_movimento_30\                         
                             enem\media\videos\20_2023                         
                             _q168_vazao_cisterna\1920                         
                             p30\partial_movie_files\R                         
                             esolucao20\uncached_00036                         
                             .mp4'                                             
                    INFO     Caching disabled.             cairo_renderer.py:79
[09/12/26 09:20:14] INFO     Animation 37 : Partial    scene_file_writer.py:588
                             movie file written in                             
                             'C:\Users\Windows                                 
                             11\Documents\Instagram\ma                         
                             tematica_em_movimento_30\                         
                             enem\media\videos\20_2023                         
                             _q168_vazao_cisterna\1920                         
                             p30\partial_movie_files\R                         
                             esolucao20\uncached_00037                         
                             .mp4'                                             
                    INFO     Combining to Movie file.  scene_file_writer.py:739
[09/12/26 09:20:19] WARNING  Some options were not     scene_file_writer.py:801
                             used: {'shortest': '1',                           
                             'metadata':                                       
                             'comment=Rendered with                            
                             Manim Community v0.19.0'}                         
                    INFO                               scene_file_writer.py:886
                             File ready at                                     
                             'C:\Users\Windows                                 
                             11\Documents\Instagram\ma                         
                             tematica_em_movimento_30\                         
                             enem\media\videos\20_2023                         
                             _q168_vazao_cisterna\1920                         
                             p30\Resolucao20.mp4'                              
                                                                               
                    INFO     Rendered Resolucao20                  scene.py:255
                             Played 38 animations                              
You are using manim version v0.19.0, but version v0.21.0 is available.
You should consider upgrading via pip install -U manim
