Manim Community v0.19.0

[09/12/26 09:22:35] INFO     Automatically converted   scene_file_writer.py:377
                             C:\Users\Windows                                  
                             11\Documents\Instagram\ma                         
                             tematica_em_movimento_30\                         
                             enem\audio\ENEM-2023-MT-4                         
                             2\source.mp3 to .wav                              
                    INFO     Caching disabled.             cairo_renderer.py:79
[09/12/26 09:22:38] INFO     Animation 0 : Partial     scene_file_writer.py:588
                             movie file written in                             
                             'C:\Users\Windows                                 
                             11\Documents\Instagram\ma                         
                             tematica_em_movimento_30\                         
                             enem\media\videos\22_2023                         
                             _q177_escala_voo\1920p30\                         
                             partial_movie_files\Resol                         
                             ucao22\uncached_00000.mp4                         
                             '                                                 
                    INFO     Caching disabled.             cairo_renderer.py:79
[09/12/26 09:22:39] INFO     Animation 1 : Partial     scene_file_writer.py:588
                             movie file written in                             
                             'C:\Users\Windows                                 
                             11\Documents\Instagram\ma                         
                             tematica_em_movimento_30\                         
                             enem\media\videos\22_2023                         
                             _q177_escala_voo\1920p30\                         
                             partial_movie_files\Resol                         
                             ucao22\uncached_00001.mp4                         
                             '                                                 
                    INFO     Caching disabled.             cairo_renderer.py:79
[09/12/26 09:22:40] INFO     Animation 2 : Partial     scene_file_writer.py:588
                             movie file written in                             
                             'C:\Users\Windows                                 
                             11\Documents\Instagram\ma                         
                             tematica_em_movimento_30\                         
                             enem\media\videos\22_2023                         
                             _q177_escala_voo\1920p30\                         
                             partial_movie_files\Resol                         
                             ucao22\uncached_00002.mp4                         
                             '                                                 
                    INFO     Automatically converted   scene_file_writer.py:377
                             C:\Users\Windows                                  
                             11\Documents\Instagram\ma                         
                             tematica_em_movimento_30\                         
                             enem\audio\ENEM-2023-MT-4                         
                             2\statement_01.mp3 to                             
                             .wav                                              
                    INFO     Caching disabled.             cairo_renderer.py:79
[09/12/26 09:22:47] INFO     Animation 3 : Partial     scene_file_writer.py:588
                             movie file written in                             
                             'C:\Users\Windows                                 
                             11\Documents\Instagram\ma                         
                             tematica_em_movimento_30\                         
                             enem\media\videos\22_2023                         
                             _q177_escala_voo\1920p30\                         
                             partial_movie_files\Resol                         
                             ucao22\uncached_00003.mp4                         
                             '                                                 
                    INFO     Caching disabled.             cairo_renderer.py:79
[09/12/26 09:22:54] INFO     Animation 4 : Partial     scene_file_writer.py:588
                             movie file written in                             
                             'C:\Users\Windows                                 
                             11\Documents\Instagram\ma                         
                             tematica_em_movimento_30\                         
                             enem\media\videos\22_2023                         
                             _q177_escala_voo\1920p30\                         
                             partial_movie_files\Resol                         
                             ucao22\uncached_00004.mp4                         
                             '                                                 
                    INFO     Caching disabled.             cairo_renderer.py:79
[09/12/26 09:22:55] INFO     Animation 5 : Partial     scene_file_writer.py:588
                             movie file written in                             
                             'C:\Users\Windows                                 
                             11\Documents\Instagram\ma                         
                             tematica_em_movimento_30\                         
                             enem\media\videos\22_2023                         
                             _q177_escala_voo\1920p30\                         
                             partial_movie_files\Resol                         
                             ucao22\uncached_00005.mp4                         
                             '                                                 
[09/12/26 09:22:56] INFO     Automatically converted   scene_file_writer.py:377
                             C:\Users\Windows                                  
                             11\Documents\Instagram\ma                         
                             tematica_em_movimento_30\                         
                             enem\audio\ENEM-2023-MT-4                         
                             2\statement_02.mp3 to                             
                             .wav                                              
                    INFO     Caching disabled.             cairo_renderer.py:79
[09/12/26 09:23:03] INFO     Animation 6 : Partial     scene_file_writer.py:588
                             movie file written in                             
                             'C:\Users\Windows                                 
                             11\Documents\Instagram\ma                         
                             tematica_em_movimento_30\                         
                             enem\media\videos\22_2023                         
                             _q177_escala_voo\1920p30\                         
                             partial_movie_files\Resol                         
                             ucao22\uncached_00006.mp4                         
                             '                                                 
                    INFO     Caching disabled.             cairo_renderer.py:79
[09/12/26 09:23:11] INFO     Animation 7 : Partial     scene_file_writer.py:588
                             movie file written in                             
                             'C:\Users\Windows                                 
                             11\Documents\Instagram\ma                         
                             tematica_em_movimento_30\                         
                             enem\media\videos\22_2023                         
                             _q177_escala_voo\1920p30\                         
                             partial_movie_files\Resol                         
                             ucao22\uncached_00007.mp4                         
                             '                                                 
                    INFO     Caching disabled.             cairo_renderer.py:79
[09/12/26 09:23:13] INFO     Animation 8 : Partial     scene_file_writer.py:588
                             movie file written in                             
                             'C:\Users\Windows                                 
                             11\Documents\Instagram\ma                         
                             tematica_em_movimento_30\                         
                             enem\media\videos\22_2023                         
                             _q177_escala_voo\1920p30\                         
                             partial_movie_files\Resol                         
                             ucao22\uncached_00008.mp4                         
                             '                                                 
                    INFO     Caching disabled.             cairo_renderer.py:79
                    INFO     Animation 9 : Partial     scene_file_writer.py:588
                             movie file written in                             
                             'C:\Users\Windows                                 
                             11\Documents\Instagram\ma                         
                             tematica_em_movimento_30\                         
                             enem\media\videos\22_2023                         
                             _q177_escala_voo\1920p30\                         
                             partial_movie_files\Resol                         
                             ucao22\uncached_00009.mp4                         
                             '                                                 
                    INFO     Writing 1\,cm to           tex_file_writing.py:111
                             media\Tex\d546c62305436867                        
                             .tex                                              
latex: security risk: running with elevated privileges
dvisvgm: security risk: running with elevated privileges
[09/12/26 09:23:14] INFO     Automatically converted   scene_file_writer.py:377
                             C:\Users\Windows                                  
                             11\Documents\Instagram\ma                         
                             tematica_em_movimento_30\                         
                             enem\audio\ENEM-2023-MT-4                         
                             2\figure.mp3 to .wav                              
                    INFO     Caching disabled.             cairo_renderer.py:79
[09/12/26 09:23:18] INFO     Animation 10 : Partial    scene_file_writer.py:588
                             movie file written in                             
                             'C:\Users\Windows                                 
                             11\Documents\Instagram\ma                         
                             tematica_em_movimento_30\                         
                             enem\media\videos\22_2023                         
                             _q177_escala_voo\1920p30\                         
                             partial_movie_files\Resol                         
                             ucao22\uncached_00010.mp4                         
                             '                                                 
                    INFO     Caching disabled.             cairo_renderer.py:79
[09/12/26 09:23:21] INFO     Animation 11 : Partial    scene_file_writer.py:588
                             movie file written in                             
                             'C:\Users\Windows                                 
                             11\Documents\Instagram\ma                         
                             tematica_em_movimento_30\                         
                             enem\media\videos\22_2023                         
                             _q177_escala_voo\1920p30\                         
                             partial_movie_files\Resol                         
                             ucao22\uncached_00011.mp4                         
                             '                                                 
                    INFO     Caching disabled.             cairo_renderer.py:79
[09/12/26 09:23:22] INFO     Animation 12 : Partial    scene_file_writer.py:588
                             movie file written in                             
                             'C:\Users\Windows                                 
                             11\Documents\Instagram\ma                         
                             tematica_em_movimento_30\                         
                             enem\media\videos\22_2023                         
                             _q177_escala_voo\1920p30\                         
                             partial_movie_files\Resol                         
                             ucao22\uncached_00012.mp4                         
                             '                                                 
                    INFO     Automatically converted   scene_file_writer.py:377
                             C:\Users\Windows                                  
                             11\Documents\Instagram\ma                         
                             tematica_em_movimento_30\                         
                             enem\audio\ENEM-2023-MT-4                         
                             2\options.mp3 to .wav                             
                    INFO     Caching disabled.             cairo_renderer.py:79
[09/12/26 09:23:25] INFO     Animation 13 : Partial    scene_file_writer.py:588
                             movie file written in                             
                             'C:\Users\Windows                                 
                             11\Documents\Instagram\ma                         
                             tematica_em_movimento_30\                         
                             enem\media\videos\22_2023                         
                             _q177_escala_voo\1920p30\                         
                             partial_movie_files\Resol                         
                             ucao22\uncached_00013.mp4                         
                             '                                                 
                    INFO     Caching disabled.             cairo_renderer.py:79
[09/12/26 09:23:28] INFO     Animation 14 : Partial    scene_file_writer.py:588
                             movie file written in                             
                             'C:\Users\Windows                                 
                             11\Documents\Instagram\ma                         
                             tematica_em_movimento_30\                         
                             enem\media\videos\22_2023                         
                             _q177_escala_voo\1920p30\                         
                             partial_movie_files\Resol                         
                             ucao22\uncached_00014.mp4                         
                             '                                                 
                    INFO     Caching disabled.             cairo_renderer.py:79
                    INFO     Animation 15 : Partial    scene_file_writer.py:588
                             movie file written in                             
                             'C:\Users\Windows                                 
                             11\Documents\Instagram\ma                         
                             tematica_em_movimento_30\                         
                             enem\media\videos\22_2023                         
                             _q177_escala_voo\1920p30\                         
                             partial_movie_files\Resol                         
                             ucao22\uncached_00015.mp4                         
                             '                                                 
                    INFO     Automatically converted   scene_file_writer.py:377
                             C:\Users\Windows                                  
                             11\Documents\Instagram\ma                         
                             tematica_em_movimento_30\                         
                             enem\audio\ENEM-2023-MT-4                         
                             2\data.mp3 to .wav                                
                    INFO     Caching disabled.             cairo_renderer.py:79
[09/12/26 09:23:31] INFO     Animation 16 : Partial    scene_file_writer.py:588
                             movie file written in                             
                             'C:\Users\Windows                                 
                             11\Documents\Instagram\ma                         
                             tematica_em_movimento_30\                         
                             enem\media\videos\22_2023                         
                             _q177_escala_voo\1920p30\                         
                             partial_movie_files\Resol                         
                             ucao22\uncached_00016.mp4                         
                             '                                                 
                    INFO     Caching disabled.             cairo_renderer.py:79
[09/12/26 09:23:35] INFO     Animation 17 : Partial    scene_file_writer.py:588
                             movie file written in                             
                             'C:\Users\Windows                                 
                             11\Documents\Instagram\ma                         
                             tematica_em_movimento_30\                         
                             enem\media\videos\22_2023                         
                             _q177_escala_voo\1920p30\                         
                             partial_movie_files\Resol                         
                             ucao22\uncached_00017.mp4                         
                             '                                                 
                    INFO     Caching disabled.             cairo_renderer.py:79
[09/12/26 09:23:36] INFO     Animation 18 : Partial    scene_file_writer.py:588
                             movie file written in                             
                             'C:\Users\Windows                                 
                             11\Documents\Instagram\ma                         
                             tematica_em_movimento_30\                         
                             enem\media\videos\22_2023                         
                             _q177_escala_voo\1920p30\                         
                             partial_movie_files\Resol                         
                             ucao22\uncached_00018.mp4                         
                             '                                                 
                    INFO     Automatically converted   scene_file_writer.py:377
                             C:\Users\Windows                                  
                             11\Documents\Instagram\ma                         
                             tematica_em_movimento_30\                         
                             enem\audio\ENEM-2023-MT-4                         
                             2\strategy.mp3 to .wav                            
                    INFO     Caching disabled.             cairo_renderer.py:79
[09/12/26 09:23:40] INFO     Animation 19 : Partial    scene_file_writer.py:588
                             movie file written in                             
                             'C:\Users\Windows                                 
                             11\Documents\Instagram\ma                         
                             tematica_em_movimento_30\                         
                             enem\media\videos\22_2023                         
                             _q177_escala_voo\1920p30\                         
                             partial_movie_files\Resol                         
                             ucao22\uncached_00019.mp4                         
                             '                                                 
                    INFO     Caching disabled.             cairo_renderer.py:79
[09/12/26 09:23:46] INFO     Animation 20 : Partial    scene_file_writer.py:588
                             movie file written in                             
                             'C:\Users\Windows                                 
                             11\Documents\Instagram\ma                         
                             tematica_em_movimento_30\                         
                             enem\media\videos\22_2023                         
                             _q177_escala_voo\1920p30\                         
                             partial_movie_files\Resol                         
                             ucao22\uncached_00020.mp4                         
                             '                                                 
                    INFO     Caching disabled.             cairo_renderer.py:79
                    INFO     Animation 21 : Partial    scene_file_writer.py:588
                             movie file written in                             
                             'C:\Users\Windows                                 
                             11\Documents\Instagram\ma                         
                             tematica_em_movimento_30\                         
                             enem\media\videos\22_2023                         
                             _q177_escala_voo\1920p30\                         
                             partial_movie_files\Resol                         
                             ucao22\uncached_00021.mp4                         
                             '                                                 
[09/12/26 09:23:47] INFO     Automatically converted   scene_file_writer.py:377
                             C:\Users\Windows                                  
                             11\Documents\Instagram\ma                         
                             tematica_em_movimento_30\                         
                             enem\audio\ENEM-2023-MT-4                         
                             2\visual.mp3 to .wav                              
                    INFO     Caching disabled.             cairo_renderer.py:79
[09/12/26 09:23:49] INFO     Animation 22 : Partial    scene_file_writer.py:588
                             movie file written in                             
                             'C:\Users\Windows                                 
                             11\Documents\Instagram\ma                         
                             tematica_em_movimento_30\                         
                             enem\media\videos\22_2023                         
                             _q177_escala_voo\1920p30\                         
                             partial_movie_files\Resol                         
                             ucao22\uncached_00022.mp4                         
                             '                                                 
                    INFO     Caching disabled.             cairo_renderer.py:79
[09/12/26 09:23:50] INFO     Animation 23 : Partial    scene_file_writer.py:588
                             movie file written in                             
                             'C:\Users\Windows                                 
                             11\Documents\Instagram\ma                         
                             tematica_em_movimento_30\                         
                             enem\media\videos\22_2023                         
                             _q177_escala_voo\1920p30\                         
                             partial_movie_files\Resol                         
                             ucao22\uncached_00023.mp4                         
                             '                                                 
                    INFO     Caching disabled.             cairo_renderer.py:79
[09/12/26 09:23:51] INFO     Animation 24 : Partial    scene_file_writer.py:588
                             movie file written in                             
                             'C:\Users\Windows                                 
                             11\Documents\Instagram\ma                         
                             tematica_em_movimento_30\                         
                             enem\media\videos\22_2023                         
                             _q177_escala_voo\1920p30\                         
                             partial_movie_files\Resol                         
                             ucao22\uncached_00024.mp4                         
                             '                                                 
                    INFO     Caching disabled.             cairo_renderer.py:79
                    INFO     Animation 25 : Partial    scene_file_writer.py:588
                             movie file written in                             
                             'C:\Users\Windows                                 
                             11\Documents\Instagram\ma                         
                             tematica_em_movimento_30\                         
                             enem\media\videos\22_2023                         
                             _q177_escala_voo\1920p30\                         
                             partial_movie_files\Resol                         
                             ucao22\uncached_00025.mp4                         
                             '                                                 
                    INFO     Writing 5\                 tex_file_writing.py:111
                             \mathrm{km}=5000\ \mathrm                         
                             m to                                              
                             media\Tex\b45e4b8b7ff5f6ba                        
                             .tex                                              
latex: security risk: running with elevated privileges
dvisvgm: security risk: running with elevated privileges
[09/12/26 09:23:52] INFO     Automatically converted   scene_file_writer.py:377
                             C:\Users\Windows                                  
                             11\Documents\Instagram\ma                         
                             tematica_em_movimento_30\                         
                             enem\audio\ENEM-2023-MT-4                         
                             2\step_01.mp3 to .wav                             
                    INFO     Caching disabled.             cairo_renderer.py:79
[09/12/26 09:23:54] INFO     Animation 26 : Partial    scene_file_writer.py:588
                             movie file written in                             
                             'C:\Users\Windows                                 
                             11\Documents\Instagram\ma                         
                             tematica_em_movimento_30\                         
                             enem\media\videos\22_2023                         
                             _q177_escala_voo\1920p30\                         
                             partial_movie_files\Resol                         
                             ucao22\uncached_00026.mp4                         
                             '                                                 
                    INFO     Caching disabled.             cairo_renderer.py:79
[09/12/26 09:23:55] INFO     Animation 27 : Partial    scene_file_writer.py:588
                             movie file written in                             
                             'C:\Users\Windows                                 
                             11\Documents\Instagram\ma                         
                             tematica_em_movimento_30\                         
                             enem\media\videos\22_2023                         
                             _q177_escala_voo\1920p30\                         
                             partial_movie_files\Resol                         
                             ucao22\uncached_00027.mp4                         
                             '                                                 
                    INFO     Writing 5000\ \mathrm      tex_file_writing.py:111
                             m=500000\ \mathrm{cm} to                          
                             media\Tex\6c523f65a6c4f3bf                        
                             .tex                                              
latex: security risk: running with elevated privileges
dvisvgm: security risk: running with elevated privileges
[09/12/26 09:23:56] INFO     Automatically converted   scene_file_writer.py:377
                             C:\Users\Windows                                  
                             11\Documents\Instagram\ma                         
                             tematica_em_movimento_30\                         
                             enem\audio\ENEM-2023-MT-4                         
                             2\step_02.mp3 to .wav                             
                    INFO     Caching disabled.             cairo_renderer.py:79
[09/12/26 09:23:59] INFO     Animation 28 : Partial    scene_file_writer.py:588
                             movie file written in                             
                             'C:\Users\Windows                                 
                             11\Documents\Instagram\ma                         
                             tematica_em_movimento_30\                         
                             enem\media\videos\22_2023                         
                             _q177_escala_voo\1920p30\                         
                             partial_movie_files\Resol                         
                             ucao22\uncached_00028.mp4                         
                             '                                                 
                    INFO     Caching disabled.             cairo_renderer.py:79
[09/12/26 09:24:00] INFO     Animation 29 : Partial    scene_file_writer.py:588
                             movie file written in                             
                             'C:\Users\Windows                                 
                             11\Documents\Instagram\ma                         
                             tematica_em_movimento_30\                         
                             enem\media\videos\22_2023                         
                             _q177_escala_voo\1920p30\                         
                             partial_movie_files\Resol                         
                             ucao22\uncached_00029.mp4                         
                             '                                                 
                    INFO     Writing E={1\              tex_file_writing.py:111
                             \mathrm{cm}\over500000\                           
                             \mathrm{cm}} to                                   
                             media\Tex\a676081fd2e5ea56                        
                             .tex                                              
latex: security risk: running with elevated privileges
dvisvgm: security risk: running with elevated privileges
[09/12/26 09:24:01] INFO     Automatically converted   scene_file_writer.py:377
                             C:\Users\Windows                                  
                             11\Documents\Instagram\ma                         
                             tematica_em_movimento_30\                         
                             enem\audio\ENEM-2023-MT-4                         
                             2\step_03.mp3 to .wav                             
                    INFO     Caching disabled.             cairo_renderer.py:79
[09/12/26 09:24:03] INFO     Animation 30 : Partial    scene_file_writer.py:588
                             movie file written in                             
                             'C:\Users\Windows                                 
                             11\Documents\Instagram\ma                         
                             tematica_em_movimento_30\                         
                             enem\media\videos\22_2023                         
                             _q177_escala_voo\1920p30\                         
                             partial_movie_files\Resol                         
                             ucao22\uncached_00030.mp4                         
                             '                                                 
                    INFO     Caching disabled.             cairo_renderer.py:79
[09/12/26 09:24:05] INFO     Animation 31 : Partial    scene_file_writer.py:588
                             movie file written in                             
                             'C:\Users\Windows                                 
                             11\Documents\Instagram\ma                         
                             tematica_em_movimento_30\                         
                             enem\media\videos\22_2023                         
                             _q177_escala_voo\1920p30\                         
                             partial_movie_files\Resol                         
                             ucao22\uncached_00031.mp4                         
                             '                                                 
                    INFO     Writing E=1:500000 to      tex_file_writing.py:111
                             media\Tex\6cdd3113b1e9ca1e                        
                             .tex                                              
latex: security risk: running with elevated privileges
dvisvgm: security risk: running with elevated privileges
                    INFO     Automatically converted   scene_file_writer.py:377
                             C:\Users\Windows                                  
                             11\Documents\Instagram\ma                         
                             tematica_em_movimento_30\                         
                             enem\audio\ENEM-2023-MT-4                         
                             2\step_04.mp3 to .wav                             
                    INFO     Caching disabled.             cairo_renderer.py:79
[09/12/26 09:24:07] INFO     Animation 32 : Partial    scene_file_writer.py:588
                             movie file written in                             
                             'C:\Users\Windows                                 
                             11\Documents\Instagram\ma                         
                             tematica_em_movimento_30\                         
                             enem\media\videos\22_2023                         
                             _q177_escala_voo\1920p30\                         
                             partial_movie_files\Resol                         
                             ucao22\uncached_00032.mp4                         
                             '                                                 
                    INFO     Caching disabled.             cairo_renderer.py:79
[09/12/26 09:24:08] INFO     Animation 33 : Partial    scene_file_writer.py:588
                             movie file written in                             
                             'C:\Users\Windows                                 
                             11\Documents\Instagram\ma                         
                             tematica_em_movimento_30\                         
                             enem\media\videos\22_2023                         
                             _q177_escala_voo\1920p30\                         
                             partial_movie_files\Resol                         
                             ucao22\uncached_00033.mp4                         
                             '                                                 
                    INFO     Automatically converted   scene_file_writer.py:377
                             C:\Users\Windows                                  
                             11\Documents\Instagram\ma                         
                             tematica_em_movimento_30\                         
                             enem\audio\ENEM-2023-MT-4                         
                             2\answer.mp3 to .wav                              
                    INFO     Caching disabled.             cairo_renderer.py:79
[09/12/26 09:24:09] INFO     Animation 34 : Partial    scene_file_writer.py:588
                             movie file written in                             
                             'C:\Users\Windows                                 
                             11\Documents\Instagram\ma                         
                             tematica_em_movimento_30\                         
                             enem\media\videos\22_2023                         
                             _q177_escala_voo\1920p30\                         
                             partial_movie_files\Resol                         
                             ucao22\uncached_00034.mp4                         
                             '                                                 
                    INFO     Caching disabled.             cairo_renderer.py:79
[09/12/26 09:24:10] INFO     Animation 35 : Partial    scene_file_writer.py:588
                             movie file written in                             
                             'C:\Users\Windows                                 
                             11\Documents\Instagram\ma                         
                             tematica_em_movimento_30\                         
                             enem\media\videos\22_2023                         
                             _q177_escala_voo\1920p30\                         
                             partial_movie_files\Resol                         
                             ucao22\uncached_00035.mp4                         
                             '                                                 
                    INFO     Combining to Movie file.  scene_file_writer.py:739
[09/12/26 09:24:14] WARNING  Some options were not     scene_file_writer.py:801
                             used: {'shortest': '1',                           
                             'metadata':                                       
                             'comment=Rendered with                            
                             Manim Community v0.19.0'}                         
                    INFO                               scene_file_writer.py:886
                             File ready at                                     
                             'C:\Users\Windows                                 
                             11\Documents\Instagram\ma                         
                             tematica_em_movimento_30\                         
                             enem\media\videos\22_2023                         
                             _q177_escala_voo\1920p30\                         
                             Resolucao22.mp4'                                  
                                                                               
                    INFO     Rendered Resolucao22                  scene.py:255
                             Played 36 animations                              
You are using manim version v0.19.0, but version v0.21.0 is available.
You should consider upgrading via pip install -U manim
