Manim Community v0.19.0

[09/12/26 09:24:16] INFO     Automatically converted   scene_file_writer.py:377
                             C:\Users\Windows                                  
                             11\Documents\Instagram\ma                         
                             tematica_em_movimento_30\                         
                             enem\audio\ENEM-2023-MT-4                         
                             4\source.mp3 to .wav                              
                    INFO     Caching disabled.             cairo_renderer.py:79
[09/12/26 09:24:19] INFO     Animation 0 : Partial     scene_file_writer.py:588
                             movie file written in                             
                             'C:\Users\Windows                                 
                             11\Documents\Instagram\ma                         
                             tematica_em_movimento_30\                         
                             enem\media\videos\23_2023                         
                             _q179_pizzas_lei_cossenos                         
                             \1920p30\partial_movie_fi                         
                             les\Resolucao23\uncached_                         
                             00000.mp4'                                        
                    INFO     Caching disabled.             cairo_renderer.py:79
[09/12/26 09:24:21] INFO     Animation 1 : Partial     scene_file_writer.py:588
                             movie file written in                             
                             'C:\Users\Windows                                 
                             11\Documents\Instagram\ma                         
                             tematica_em_movimento_30\                         
                             enem\media\videos\23_2023                         
                             _q179_pizzas_lei_cossenos                         
                             \1920p30\partial_movie_fi                         
                             les\Resolucao23\uncached_                         
                             00001.mp4'                                        
                    INFO     Caching disabled.             cairo_renderer.py:79
                    INFO     Animation 2 : Partial     scene_file_writer.py:588
                             movie file written in                             
                             'C:\Users\Windows                                 
                             11\Documents\Instagram\ma                         
                             tematica_em_movimento_30\                         
                             enem\media\videos\23_2023                         
                             _q179_pizzas_lei_cossenos                         
                             \1920p30\partial_movie_fi                         
                             les\Resolucao23\uncached_                         
                             00002.mp4'                                        
                    INFO     Automatically converted   scene_file_writer.py:377
                             C:\Users\Windows                                  
                             11\Documents\Instagram\ma                         
                             tematica_em_movimento_30\                         
                             enem\audio\ENEM-2023-MT-4                         
                             4\statement_01.mp3 to                             
                             .wav                                              
                    INFO     Caching disabled.             cairo_renderer.py:79
[09/12/26 09:24:28] INFO     Animation 3 : Partial     scene_file_writer.py:588
                             movie file written in                             
                             'C:\Users\Windows                                 
                             11\Documents\Instagram\ma                         
                             tematica_em_movimento_30\                         
                             enem\media\videos\23_2023                         
                             _q179_pizzas_lei_cossenos                         
                             \1920p30\partial_movie_fi                         
                             les\Resolucao23\uncached_                         
                             00003.mp4'                                        
                    INFO     Caching disabled.             cairo_renderer.py:79
[09/12/26 09:24:37] INFO     Animation 4 : Partial     scene_file_writer.py:588
                             movie file written in                             
                             'C:\Users\Windows                                 
                             11\Documents\Instagram\ma                         
                             tematica_em_movimento_30\                         
                             enem\media\videos\23_2023                         
                             _q179_pizzas_lei_cossenos                         
                             \1920p30\partial_movie_fi                         
                             les\Resolucao23\uncached_                         
                             00004.mp4'                                        
                    INFO     Caching disabled.             cairo_renderer.py:79
[09/12/26 09:24:38] INFO     Animation 5 : Partial     scene_file_writer.py:588
                             movie file written in                             
                             'C:\Users\Windows                                 
                             11\Documents\Instagram\ma                         
                             tematica_em_movimento_30\                         
                             enem\media\videos\23_2023                         
                             _q179_pizzas_lei_cossenos                         
                             \1920p30\partial_movie_fi                         
                             les\Resolucao23\uncached_                         
                             00005.mp4'                                        
                    INFO     Automatically converted   scene_file_writer.py:377
                             C:\Users\Windows                                  
                             11\Documents\Instagram\ma                         
                             tematica_em_movimento_30\                         
                             enem\audio\ENEM-2023-MT-4                         
                             4\statement_02.mp3 to                             
                             .wav                                              
                    INFO     Caching disabled.             cairo_renderer.py:79
[09/12/26 09:24:46] INFO     Animation 6 : Partial     scene_file_writer.py:588
                             movie file written in                             
                             'C:\Users\Windows                                 
                             11\Documents\Instagram\ma                         
                             tematica_em_movimento_30\                         
                             enem\media\videos\23_2023                         
                             _q179_pizzas_lei_cossenos                         
                             \1920p30\partial_movie_fi                         
                             les\Resolucao23\uncached_                         
                             00006.mp4'                                        
                    INFO     Caching disabled.             cairo_renderer.py:79
[09/12/26 09:24:55] INFO     Animation 7 : Partial     scene_file_writer.py:588
                             movie file written in                             
                             'C:\Users\Windows                                 
                             11\Documents\Instagram\ma                         
                             tematica_em_movimento_30\                         
                             enem\media\videos\23_2023                         
                             _q179_pizzas_lei_cossenos                         
                             \1920p30\partial_movie_fi                         
                             les\Resolucao23\uncached_                         
                             00007.mp4'                                        
                    INFO     Caching disabled.             cairo_renderer.py:79
[09/12/26 09:24:56] INFO     Animation 8 : Partial     scene_file_writer.py:588
                             movie file written in                             
                             'C:\Users\Windows                                 
                             11\Documents\Instagram\ma                         
                             tematica_em_movimento_30\                         
                             enem\media\videos\23_2023                         
                             _q179_pizzas_lei_cossenos                         
                             \1920p30\partial_movie_fi                         
                             les\Resolucao23\uncached_                         
                             00008.mp4'                                        
[09/12/26 09:24:57] INFO     Automatically converted   scene_file_writer.py:377
                             C:\Users\Windows                                  
                             11\Documents\Instagram\ma                         
                             tematica_em_movimento_30\                         
                             enem\audio\ENEM-2023-MT-4                         
                             4\statement_03.mp3 to                             
                             .wav                                              
                    INFO     Caching disabled.             cairo_renderer.py:79
[09/12/26 09:25:03] INFO     Animation 9 : Partial     scene_file_writer.py:588
                             movie file written in                             
                             'C:\Users\Windows                                 
                             11\Documents\Instagram\ma                         
                             tematica_em_movimento_30\                         
                             enem\media\videos\23_2023                         
                             _q179_pizzas_lei_cossenos                         
                             \1920p30\partial_movie_fi                         
                             les\Resolucao23\uncached_                         
                             00009.mp4'                                        
                    INFO     Caching disabled.             cairo_renderer.py:79
[09/12/26 09:25:10] INFO     Animation 10 : Partial    scene_file_writer.py:588
                             movie file written in                             
                             'C:\Users\Windows                                 
                             11\Documents\Instagram\ma                         
                             tematica_em_movimento_30\                         
                             enem\media\videos\23_2023                         
                             _q179_pizzas_lei_cossenos                         
                             \1920p30\partial_movie_fi                         
                             les\Resolucao23\uncached_                         
                             00010.mp4'                                        
                    INFO     Caching disabled.             cairo_renderer.py:79
[09/12/26 09:25:12] INFO     Animation 11 : Partial    scene_file_writer.py:588
                             movie file written in                             
                             'C:\Users\Windows                                 
                             11\Documents\Instagram\ma                         
                             tematica_em_movimento_30\                         
                             enem\media\videos\23_2023                         
                             _q179_pizzas_lei_cossenos                         
                             \1920p30\partial_movie_fi                         
                             les\Resolucao23\uncached_                         
                             00011.mp4'                                        
                    INFO     Caching disabled.             cairo_renderer.py:79
                    INFO     Animation 12 : Partial    scene_file_writer.py:588
                             movie file written in                             
                             'C:\Users\Windows                                 
                             11\Documents\Instagram\ma                         
                             tematica_em_movimento_30\                         
                             enem\media\videos\23_2023                         
                             _q179_pizzas_lei_cossenos                         
                             \1920p30\partial_movie_fi                         
                             les\Resolucao23\uncached_                         
                             00012.mp4'                                        
                    INFO     Automatically converted   scene_file_writer.py:377
                             C:\Users\Windows                                  
                             11\Documents\Instagram\ma                         
                             tematica_em_movimento_30\                         
                             enem\audio\ENEM-2023-MT-4                         
                             4\figure.mp3 to .wav                              
                    INFO     Caching disabled.             cairo_renderer.py:79
[09/12/26 09:25:16] INFO     Animation 13 : Partial    scene_file_writer.py:588
                             movie file written in                             
                             'C:\Users\Windows                                 
                             11\Documents\Instagram\ma                         
                             tematica_em_movimento_30\                         
                             enem\media\videos\23_2023                         
                             _q179_pizzas_lei_cossenos                         
                             \1920p30\partial_movie_fi                         
                             les\Resolucao23\uncached_                         
                             00013.mp4'                                        
                    INFO     Caching disabled.             cairo_renderer.py:79
[09/12/26 09:25:20] INFO     Animation 14 : Partial    scene_file_writer.py:588
                             movie file written in                             
                             'C:\Users\Windows                                 
                             11\Documents\Instagram\ma                         
                             tematica_em_movimento_30\                         
                             enem\media\videos\23_2023                         
                             _q179_pizzas_lei_cossenos                         
                             \1920p30\partial_movie_fi                         
                             les\Resolucao23\uncached_                         
                             00014.mp4'                                        
                    INFO     Caching disabled.             cairo_renderer.py:79
[09/12/26 09:25:21] INFO     Animation 15 : Partial    scene_file_writer.py:588
                             movie file written in                             
                             'C:\Users\Windows                                 
                             11\Documents\Instagram\ma                         
                             tematica_em_movimento_30\                         
                             enem\media\videos\23_2023                         
                             _q179_pizzas_lei_cossenos                         
                             \1920p30\partial_movie_fi                         
                             les\Resolucao23\uncached_                         
                             00015.mp4'                                        
                    INFO     Automatically converted   scene_file_writer.py:377
                             C:\Users\Windows                                  
                             11\Documents\Instagram\ma                         
                             tematica_em_movimento_30\                         
                             enem\audio\ENEM-2023-MT-4                         
                             4\options.mp3 to .wav                             
                    INFO     Caching disabled.             cairo_renderer.py:79
[09/12/26 09:25:26] INFO     Animation 16 : Partial    scene_file_writer.py:588
                             movie file written in                             
                             'C:\Users\Windows                                 
                             11\Documents\Instagram\ma                         
                             tematica_em_movimento_30\                         
                             enem\media\videos\23_2023                         
                             _q179_pizzas_lei_cossenos                         
                             \1920p30\partial_movie_fi                         
                             les\Resolucao23\uncached_                         
                             00016.mp4'                                        
                    INFO     Caching disabled.             cairo_renderer.py:79
[09/12/26 09:25:33] INFO     Animation 17 : Partial    scene_file_writer.py:588
                             movie file written in                             
                             'C:\Users\Windows                                 
                             11\Documents\Instagram\ma                         
                             tematica_em_movimento_30\                         
                             enem\media\videos\23_2023                         
                             _q179_pizzas_lei_cossenos                         
                             \1920p30\partial_movie_fi                         
                             les\Resolucao23\uncached_                         
                             00017.mp4'                                        
                    INFO     Caching disabled.             cairo_renderer.py:79
[09/12/26 09:25:34] INFO     Animation 18 : Partial    scene_file_writer.py:588
                             movie file written in                             
                             'C:\Users\Windows                                 
                             11\Documents\Instagram\ma                         
                             tematica_em_movimento_30\                         
                             enem\media\videos\23_2023                         
                             _q179_pizzas_lei_cossenos                         
                             \1920p30\partial_movie_fi                         
                             les\Resolucao23\uncached_                         
                             00018.mp4'                                        
                    INFO     Automatically converted   scene_file_writer.py:377
                             C:\Users\Windows                                  
                             11\Documents\Instagram\ma                         
                             tematica_em_movimento_30\                         
                             enem\audio\ENEM-2023-MT-4                         
                             4\data.mp3 to .wav                                
[09/12/26 09:25:35] INFO     Caching disabled.             cairo_renderer.py:79
[09/12/26 09:25:38] INFO     Animation 19 : Partial    scene_file_writer.py:588
                             movie file written in                             
                             'C:\Users\Windows                                 
                             11\Documents\Instagram\ma                         
                             tematica_em_movimento_30\                         
                             enem\media\videos\23_2023                         
                             _q179_pizzas_lei_cossenos                         
                             \1920p30\partial_movie_fi                         
                             les\Resolucao23\uncached_                         
                             00019.mp4'                                        
                    INFO     Caching disabled.             cairo_renderer.py:79
[09/12/26 09:25:43] INFO     Animation 20 : Partial    scene_file_writer.py:588
                             movie file written in                             
                             'C:\Users\Windows                                 
                             11\Documents\Instagram\ma                         
                             tematica_em_movimento_30\                         
                             enem\media\videos\23_2023                         
                             _q179_pizzas_lei_cossenos                         
                             \1920p30\partial_movie_fi                         
                             les\Resolucao23\uncached_                         
                             00020.mp4'                                        
                    INFO     Caching disabled.             cairo_renderer.py:79
[09/12/26 09:25:44] INFO     Animation 21 : Partial    scene_file_writer.py:588
                             movie file written in                             
                             'C:\Users\Windows                                 
                             11\Documents\Instagram\ma                         
                             tematica_em_movimento_30\                         
                             enem\media\videos\23_2023                         
                             _q179_pizzas_lei_cossenos                         
                             \1920p30\partial_movie_fi                         
                             les\Resolucao23\uncached_                         
                             00021.mp4'                                        
                    INFO     Automatically converted   scene_file_writer.py:377
                             C:\Users\Windows                                  
                             11\Documents\Instagram\ma                         
                             tematica_em_movimento_30\                         
                             enem\audio\ENEM-2023-MT-4                         
                             4\strategy.mp3 to .wav                            
                    INFO     Caching disabled.             cairo_renderer.py:79
[09/12/26 09:25:49] INFO     Animation 22 : Partial    scene_file_writer.py:588
                             movie file written in                             
                             'C:\Users\Windows                                 
                             11\Documents\Instagram\ma                         
                             tematica_em_movimento_30\                         
                             enem\media\videos\23_2023                         
                             _q179_pizzas_lei_cossenos                         
                             \1920p30\partial_movie_fi                         
                             les\Resolucao23\uncached_                         
                             00022.mp4'                                        
                    INFO     Caching disabled.             cairo_renderer.py:79
[09/12/26 09:25:55] INFO     Animation 23 : Partial    scene_file_writer.py:588
                             movie file written in                             
                             'C:\Users\Windows                                 
                             11\Documents\Instagram\ma                         
                             tematica_em_movimento_30\                         
                             enem\media\videos\23_2023                         
                             _q179_pizzas_lei_cossenos                         
                             \1920p30\partial_movie_fi                         
                             les\Resolucao23\uncached_                         
                             00023.mp4'                                        
                    INFO     Caching disabled.             cairo_renderer.py:79
[09/12/26 09:25:56] INFO     Animation 24 : Partial    scene_file_writer.py:588
                             movie file written in                             
                             'C:\Users\Windows                                 
                             11\Documents\Instagram\ma                         
                             tematica_em_movimento_30\                         
                             enem\media\videos\23_2023                         
                             _q179_pizzas_lei_cossenos                         
                             \1920p30\partial_movie_fi                         
                             les\Resolucao23\uncached_                         
                             00024.mp4'                                        
                    INFO     Automatically converted   scene_file_writer.py:377
                             C:\Users\Windows                                  
                             11\Documents\Instagram\ma                         
                             tematica_em_movimento_30\                         
                             enem\audio\ENEM-2023-MT-4                         
                             4\visual.mp3 to .wav                              
                    INFO     Caching disabled.             cairo_renderer.py:79
[09/12/26 09:25:59] INFO     Animation 25 : Partial    scene_file_writer.py:588
                             movie file written in                             
                             'C:\Users\Windows                                 
                             11\Documents\Instagram\ma                         
                             tematica_em_movimento_30\                         
                             enem\media\videos\23_2023                         
                             _q179_pizzas_lei_cossenos                         
                             \1920p30\partial_movie_fi                         
                             les\Resolucao23\uncached_                         
                             00025.mp4'                                        
                    INFO     Caching disabled.             cairo_renderer.py:79
[09/12/26 09:26:01] INFO     Animation 26 : Partial    scene_file_writer.py:588
                             movie file written in                             
                             'C:\Users\Windows                                 
                             11\Documents\Instagram\ma                         
                             tematica_em_movimento_30\                         
                             enem\media\videos\23_2023                         
                             _q179_pizzas_lei_cossenos                         
                             \1920p30\partial_movie_fi                         
                             les\Resolucao23\uncached_                         
                             00026.mp4'                                        
                    INFO     Caching disabled.             cairo_renderer.py:79
                    INFO     Animation 27 : Partial    scene_file_writer.py:588
                             movie file written in                             
                             'C:\Users\Windows                                 
                             11\Documents\Instagram\ma                         
                             tematica_em_movimento_30\                         
                             enem\media\videos\23_2023                         
                             _q179_pizzas_lei_cossenos                         
                             \1920p30\partial_movie_fi                         
                             les\Resolucao23\uncached_                         
                             00027.mp4'                                        
                    INFO     Caching disabled.             cairo_renderer.py:79
[09/12/26 09:26:02] INFO     Animation 28 : Partial    scene_file_writer.py:588
                             movie file written in                             
                             'C:\Users\Windows                                 
                             11\Documents\Instagram\ma                         
                             tematica_em_movimento_30\                         
                             enem\media\videos\23_2023                         
                             _q179_pizzas_lei_cossenos                         
                             \1920p30\partial_movie_fi                         
                             les\Resolucao23\uncached_                         
                             00028.mp4'                                        
                    INFO     Writing                    tex_file_writing.py:111
                             {\pi\over4}a^2>{\pi\over4}                        
                             b^2+{\pi\over4}c^2 to                             
                             media\Tex\9e680d193c26ec80                        
                             .tex                                              
latex: security risk: running with elevated privileges
dvisvgm: security risk: running with elevated privileges
[09/12/26 09:26:03] INFO     Automatically converted   scene_file_writer.py:377
                             C:\Users\Windows                                  
                             11\Documents\Instagram\ma                         
                             tematica_em_movimento_30\                         
                             enem\audio\ENEM-2023-MT-4                         
                             4\step_01.mp3 to .wav                             
                    INFO     Caching disabled.             cairo_renderer.py:79
[09/12/26 09:26:05] INFO     Animation 29 : Partial    scene_file_writer.py:588
                             movie file written in                             
                             'C:\Users\Windows                                 
                             11\Documents\Instagram\ma                         
                             tematica_em_movimento_30\                         
                             enem\media\videos\23_2023                         
                             _q179_pizzas_lei_cossenos                         
                             \1920p30\partial_movie_fi                         
                             les\Resolucao23\uncached_                         
                             00029.mp4'                                        
                    INFO     Caching disabled.             cairo_renderer.py:79
[09/12/26 09:26:07] INFO     Animation 30 : Partial    scene_file_writer.py:588
                             movie file written in                             
                             'C:\Users\Windows                                 
                             11\Documents\Instagram\ma                         
                             tematica_em_movimento_30\                         
                             enem\media\videos\23_2023                         
                             _q179_pizzas_lei_cossenos                         
                             \1920p30\partial_movie_fi                         
                             les\Resolucao23\uncached_                         
                             00030.mp4'                                        
                    INFO     Writing a^2>b^2+c^2 to     tex_file_writing.py:111
                             media\Tex\3605104f06c3e7b5                        
                             .tex                                              
latex: security risk: running with elevated privileges
dvisvgm: security risk: running with elevated privileges
[09/12/26 09:26:08] INFO     Automatically converted   scene_file_writer.py:377
                             C:\Users\Windows                                  
                             11\Documents\Instagram\ma                         
                             tematica_em_movimento_30\                         
                             enem\audio\ENEM-2023-MT-4                         
                             4\step_02.mp3 to .wav                             
                    INFO     Caching disabled.             cairo_renderer.py:79
[09/12/26 09:26:10] INFO     Animation 31 : Partial    scene_file_writer.py:588
                             movie file written in                             
                             'C:\Users\Windows                                 
                             11\Documents\Instagram\ma                         
                             tematica_em_movimento_30\                         
                             enem\media\videos\23_2023                         
                             _q179_pizzas_lei_cossenos                         
                             \1920p30\partial_movie_fi                         
                             les\Resolucao23\uncached_                         
                             00031.mp4'                                        
                    INFO     Caching disabled.             cairo_renderer.py:79
[09/12/26 09:26:12] INFO     Animation 32 : Partial    scene_file_writer.py:588
                             movie file written in                             
                             'C:\Users\Windows                                 
                             11\Documents\Instagram\ma                         
                             tematica_em_movimento_30\                         
                             enem\media\videos\23_2023                         
                             _q179_pizzas_lei_cossenos                         
                             \1920p30\partial_movie_fi                         
                             les\Resolucao23\uncached_                         
                             00032.mp4'                                        
                    INFO     Writing                    tex_file_writing.py:111
                             a^2=b^2+c^2-2bc\cos\alpha                         
                             to                                                
                             media\Tex\f74d0819812c57dd                        
                             .tex                                              
latex: security risk: running with elevated privileges
dvisvgm: security risk: running with elevated privileges
[09/12/26 09:26:13] INFO     Automatically converted   scene_file_writer.py:377
                             C:\Users\Windows                                  
                             11\Documents\Instagram\ma                         
                             tematica_em_movimento_30\                         
                             enem\audio\ENEM-2023-MT-4                         
                             4\step_03.mp3 to .wav                             
                    INFO     Caching disabled.             cairo_renderer.py:79
[09/12/26 09:26:15] INFO     Animation 33 : Partial    scene_file_writer.py:588
                             movie file written in                             
                             'C:\Users\Windows                                 
                             11\Documents\Instagram\ma                         
                             tematica_em_movimento_30\                         
                             enem\media\videos\23_2023                         
                             _q179_pizzas_lei_cossenos                         
                             \1920p30\partial_movie_fi                         
                             les\Resolucao23\uncached_                         
                             00033.mp4'                                        
                    INFO     Caching disabled.             cairo_renderer.py:79
[09/12/26 09:26:17] INFO     Animation 34 : Partial    scene_file_writer.py:588
                             movie file written in                             
                             'C:\Users\Windows                                 
                             11\Documents\Instagram\ma                         
                             tematica_em_movimento_30\                         
                             enem\media\videos\23_2023                         
                             _q179_pizzas_lei_cossenos                         
                             \1920p30\partial_movie_fi                         
                             les\Resolucao23\uncached_                         
                             00034.mp4'                                        
                    INFO     Writing                    tex_file_writing.py:111
                             b^2+c^2-2bc\cos\alpha>b^2+                        
                             c^2 to                                            
                             media\Tex\2072f50001cb79c3                        
                             .tex                                              
latex: security risk: running with elevated privileges
dvisvgm: security risk: running with elevated privileges
[09/12/26 09:26:18] INFO     Automatically converted   scene_file_writer.py:377
                             C:\Users\Windows                                  
                             11\Documents\Instagram\ma                         
                             tematica_em_movimento_30\                         
                             enem\audio\ENEM-2023-MT-4                         
                             4\step_04.mp3 to .wav                             
                    INFO     Caching disabled.             cairo_renderer.py:79
[09/12/26 09:26:20] INFO     Animation 35 : Partial    scene_file_writer.py:588
                             movie file written in                             
                             'C:\Users\Windows                                 
                             11\Documents\Instagram\ma                         
                             tematica_em_movimento_30\                         
                             enem\media\videos\23_2023                         
                             _q179_pizzas_lei_cossenos                         
                             \1920p30\partial_movie_fi                         
                             les\Resolucao23\uncached_                         
                             00035.mp4'                                        
                    INFO     Caching disabled.             cairo_renderer.py:79
[09/12/26 09:26:23] INFO     Animation 36 : Partial    scene_file_writer.py:588
                             movie file written in                             
                             'C:\Users\Windows                                 
                             11\Documents\Instagram\ma                         
                             tematica_em_movimento_30\                         
                             enem\media\videos\23_2023                         
                             _q179_pizzas_lei_cossenos                         
                             \1920p30\partial_movie_fi                         
                             les\Resolucao23\uncached_                         
                             00036.mp4'                                        
                    INFO     Writing -2bc\cos\alpha>0   tex_file_writing.py:111
                             to                                                
                             media\Tex\cfc9d45408413fe6                        
                             .tex                                              
latex: security risk: running with elevated privileges
dvisvgm: security risk: running with elevated privileges
[09/12/26 09:26:24] INFO     Automatically converted   scene_file_writer.py:377
                             C:\Users\Windows                                  
                             11\Documents\Instagram\ma                         
                             tematica_em_movimento_30\                         
                             enem\audio\ENEM-2023-MT-4                         
                             4\step_05.mp3 to .wav                             
                    INFO     Caching disabled.             cairo_renderer.py:79
[09/12/26 09:26:26] INFO     Animation 37 : Partial    scene_file_writer.py:588
                             movie file written in                             
                             'C:\Users\Windows                                 
                             11\Documents\Instagram\ma                         
                             tematica_em_movimento_30\                         
                             enem\media\videos\23_2023                         
                             _q179_pizzas_lei_cossenos                         
                             \1920p30\partial_movie_fi                         
                             les\Resolucao23\uncached_                         
                             00037.mp4'                                        
                    INFO     Caching disabled.             cairo_renderer.py:79
[09/12/26 09:26:28] INFO     Animation 38 : Partial    scene_file_writer.py:588
                             movie file written in                             
                             'C:\Users\Windows                                 
                             11\Documents\Instagram\ma                         
                             tematica_em_movimento_30\                         
                             enem\media\videos\23_2023                         
                             _q179_pizzas_lei_cossenos                         
                             \1920p30\partial_movie_fi                         
                             les\Resolucao23\uncached_                         
                             00038.mp4'                                        
                    INFO     Writing \cos\alpha<0 to    tex_file_writing.py:111
                             media\Tex\825eb45a21107946                        
                             .tex                                              
latex: security risk: running with elevated privileges
dvisvgm: security risk: running with elevated privileges
[09/12/26 09:26:29] INFO     Automatically converted   scene_file_writer.py:377
                             C:\Users\Windows                                  
                             11\Documents\Instagram\ma                         
                             tematica_em_movimento_30\                         
                             enem\audio\ENEM-2023-MT-4                         
                             4\step_06.mp3 to .wav                             
                    INFO     Caching disabled.             cairo_renderer.py:79
[09/12/26 09:26:32] INFO     Animation 39 : Partial    scene_file_writer.py:588
                             movie file written in                             
                             'C:\Users\Windows                                 
                             11\Documents\Instagram\ma                         
                             tematica_em_movimento_30\                         
                             enem\media\videos\23_2023                         
                             _q179_pizzas_lei_cossenos                         
                             \1920p30\partial_movie_fi                         
                             les\Resolucao23\uncached_                         
                             00039.mp4'                                        
                    INFO     Caching disabled.             cairo_renderer.py:79
[09/12/26 09:26:33] INFO     Animation 40 : Partial    scene_file_writer.py:588
                             movie file written in                             
                             'C:\Users\Windows                                 
                             11\Documents\Instagram\ma                         
                             tematica_em_movimento_30\                         
                             enem\media\videos\23_2023                         
                             _q179_pizzas_lei_cossenos                         
                             \1920p30\partial_movie_fi                         
                             les\Resolucao23\uncached_                         
                             00040.mp4'                                        
[09/12/26 09:26:34] INFO     Writing                    tex_file_writing.py:111
                             90^\circ<\alpha<180^\circ                         
                             to                                                
                             media\Tex\77946a7b612319f0                        
                             .tex                                              
latex: security risk: running with elevated privileges
dvisvgm: security risk: running with elevated privileges
                    INFO     Automatically converted   scene_file_writer.py:377
                             C:\Users\Windows                                  
                             11\Documents\Instagram\ma                         
                             tematica_em_movimento_30\                         
                             enem\audio\ENEM-2023-MT-4                         
                             4\step_07.mp3 to .wav                             
                    INFO     Caching disabled.             cairo_renderer.py:79
[09/12/26 09:26:37] INFO     Animation 41 : Partial    scene_file_writer.py:588
                             movie file written in                             
                             'C:\Users\Windows                                 
                             11\Documents\Instagram\ma                         
                             tematica_em_movimento_30\                         
                             enem\media\videos\23_2023                         
                             _q179_pizzas_lei_cossenos                         
                             \1920p30\partial_movie_fi                         
                             les\Resolucao23\uncached_                         
                             00041.mp4'                                        
                    INFO     Caching disabled.             cairo_renderer.py:79
[09/12/26 09:26:39] INFO     Animation 42 : Partial    scene_file_writer.py:588
                             movie file written in                             
                             'C:\Users\Windows                                 
                             11\Documents\Instagram\ma                         
                             tematica_em_movimento_30\                         
                             enem\media\videos\23_2023                         
                             _q179_pizzas_lei_cossenos                         
                             \1920p30\partial_movie_fi                         
                             les\Resolucao23\uncached_                         
                             00042.mp4'                                        
                    INFO     Automatically converted   scene_file_writer.py:377
                             C:\Users\Windows                                  
                             11\Documents\Instagram\ma                         
                             tematica_em_movimento_30\                         
                             enem\audio\ENEM-2023-MT-4                         
                             4\answer.mp3 to .wav                              
                    INFO     Caching disabled.             cairo_renderer.py:79
[09/12/26 09:26:41] INFO     Animation 43 : Partial    scene_file_writer.py:588
                             movie file written in                             
                             'C:\Users\Windows                                 
                             11\Documents\Instagram\ma                         
                             tematica_em_movimento_30\                         
                             enem\media\videos\23_2023                         
                             _q179_pizzas_lei_cossenos                         
                             \1920p30\partial_movie_fi                         
                             les\Resolucao23\uncached_                         
                             00043.mp4'                                        
                    INFO     Caching disabled.             cairo_renderer.py:79
[09/12/26 09:26:43] INFO     Animation 44 : Partial    scene_file_writer.py:588
                             movie file written in                             
                             'C:\Users\Windows                                 
                             11\Documents\Instagram\ma                         
                             tematica_em_movimento_30\                         
                             enem\media\videos\23_2023                         
                             _q179_pizzas_lei_cossenos                         
                             \1920p30\partial_movie_fi                         
                             les\Resolucao23\uncached_                         
                             00044.mp4'                                        
                    INFO     Combining to Movie file.  scene_file_writer.py:739
[09/12/26 09:26:49] WARNING  Some options were not     scene_file_writer.py:801
                             used: {'shortest': '1',                           
                             'metadata':                                       
                             'comment=Rendered with                            
                             Manim Community v0.19.0'}                         
                    INFO                               scene_file_writer.py:886
                             File ready at                                     
                             'C:\Users\Windows                                 
                             11\Documents\Instagram\ma                         
                             tematica_em_movimento_30\                         
                             enem\media\videos\23_2023                         
                             _q179_pizzas_lei_cossenos                         
                             \1920p30\Resolucao23.mp4'                         
                                                                               
                    INFO     Rendered Resolucao23                  scene.py:255
                             Played 45 animations                              
You are using manim version v0.19.0, but version v0.21.0 is available.
You should consider upgrading via pip install -U manim
