Manim Community v0.19.0

[09/12/26 09:26:51] INFO     Automatically converted   scene_file_writer.py:377
                             C:\Users\Windows                                  
                             11\Documents\Instagram\ma                         
                             tematica_em_movimento_30\                         
                             enem\audio\ENEM-2024-MT-0                         
                             2\source.mp3 to .wav                              
                    INFO     Caching disabled.             cairo_renderer.py:79
[09/12/26 09:26:54] INFO     Animation 0 : Partial     scene_file_writer.py:588
                             movie file written in                             
                             'C:\Users\Windows                                 
                             11\Documents\Instagram\ma                         
                             tematica_em_movimento_30\                         
                             enem\media\videos\24_2024                         
                             _q137_area_setor\1920p30\                         
                             partial_movie_files\Resol                         
                             ucao24\uncached_00000.mp4                         
                             '                                                 
                    INFO     Caching disabled.             cairo_renderer.py:79
[09/12/26 09:26:55] INFO     Animation 1 : Partial     scene_file_writer.py:588
                             movie file written in                             
                             'C:\Users\Windows                                 
                             11\Documents\Instagram\ma                         
                             tematica_em_movimento_30\                         
                             enem\media\videos\24_2024                         
                             _q137_area_setor\1920p30\                         
                             partial_movie_files\Resol                         
                             ucao24\uncached_00001.mp4                         
                             '                                                 
                    INFO     Caching disabled.             cairo_renderer.py:79
[09/12/26 09:26:56] INFO     Animation 2 : Partial     scene_file_writer.py:588
                             movie file written in                             
                             'C:\Users\Windows                                 
                             11\Documents\Instagram\ma                         
                             tematica_em_movimento_30\                         
                             enem\media\videos\24_2024                         
                             _q137_area_setor\1920p30\                         
                             partial_movie_files\Resol                         
                             ucao24\uncached_00002.mp4                         
                             '                                                 
                    INFO     Automatically converted   scene_file_writer.py:377
                             C:\Users\Windows                                  
                             11\Documents\Instagram\ma                         
                             tematica_em_movimento_30\                         
                             enem\audio\ENEM-2024-MT-0                         
                             2\statement_01.mp3 to                             
                             .wav                                              
                    INFO     Caching disabled.             cairo_renderer.py:79
[09/12/26 09:27:03] INFO     Animation 3 : Partial     scene_file_writer.py:588
                             movie file written in                             
                             'C:\Users\Windows                                 
                             11\Documents\Instagram\ma                         
                             tematica_em_movimento_30\                         
                             enem\media\videos\24_2024                         
                             _q137_area_setor\1920p30\                         
                             partial_movie_files\Resol                         
                             ucao24\uncached_00003.mp4                         
                             '                                                 
                    INFO     Caching disabled.             cairo_renderer.py:79
[09/12/26 09:27:11] INFO     Animation 4 : Partial     scene_file_writer.py:588
                             movie file written in                             
                             'C:\Users\Windows                                 
                             11\Documents\Instagram\ma                         
                             tematica_em_movimento_30\                         
                             enem\media\videos\24_2024                         
                             _q137_area_setor\1920p30\                         
                             partial_movie_files\Resol                         
                             ucao24\uncached_00004.mp4                         
                             '                                                 
                    INFO     Caching disabled.             cairo_renderer.py:79
[09/12/26 09:27:13] INFO     Animation 5 : Partial     scene_file_writer.py:588
                             movie file written in                             
                             'C:\Users\Windows                                 
                             11\Documents\Instagram\ma                         
                             tematica_em_movimento_30\                         
                             enem\media\videos\24_2024                         
                             _q137_area_setor\1920p30\                         
                             partial_movie_files\Resol                         
                             ucao24\uncached_00005.mp4                         
                             '                                                 
                    INFO     Automatically converted   scene_file_writer.py:377
                             C:\Users\Windows                                  
                             11\Documents\Instagram\ma                         
                             tematica_em_movimento_30\                         
                             enem\audio\ENEM-2024-MT-0                         
                             2\statement_02.mp3 to                             
                             .wav                                              
                    INFO     Caching disabled.             cairo_renderer.py:79
[09/12/26 09:27:17] INFO     Animation 6 : Partial     scene_file_writer.py:588
                             movie file written in                             
                             'C:\Users\Windows                                 
                             11\Documents\Instagram\ma                         
                             tematica_em_movimento_30\                         
                             enem\media\videos\24_2024                         
                             _q137_area_setor\1920p30\                         
                             partial_movie_files\Resol                         
                             ucao24\uncached_00006.mp4                         
                             '                                                 
                    INFO     Caching disabled.             cairo_renderer.py:79
[09/12/26 09:27:20] INFO     Animation 7 : Partial     scene_file_writer.py:588
                             movie file written in                             
                             'C:\Users\Windows                                 
                             11\Documents\Instagram\ma                         
                             tematica_em_movimento_30\                         
                             enem\media\videos\24_2024                         
                             _q137_area_setor\1920p30\                         
                             partial_movie_files\Resol                         
                             ucao24\uncached_00007.mp4                         
                             '                                                 
                    INFO     Caching disabled.             cairo_renderer.py:79
                    INFO     Animation 8 : Partial     scene_file_writer.py:588
                             movie file written in                             
                             'C:\Users\Windows                                 
                             11\Documents\Instagram\ma                         
                             tematica_em_movimento_30\                         
                             enem\media\videos\24_2024                         
                             _q137_area_setor\1920p30\                         
                             partial_movie_files\Resol                         
                             ucao24\uncached_00008.mp4                         
                             '                                                 
[09/12/26 09:27:21] INFO     Automatically converted   scene_file_writer.py:377
                             C:\Users\Windows                                  
                             11\Documents\Instagram\ma                         
                             tematica_em_movimento_30\                         
                             enem\audio\ENEM-2024-MT-0                         
                             2\statement_03.mp3 to                             
                             .wav                                              
                    INFO     Caching disabled.             cairo_renderer.py:79
[09/12/26 09:27:28] INFO     Animation 9 : Partial     scene_file_writer.py:588
                             movie file written in                             
                             'C:\Users\Windows                                 
                             11\Documents\Instagram\ma                         
                             tematica_em_movimento_30\                         
                             enem\media\videos\24_2024                         
                             _q137_area_setor\1920p30\                         
                             partial_movie_files\Resol                         
                             ucao24\uncached_00009.mp4                         
                             '                                                 
                    INFO     Caching disabled.             cairo_renderer.py:79
[09/12/26 09:27:38] INFO     Animation 10 : Partial    scene_file_writer.py:588
                             movie file written in                             
                             'C:\Users\Windows                                 
                             11\Documents\Instagram\ma                         
                             tematica_em_movimento_30\                         
                             enem\media\videos\24_2024                         
                             _q137_area_setor\1920p30\                         
                             partial_movie_files\Resol                         
                             ucao24\uncached_00010.mp4                         
                             '                                                 
                    INFO     Caching disabled.             cairo_renderer.py:79
[09/12/26 09:27:40] INFO     Animation 11 : Partial    scene_file_writer.py:588
                             movie file written in                             
                             'C:\Users\Windows                                 
                             11\Documents\Instagram\ma                         
                             tematica_em_movimento_30\                         
                             enem\media\videos\24_2024                         
                             _q137_area_setor\1920p30\                         
                             partial_movie_files\Resol                         
                             ucao24\uncached_00011.mp4                         
                             '                                                 
                    INFO     Automatically converted   scene_file_writer.py:377
                             C:\Users\Windows                                  
                             11\Documents\Instagram\ma                         
                             tematica_em_movimento_30\                         
                             enem\audio\ENEM-2024-MT-0                         
                             2\statement_04.mp3 to                             
                             .wav                                              
                    INFO     Caching disabled.             cairo_renderer.py:79
[09/12/26 09:27:45] INFO     Animation 12 : Partial    scene_file_writer.py:588
                             movie file written in                             
                             'C:\Users\Windows                                 
                             11\Documents\Instagram\ma                         
                             tematica_em_movimento_30\                         
                             enem\media\videos\24_2024                         
                             _q137_area_setor\1920p30\                         
                             partial_movie_files\Resol                         
                             ucao24\uncached_00012.mp4                         
                             '                                                 
                    INFO     Caching disabled.             cairo_renderer.py:79
[09/12/26 09:27:51] INFO     Animation 13 : Partial    scene_file_writer.py:588
                             movie file written in                             
                             'C:\Users\Windows                                 
                             11\Documents\Instagram\ma                         
                             tematica_em_movimento_30\                         
                             enem\media\videos\24_2024                         
                             _q137_area_setor\1920p30\                         
                             partial_movie_files\Resol                         
                             ucao24\uncached_00013.mp4                         
                             '                                                 
                    INFO     Caching disabled.             cairo_renderer.py:79
[09/12/26 09:27:52] INFO     Animation 14 : Partial    scene_file_writer.py:588
                             movie file written in                             
                             'C:\Users\Windows                                 
                             11\Documents\Instagram\ma                         
                             tematica_em_movimento_30\                         
                             enem\media\videos\24_2024                         
                             _q137_area_setor\1920p30\                         
                             partial_movie_files\Resol                         
                             ucao24\uncached_00014.mp4                         
                             '                                                 
                    INFO     Caching disabled.             cairo_renderer.py:79
                    INFO     Animation 15 : Partial    scene_file_writer.py:588
                             movie file written in                             
                             'C:\Users\Windows                                 
                             11\Documents\Instagram\ma                         
                             tematica_em_movimento_30\                         
                             enem\media\videos\24_2024                         
                             _q137_area_setor\1920p30\                         
                             partial_movie_files\Resol                         
                             ucao24\uncached_00015.mp4                         
                             '                                                 
                    INFO     Automatically converted   scene_file_writer.py:377
                             C:\Users\Windows                                  
                             11\Documents\Instagram\ma                         
                             tematica_em_movimento_30\                         
                             enem\audio\ENEM-2024-MT-0                         
                             2\figure.mp3 to .wav                              
                    INFO     Caching disabled.             cairo_renderer.py:79
[09/12/26 09:27:56] INFO     Animation 16 : Partial    scene_file_writer.py:588
                             movie file written in                             
                             'C:\Users\Windows                                 
                             11\Documents\Instagram\ma                         
                             tematica_em_movimento_30\                         
                             enem\media\videos\24_2024                         
                             _q137_area_setor\1920p30\                         
                             partial_movie_files\Resol                         
                             ucao24\uncached_00016.mp4                         
                             '                                                 
                    INFO     Caching disabled.             cairo_renderer.py:79
[09/12/26 09:27:58] INFO     Animation 17 : Partial    scene_file_writer.py:588
                             movie file written in                             
                             'C:\Users\Windows                                 
                             11\Documents\Instagram\ma                         
                             tematica_em_movimento_30\                         
                             enem\media\videos\24_2024                         
                             _q137_area_setor\1920p30\                         
                             partial_movie_files\Resol                         
                             ucao24\uncached_00017.mp4                         
                             '                                                 
                    INFO     Caching disabled.             cairo_renderer.py:79
[09/12/26 09:27:59] INFO     Animation 18 : Partial    scene_file_writer.py:588
                             movie file written in                             
                             'C:\Users\Windows                                 
                             11\Documents\Instagram\ma                         
                             tematica_em_movimento_30\                         
                             enem\media\videos\24_2024                         
                             _q137_area_setor\1920p30\                         
                             partial_movie_files\Resol                         
                             ucao24\uncached_00018.mp4                         
                             '                                                 
                    INFO     Automatically converted   scene_file_writer.py:377
                             C:\Users\Windows                                  
                             11\Documents\Instagram\ma                         
                             tematica_em_movimento_30\                         
                             enem\audio\ENEM-2024-MT-0                         
                             2\options.mp3 to .wav                             
                    INFO     Caching disabled.             cairo_renderer.py:79
[09/12/26 09:28:02] INFO     Animation 19 : Partial    scene_file_writer.py:588
                             movie file written in                             
                             'C:\Users\Windows                                 
                             11\Documents\Instagram\ma                         
                             tematica_em_movimento_30\                         
                             enem\media\videos\24_2024                         
                             _q137_area_setor\1920p30\                         
                             partial_movie_files\Resol                         
                             ucao24\uncached_00019.mp4                         
                             '                                                 
                    INFO     Caching disabled.             cairo_renderer.py:79
[09/12/26 09:28:04] INFO     Animation 20 : Partial    scene_file_writer.py:588
                             movie file written in                             
                             'C:\Users\Windows                                 
                             11\Documents\Instagram\ma                         
                             tematica_em_movimento_30\                         
                             enem\media\videos\24_2024                         
                             _q137_area_setor\1920p30\                         
                             partial_movie_files\Resol                         
                             ucao24\uncached_00020.mp4                         
                             '                                                 
                    INFO     Caching disabled.             cairo_renderer.py:79
                    INFO     Animation 21 : Partial    scene_file_writer.py:588
                             movie file written in                             
                             'C:\Users\Windows                                 
                             11\Documents\Instagram\ma                         
                             tematica_em_movimento_30\                         
                             enem\media\videos\24_2024                         
                             _q137_area_setor\1920p30\                         
                             partial_movie_files\Resol                         
                             ucao24\uncached_00021.mp4                         
                             '                                                 
[09/12/26 09:28:05] INFO     Automatically converted   scene_file_writer.py:377
                             C:\Users\Windows                                  
                             11\Documents\Instagram\ma                         
                             tematica_em_movimento_30\                         
                             enem\audio\ENEM-2024-MT-0                         
                             2\data.mp3 to .wav                                
                    INFO     Caching disabled.             cairo_renderer.py:79
[09/12/26 09:28:08] INFO     Animation 22 : Partial    scene_file_writer.py:588
                             movie file written in                             
                             'C:\Users\Windows                                 
                             11\Documents\Instagram\ma                         
                             tematica_em_movimento_30\                         
                             enem\media\videos\24_2024                         
                             _q137_area_setor\1920p30\                         
                             partial_movie_files\Resol                         
                             ucao24\uncached_00022.mp4                         
                             '                                                 
                    INFO     Caching disabled.             cairo_renderer.py:79
[09/12/26 09:28:13] INFO     Animation 23 : Partial    scene_file_writer.py:588
                             movie file written in                             
                             'C:\Users\Windows                                 
                             11\Documents\Instagram\ma                         
                             tematica_em_movimento_30\                         
                             enem\media\videos\24_2024                         
                             _q137_area_setor\1920p30\                         
                             partial_movie_files\Resol                         
                             ucao24\uncached_00023.mp4                         
                             '                                                 
                    INFO     Caching disabled.             cairo_renderer.py:79
[09/12/26 09:28:14] INFO     Animation 24 : Partial    scene_file_writer.py:588
                             movie file written in                             
                             'C:\Users\Windows                                 
                             11\Documents\Instagram\ma                         
                             tematica_em_movimento_30\                         
                             enem\media\videos\24_2024                         
                             _q137_area_setor\1920p30\                         
                             partial_movie_files\Resol                         
                             ucao24\uncached_00024.mp4                         
                             '                                                 
                    INFO     Automatically converted   scene_file_writer.py:377
                             C:\Users\Windows                                  
                             11\Documents\Instagram\ma                         
                             tematica_em_movimento_30\                         
                             enem\audio\ENEM-2024-MT-0                         
                             2\strategy.mp3 to .wav                            
                    INFO     Caching disabled.             cairo_renderer.py:79
[09/12/26 09:28:19] INFO     Animation 25 : Partial    scene_file_writer.py:588
                             movie file written in                             
                             'C:\Users\Windows                                 
                             11\Documents\Instagram\ma                         
                             tematica_em_movimento_30\                         
                             enem\media\videos\24_2024                         
                             _q137_area_setor\1920p30\                         
                             partial_movie_files\Resol                         
                             ucao24\uncached_00025.mp4                         
                             '                                                 
                    INFO     Caching disabled.             cairo_renderer.py:79
[09/12/26 09:28:27] INFO     Animation 26 : Partial    scene_file_writer.py:588
                             movie file written in                             
                             'C:\Users\Windows                                 
                             11\Documents\Instagram\ma                         
                             tematica_em_movimento_30\                         
                             enem\media\videos\24_2024                         
                             _q137_area_setor\1920p30\                         
                             partial_movie_files\Resol                         
                             ucao24\uncached_00026.mp4                         
                             '                                                 
                    INFO     Caching disabled.             cairo_renderer.py:79
[09/12/26 09:28:28] INFO     Animation 27 : Partial    scene_file_writer.py:588
                             movie file written in                             
                             'C:\Users\Windows                                 
                             11\Documents\Instagram\ma                         
                             tematica_em_movimento_30\                         
                             enem\media\videos\24_2024                         
                             _q137_area_setor\1920p30\                         
                             partial_movie_files\Resol                         
                             ucao24\uncached_00027.mp4                         
                             '                                                 
                    INFO     Automatically converted   scene_file_writer.py:377
                             C:\Users\Windows                                  
                             11\Documents\Instagram\ma                         
                             tematica_em_movimento_30\                         
                             enem\audio\ENEM-2024-MT-0                         
                             2\visual.mp3 to .wav                              
                    INFO     Caching disabled.             cairo_renderer.py:79
[09/12/26 09:28:30] INFO     Animation 28 : Partial    scene_file_writer.py:588
                             movie file written in                             
                             'C:\Users\Windows                                 
                             11\Documents\Instagram\ma                         
                             tematica_em_movimento_30\                         
                             enem\media\videos\24_2024                         
                             _q137_area_setor\1920p30\                         
                             partial_movie_files\Resol                         
                             ucao24\uncached_00028.mp4                         
                             '                                                 
                    INFO     Caching disabled.             cairo_renderer.py:79
[09/12/26 09:28:31] INFO     Animation 29 : Partial    scene_file_writer.py:588
                             movie file written in                             
                             'C:\Users\Windows                                 
                             11\Documents\Instagram\ma                         
                             tematica_em_movimento_30\                         
                             enem\media\videos\24_2024                         
                             _q137_area_setor\1920p30\                         
                             partial_movie_files\Resol                         
                             ucao24\uncached_00029.mp4                         
                             '                                                 
                    INFO     Caching disabled.             cairo_renderer.py:79
                    INFO     Animation 30 : Partial    scene_file_writer.py:588
                             movie file written in                             
                             'C:\Users\Windows                                 
                             11\Documents\Instagram\ma                         
                             tematica_em_movimento_30\                         
                             enem\media\videos\24_2024                         
                             _q137_area_setor\1920p30\                         
                             partial_movie_files\Resol                         
                             ucao24\uncached_00030.mp4                         
                             '                                                 
                    INFO     Caching disabled.             cairo_renderer.py:79
[09/12/26 09:28:32] INFO     Animation 31 : Partial    scene_file_writer.py:588
                             movie file written in                             
                             'C:\Users\Windows                                 
                             11\Documents\Instagram\ma                         
                             tematica_em_movimento_30\                         
                             enem\media\videos\24_2024                         
                             _q137_area_setor\1920p30\                         
                             partial_movie_files\Resol                         
                             ucao24\uncached_00031.mp4                         
                             '                                                 
                    INFO     Writing                    tex_file_writing.py:111
                             A_1={15\over360}3(20)^2=50                        
                             to                                                
                             media\Tex\bd41fb4b45793aa4                        
                             .tex                                              
latex: security risk: running with elevated privileges
dvisvgm: security risk: running with elevated privileges
[09/12/26 09:28:33] INFO     Automatically converted   scene_file_writer.py:377
                             C:\Users\Windows                                  
                             11\Documents\Instagram\ma                         
                             tematica_em_movimento_30\                         
                             enem\audio\ENEM-2024-MT-0                         
                             2\step_01.mp3 to .wav                             
                    INFO     Caching disabled.             cairo_renderer.py:79
[09/12/26 09:28:35] INFO     Animation 32 : Partial    scene_file_writer.py:588
                             movie file written in                             
                             'C:\Users\Windows                                 
                             11\Documents\Instagram\ma                         
                             tematica_em_movimento_30\                         
                             enem\media\videos\24_2024                         
                             _q137_area_setor\1920p30\                         
                             partial_movie_files\Resol                         
                             ucao24\uncached_00032.mp4                         
                             '                                                 
                    INFO     Caching disabled.             cairo_renderer.py:79
[09/12/26 09:28:39] INFO     Animation 33 : Partial    scene_file_writer.py:588
                             movie file written in                             
                             'C:\Users\Windows                                 
                             11\Documents\Instagram\ma                         
                             tematica_em_movimento_30\                         
                             enem\media\videos\24_2024                         
                             _q137_area_setor\1920p30\                         
                             partial_movie_files\Resol                         
                             ucao24\uncached_00033.mp4                         
                             '                                                 
                    INFO     Writing                    tex_file_writing.py:111
                             A_2={30\over360}3(22)^2=12                        
                             1 to                                              
                             media\Tex\9c14a9c786b8c899                        
                             .tex                                              
latex: security risk: running with elevated privileges
dvisvgm: security risk: running with elevated privileges
[09/12/26 09:28:40] INFO     Automatically converted   scene_file_writer.py:377
                             C:\Users\Windows                                  
                             11\Documents\Instagram\ma                         
                             tematica_em_movimento_30\                         
                             enem\audio\ENEM-2024-MT-0                         
                             2\step_02.mp3 to .wav                             
                    INFO     Caching disabled.             cairo_renderer.py:79
[09/12/26 09:28:42] INFO     Animation 34 : Partial    scene_file_writer.py:588
                             movie file written in                             
                             'C:\Users\Windows                                 
                             11\Documents\Instagram\ma                         
                             tematica_em_movimento_30\                         
                             enem\media\videos\24_2024                         
                             _q137_area_setor\1920p30\                         
                             partial_movie_files\Resol                         
                             ucao24\uncached_00034.mp4                         
                             '                                                 
                    INFO     Caching disabled.             cairo_renderer.py:79
[09/12/26 09:28:47] INFO     Animation 35 : Partial    scene_file_writer.py:588
                             movie file written in                             
                             'C:\Users\Windows                                 
                             11\Documents\Instagram\ma                         
                             tematica_em_movimento_30\                         
                             enem\media\videos\24_2024                         
                             _q137_area_setor\1920p30\                         
                             partial_movie_files\Resol                         
                             ucao24\uncached_00035.mp4                         
                             '                                                 
                    INFO     Writing                    tex_file_writing.py:111
                             A_3={40\over360}3(12)^2=48                        
                             to                                                
                             media\Tex\00946189b6843b62                        
                             .tex                                              
latex: security risk: running with elevated privileges
dvisvgm: security risk: running with elevated privileges
[09/12/26 09:28:48] INFO     Automatically converted   scene_file_writer.py:377
                             C:\Users\Windows                                  
                             11\Documents\Instagram\ma                         
                             tematica_em_movimento_30\                         
                             enem\audio\ENEM-2024-MT-0                         
                             2\step_03.mp3 to .wav                             
                    INFO     Caching disabled.             cairo_renderer.py:79
[09/12/26 09:28:50] INFO     Animation 36 : Partial    scene_file_writer.py:588
                             movie file written in                             
                             'C:\Users\Windows                                 
                             11\Documents\Instagram\ma                         
                             tematica_em_movimento_30\                         
                             enem\media\videos\24_2024                         
                             _q137_area_setor\1920p30\                         
                             partial_movie_files\Resol                         
                             ucao24\uncached_00036.mp4                         
                             '                                                 
                    INFO     Caching disabled.             cairo_renderer.py:79
[09/12/26 09:28:55] INFO     Animation 37 : Partial    scene_file_writer.py:588
                             movie file written in                             
                             'C:\Users\Windows                                 
                             11\Documents\Instagram\ma                         
                             tematica_em_movimento_30\                         
                             enem\media\videos\24_2024                         
                             _q137_area_setor\1920p30\                         
                             partial_movie_files\Resol                         
                             ucao24\uncached_00037.mp4                         
                             '                                                 
                    INFO     Writing                    tex_file_writing.py:111
                             A_4={60\over360}3(16)^2=12                        
                             8 to                                              
                             media\Tex\e0be03c05fd4b754                        
                             .tex                                              
latex: security risk: running with elevated privileges
dvisvgm: security risk: running with elevated privileges
                    INFO     Automatically converted   scene_file_writer.py:377
                             C:\Users\Windows                                  
                             11\Documents\Instagram\ma                         
                             tematica_em_movimento_30\                         
                             enem\audio\ENEM-2024-MT-0                         
                             2\step_04.mp3 to .wav                             
[09/12/26 09:28:56] INFO     Caching disabled.             cairo_renderer.py:79
[09/12/26 09:28:58] INFO     Animation 38 : Partial    scene_file_writer.py:588
                             movie file written in                             
                             'C:\Users\Windows                                 
                             11\Documents\Instagram\ma                         
                             tematica_em_movimento_30\                         
                             enem\media\videos\24_2024                         
                             _q137_area_setor\1920p30\                         
                             partial_movie_files\Resol                         
                             ucao24\uncached_00038.mp4                         
                             '                                                 
                    INFO     Caching disabled.             cairo_renderer.py:79
[09/12/26 09:29:03] INFO     Animation 39 : Partial    scene_file_writer.py:588
                             movie file written in                             
                             'C:\Users\Windows                                 
                             11\Documents\Instagram\ma                         
                             tematica_em_movimento_30\                         
                             enem\media\videos\24_2024                         
                             _q137_area_setor\1920p30\                         
                             partial_movie_files\Resol                         
                             ucao24\uncached_00039.mp4                         
                             '                                                 
                    INFO     Writing                    tex_file_writing.py:111
                             A_5={90\over360}3(10)^2=75                        
                             to                                                
                             media\Tex\5b04ec8de2b1b9cb                        
                             .tex                                              
latex: security risk: running with elevated privileges
dvisvgm: security risk: running with elevated privileges
[09/12/26 09:29:04] INFO     Automatically converted   scene_file_writer.py:377
                             C:\Users\Windows                                  
                             11\Documents\Instagram\ma                         
                             tematica_em_movimento_30\                         
                             enem\audio\ENEM-2024-MT-0                         
                             2\step_05.mp3 to .wav                             
                    INFO     Caching disabled.             cairo_renderer.py:79
[09/12/26 09:29:06] INFO     Animation 40 : Partial    scene_file_writer.py:588
                             movie file written in                             
                             'C:\Users\Windows                                 
                             11\Documents\Instagram\ma                         
                             tematica_em_movimento_30\                         
                             enem\media\videos\24_2024                         
                             _q137_area_setor\1920p30\                         
                             partial_movie_files\Resol                         
                             ucao24\uncached_00040.mp4                         
                             '                                                 
                    INFO     Caching disabled.             cairo_renderer.py:79
[09/12/26 09:29:10] INFO     Animation 41 : Partial    scene_file_writer.py:588
                             movie file written in                             
                             'C:\Users\Windows                                 
                             11\Documents\Instagram\ma                         
                             tematica_em_movimento_30\                         
                             enem\media\videos\24_2024                         
                             _q137_area_setor\1920p30\                         
                             partial_movie_files\Resol                         
                             ucao24\uncached_00041.mp4                         
                             '                                                 
                    INFO     Writing                    tex_file_writing.py:111
                             75<121<128\quad\Rightarrow                        
                             \quad\text{tipo 5} to                             
                             media\Tex\123dc67799020996                        
                             .tex                                              
latex: security risk: running with elevated privileges
dvisvgm: security risk: running with elevated privileges
[09/12/26 09:29:11] INFO     Automatically converted   scene_file_writer.py:377
                             C:\Users\Windows                                  
                             11\Documents\Instagram\ma                         
                             tematica_em_movimento_30\                         
                             enem\audio\ENEM-2024-MT-0                         
                             2\step_06.mp3 to .wav                             
                    INFO     Caching disabled.             cairo_renderer.py:79
[09/12/26 09:29:14] INFO     Animation 42 : Partial    scene_file_writer.py:588
                             movie file written in                             
                             'C:\Users\Windows                                 
                             11\Documents\Instagram\ma                         
                             tematica_em_movimento_30\                         
                             enem\media\videos\24_2024                         
                             _q137_area_setor\1920p30\                         
                             partial_movie_files\Resol                         
                             ucao24\uncached_00042.mp4                         
                             '                                                 
                    INFO     Caching disabled.             cairo_renderer.py:79
[09/12/26 09:29:17] INFO     Animation 43 : Partial    scene_file_writer.py:588
                             movie file written in                             
                             'C:\Users\Windows                                 
                             11\Documents\Instagram\ma                         
                             tematica_em_movimento_30\                         
                             enem\media\videos\24_2024                         
                             _q137_area_setor\1920p30\                         
                             partial_movie_files\Resol                         
                             ucao24\uncached_00043.mp4                         
                             '                                                 
                    INFO     Automatically converted   scene_file_writer.py:377
                             C:\Users\Windows                                  
                             11\Documents\Instagram\ma                         
                             tematica_em_movimento_30\                         
                             enem\audio\ENEM-2024-MT-0                         
                             2\answer.mp3 to .wav                              
                    INFO     Caching disabled.             cairo_renderer.py:79
[09/12/26 09:29:19] INFO     Animation 44 : Partial    scene_file_writer.py:588
                             movie file written in                             
                             'C:\Users\Windows                                 
                             11\Documents\Instagram\ma                         
                             tematica_em_movimento_30\                         
                             enem\media\videos\24_2024                         
                             _q137_area_setor\1920p30\                         
                             partial_movie_files\Resol                         
                             ucao24\uncached_00044.mp4                         
                             '                                                 
                    INFO     Caching disabled.             cairo_renderer.py:79
[09/12/26 09:29:20] INFO     Animation 45 : Partial    scene_file_writer.py:588
                             movie file written in                             
                             'C:\Users\Windows                                 
                             11\Documents\Instagram\ma                         
                             tematica_em_movimento_30\                         
                             enem\media\videos\24_2024                         
                             _q137_area_setor\1920p30\                         
                             partial_movie_files\Resol                         
                             ucao24\uncached_00045.mp4                         
                             '                                                 
                    INFO     Combining to Movie file.  scene_file_writer.py:739
[09/12/26 09:29:27] WARNING  Some options were not     scene_file_writer.py:801
                             used: {'shortest': '1',                           
                             'metadata':                                       
                             'comment=Rendered with                            
                             Manim Community v0.19.0'}                         
[09/12/26 09:29:28] INFO                               scene_file_writer.py:886
                             File ready at                                     
                             'C:\Users\Windows                                 
                             11\Documents\Instagram\ma                         
                             tematica_em_movimento_30\                         
                             enem\media\videos\24_2024                         
                             _q137_area_setor\1920p30\                         
                             Resolucao24.mp4'                                  
                                                                               
                    INFO     Rendered Resolucao24                  scene.py:255
                             Played 46 animations                              
You are using manim version v0.19.0, but version v0.21.0 is available.
You should consider upgrading via pip install -U manim
