Manim Community v0.19.0

[09/12/26 09:29:30] INFO     Automatically converted   scene_file_writer.py:377
                             C:\Users\Windows                                  
                             11\Documents\Instagram\ma                         
                             tematica_em_movimento_30\                         
                             enem\audio\ENEM-2024-MT-0                         
                             5\source.mp3 to .wav                              
                    INFO     Caching disabled.             cairo_renderer.py:79
[09/12/26 09:29:32] INFO     Animation 0 : Partial     scene_file_writer.py:588
                             movie file written in                             
                             'C:\Users\Windows                                 
                             11\Documents\Instagram\ma                         
                             tematica_em_movimento_30\                         
                             enem\media\videos\25_2024                         
                             _q140_escala_area\1920p30                         
                             \partial_movie_files\Reso                         
                             lucao25\uncached_00000.mp                         
                             4'                                                
                    INFO     Caching disabled.             cairo_renderer.py:79
[09/12/26 09:29:34] INFO     Animation 1 : Partial     scene_file_writer.py:588
                             movie file written in                             
                             'C:\Users\Windows                                 
                             11\Documents\Instagram\ma                         
                             tematica_em_movimento_30\                         
                             enem\media\videos\25_2024                         
                             _q140_escala_area\1920p30                         
                             \partial_movie_files\Reso                         
                             lucao25\uncached_00001.mp                         
                             4'                                                
                    INFO     Caching disabled.             cairo_renderer.py:79
                    INFO     Animation 2 : Partial     scene_file_writer.py:588
                             movie file written in                             
                             'C:\Users\Windows                                 
                             11\Documents\Instagram\ma                         
                             tematica_em_movimento_30\                         
                             enem\media\videos\25_2024                         
                             _q140_escala_area\1920p30                         
                             \partial_movie_files\Reso                         
                             lucao25\uncached_00002.mp                         
                             4'                                                
[09/12/26 09:29:35] INFO     Automatically converted   scene_file_writer.py:377
                             C:\Users\Windows                                  
                             11\Documents\Instagram\ma                         
                             tematica_em_movimento_30\                         
                             enem\audio\ENEM-2024-MT-0                         
                             5\statement_01.mp3 to                             
                             .wav                                              
                    INFO     Caching disabled.             cairo_renderer.py:79
[09/12/26 09:29:41] INFO     Animation 3 : Partial     scene_file_writer.py:588
                             movie file written in                             
                             'C:\Users\Windows                                 
                             11\Documents\Instagram\ma                         
                             tematica_em_movimento_30\                         
                             enem\media\videos\25_2024                         
                             _q140_escala_area\1920p30                         
                             \partial_movie_files\Reso                         
                             lucao25\uncached_00003.mp                         
                             4'                                                
                    INFO     Caching disabled.             cairo_renderer.py:79
[09/12/26 09:29:49] INFO     Animation 4 : Partial     scene_file_writer.py:588
                             movie file written in                             
                             'C:\Users\Windows                                 
                             11\Documents\Instagram\ma                         
                             tematica_em_movimento_30\                         
                             enem\media\videos\25_2024                         
                             _q140_escala_area\1920p30                         
                             \partial_movie_files\Reso                         
                             lucao25\uncached_00004.mp                         
                             4'                                                
                    INFO     Caching disabled.             cairo_renderer.py:79
[09/12/26 09:29:50] INFO     Animation 5 : Partial     scene_file_writer.py:588
                             movie file written in                             
                             'C:\Users\Windows                                 
                             11\Documents\Instagram\ma                         
                             tematica_em_movimento_30\                         
                             enem\media\videos\25_2024                         
                             _q140_escala_area\1920p30                         
                             \partial_movie_files\Reso                         
                             lucao25\uncached_00005.mp                         
                             4'                                                
[09/12/26 09:29:51] INFO     Caching disabled.             cairo_renderer.py:79
                    INFO     Animation 6 : Partial     scene_file_writer.py:588
                             movie file written in                             
                             'C:\Users\Windows                                 
                             11\Documents\Instagram\ma                         
                             tematica_em_movimento_30\                         
                             enem\media\videos\25_2024                         
                             _q140_escala_area\1920p30                         
                             \partial_movie_files\Reso                         
                             lucao25\uncached_00006.mp                         
                             4'                                                
                    INFO     Automatically converted   scene_file_writer.py:377
                             C:\Users\Windows                                  
                             11\Documents\Instagram\ma                         
                             tematica_em_movimento_30\                         
                             enem\audio\ENEM-2024-MT-0                         
                             5\options.mp3 to .wav                             
                    INFO     Caching disabled.             cairo_renderer.py:79
[09/12/26 09:29:53] INFO     Animation 7 : Partial     scene_file_writer.py:588
                             movie file written in                             
                             'C:\Users\Windows                                 
                             11\Documents\Instagram\ma                         
                             tematica_em_movimento_30\                         
                             enem\media\videos\25_2024                         
                             _q140_escala_area\1920p30                         
                             \partial_movie_files\Reso                         
                             lucao25\uncached_00007.mp                         
                             4'                                                
                    INFO     Caching disabled.             cairo_renderer.py:79
[09/12/26 09:29:58] INFO     Animation 8 : Partial     scene_file_writer.py:588
                             movie file written in                             
                             'C:\Users\Windows                                 
                             11\Documents\Instagram\ma                         
                             tematica_em_movimento_30\                         
                             enem\media\videos\25_2024                         
                             _q140_escala_area\1920p30                         
                             \partial_movie_files\Reso                         
                             lucao25\uncached_00008.mp                         
                             4'                                                
                    INFO     Caching disabled.             cairo_renderer.py:79
                    INFO     Animation 9 : Partial     scene_file_writer.py:588
                             movie file written in                             
                             'C:\Users\Windows                                 
                             11\Documents\Instagram\ma                         
                             tematica_em_movimento_30\                         
                             enem\media\videos\25_2024                         
                             _q140_escala_area\1920p30                         
                             \partial_movie_files\Reso                         
                             lucao25\uncached_00009.mp                         
                             4'                                                
                    INFO     Automatically converted   scene_file_writer.py:377
                             C:\Users\Windows                                  
                             11\Documents\Instagram\ma                         
                             tematica_em_movimento_30\                         
                             enem\audio\ENEM-2024-MT-0                         
                             5\data.mp3 to .wav                                
                    INFO     Caching disabled.             cairo_renderer.py:79
[09/12/26 09:30:01] INFO     Animation 10 : Partial    scene_file_writer.py:588
                             movie file written in                             
                             'C:\Users\Windows                                 
                             11\Documents\Instagram\ma                         
                             tematica_em_movimento_30\                         
                             enem\media\videos\25_2024                         
                             _q140_escala_area\1920p30                         
                             \partial_movie_files\Reso                         
                             lucao25\uncached_00010.mp                         
                             4'                                                
                    INFO     Caching disabled.             cairo_renderer.py:79
[09/12/26 09:30:05] INFO     Animation 11 : Partial    scene_file_writer.py:588
                             movie file written in                             
                             'C:\Users\Windows                                 
                             11\Documents\Instagram\ma                         
                             tematica_em_movimento_30\                         
                             enem\media\videos\25_2024                         
                             _q140_escala_area\1920p30                         
                             \partial_movie_files\Reso                         
                             lucao25\uncached_00011.mp                         
                             4'                                                
                    INFO     Caching disabled.             cairo_renderer.py:79
                    INFO     Animation 12 : Partial    scene_file_writer.py:588
                             movie file written in                             
                             'C:\Users\Windows                                 
                             11\Documents\Instagram\ma                         
                             tematica_em_movimento_30\                         
                             enem\media\videos\25_2024                         
                             _q140_escala_area\1920p30                         
                             \partial_movie_files\Reso                         
                             lucao25\uncached_00012.mp                         
                             4'                                                
[09/12/26 09:30:06] INFO     Automatically converted   scene_file_writer.py:377
                             C:\Users\Windows                                  
                             11\Documents\Instagram\ma                         
                             tematica_em_movimento_30\                         
                             enem\audio\ENEM-2024-MT-0                         
                             5\strategy.mp3 to .wav                            
                    INFO     Caching disabled.             cairo_renderer.py:79
[09/12/26 09:30:09] INFO     Animation 13 : Partial    scene_file_writer.py:588
                             movie file written in                             
                             'C:\Users\Windows                                 
                             11\Documents\Instagram\ma                         
                             tematica_em_movimento_30\                         
                             enem\media\videos\25_2024                         
                             _q140_escala_area\1920p30                         
                             \partial_movie_files\Reso                         
                             lucao25\uncached_00013.mp                         
                             4'                                                
                    INFO     Caching disabled.             cairo_renderer.py:79
[09/12/26 09:30:14] INFO     Animation 14 : Partial    scene_file_writer.py:588
                             movie file written in                             
                             'C:\Users\Windows                                 
                             11\Documents\Instagram\ma                         
                             tematica_em_movimento_30\                         
                             enem\media\videos\25_2024                         
                             _q140_escala_area\1920p30                         
                             \partial_movie_files\Reso                         
                             lucao25\uncached_00014.mp                         
                             4'                                                
                    INFO     Caching disabled.             cairo_renderer.py:79
                    INFO     Animation 15 : Partial    scene_file_writer.py:588
                             movie file written in                             
                             'C:\Users\Windows                                 
                             11\Documents\Instagram\ma                         
                             tematica_em_movimento_30\                         
                             enem\media\videos\25_2024                         
                             _q140_escala_area\1920p30                         
                             \partial_movie_files\Reso                         
                             lucao25\uncached_00015.mp                         
                             4'                                                
                    INFO     Automatically converted   scene_file_writer.py:377
                             C:\Users\Windows                                  
                             11\Documents\Instagram\ma                         
                             tematica_em_movimento_30\                         
                             enem\audio\ENEM-2024-MT-0                         
                             5\visual.mp3 to .wav                              
[09/12/26 09:30:15] INFO     Caching disabled.             cairo_renderer.py:79
[09/12/26 09:30:16] INFO     Animation 16 : Partial    scene_file_writer.py:588
                             movie file written in                             
                             'C:\Users\Windows                                 
                             11\Documents\Instagram\ma                         
                             tematica_em_movimento_30\                         
                             enem\media\videos\25_2024                         
                             _q140_escala_area\1920p30                         
                             \partial_movie_files\Reso                         
                             lucao25\uncached_00016.mp                         
                             4'                                                
                    INFO     Caching disabled.             cairo_renderer.py:79
[09/12/26 09:30:18] INFO     Animation 17 : Partial    scene_file_writer.py:588
                             movie file written in                             
                             'C:\Users\Windows                                 
                             11\Documents\Instagram\ma                         
                             tematica_em_movimento_30\                         
                             enem\media\videos\25_2024                         
                             _q140_escala_area\1920p30                         
                             \partial_movie_files\Reso                         
                             lucao25\uncached_00017.mp                         
                             4'                                                
                    INFO     Caching disabled.             cairo_renderer.py:79
                    INFO     Animation 18 : Partial    scene_file_writer.py:588
                             movie file written in                             
                             'C:\Users\Windows                                 
                             11\Documents\Instagram\ma                         
                             tematica_em_movimento_30\                         
                             enem\media\videos\25_2024                         
                             _q140_escala_area\1920p30                         
                             \partial_movie_files\Reso                         
                             lucao25\uncached_00018.mp                         
                             4'                                                
                    INFO     Caching disabled.             cairo_renderer.py:79
[09/12/26 09:30:19] INFO     Animation 19 : Partial    scene_file_writer.py:588
                             movie file written in                             
                             'C:\Users\Windows                                 
                             11\Documents\Instagram\ma                         
                             tematica_em_movimento_30\                         
                             enem\media\videos\25_2024                         
                             _q140_escala_area\1920p30                         
                             \partial_movie_files\Reso                         
                             lucao25\uncached_00019.mp                         
                             4'                                                
                    INFO     Writing                    tex_file_writing.py:111
                             k_A=\left({1\over200}\righ                        
                             t)^2={1\over40000} to                             
                             media\Tex\3528e8d8aa4e4e5a                        
                             .tex                                              
latex: security risk: running with elevated privileges
dvisvgm: security risk: running with elevated privileges
[09/12/26 09:30:20] INFO     Automatically converted   scene_file_writer.py:377
                             C:\Users\Windows                                  
                             11\Documents\Instagram\ma                         
                             tematica_em_movimento_30\                         
                             enem\audio\ENEM-2024-MT-0                         
                             5\step_01.mp3 to .wav                             
                    INFO     Caching disabled.             cairo_renderer.py:79
[09/12/26 09:30:22] INFO     Animation 20 : Partial    scene_file_writer.py:588
                             movie file written in                             
                             'C:\Users\Windows                                 
                             11\Documents\Instagram\ma                         
                             tematica_em_movimento_30\                         
                             enem\media\videos\25_2024                         
                             _q140_escala_area\1920p30                         
                             \partial_movie_files\Reso                         
                             lucao25\uncached_00020.mp                         
                             4'                                                
                    INFO     Caching disabled.             cairo_renderer.py:79
[09/12/26 09:30:25] INFO     Animation 21 : Partial    scene_file_writer.py:588
                             movie file written in                             
                             'C:\Users\Windows                                 
                             11\Documents\Instagram\ma                         
                             tematica_em_movimento_30\                         
                             enem\media\videos\25_2024                         
                             _q140_escala_area\1920p30                         
                             \partial_movie_files\Reso                         
                             lucao25\uncached_00021.mp                         
                             4'                                                
                    INFO     Writing                    tex_file_writing.py:111
                             A_m={1672\over40000}\                             
                             \mathrm{m^2} to                                   
                             media\Tex\c52b9512b4502610                        
                             .tex                                              
latex: security risk: running with elevated privileges
dvisvgm: security risk: running with elevated privileges
[09/12/26 09:30:26] INFO     Automatically converted   scene_file_writer.py:377
                             C:\Users\Windows                                  
                             11\Documents\Instagram\ma                         
                             tematica_em_movimento_30\                         
                             enem\audio\ENEM-2024-MT-0                         
                             5\step_02.mp3 to .wav                             
                    INFO     Caching disabled.             cairo_renderer.py:79
[09/12/26 09:30:29] INFO     Animation 22 : Partial    scene_file_writer.py:588
                             movie file written in                             
                             'C:\Users\Windows                                 
                             11\Documents\Instagram\ma                         
                             tematica_em_movimento_30\                         
                             enem\media\videos\25_2024                         
                             _q140_escala_area\1920p30                         
                             \partial_movie_files\Reso                         
                             lucao25\uncached_00022.mp                         
                             4'                                                
                    INFO     Caching disabled.             cairo_renderer.py:79
[09/12/26 09:30:31] INFO     Animation 23 : Partial    scene_file_writer.py:588
                             movie file written in                             
                             'C:\Users\Windows                                 
                             11\Documents\Instagram\ma                         
                             tematica_em_movimento_30\                         
                             enem\media\videos\25_2024                         
                             _q140_escala_area\1920p30                         
                             \partial_movie_files\Reso                         
                             lucao25\uncached_00023.mp                         
                             4'                                                
                    INFO     Writing                    tex_file_writing.py:111
                             A_m={1672\over40000}\cdot1                        
                             0000\ \mathrm{cm^2} to                            
                             media\Tex\2d474efe05d56972                        
                             .tex                                              
latex: security risk: running with elevated privileges
dvisvgm: security risk: running with elevated privileges
[09/12/26 09:30:32] INFO     Automatically converted   scene_file_writer.py:377
                             C:\Users\Windows                                  
                             11\Documents\Instagram\ma                         
                             tematica_em_movimento_30\                         
                             enem\audio\ENEM-2024-MT-0                         
                             5\step_03.mp3 to .wav                             
                    INFO     Caching disabled.             cairo_renderer.py:79
[09/12/26 09:30:34] INFO     Animation 24 : Partial    scene_file_writer.py:588
                             movie file written in                             
                             'C:\Users\Windows                                 
                             11\Documents\Instagram\ma                         
                             tematica_em_movimento_30\                         
                             enem\media\videos\25_2024                         
                             _q140_escala_area\1920p30                         
                             \partial_movie_files\Reso                         
                             lucao25\uncached_00024.mp                         
                             4'                                                
                    INFO     Caching disabled.             cairo_renderer.py:79
[09/12/26 09:30:38] INFO     Animation 25 : Partial    scene_file_writer.py:588
                             movie file written in                             
                             'C:\Users\Windows                                 
                             11\Documents\Instagram\ma                         
                             tematica_em_movimento_30\                         
                             enem\media\videos\25_2024                         
                             _q140_escala_area\1920p30                         
                             \partial_movie_files\Reso                         
                             lucao25\uncached_00025.mp                         
                             4'                                                
                    INFO     Writing                    tex_file_writing.py:111
                             A_m={1672\over4}=418\                             
                             \mathrm{cm^2} to                                  
                             media\Tex\8a1df2f81cbfdb9b                        
                             .tex                                              
latex: security risk: running with elevated privileges
dvisvgm: security risk: running with elevated privileges
[09/12/26 09:30:39] INFO     Automatically converted   scene_file_writer.py:377
                             C:\Users\Windows                                  
                             11\Documents\Instagram\ma                         
                             tematica_em_movimento_30\                         
                             enem\audio\ENEM-2024-MT-0                         
                             5\step_04.mp3 to .wav                             
                    INFO     Caching disabled.             cairo_renderer.py:79
[09/12/26 09:30:41] INFO     Animation 26 : Partial    scene_file_writer.py:588
                             movie file written in                             
                             'C:\Users\Windows                                 
                             11\Documents\Instagram\ma                         
                             tematica_em_movimento_30\                         
                             enem\media\videos\25_2024                         
                             _q140_escala_area\1920p30                         
                             \partial_movie_files\Reso                         
                             lucao25\uncached_00026.mp                         
                             4'                                                
                    INFO     Caching disabled.             cairo_renderer.py:79
[09/12/26 09:30:44] INFO     Animation 27 : Partial    scene_file_writer.py:588
                             movie file written in                             
                             'C:\Users\Windows                                 
                             11\Documents\Instagram\ma                         
                             tematica_em_movimento_30\                         
                             enem\media\videos\25_2024                         
                             _q140_escala_area\1920p30                         
                             \partial_movie_files\Reso                         
                             lucao25\uncached_00027.mp                         
                             4'                                                
                    INFO     Automatically converted   scene_file_writer.py:377
                             C:\Users\Windows                                  
                             11\Documents\Instagram\ma                         
                             tematica_em_movimento_30\                         
                             enem\audio\ENEM-2024-MT-0                         
                             5\answer.mp3 to .wav                              
                    INFO     Caching disabled.             cairo_renderer.py:79
[09/12/26 09:30:46] INFO     Animation 28 : Partial    scene_file_writer.py:588
                             movie file written in                             
                             'C:\Users\Windows                                 
                             11\Documents\Instagram\ma                         
                             tematica_em_movimento_30\                         
                             enem\media\videos\25_2024                         
                             _q140_escala_area\1920p30                         
                             \partial_movie_files\Reso                         
                             lucao25\uncached_00028.mp                         
                             4'                                                
                    INFO     Caching disabled.             cairo_renderer.py:79
[09/12/26 09:30:47] INFO     Animation 29 : Partial    scene_file_writer.py:588
                             movie file written in                             
                             'C:\Users\Windows                                 
                             11\Documents\Instagram\ma                         
                             tematica_em_movimento_30\                         
                             enem\media\videos\25_2024                         
                             _q140_escala_area\1920p30                         
                             \partial_movie_files\Reso                         
                             lucao25\uncached_00029.mp                         
                             4'                                                
                    INFO     Combining to Movie file.  scene_file_writer.py:739
[09/12/26 09:30:51] WARNING  Some options were not     scene_file_writer.py:801
                             used: {'shortest': '1',                           
                             'metadata':                                       
                             'comment=Rendered with                            
                             Manim Community v0.19.0'}                         
                    INFO                               scene_file_writer.py:886
                             File ready at                                     
                             'C:\Users\Windows                                 
                             11\Documents\Instagram\ma                         
                             tematica_em_movimento_30\                         
                             enem\media\videos\25_2024                         
                             _q140_escala_area\1920p30                         
                             \Resolucao25.mp4'                                 
                                                                               
                    INFO     Rendered Resolucao25                  scene.py:255
                             Played 30 animations                              
You are using manim version v0.19.0, but version v0.21.0 is available.
You should consider upgrading via pip install -U manim
