Manim Community v0.19.0

[09/12/26 09:30:53] INFO     Automatically converted   scene_file_writer.py:377
                             C:\Users\Windows                                  
                             11\Documents\Instagram\ma                         
                             tematica_em_movimento_30\                         
                             enem\audio\ENEM-2024-MT-1                         
                             1\source.mp3 to .wav                              
                    INFO     Caching disabled.             cairo_renderer.py:79
[09/12/26 09:30:56] INFO     Animation 0 : Partial     scene_file_writer.py:588
                             movie file written in                             
                             'C:\Users\Windows                                 
                             11\Documents\Instagram\ma                         
                             tematica_em_movimento_30\                         
                             enem\media\videos\26_2024                         
                             _q146_cilindro_cubo\1920p                         
                             30\partial_movie_files\Re                         
                             solucao26\uncached_00000.                         
                             mp4'                                              
                    INFO     Caching disabled.             cairo_renderer.py:79
[09/12/26 09:30:57] INFO     Animation 1 : Partial     scene_file_writer.py:588
                             movie file written in                             
                             'C:\Users\Windows                                 
                             11\Documents\Instagram\ma                         
                             tematica_em_movimento_30\                         
                             enem\media\videos\26_2024                         
                             _q146_cilindro_cubo\1920p                         
                             30\partial_movie_files\Re                         
                             solucao26\uncached_00001.                         
                             mp4'                                              
                    INFO     Caching disabled.             cairo_renderer.py:79
[09/12/26 09:30:58] INFO     Animation 2 : Partial     scene_file_writer.py:588
                             movie file written in                             
                             'C:\Users\Windows                                 
                             11\Documents\Instagram\ma                         
                             tematica_em_movimento_30\                         
                             enem\media\videos\26_2024                         
                             _q146_cilindro_cubo\1920p                         
                             30\partial_movie_files\Re                         
                             solucao26\uncached_00002.                         
                             mp4'                                              
                    INFO     Automatically converted   scene_file_writer.py:377
                             C:\Users\Windows                                  
                             11\Documents\Instagram\ma                         
                             tematica_em_movimento_30\                         
                             enem\audio\ENEM-2024-MT-1                         
                             1\statement_01.mp3 to                             
                             .wav                                              
                    INFO     Caching disabled.             cairo_renderer.py:79
[09/12/26 09:31:06] INFO     Animation 3 : Partial     scene_file_writer.py:588
                             movie file written in                             
                             'C:\Users\Windows                                 
                             11\Documents\Instagram\ma                         
                             tematica_em_movimento_30\                         
                             enem\media\videos\26_2024                         
                             _q146_cilindro_cubo\1920p                         
                             30\partial_movie_files\Re                         
                             solucao26\uncached_00003.                         
                             mp4'                                              
                    INFO     Caching disabled.             cairo_renderer.py:79
[09/12/26 09:31:15] INFO     Animation 4 : Partial     scene_file_writer.py:588
                             movie file written in                             
                             'C:\Users\Windows                                 
                             11\Documents\Instagram\ma                         
                             tematica_em_movimento_30\                         
                             enem\media\videos\26_2024                         
                             _q146_cilindro_cubo\1920p                         
                             30\partial_movie_files\Re                         
                             solucao26\uncached_00004.                         
                             mp4'                                              
                    INFO     Caching disabled.             cairo_renderer.py:79
[09/12/26 09:31:17] INFO     Animation 5 : Partial     scene_file_writer.py:588
                             movie file written in                             
                             'C:\Users\Windows                                 
                             11\Documents\Instagram\ma                         
                             tematica_em_movimento_30\                         
                             enem\media\videos\26_2024                         
                             _q146_cilindro_cubo\1920p                         
                             30\partial_movie_files\Re                         
                             solucao26\uncached_00005.                         
                             mp4'                                              
                    INFO     Automatically converted   scene_file_writer.py:377
                             C:\Users\Windows                                  
                             11\Documents\Instagram\ma                         
                             tematica_em_movimento_30\                         
                             enem\audio\ENEM-2024-MT-1                         
                             1\statement_02.mp3 to                             
                             .wav                                              
                    INFO     Caching disabled.             cairo_renderer.py:79
[09/12/26 09:31:18] INFO     Animation 6 : Partial     scene_file_writer.py:588
                             movie file written in                             
                             'C:\Users\Windows                                 
                             11\Documents\Instagram\ma                         
                             tematica_em_movimento_30\                         
                             enem\media\videos\26_2024                         
                             _q146_cilindro_cubo\1920p                         
                             30\partial_movie_files\Re                         
                             solucao26\uncached_00006.                         
                             mp4'                                              
                    INFO     Caching disabled.             cairo_renderer.py:79
[09/12/26 09:31:20] INFO     Animation 7 : Partial     scene_file_writer.py:588
                             movie file written in                             
                             'C:\Users\Windows                                 
                             11\Documents\Instagram\ma                         
                             tematica_em_movimento_30\                         
                             enem\media\videos\26_2024                         
                             _q146_cilindro_cubo\1920p                         
                             30\partial_movie_files\Re                         
                             solucao26\uncached_00007.                         
                             mp4'                                              
                    INFO     Caching disabled.             cairo_renderer.py:79
                    INFO     Animation 8 : Partial     scene_file_writer.py:588
                             movie file written in                             
                             'C:\Users\Windows                                 
                             11\Documents\Instagram\ma                         
                             tematica_em_movimento_30\                         
                             enem\media\videos\26_2024                         
                             _q146_cilindro_cubo\1920p                         
                             30\partial_movie_files\Re                         
                             solucao26\uncached_00008.                         
                             mp4'                                              
                    INFO     Caching disabled.             cairo_renderer.py:79
                    INFO     Animation 9 : Partial     scene_file_writer.py:588
                             movie file written in                             
                             'C:\Users\Windows                                 
                             11\Documents\Instagram\ma                         
                             tematica_em_movimento_30\                         
                             enem\media\videos\26_2024                         
                             _q146_cilindro_cubo\1920p                         
                             30\partial_movie_files\Re                         
                             solucao26\uncached_00009.                         
                             mp4'                                              
                    INFO     Automatically converted   scene_file_writer.py:377
                             C:\Users\Windows                                  
                             11\Documents\Instagram\ma                         
                             tematica_em_movimento_30\                         
                             enem\audio\ENEM-2024-MT-1                         
                             1\options.mp3 to .wav                             
                    INFO     Caching disabled.             cairo_renderer.py:79
[09/12/26 09:31:23] INFO     Animation 10 : Partial    scene_file_writer.py:588
                             movie file written in                             
                             'C:\Users\Windows                                 
                             11\Documents\Instagram\ma                         
                             tematica_em_movimento_30\                         
                             enem\media\videos\26_2024                         
                             _q146_cilindro_cubo\1920p                         
                             30\partial_movie_files\Re                         
                             solucao26\uncached_00010.                         
                             mp4'                                              
                    INFO     Caching disabled.             cairo_renderer.py:79
[09/12/26 09:31:27] INFO     Animation 11 : Partial    scene_file_writer.py:588
                             movie file written in                             
                             'C:\Users\Windows                                 
                             11\Documents\Instagram\ma                         
                             tematica_em_movimento_30\                         
                             enem\media\videos\26_2024                         
                             _q146_cilindro_cubo\1920p                         
                             30\partial_movie_files\Re                         
                             solucao26\uncached_00011.                         
                             mp4'                                              
                    INFO     Caching disabled.             cairo_renderer.py:79
[09/12/26 09:31:28] INFO     Animation 12 : Partial    scene_file_writer.py:588
                             movie file written in                             
                             'C:\Users\Windows                                 
                             11\Documents\Instagram\ma                         
                             tematica_em_movimento_30\                         
                             enem\media\videos\26_2024                         
                             _q146_cilindro_cubo\1920p                         
                             30\partial_movie_files\Re                         
                             solucao26\uncached_00012.                         
                             mp4'                                              
                    INFO     Automatically converted   scene_file_writer.py:377
                             C:\Users\Windows                                  
                             11\Documents\Instagram\ma                         
                             tematica_em_movimento_30\                         
                             enem\audio\ENEM-2024-MT-1                         
                             1\data.mp3 to .wav                                
                    INFO     Caching disabled.             cairo_renderer.py:79
[09/12/26 09:31:31] INFO     Animation 13 : Partial    scene_file_writer.py:588
                             movie file written in                             
                             'C:\Users\Windows                                 
                             11\Documents\Instagram\ma                         
                             tematica_em_movimento_30\                         
                             enem\media\videos\26_2024                         
                             _q146_cilindro_cubo\1920p                         
                             30\partial_movie_files\Re                         
                             solucao26\uncached_00013.                         
                             mp4'                                              
                    INFO     Caching disabled.             cairo_renderer.py:79
[09/12/26 09:31:35] INFO     Animation 14 : Partial    scene_file_writer.py:588
                             movie file written in                             
                             'C:\Users\Windows                                 
                             11\Documents\Instagram\ma                         
                             tematica_em_movimento_30\                         
                             enem\media\videos\26_2024                         
                             _q146_cilindro_cubo\1920p                         
                             30\partial_movie_files\Re                         
                             solucao26\uncached_00014.                         
                             mp4'                                              
                    INFO     Caching disabled.             cairo_renderer.py:79
[09/12/26 09:31:36] INFO     Animation 15 : Partial    scene_file_writer.py:588
                             movie file written in                             
                             'C:\Users\Windows                                 
                             11\Documents\Instagram\ma                         
                             tematica_em_movimento_30\                         
                             enem\media\videos\26_2024                         
                             _q146_cilindro_cubo\1920p                         
                             30\partial_movie_files\Re                         
                             solucao26\uncached_00015.                         
                             mp4'                                              
                    INFO     Automatically converted   scene_file_writer.py:377
                             C:\Users\Windows                                  
                             11\Documents\Instagram\ma                         
                             tematica_em_movimento_30\                         
                             enem\audio\ENEM-2024-MT-1                         
                             1\strategy.mp3 to .wav                            
                    INFO     Caching disabled.             cairo_renderer.py:79
[09/12/26 09:31:40] INFO     Animation 16 : Partial    scene_file_writer.py:588
                             movie file written in                             
                             'C:\Users\Windows                                 
                             11\Documents\Instagram\ma                         
                             tematica_em_movimento_30\                         
                             enem\media\videos\26_2024                         
                             _q146_cilindro_cubo\1920p                         
                             30\partial_movie_files\Re                         
                             solucao26\uncached_00016.                         
                             mp4'                                              
                    INFO     Caching disabled.             cairo_renderer.py:79
[09/12/26 09:31:45] INFO     Animation 17 : Partial    scene_file_writer.py:588
                             movie file written in                             
                             'C:\Users\Windows                                 
                             11\Documents\Instagram\ma                         
                             tematica_em_movimento_30\                         
                             enem\media\videos\26_2024                         
                             _q146_cilindro_cubo\1920p                         
                             30\partial_movie_files\Re                         
                             solucao26\uncached_00017.                         
                             mp4'                                              
                    INFO     Caching disabled.             cairo_renderer.py:79
[09/12/26 09:31:46] INFO     Animation 18 : Partial    scene_file_writer.py:588
                             movie file written in                             
                             'C:\Users\Windows                                 
                             11\Documents\Instagram\ma                         
                             tematica_em_movimento_30\                         
                             enem\media\videos\26_2024                         
                             _q146_cilindro_cubo\1920p                         
                             30\partial_movie_files\Re                         
                             solucao26\uncached_00018.                         
                             mp4'                                              
                    INFO     Automatically converted   scene_file_writer.py:377
                             C:\Users\Windows                                  
                             11\Documents\Instagram\ma                         
                             tematica_em_movimento_30\                         
                             enem\audio\ENEM-2024-MT-1                         
                             1\visual.mp3 to .wav                              
                    INFO     Caching disabled.             cairo_renderer.py:79
[09/12/26 09:31:48] INFO     Animation 19 : Partial    scene_file_writer.py:588
                             movie file written in                             
                             'C:\Users\Windows                                 
                             11\Documents\Instagram\ma                         
                             tematica_em_movimento_30\                         
                             enem\media\videos\26_2024                         
                             _q146_cilindro_cubo\1920p                         
                             30\partial_movie_files\Re                         
                             solucao26\uncached_00019.                         
                             mp4'                                              
                    INFO     Caching disabled.             cairo_renderer.py:79
[09/12/26 09:31:49] INFO     Animation 20 : Partial    scene_file_writer.py:588
                             movie file written in                             
                             'C:\Users\Windows                                 
                             11\Documents\Instagram\ma                         
                             tematica_em_movimento_30\                         
                             enem\media\videos\26_2024                         
                             _q146_cilindro_cubo\1920p                         
                             30\partial_movie_files\Re                         
                             solucao26\uncached_00020.                         
                             mp4'                                              
                    INFO     Caching disabled.             cairo_renderer.py:79
                    INFO     Animation 21 : Partial    scene_file_writer.py:588
                             movie file written in                             
                             'C:\Users\Windows                                 
                             11\Documents\Instagram\ma                         
                             tematica_em_movimento_30\                         
                             enem\media\videos\26_2024                         
                             _q146_cilindro_cubo\1920p                         
                             30\partial_movie_files\Re                         
                             solucao26\uncached_00021.                         
                             mp4'                                              
                    INFO     Caching disabled.             cairo_renderer.py:79
[09/12/26 09:31:50] INFO     Animation 22 : Partial    scene_file_writer.py:588
                             movie file written in                             
                             'C:\Users\Windows                                 
                             11\Documents\Instagram\ma                         
                             tematica_em_movimento_30\                         
                             enem\media\videos\26_2024                         
                             _q146_cilindro_cubo\1920p                         
                             30\partial_movie_files\Re                         
                             solucao26\uncached_00022.                         
                             mp4'                                              
                    INFO     Writing V_c=\pi            tex_file_writing.py:111
                             r^2h=3\cdot3^2\cdot15=405                         
                             to                                                
                             media\Tex\16cda6d9f0f693d8                        
                             .tex                                              
latex: security risk: running with elevated privileges
dvisvgm: security risk: running with elevated privileges
[09/12/26 09:31:51] INFO     Automatically converted   scene_file_writer.py:377
                             C:\Users\Windows                                  
                             11\Documents\Instagram\ma                         
                             tematica_em_movimento_30\                         
                             enem\audio\ENEM-2024-MT-1                         
                             1\step_01.mp3 to .wav                             
                    INFO     Caching disabled.             cairo_renderer.py:79
[09/12/26 09:31:53] INFO     Animation 23 : Partial    scene_file_writer.py:588
                             movie file written in                             
                             'C:\Users\Windows                                 
                             11\Documents\Instagram\ma                         
                             tematica_em_movimento_30\                         
                             enem\media\videos\26_2024                         
                             _q146_cilindro_cubo\1920p                         
                             30\partial_movie_files\Re                         
                             solucao26\uncached_00023.                         
                             mp4'                                              
                    INFO     Caching disabled.             cairo_renderer.py:79
[09/12/26 09:31:56] INFO     Animation 24 : Partial    scene_file_writer.py:588
                             movie file written in                             
                             'C:\Users\Windows                                 
                             11\Documents\Instagram\ma                         
                             tematica_em_movimento_30\                         
                             enem\media\videos\26_2024                         
                             _q146_cilindro_cubo\1920p                         
                             30\partial_movie_files\Re                         
                             solucao26\uncached_00024.                         
                             mp4'                                              
                    INFO     Writing                    tex_file_writing.py:111
                             V_q=0{,}8\cdot405=324 to                          
                             media\Tex\e41bac99fafde709                        
                             .tex                                              
latex: security risk: running with elevated privileges
dvisvgm: security risk: running with elevated privileges
[09/12/26 09:31:57] INFO     Automatically converted   scene_file_writer.py:377
                             C:\Users\Windows                                  
                             11\Documents\Instagram\ma                         
                             tematica_em_movimento_30\                         
                             enem\audio\ENEM-2024-MT-1                         
                             1\step_02.mp3 to .wav                             
                    INFO     Caching disabled.             cairo_renderer.py:79
[09/12/26 09:32:00] INFO     Animation 25 : Partial    scene_file_writer.py:588
                             movie file written in                             
                             'C:\Users\Windows                                 
                             11\Documents\Instagram\ma                         
                             tematica_em_movimento_30\                         
                             enem\media\videos\26_2024                         
                             _q146_cilindro_cubo\1920p                         
                             30\partial_movie_files\Re                         
                             solucao26\uncached_00025.                         
                             mp4'                                              
                    INFO     Caching disabled.             cairo_renderer.py:79
[09/12/26 09:32:02] INFO     Animation 26 : Partial    scene_file_writer.py:588
                             movie file written in                             
                             'C:\Users\Windows                                 
                             11\Documents\Instagram\ma                         
                             tematica_em_movimento_30\                         
                             enem\media\videos\26_2024                         
                             _q146_cilindro_cubo\1920p                         
                             30\partial_movie_files\Re                         
                             solucao26\uncached_00026.                         
                             mp4'                                              
                    INFO     Writing a^3=324 to         tex_file_writing.py:111
                             media\Tex\92ab74f2020c2ac7                        
                             .tex                                              
latex: security risk: running with elevated privileges
dvisvgm: security risk: running with elevated privileges
[09/12/26 09:32:03] INFO     Automatically converted   scene_file_writer.py:377
                             C:\Users\Windows                                  
                             11\Documents\Instagram\ma                         
                             tematica_em_movimento_30\                         
                             enem\audio\ENEM-2024-MT-1                         
                             1\step_03.mp3 to .wav                             
                    INFO     Caching disabled.             cairo_renderer.py:79
[09/12/26 09:32:05] INFO     Animation 27 : Partial    scene_file_writer.py:588
                             movie file written in                             
                             'C:\Users\Windows                                 
                             11\Documents\Instagram\ma                         
                             tematica_em_movimento_30\                         
                             enem\media\videos\26_2024                         
                             _q146_cilindro_cubo\1920p                         
                             30\partial_movie_files\Re                         
                             solucao26\uncached_00027.                         
                             mp4'                                              
                    INFO     Caching disabled.             cairo_renderer.py:79
[09/12/26 09:32:07] INFO     Animation 28 : Partial    scene_file_writer.py:588
                             movie file written in                             
                             'C:\Users\Windows                                 
                             11\Documents\Instagram\ma                         
                             tematica_em_movimento_30\                         
                             enem\media\videos\26_2024                         
                             _q146_cilindro_cubo\1920p                         
                             30\partial_movie_files\Re                         
                             solucao26\uncached_00028.                         
                             mp4'                                              
                    INFO     Writing a=\sqrt[3]{324} to tex_file_writing.py:111
                             media\Tex\f740729f2cc91eec                        
                             .tex                                              
latex: security risk: running with elevated privileges
dvisvgm: security risk: running with elevated privileges
[09/12/26 09:32:08] INFO     Automatically converted   scene_file_writer.py:377
                             C:\Users\Windows                                  
                             11\Documents\Instagram\ma                         
                             tematica_em_movimento_30\                         
                             enem\audio\ENEM-2024-MT-1                         
                             1\step_04.mp3 to .wav                             
                    INFO     Caching disabled.             cairo_renderer.py:79
[09/12/26 09:32:10] INFO     Animation 29 : Partial    scene_file_writer.py:588
                             movie file written in                             
                             'C:\Users\Windows                                 
                             11\Documents\Instagram\ma                         
                             tematica_em_movimento_30\                         
                             enem\media\videos\26_2024                         
                             _q146_cilindro_cubo\1920p                         
                             30\partial_movie_files\Re                         
                             solucao26\uncached_00029.                         
                             mp4'                                              
                    INFO     Caching disabled.             cairo_renderer.py:79
[09/12/26 09:32:12] INFO     Animation 30 : Partial    scene_file_writer.py:588
                             movie file written in                             
                             'C:\Users\Windows                                 
                             11\Documents\Instagram\ma                         
                             tematica_em_movimento_30\                         
                             enem\media\videos\26_2024                         
                             _q146_cilindro_cubo\1920p                         
                             30\partial_movie_files\Re                         
                             solucao26\uncached_00030.                         
                             mp4'                                              
                    INFO     Writing                    tex_file_writing.py:111
                             a=\sqrt[3]{27\cdot12}=3\sq                        
                             rt[3]{12}\ \mathrm{cm} to                         
                             media\Tex\ed45deee2f3d719c                        
                             .tex                                              
latex: security risk: running with elevated privileges
dvisvgm: security risk: running with elevated privileges
[09/12/26 09:32:13] INFO     Automatically converted   scene_file_writer.py:377
                             C:\Users\Windows                                  
                             11\Documents\Instagram\ma                         
                             tematica_em_movimento_30\                         
                             enem\audio\ENEM-2024-MT-1                         
                             1\step_05.mp3 to .wav                             
                    INFO     Caching disabled.             cairo_renderer.py:79
[09/12/26 09:32:15] INFO     Animation 31 : Partial    scene_file_writer.py:588
                             movie file written in                             
                             'C:\Users\Windows                                 
                             11\Documents\Instagram\ma                         
                             tematica_em_movimento_30\                         
                             enem\media\videos\26_2024                         
                             _q146_cilindro_cubo\1920p                         
                             30\partial_movie_files\Re                         
                             solucao26\uncached_00031.                         
                             mp4'                                              
                    INFO     Caching disabled.             cairo_renderer.py:79
[09/12/26 09:32:19] INFO     Animation 32 : Partial    scene_file_writer.py:588
                             movie file written in                             
                             'C:\Users\Windows                                 
                             11\Documents\Instagram\ma                         
                             tematica_em_movimento_30\                         
                             enem\media\videos\26_2024                         
                             _q146_cilindro_cubo\1920p                         
                             30\partial_movie_files\Re                         
                             solucao26\uncached_00032.                         
                             mp4'                                              
                    INFO     Automatically converted   scene_file_writer.py:377
                             C:\Users\Windows                                  
                             11\Documents\Instagram\ma                         
                             tematica_em_movimento_30\                         
                             enem\audio\ENEM-2024-MT-1                         
                             1\answer.mp3 to .wav                              
                    INFO     Caching disabled.             cairo_renderer.py:79
[09/12/26 09:32:21] INFO     Animation 33 : Partial    scene_file_writer.py:588
                             movie file written in                             
                             'C:\Users\Windows                                 
                             11\Documents\Instagram\ma                         
                             tematica_em_movimento_30\                         
                             enem\media\videos\26_2024                         
                             _q146_cilindro_cubo\1920p                         
                             30\partial_movie_files\Re                         
                             solucao26\uncached_00033.                         
                             mp4'                                              
                    INFO     Caching disabled.             cairo_renderer.py:79
[09/12/26 09:32:22] INFO     Animation 34 : Partial    scene_file_writer.py:588
                             movie file written in                             
                             'C:\Users\Windows                                 
                             11\Documents\Instagram\ma                         
                             tematica_em_movimento_30\                         
                             enem\media\videos\26_2024                         
                             _q146_cilindro_cubo\1920p                         
                             30\partial_movie_files\Re                         
                             solucao26\uncached_00034.                         
                             mp4'                                              
                    INFO     Combining to Movie file.  scene_file_writer.py:739
[09/12/26 09:32:26] WARNING  Some options were not     scene_file_writer.py:801
                             used: {'shortest': '1',                           
                             'metadata':                                       
                             'comment=Rendered with                            
                             Manim Community v0.19.0'}                         
                    INFO                               scene_file_writer.py:886
                             File ready at                                     
                             'C:\Users\Windows                                 
                             11\Documents\Instagram\ma                         
                             tematica_em_movimento_30\                         
                             enem\media\videos\26_2024                         
                             _q146_cilindro_cubo\1920p                         
                             30\Resolucao26.mp4'                               
                                                                               
                    INFO     Rendered Resolucao26                  scene.py:255
                             Played 35 animations                              
You are using manim version v0.19.0, but version v0.21.0 is available.
You should consider upgrading via pip install -U manim
