Manim Community v0.19.0

[09/12/26 09:32:28] INFO     Automatically converted   scene_file_writer.py:377
                             C:\Users\Windows                                  
                             11\Documents\Instagram\ma                         
                             tematica_em_movimento_30\                         
                             enem\audio\ENEM-2024-MT-1                         
                             4\source.mp3 to .wav                              
                    INFO     Caching disabled.             cairo_renderer.py:79
[09/12/26 09:32:31] INFO     Animation 0 : Partial     scene_file_writer.py:588
                             movie file written in                             
                             'C:\Users\Windows                                 
                             11\Documents\Instagram\ma                         
                             tematica_em_movimento_30\                         
                             enem\media\videos\27_2024                         
                             _q149_solido_revolucao\19                         
                             20p30\partial_movie_files                         
                             \Resolucao27\uncached_000                         
                             00.mp4'                                           
                    INFO     Caching disabled.             cairo_renderer.py:79
[09/12/26 09:32:33] INFO     Animation 1 : Partial     scene_file_writer.py:588
                             movie file written in                             
                             'C:\Users\Windows                                 
                             11\Documents\Instagram\ma                         
                             tematica_em_movimento_30\                         
                             enem\media\videos\27_2024                         
                             _q149_solido_revolucao\19                         
                             20p30\partial_movie_files                         
                             \Resolucao27\uncached_000                         
                             01.mp4'                                           
                    INFO     Caching disabled.             cairo_renderer.py:79
                    INFO     Animation 2 : Partial     scene_file_writer.py:588
                             movie file written in                             
                             'C:\Users\Windows                                 
                             11\Documents\Instagram\ma                         
                             tematica_em_movimento_30\                         
                             enem\media\videos\27_2024                         
                             _q149_solido_revolucao\19                         
                             20p30\partial_movie_files                         
                             \Resolucao27\uncached_000                         
                             02.mp4'                                           
[09/12/26 09:32:34] INFO     Automatically converted   scene_file_writer.py:377
                             C:\Users\Windows                                  
                             11\Documents\Instagram\ma                         
                             tematica_em_movimento_30\                         
                             enem\audio\ENEM-2024-MT-1                         
                             4\statement_01.mp3 to                             
                             .wav                                              
                    INFO     Caching disabled.             cairo_renderer.py:79
[09/12/26 09:32:42] INFO     Animation 3 : Partial     scene_file_writer.py:588
                             movie file written in                             
                             'C:\Users\Windows                                 
                             11\Documents\Instagram\ma                         
                             tematica_em_movimento_30\                         
                             enem\media\videos\27_2024                         
                             _q149_solido_revolucao\19                         
                             20p30\partial_movie_files                         
                             \Resolucao27\uncached_000                         
                             03.mp4'                                           
                    INFO     Caching disabled.             cairo_renderer.py:79
[09/12/26 09:32:53] INFO     Animation 4 : Partial     scene_file_writer.py:588
                             movie file written in                             
                             'C:\Users\Windows                                 
                             11\Documents\Instagram\ma                         
                             tematica_em_movimento_30\                         
                             enem\media\videos\27_2024                         
                             _q149_solido_revolucao\19                         
                             20p30\partial_movie_files                         
                             \Resolucao27\uncached_000                         
                             04.mp4'                                           
                    INFO     Caching disabled.             cairo_renderer.py:79
[09/12/26 09:32:54] INFO     Animation 5 : Partial     scene_file_writer.py:588
                             movie file written in                             
                             'C:\Users\Windows                                 
                             11\Documents\Instagram\ma                         
                             tematica_em_movimento_30\                         
                             enem\media\videos\27_2024                         
                             _q149_solido_revolucao\19                         
                             20p30\partial_movie_files                         
                             \Resolucao27\uncached_000                         
                             05.mp4'                                           
                    INFO     Automatically converted   scene_file_writer.py:377
                             C:\Users\Windows                                  
                             11\Documents\Instagram\ma                         
                             tematica_em_movimento_30\                         
                             enem\audio\ENEM-2024-MT-1                         
                             4\statement_02.mp3 to                             
                             .wav                                              
[09/12/26 09:32:55] INFO     Caching disabled.             cairo_renderer.py:79
                    INFO     Animation 6 : Partial     scene_file_writer.py:588
                             movie file written in                             
                             'C:\Users\Windows                                 
                             11\Documents\Instagram\ma                         
                             tematica_em_movimento_30\                         
                             enem\media\videos\27_2024                         
                             _q149_solido_revolucao\19                         
                             20p30\partial_movie_files                         
                             \Resolucao27\uncached_000                         
                             06.mp4'                                           
                    INFO     Caching disabled.             cairo_renderer.py:79
[09/12/26 09:32:56] INFO     Animation 7 : Partial     scene_file_writer.py:588
                             movie file written in                             
                             'C:\Users\Windows                                 
                             11\Documents\Instagram\ma                         
                             tematica_em_movimento_30\                         
                             enem\media\videos\27_2024                         
                             _q149_solido_revolucao\19                         
                             20p30\partial_movie_files                         
                             \Resolucao27\uncached_000                         
                             07.mp4'                                           
                    INFO     Caching disabled.             cairo_renderer.py:79
                    INFO     Animation 8 : Partial     scene_file_writer.py:588
                             movie file written in                             
                             'C:\Users\Windows                                 
                             11\Documents\Instagram\ma                         
                             tematica_em_movimento_30\                         
                             enem\media\videos\27_2024                         
                             _q149_solido_revolucao\19                         
                             20p30\partial_movie_files                         
                             \Resolucao27\uncached_000                         
                             08.mp4'                                           
                    INFO     Caching disabled.             cairo_renderer.py:79
[09/12/26 09:32:57] INFO     Animation 9 : Partial     scene_file_writer.py:588
                             movie file written in                             
                             'C:\Users\Windows                                 
                             11\Documents\Instagram\ma                         
                             tematica_em_movimento_30\                         
                             enem\media\videos\27_2024                         
                             _q149_solido_revolucao\19                         
                             20p30\partial_movie_files                         
                             \Resolucao27\uncached_000                         
                             09.mp4'                                           
                    INFO     Writing PS to              tex_file_writing.py:111
                             media\Tex\c90c9234acc657b0                        
                             .tex                                              
latex: security risk: running with elevated privileges
dvisvgm: security risk: running with elevated privileges
[09/12/26 09:32:58] INFO     Automatically converted   scene_file_writer.py:377
                             C:\Users\Windows                                  
                             11\Documents\Instagram\ma                         
                             tematica_em_movimento_30\                         
                             enem\audio\ENEM-2024-MT-1                         
                             4\figure.mp3 to .wav                              
                    INFO     Caching disabled.             cairo_renderer.py:79
[09/12/26 09:33:02] INFO     Animation 10 : Partial    scene_file_writer.py:588
                             movie file written in                             
                             'C:\Users\Windows                                 
                             11\Documents\Instagram\ma                         
                             tematica_em_movimento_30\                         
                             enem\media\videos\27_2024                         
                             _q149_solido_revolucao\19                         
                             20p30\partial_movie_files                         
                             \Resolucao27\uncached_000                         
                             10.mp4'                                           
                    INFO     Caching disabled.             cairo_renderer.py:79
[09/12/26 09:33:06] INFO     Animation 11 : Partial    scene_file_writer.py:588
                             movie file written in                             
                             'C:\Users\Windows                                 
                             11\Documents\Instagram\ma                         
                             tematica_em_movimento_30\                         
                             enem\media\videos\27_2024                         
                             _q149_solido_revolucao\19                         
                             20p30\partial_movie_files                         
                             \Resolucao27\uncached_000                         
                             11.mp4'                                           
                    INFO     Caching disabled.             cairo_renderer.py:79
                    INFO     Animation 12 : Partial    scene_file_writer.py:588
                             movie file written in                             
                             'C:\Users\Windows                                 
                             11\Documents\Instagram\ma                         
                             tematica_em_movimento_30\                         
                             enem\media\videos\27_2024                         
                             _q149_solido_revolucao\19                         
                             20p30\partial_movie_files                         
                             \Resolucao27\uncached_000                         
                             12.mp4'                                           
[09/12/26 09:33:07] INFO     Automatically converted   scene_file_writer.py:377
                             C:\Users\Windows                                  
                             11\Documents\Instagram\ma                         
                             tematica_em_movimento_30\                         
                             enem\audio\ENEM-2024-MT-1                         
                             4\options.mp3 to .wav                             
                    INFO     Caching disabled.             cairo_renderer.py:79
[09/12/26 09:33:09] INFO     Animation 13 : Partial    scene_file_writer.py:588
                             movie file written in                             
                             'C:\Users\Windows                                 
                             11\Documents\Instagram\ma                         
                             tematica_em_movimento_30\                         
                             enem\media\videos\27_2024                         
                             _q149_solido_revolucao\19                         
                             20p30\partial_movie_files                         
                             \Resolucao27\uncached_000                         
                             13.mp4'                                           
                    INFO     Caching disabled.             cairo_renderer.py:79
[09/12/26 09:33:12] INFO     Animation 14 : Partial    scene_file_writer.py:588
                             movie file written in                             
                             'C:\Users\Windows                                 
                             11\Documents\Instagram\ma                         
                             tematica_em_movimento_30\                         
                             enem\media\videos\27_2024                         
                             _q149_solido_revolucao\19                         
                             20p30\partial_movie_files                         
                             \Resolucao27\uncached_000                         
                             14.mp4'                                           
                    INFO     Caching disabled.             cairo_renderer.py:79
[09/12/26 09:33:13] INFO     Animation 15 : Partial    scene_file_writer.py:588
                             movie file written in                             
                             'C:\Users\Windows                                 
                             11\Documents\Instagram\ma                         
                             tematica_em_movimento_30\                         
                             enem\media\videos\27_2024                         
                             _q149_solido_revolucao\19                         
                             20p30\partial_movie_files                         
                             \Resolucao27\uncached_000                         
                             15.mp4'                                           
                    INFO     Automatically converted   scene_file_writer.py:377
                             C:\Users\Windows                                  
                             11\Documents\Instagram\ma                         
                             tematica_em_movimento_30\                         
                             enem\audio\ENEM-2024-MT-1                         
                             4\data.mp3 to .wav                                
                    INFO     Caching disabled.             cairo_renderer.py:79
[09/12/26 09:33:16] INFO     Animation 16 : Partial    scene_file_writer.py:588
                             movie file written in                             
                             'C:\Users\Windows                                 
                             11\Documents\Instagram\ma                         
                             tematica_em_movimento_30\                         
                             enem\media\videos\27_2024                         
                             _q149_solido_revolucao\19                         
                             20p30\partial_movie_files                         
                             \Resolucao27\uncached_000                         
                             16.mp4'                                           
                    INFO     Caching disabled.             cairo_renderer.py:79
[09/12/26 09:33:20] INFO     Animation 17 : Partial    scene_file_writer.py:588
                             movie file written in                             
                             'C:\Users\Windows                                 
                             11\Documents\Instagram\ma                         
                             tematica_em_movimento_30\                         
                             enem\media\videos\27_2024                         
                             _q149_solido_revolucao\19                         
                             20p30\partial_movie_files                         
                             \Resolucao27\uncached_000                         
                             17.mp4'                                           
                    INFO     Caching disabled.             cairo_renderer.py:79
[09/12/26 09:33:21] INFO     Animation 18 : Partial    scene_file_writer.py:588
                             movie file written in                             
                             'C:\Users\Windows                                 
                             11\Documents\Instagram\ma                         
                             tematica_em_movimento_30\                         
                             enem\media\videos\27_2024                         
                             _q149_solido_revolucao\19                         
                             20p30\partial_movie_files                         
                             \Resolucao27\uncached_000                         
                             18.mp4'                                           
                    INFO     Automatically converted   scene_file_writer.py:377
                             C:\Users\Windows                                  
                             11\Documents\Instagram\ma                         
                             tematica_em_movimento_30\                         
                             enem\audio\ENEM-2024-MT-1                         
                             4\strategy.mp3 to .wav                            
                    INFO     Caching disabled.             cairo_renderer.py:79
[09/12/26 09:33:27] INFO     Animation 19 : Partial    scene_file_writer.py:588
                             movie file written in                             
                             'C:\Users\Windows                                 
                             11\Documents\Instagram\ma                         
                             tematica_em_movimento_30\                         
                             enem\media\videos\27_2024                         
                             _q149_solido_revolucao\19                         
                             20p30\partial_movie_files                         
                             \Resolucao27\uncached_000                         
                             19.mp4'                                           
                    INFO     Caching disabled.             cairo_renderer.py:79
[09/12/26 09:33:33] INFO     Animation 20 : Partial    scene_file_writer.py:588
                             movie file written in                             
                             'C:\Users\Windows                                 
                             11\Documents\Instagram\ma                         
                             tematica_em_movimento_30\                         
                             enem\media\videos\27_2024                         
                             _q149_solido_revolucao\19                         
                             20p30\partial_movie_files                         
                             \Resolucao27\uncached_000                         
                             20.mp4'                                           
                    INFO     Caching disabled.             cairo_renderer.py:79
[09/12/26 09:33:34] INFO     Animation 21 : Partial    scene_file_writer.py:588
                             movie file written in                             
                             'C:\Users\Windows                                 
                             11\Documents\Instagram\ma                         
                             tematica_em_movimento_30\                         
                             enem\media\videos\27_2024                         
                             _q149_solido_revolucao\19                         
                             20p30\partial_movie_files                         
                             \Resolucao27\uncached_000                         
                             21.mp4'                                           
                    INFO     Automatically converted   scene_file_writer.py:377
                             C:\Users\Windows                                  
                             11\Documents\Instagram\ma                         
                             tematica_em_movimento_30\                         
                             enem\audio\ENEM-2024-MT-1                         
                             4\visual.mp3 to .wav                              
                    INFO     Caching disabled.             cairo_renderer.py:79
[09/12/26 09:33:37] INFO     Animation 22 : Partial    scene_file_writer.py:588
                             movie file written in                             
                             'C:\Users\Windows                                 
                             11\Documents\Instagram\ma                         
                             tematica_em_movimento_30\                         
                             enem\media\videos\27_2024                         
                             _q149_solido_revolucao\19                         
                             20p30\partial_movie_files                         
                             \Resolucao27\uncached_000                         
                             22.mp4'                                           
                    INFO     Caching disabled.             cairo_renderer.py:79
[09/12/26 09:33:38] INFO     Animation 23 : Partial    scene_file_writer.py:588
                             movie file written in                             
                             'C:\Users\Windows                                 
                             11\Documents\Instagram\ma                         
                             tematica_em_movimento_30\                         
                             enem\media\videos\27_2024                         
                             _q149_solido_revolucao\19                         
                             20p30\partial_movie_files                         
                             \Resolucao27\uncached_000                         
                             23.mp4'                                           
                    INFO     Caching disabled.             cairo_renderer.py:79
                    INFO     Animation 24 : Partial    scene_file_writer.py:588
                             movie file written in                             
                             'C:\Users\Windows                                 
                             11\Documents\Instagram\ma                         
                             tematica_em_movimento_30\                         
                             enem\media\videos\27_2024                         
                             _q149_solido_revolucao\19                         
                             20p30\partial_movie_files                         
                             \Resolucao27\uncached_000                         
                             24.mp4'                                           
                    INFO     Caching disabled.             cairo_renderer.py:79
[09/12/26 09:33:39] INFO     Animation 25 : Partial    scene_file_writer.py:588
                             movie file written in                             
                             'C:\Users\Windows                                 
                             11\Documents\Instagram\ma                         
                             tematica_em_movimento_30\                         
                             enem\media\videos\27_2024                         
                             _q149_solido_revolucao\19                         
                             20p30\partial_movie_files                         
                             \Resolucao27\uncached_000                         
                             25.mp4'                                           
                    INFO     Writing                    tex_file_writing.py:111
                             PQ\longrightarrow\text{cír                        
                             culo de raio }R to                                
                             media\Tex\0fac033e6ea95560                        
                             .tex                                              
latex: security risk: running with elevated privileges
dvisvgm: security risk: running with elevated privileges
[09/12/26 09:33:40] INFO     Automatically converted   scene_file_writer.py:377
                             C:\Users\Windows                                  
                             11\Documents\Instagram\ma                         
                             tematica_em_movimento_30\                         
                             enem\audio\ENEM-2024-MT-1                         
                             4\step_01.mp3 to .wav                             
                    INFO     Caching disabled.             cairo_renderer.py:79
[09/12/26 09:33:42] INFO     Animation 26 : Partial    scene_file_writer.py:588
                             movie file written in                             
                             'C:\Users\Windows                                 
                             11\Documents\Instagram\ma                         
                             tematica_em_movimento_30\                         
                             enem\media\videos\27_2024                         
                             _q149_solido_revolucao\19                         
                             20p30\partial_movie_files                         
                             \Resolucao27\uncached_000                         
                             26.mp4'                                           
                    INFO     Caching disabled.             cairo_renderer.py:79
[09/12/26 09:33:43] INFO     Animation 27 : Partial    scene_file_writer.py:588
                             movie file written in                             
                             'C:\Users\Windows                                 
                             11\Documents\Instagram\ma                         
                             tematica_em_movimento_30\                         
                             enem\media\videos\27_2024                         
                             _q149_solido_revolucao\19                         
                             20p30\partial_movie_files                         
                             \Resolucao27\uncached_000                         
                             27.mp4'                                           
                    INFO     Writing                    tex_file_writing.py:111
                             RS\longrightarrow\text{cír                        
                             culo de raio }r to                                
                             media\Tex\9d9048a8693da459                        
                             .tex                                              
latex: security risk: running with elevated privileges
dvisvgm: security risk: running with elevated privileges
[09/12/26 09:33:44] INFO     Automatically converted   scene_file_writer.py:377
                             C:\Users\Windows                                  
                             11\Documents\Instagram\ma                         
                             tematica_em_movimento_30\                         
                             enem\audio\ENEM-2024-MT-1                         
                             4\step_02.mp3 to .wav                             
                    INFO     Caching disabled.             cairo_renderer.py:79
[09/12/26 09:33:47] INFO     Animation 28 : Partial    scene_file_writer.py:588
                             movie file written in                             
                             'C:\Users\Windows                                 
                             11\Documents\Instagram\ma                         
                             tematica_em_movimento_30\                         
                             enem\media\videos\27_2024                         
                             _q149_solido_revolucao\19                         
                             20p30\partial_movie_files                         
                             \Resolucao27\uncached_000                         
                             28.mp4'                                           
                    INFO     Caching disabled.             cairo_renderer.py:79
[09/12/26 09:33:48] INFO     Animation 29 : Partial    scene_file_writer.py:588
                             movie file written in                             
                             'C:\Users\Windows                                 
                             11\Documents\Instagram\ma                         
                             tematica_em_movimento_30\                         
                             enem\media\videos\27_2024                         
                             _q149_solido_revolucao\19                         
                             20p30\partial_movie_files                         
                             \Resolucao27\uncached_000                         
                             29.mp4'                                           
                    INFO     Writing R\ne r to          tex_file_writing.py:111
                             media\Tex\559f92b14a086ad1                        
                             .tex                                              
latex: security risk: running with elevated privileges
dvisvgm: security risk: running with elevated privileges
[09/12/26 09:33:49] INFO     Automatically converted   scene_file_writer.py:377
                             C:\Users\Windows                                  
                             11\Documents\Instagram\ma                         
                             tematica_em_movimento_30\                         
                             enem\audio\ENEM-2024-MT-1                         
                             4\step_03.mp3 to .wav                             
                    INFO     Caching disabled.             cairo_renderer.py:79
[09/12/26 09:33:51] INFO     Animation 30 : Partial    scene_file_writer.py:588
                             movie file written in                             
                             'C:\Users\Windows                                 
                             11\Documents\Instagram\ma                         
                             tematica_em_movimento_30\                         
                             enem\media\videos\27_2024                         
                             _q149_solido_revolucao\19                         
                             20p30\partial_movie_files                         
                             \Resolucao27\uncached_000                         
                             30.mp4'                                           
                    INFO     Caching disabled.             cairo_renderer.py:79
[09/12/26 09:33:53] INFO     Animation 31 : Partial    scene_file_writer.py:588
                             movie file written in                             
                             'C:\Users\Windows                                 
                             11\Documents\Instagram\ma                         
                             tematica_em_movimento_30\                         
                             enem\media\videos\27_2024                         
                             _q149_solido_revolucao\19                         
                             20p30\partial_movie_files                         
                             \Resolucao27\uncached_000                         
                             31.mp4'                                           
                    INFO     Writing \text{tronco de    tex_file_writing.py:111
                             cone} to                                          
                             media\Tex\adc81d8d4ccf211a                        
                             .tex                                              
latex: security risk: running with elevated privileges
dvisvgm: security risk: running with elevated privileges
[09/12/26 09:33:54] INFO     Automatically converted   scene_file_writer.py:377
                             C:\Users\Windows                                  
                             11\Documents\Instagram\ma                         
                             tematica_em_movimento_30\                         
                             enem\audio\ENEM-2024-MT-1                         
                             4\step_04.mp3 to .wav                             
                    INFO     Caching disabled.             cairo_renderer.py:79
[09/12/26 09:33:56] INFO     Animation 32 : Partial    scene_file_writer.py:588
                             movie file written in                             
                             'C:\Users\Windows                                 
                             11\Documents\Instagram\ma                         
                             tematica_em_movimento_30\                         
                             enem\media\videos\27_2024                         
                             _q149_solido_revolucao\19                         
                             20p30\partial_movie_files                         
                             \Resolucao27\uncached_000                         
                             32.mp4'                                           
                    INFO     Caching disabled.             cairo_renderer.py:79
[09/12/26 09:33:57] INFO     Animation 33 : Partial    scene_file_writer.py:588
                             movie file written in                             
                             'C:\Users\Windows                                 
                             11\Documents\Instagram\ma                         
                             tematica_em_movimento_30\                         
                             enem\media\videos\27_2024                         
                             _q149_solido_revolucao\19                         
                             20p30\partial_movie_files                         
                             \Resolucao27\uncached_000                         
                             33.mp4'                                           
[09/12/26 09:33:58] INFO     Automatically converted   scene_file_writer.py:377
                             C:\Users\Windows                                  
                             11\Documents\Instagram\ma                         
                             tematica_em_movimento_30\                         
                             enem\audio\ENEM-2024-MT-1                         
                             4\answer.mp3 to .wav                              
                    INFO     Caching disabled.             cairo_renderer.py:79
[09/12/26 09:33:59] INFO     Animation 34 : Partial    scene_file_writer.py:588
                             movie file written in                             
                             'C:\Users\Windows                                 
                             11\Documents\Instagram\ma                         
                             tematica_em_movimento_30\                         
                             enem\media\videos\27_2024                         
                             _q149_solido_revolucao\19                         
                             20p30\partial_movie_files                         
                             \Resolucao27\uncached_000                         
                             34.mp4'                                           
                    INFO     Caching disabled.             cairo_renderer.py:79
[09/12/26 09:34:00] INFO     Animation 35 : Partial    scene_file_writer.py:588
                             movie file written in                             
                             'C:\Users\Windows                                 
                             11\Documents\Instagram\ma                         
                             tematica_em_movimento_30\                         
                             enem\media\videos\27_2024                         
                             _q149_solido_revolucao\19                         
                             20p30\partial_movie_files                         
                             \Resolucao27\uncached_000                         
                             35.mp4'                                           
                    INFO     Combining to Movie file.  scene_file_writer.py:739
[09/12/26 09:34:04] WARNING  Some options were not     scene_file_writer.py:801
                             used: {'shortest': '1',                           
                             'metadata':                                       
                             'comment=Rendered with                            
                             Manim Community v0.19.0'}                         
                    INFO                               scene_file_writer.py:886
                             File ready at                                     
                             'C:\Users\Windows                                 
                             11\Documents\Instagram\ma                         
                             tematica_em_movimento_30\                         
                             enem\media\videos\27_2024                         
                             _q149_solido_revolucao\19                         
                             20p30\Resolucao27.mp4'                            
                                                                               
                    INFO     Rendered Resolucao27                  scene.py:255
                             Played 36 animations                              
You are using manim version v0.19.0, but version v0.21.0 is available.
You should consider upgrading via pip install -U manim
