Manim Community v0.19.0

[09/12/26 09:34:06] INFO     Automatically converted   scene_file_writer.py:377
                             C:\Users\Windows                                  
                             11\Documents\Instagram\ma                         
                             tematica_em_movimento_30\                         
                             enem\audio\ENEM-2024-MT-3                         
                             0\source.mp3 to .wav                              
                    INFO     Caching disabled.             cairo_renderer.py:79
[09/12/26 09:34:09] INFO     Animation 0 : Partial     scene_file_writer.py:588
                             movie file written in                             
                             'C:\Users\Windows                                 
                             11\Documents\Instagram\ma                         
                             tematica_em_movimento_30\                         
                             enem\media\videos\28_2024                         
                             _q165_embalagens_cilindri                         
                             cas\1920p30\partial_movie                         
                             _files\Resolucao28\uncach                         
                             ed_00000.mp4'                                     
                    INFO     Caching disabled.             cairo_renderer.py:79
[09/12/26 09:34:11] INFO     Animation 1 : Partial     scene_file_writer.py:588
                             movie file written in                             
                             'C:\Users\Windows                                 
                             11\Documents\Instagram\ma                         
                             tematica_em_movimento_30\                         
                             enem\media\videos\28_2024                         
                             _q165_embalagens_cilindri                         
                             cas\1920p30\partial_movie                         
                             _files\Resolucao28\uncach                         
                             ed_00001.mp4'                                     
                    INFO     Caching disabled.             cairo_renderer.py:79
                    INFO     Animation 2 : Partial     scene_file_writer.py:588
                             movie file written in                             
                             'C:\Users\Windows                                 
                             11\Documents\Instagram\ma                         
                             tematica_em_movimento_30\                         
                             enem\media\videos\28_2024                         
                             _q165_embalagens_cilindri                         
                             cas\1920p30\partial_movie                         
                             _files\Resolucao28\uncach                         
                             ed_00002.mp4'                                     
[09/12/26 09:34:12] INFO     Automatically converted   scene_file_writer.py:377
                             C:\Users\Windows                                  
                             11\Documents\Instagram\ma                         
                             tematica_em_movimento_30\                         
                             enem\audio\ENEM-2024-MT-3                         
                             0\statement_01.mp3 to                             
                             .wav                                              
                    INFO     Caching disabled.             cairo_renderer.py:79
[09/12/26 09:34:20] INFO     Animation 3 : Partial     scene_file_writer.py:588
                             movie file written in                             
                             'C:\Users\Windows                                 
                             11\Documents\Instagram\ma                         
                             tematica_em_movimento_30\                         
                             enem\media\videos\28_2024                         
                             _q165_embalagens_cilindri                         
                             cas\1920p30\partial_movie                         
                             _files\Resolucao28\uncach                         
                             ed_00003.mp4'                                     
                    INFO     Caching disabled.             cairo_renderer.py:79
[09/12/26 09:34:30] INFO     Animation 4 : Partial     scene_file_writer.py:588
                             movie file written in                             
                             'C:\Users\Windows                                 
                             11\Documents\Instagram\ma                         
                             tematica_em_movimento_30\                         
                             enem\media\videos\28_2024                         
                             _q165_embalagens_cilindri                         
                             cas\1920p30\partial_movie                         
                             _files\Resolucao28\uncach                         
                             ed_00004.mp4'                                     
                    INFO     Caching disabled.             cairo_renderer.py:79
[09/12/26 09:34:32] INFO     Animation 5 : Partial     scene_file_writer.py:588
                             movie file written in                             
                             'C:\Users\Windows                                 
                             11\Documents\Instagram\ma                         
                             tematica_em_movimento_30\                         
                             enem\media\videos\28_2024                         
                             _q165_embalagens_cilindri                         
                             cas\1920p30\partial_movie                         
                             _files\Resolucao28\uncach                         
                             ed_00005.mp4'                                     
                    INFO     Automatically converted   scene_file_writer.py:377
                             C:\Users\Windows                                  
                             11\Documents\Instagram\ma                         
                             tematica_em_movimento_30\                         
                             enem\audio\ENEM-2024-MT-3                         
                             0\statement_02.mp3 to                             
                             .wav                                              
                    INFO     Caching disabled.             cairo_renderer.py:79
[09/12/26 09:34:37] INFO     Animation 6 : Partial     scene_file_writer.py:588
                             movie file written in                             
                             'C:\Users\Windows                                 
                             11\Documents\Instagram\ma                         
                             tematica_em_movimento_30\                         
                             enem\media\videos\28_2024                         
                             _q165_embalagens_cilindri                         
                             cas\1920p30\partial_movie                         
                             _files\Resolucao28\uncach                         
                             ed_00006.mp4'                                     
                    INFO     Caching disabled.             cairo_renderer.py:79
[09/12/26 09:34:43] INFO     Animation 7 : Partial     scene_file_writer.py:588
                             movie file written in                             
                             'C:\Users\Windows                                 
                             11\Documents\Instagram\ma                         
                             tematica_em_movimento_30\                         
                             enem\media\videos\28_2024                         
                             _q165_embalagens_cilindri                         
                             cas\1920p30\partial_movie                         
                             _files\Resolucao28\uncach                         
                             ed_00007.mp4'                                     
                    INFO     Caching disabled.             cairo_renderer.py:79
[09/12/26 09:34:44] INFO     Animation 8 : Partial     scene_file_writer.py:588
                             movie file written in                             
                             'C:\Users\Windows                                 
                             11\Documents\Instagram\ma                         
                             tematica_em_movimento_30\                         
                             enem\media\videos\28_2024                         
                             _q165_embalagens_cilindri                         
                             cas\1920p30\partial_movie                         
                             _files\Resolucao28\uncach                         
                             ed_00008.mp4'                                     
                    INFO     Caching disabled.             cairo_renderer.py:79
                    INFO     Animation 9 : Partial     scene_file_writer.py:588
                             movie file written in                             
                             'C:\Users\Windows                                 
                             11\Documents\Instagram\ma                         
                             tematica_em_movimento_30\                         
                             enem\media\videos\28_2024                         
                             _q165_embalagens_cilindri                         
                             cas\1920p30\partial_movie                         
                             _files\Resolucao28\uncach                         
                             ed_00009.mp4'                                     
                    INFO     Automatically converted   scene_file_writer.py:377
                             C:\Users\Windows                                  
                             11\Documents\Instagram\ma                         
                             tematica_em_movimento_30\                         
                             enem\audio\ENEM-2024-MT-3                         
                             0\figure.mp3 to .wav                              
                    INFO     Caching disabled.             cairo_renderer.py:79
[09/12/26 09:34:49] INFO     Animation 10 : Partial    scene_file_writer.py:588
                             movie file written in                             
                             'C:\Users\Windows                                 
                             11\Documents\Instagram\ma                         
                             tematica_em_movimento_30\                         
                             enem\media\videos\28_2024                         
                             _q165_embalagens_cilindri                         
                             cas\1920p30\partial_movie                         
                             _files\Resolucao28\uncach                         
                             ed_00010.mp4'                                     
                    INFO     Caching disabled.             cairo_renderer.py:79
[09/12/26 09:34:55] INFO     Animation 11 : Partial    scene_file_writer.py:588
                             movie file written in                             
                             'C:\Users\Windows                                 
                             11\Documents\Instagram\ma                         
                             tematica_em_movimento_30\                         
                             enem\media\videos\28_2024                         
                             _q165_embalagens_cilindri                         
                             cas\1920p30\partial_movie                         
                             _files\Resolucao28\uncach                         
                             ed_00011.mp4'                                     
                    INFO     Caching disabled.             cairo_renderer.py:79
[09/12/26 09:34:56] INFO     Animation 12 : Partial    scene_file_writer.py:588
                             movie file written in                             
                             'C:\Users\Windows                                 
                             11\Documents\Instagram\ma                         
                             tematica_em_movimento_30\                         
                             enem\media\videos\28_2024                         
                             _q165_embalagens_cilindri                         
                             cas\1920p30\partial_movie                         
                             _files\Resolucao28\uncach                         
                             ed_00012.mp4'                                     
                    INFO     Automatically converted   scene_file_writer.py:377
                             C:\Users\Windows                                  
                             11\Documents\Instagram\ma                         
                             tematica_em_movimento_30\                         
                             enem\audio\ENEM-2024-MT-3                         
                             0\options.mp3 to .wav                             
                    INFO     Caching disabled.             cairo_renderer.py:79
[09/12/26 09:35:00] INFO     Animation 13 : Partial    scene_file_writer.py:588
                             movie file written in                             
                             'C:\Users\Windows                                 
                             11\Documents\Instagram\ma                         
                             tematica_em_movimento_30\                         
                             enem\media\videos\28_2024                         
                             _q165_embalagens_cilindri                         
                             cas\1920p30\partial_movie                         
                             _files\Resolucao28\uncach                         
                             ed_00013.mp4'                                     
                    INFO     Caching disabled.             cairo_renderer.py:79
[09/12/26 09:35:06] INFO     Animation 14 : Partial    scene_file_writer.py:588
                             movie file written in                             
                             'C:\Users\Windows                                 
                             11\Documents\Instagram\ma                         
                             tematica_em_movimento_30\                         
                             enem\media\videos\28_2024                         
                             _q165_embalagens_cilindri                         
                             cas\1920p30\partial_movie                         
                             _files\Resolucao28\uncach                         
                             ed_00014.mp4'                                     
                    INFO     Caching disabled.             cairo_renderer.py:79
[09/12/26 09:35:07] INFO     Animation 15 : Partial    scene_file_writer.py:588
                             movie file written in                             
                             'C:\Users\Windows                                 
                             11\Documents\Instagram\ma                         
                             tematica_em_movimento_30\                         
                             enem\media\videos\28_2024                         
                             _q165_embalagens_cilindri                         
                             cas\1920p30\partial_movie                         
                             _files\Resolucao28\uncach                         
                             ed_00015.mp4'                                     
[09/12/26 09:35:08] INFO     Automatically converted   scene_file_writer.py:377
                             C:\Users\Windows                                  
                             11\Documents\Instagram\ma                         
                             tematica_em_movimento_30\                         
                             enem\audio\ENEM-2024-MT-3                         
                             0\data.mp3 to .wav                                
                    INFO     Caching disabled.             cairo_renderer.py:79
[09/12/26 09:35:11] INFO     Animation 16 : Partial    scene_file_writer.py:588
                             movie file written in                             
                             'C:\Users\Windows                                 
                             11\Documents\Instagram\ma                         
                             tematica_em_movimento_30\                         
                             enem\media\videos\28_2024                         
                             _q165_embalagens_cilindri                         
                             cas\1920p30\partial_movie                         
                             _files\Resolucao28\uncach                         
                             ed_00016.mp4'                                     
                    INFO     Caching disabled.             cairo_renderer.py:79
[09/12/26 09:35:17] INFO     Animation 17 : Partial    scene_file_writer.py:588
                             movie file written in                             
                             'C:\Users\Windows                                 
                             11\Documents\Instagram\ma                         
                             tematica_em_movimento_30\                         
                             enem\media\videos\28_2024                         
                             _q165_embalagens_cilindri                         
                             cas\1920p30\partial_movie                         
                             _files\Resolucao28\uncach                         
                             ed_00017.mp4'                                     
                    INFO     Caching disabled.             cairo_renderer.py:79
                    INFO     Animation 18 : Partial    scene_file_writer.py:588
                             movie file written in                             
                             'C:\Users\Windows                                 
                             11\Documents\Instagram\ma                         
                             tematica_em_movimento_30\                         
                             enem\media\videos\28_2024                         
                             _q165_embalagens_cilindri                         
                             cas\1920p30\partial_movie                         
                             _files\Resolucao28\uncach                         
                             ed_00018.mp4'                                     
[09/12/26 09:35:18] INFO     Automatically converted   scene_file_writer.py:377
                             C:\Users\Windows                                  
                             11\Documents\Instagram\ma                         
                             tematica_em_movimento_30\                         
                             enem\audio\ENEM-2024-MT-3                         
                             0\strategy.mp3 to .wav                            
                    INFO     Caching disabled.             cairo_renderer.py:79
[09/12/26 09:35:22] INFO     Animation 19 : Partial    scene_file_writer.py:588
                             movie file written in                             
                             'C:\Users\Windows                                 
                             11\Documents\Instagram\ma                         
                             tematica_em_movimento_30\                         
                             enem\media\videos\28_2024                         
                             _q165_embalagens_cilindri                         
                             cas\1920p30\partial_movie                         
                             _files\Resolucao28\uncach                         
                             ed_00019.mp4'                                     
                    INFO     Caching disabled.             cairo_renderer.py:79
[09/12/26 09:35:28] INFO     Animation 20 : Partial    scene_file_writer.py:588
                             movie file written in                             
                             'C:\Users\Windows                                 
                             11\Documents\Instagram\ma                         
                             tematica_em_movimento_30\                         
                             enem\media\videos\28_2024                         
                             _q165_embalagens_cilindri                         
                             cas\1920p30\partial_movie                         
                             _files\Resolucao28\uncach                         
                             ed_00020.mp4'                                     
                    INFO     Caching disabled.             cairo_renderer.py:79
[09/12/26 09:35:29] INFO     Animation 21 : Partial    scene_file_writer.py:588
                             movie file written in                             
                             'C:\Users\Windows                                 
                             11\Documents\Instagram\ma                         
                             tematica_em_movimento_30\                         
                             enem\media\videos\28_2024                         
                             _q165_embalagens_cilindri                         
                             cas\1920p30\partial_movie                         
                             _files\Resolucao28\uncach                         
                             ed_00021.mp4'                                     
                    INFO     Automatically converted   scene_file_writer.py:377
                             C:\Users\Windows                                  
                             11\Documents\Instagram\ma                         
                             tematica_em_movimento_30\                         
                             enem\audio\ENEM-2024-MT-3                         
                             0\visual.mp3 to .wav                              
                    INFO     Caching disabled.             cairo_renderer.py:79
[09/12/26 09:35:31] INFO     Animation 22 : Partial    scene_file_writer.py:588
                             movie file written in                             
                             'C:\Users\Windows                                 
                             11\Documents\Instagram\ma                         
                             tematica_em_movimento_30\                         
                             enem\media\videos\28_2024                         
                             _q165_embalagens_cilindri                         
                             cas\1920p30\partial_movie                         
                             _files\Resolucao28\uncach                         
                             ed_00022.mp4'                                     
                    INFO     Caching disabled.             cairo_renderer.py:79
[09/12/26 09:35:32] INFO     Animation 23 : Partial    scene_file_writer.py:588
                             movie file written in                             
                             'C:\Users\Windows                                 
                             11\Documents\Instagram\ma                         
                             tematica_em_movimento_30\                         
                             enem\media\videos\28_2024                         
                             _q165_embalagens_cilindri                         
                             cas\1920p30\partial_movie                         
                             _files\Resolucao28\uncach                         
                             ed_00023.mp4'                                     
                    INFO     Caching disabled.             cairo_renderer.py:79
[09/12/26 09:35:33] INFO     Animation 24 : Partial    scene_file_writer.py:588
                             movie file written in                             
                             'C:\Users\Windows                                 
                             11\Documents\Instagram\ma                         
                             tematica_em_movimento_30\                         
                             enem\media\videos\28_2024                         
                             _q165_embalagens_cilindri                         
                             cas\1920p30\partial_movie                         
                             _files\Resolucao28\uncach                         
                             ed_00024.mp4'                                     
                    INFO     Caching disabled.             cairo_renderer.py:79
                    INFO     Animation 25 : Partial    scene_file_writer.py:588
                             movie file written in                             
                             'C:\Users\Windows                                 
                             11\Documents\Instagram\ma                         
                             tematica_em_movimento_30\                         
                             enem\media\videos\28_2024                         
                             _q165_embalagens_cilindri                         
                             cas\1920p30\partial_movie                         
                             _files\Resolucao28\uncach                         
                             ed_00025.mp4'                                     
                    INFO     Writing                    tex_file_writing.py:111
                             r_1={10\over2\pi}={5\over\                        
                             pi} to                                            
                             media\Tex\e616027b4d1d3144                        
                             .tex                                              
latex: security risk: running with elevated privileges
dvisvgm: security risk: running with elevated privileges
[09/12/26 09:35:34] INFO     Automatically converted   scene_file_writer.py:377
                             C:\Users\Windows                                  
                             11\Documents\Instagram\ma                         
                             tematica_em_movimento_30\                         
                             enem\audio\ENEM-2024-MT-3                         
                             0\step_01.mp3 to .wav                             
                    INFO     Caching disabled.             cairo_renderer.py:79
[09/12/26 09:35:37] INFO     Animation 26 : Partial    scene_file_writer.py:588
                             movie file written in                             
                             'C:\Users\Windows                                 
                             11\Documents\Instagram\ma                         
                             tematica_em_movimento_30\                         
                             enem\media\videos\28_2024                         
                             _q165_embalagens_cilindri                         
                             cas\1920p30\partial_movie                         
                             _files\Resolucao28\uncach                         
                             ed_00026.mp4'                                     
                    INFO     Caching disabled.             cairo_renderer.py:79
[09/12/26 09:35:39] INFO     Animation 27 : Partial    scene_file_writer.py:588
                             movie file written in                             
                             'C:\Users\Windows                                 
                             11\Documents\Instagram\ma                         
                             tematica_em_movimento_30\                         
                             enem\media\videos\28_2024                         
                             _q165_embalagens_cilindri                         
                             cas\1920p30\partial_movie                         
                             _files\Resolucao28\uncach                         
                             ed_00027.mp4'                                     
                    INFO     Writing                    tex_file_writing.py:111
                             V_1=\pi(5/\pi)^2(20)={500\                        
                             over\pi} to                                       
                             media\Tex\e3e637771b1ccdff                        
                             .tex                                              
latex: security risk: running with elevated privileges
dvisvgm: security risk: running with elevated privileges
[09/12/26 09:35:40] INFO     Automatically converted   scene_file_writer.py:377
                             C:\Users\Windows                                  
                             11\Documents\Instagram\ma                         
                             tematica_em_movimento_30\                         
                             enem\audio\ENEM-2024-MT-3                         
                             0\step_02.mp3 to .wav                             
                    INFO     Caching disabled.             cairo_renderer.py:79
[09/12/26 09:35:43] INFO     Animation 28 : Partial    scene_file_writer.py:588
                             movie file written in                             
                             'C:\Users\Windows                                 
                             11\Documents\Instagram\ma                         
                             tematica_em_movimento_30\                         
                             enem\media\videos\28_2024                         
                             _q165_embalagens_cilindri                         
                             cas\1920p30\partial_movie                         
                             _files\Resolucao28\uncach                         
                             ed_00028.mp4'                                     
                    INFO     Caching disabled.             cairo_renderer.py:79
[09/12/26 09:35:46] INFO     Animation 29 : Partial    scene_file_writer.py:588
                             movie file written in                             
                             'C:\Users\Windows                                 
                             11\Documents\Instagram\ma                         
                             tematica_em_movimento_30\                         
                             enem\media\videos\28_2024                         
                             _q165_embalagens_cilindri                         
                             cas\1920p30\partial_movie                         
                             _files\Resolucao28\uncach                         
                             ed_00029.mp4'                                     
                    INFO     Writing                    tex_file_writing.py:111
                             r_2={20\over2\pi}={10\over                        
                             \pi} to                                           
                             media\Tex\46f6bd638a98b65d                        
                             .tex                                              
latex: security risk: running with elevated privileges
dvisvgm: security risk: running with elevated privileges
[09/12/26 09:35:47] INFO     Automatically converted   scene_file_writer.py:377
                             C:\Users\Windows                                  
                             11\Documents\Instagram\ma                         
                             tematica_em_movimento_30\                         
                             enem\audio\ENEM-2024-MT-3                         
                             0\step_03.mp3 to .wav                             
                    INFO     Caching disabled.             cairo_renderer.py:79
[09/12/26 09:35:49] INFO     Animation 30 : Partial    scene_file_writer.py:588
                             movie file written in                             
                             'C:\Users\Windows                                 
                             11\Documents\Instagram\ma                         
                             tematica_em_movimento_30\                         
                             enem\media\videos\28_2024                         
                             _q165_embalagens_cilindri                         
                             cas\1920p30\partial_movie                         
                             _files\Resolucao28\uncach                         
                             ed_00030.mp4'                                     
                    INFO     Caching disabled.             cairo_renderer.py:79
[09/12/26 09:35:52] INFO     Animation 31 : Partial    scene_file_writer.py:588
                             movie file written in                             
                             'C:\Users\Windows                                 
                             11\Documents\Instagram\ma                         
                             tematica_em_movimento_30\                         
                             enem\media\videos\28_2024                         
                             _q165_embalagens_cilindri                         
                             cas\1920p30\partial_movie                         
                             _files\Resolucao28\uncach                         
                             ed_00031.mp4'                                     
                    INFO     Writing                    tex_file_writing.py:111
                             V_2=\pi(10/\pi)^2(10)={100                        
                             0\over\pi} to                                     
                             media\Tex\7d855ff65175e760                        
                             .tex                                              
latex: security risk: running with elevated privileges
dvisvgm: security risk: running with elevated privileges
[09/12/26 09:35:53] INFO     Automatically converted   scene_file_writer.py:377
                             C:\Users\Windows                                  
                             11\Documents\Instagram\ma                         
                             tematica_em_movimento_30\                         
                             enem\audio\ENEM-2024-MT-3                         
                             0\step_04.mp3 to .wav                             
                    INFO     Caching disabled.             cairo_renderer.py:79
[09/12/26 09:35:55] INFO     Animation 32 : Partial    scene_file_writer.py:588
                             movie file written in                             
                             'C:\Users\Windows                                 
                             11\Documents\Instagram\ma                         
                             tematica_em_movimento_30\                         
                             enem\media\videos\28_2024                         
                             _q165_embalagens_cilindri                         
                             cas\1920p30\partial_movie                         
                             _files\Resolucao28\uncach                         
                             ed_00032.mp4'                                     
                    INFO     Caching disabled.             cairo_renderer.py:79
[09/12/26 09:35:58] INFO     Animation 33 : Partial    scene_file_writer.py:588
                             movie file written in                             
                             'C:\Users\Windows                                 
                             11\Documents\Instagram\ma                         
                             tematica_em_movimento_30\                         
                             enem\media\videos\28_2024                         
                             _q165_embalagens_cilindri                         
                             cas\1920p30\partial_movie                         
                             _files\Resolucao28\uncach                         
                             ed_00033.mp4'                                     
                    INFO     Writing                    tex_file_writing.py:111
                             {1000\over\pi}>{500\over\p                        
                             i}\quad\Rightarrow\quad                           
                             V_2 to                                            
                             media\Tex\ce466e45248a1af3                        
                             .tex                                              
latex: security risk: running with elevated privileges
dvisvgm: security risk: running with elevated privileges
[09/12/26 09:35:59] INFO     Automatically converted   scene_file_writer.py:377
                             C:\Users\Windows                                  
                             11\Documents\Instagram\ma                         
                             tematica_em_movimento_30\                         
                             enem\audio\ENEM-2024-MT-3                         
                             0\step_05.mp3 to .wav                             
                    INFO     Caching disabled.             cairo_renderer.py:79
[09/12/26 09:36:01] INFO     Animation 34 : Partial    scene_file_writer.py:588
                             movie file written in                             
                             'C:\Users\Windows                                 
                             11\Documents\Instagram\ma                         
                             tematica_em_movimento_30\                         
                             enem\media\videos\28_2024                         
                             _q165_embalagens_cilindri                         
                             cas\1920p30\partial_movie                         
                             _files\Resolucao28\uncach                         
                             ed_00034.mp4'                                     
                    INFO     Caching disabled.             cairo_renderer.py:79
[09/12/26 09:36:04] INFO     Animation 35 : Partial    scene_file_writer.py:588
                             movie file written in                             
                             'C:\Users\Windows                                 
                             11\Documents\Instagram\ma                         
                             tematica_em_movimento_30\                         
                             enem\media\videos\28_2024                         
                             _q165_embalagens_cilindri                         
                             cas\1920p30\partial_movie                         
                             _files\Resolucao28\uncach                         
                             ed_00035.mp4'                                     
                    INFO     Automatically converted   scene_file_writer.py:377
                             C:\Users\Windows                                  
                             11\Documents\Instagram\ma                         
                             tematica_em_movimento_30\                         
                             enem\audio\ENEM-2024-MT-3                         
                             0\answer.mp3 to .wav                              
                    INFO     Caching disabled.             cairo_renderer.py:79
[09/12/26 09:36:06] INFO     Animation 36 : Partial    scene_file_writer.py:588
                             movie file written in                             
                             'C:\Users\Windows                                 
                             11\Documents\Instagram\ma                         
                             tematica_em_movimento_30\                         
                             enem\media\videos\28_2024                         
                             _q165_embalagens_cilindri                         
                             cas\1920p30\partial_movie                         
                             _files\Resolucao28\uncach                         
                             ed_00036.mp4'                                     
                    INFO     Caching disabled.             cairo_renderer.py:79
[09/12/26 09:36:07] INFO     Animation 37 : Partial    scene_file_writer.py:588
                             movie file written in                             
                             'C:\Users\Windows                                 
                             11\Documents\Instagram\ma                         
                             tematica_em_movimento_30\                         
                             enem\media\videos\28_2024                         
                             _q165_embalagens_cilindri                         
                             cas\1920p30\partial_movie                         
                             _files\Resolucao28\uncach                         
                             ed_00037.mp4'                                     
                    INFO     Combining to Movie file.  scene_file_writer.py:739
[09/12/26 09:36:13] WARNING  Some options were not     scene_file_writer.py:801
                             used: {'shortest': '1',                           
                             'metadata':                                       
                             'comment=Rendered with                            
                             Manim Community v0.19.0'}                         
                    INFO                               scene_file_writer.py:886
                             File ready at                                     
                             'C:\Users\Windows                                 
                             11\Documents\Instagram\ma                         
                             tematica_em_movimento_30\                         
                             enem\media\videos\28_2024                         
                             _q165_embalagens_cilindri                         
                             cas\1920p30\Resolucao28.m                         
                             p4'                                               
                                                                               
                    INFO     Rendered Resolucao28                  scene.py:255
                             Played 38 animations                              
You are using manim version v0.19.0, but version v0.21.0 is available.
You should consider upgrading via pip install -U manim
