Manim Community v0.19.0

[09/12/26 09:36:20] INFO     Automatically converted   scene_file_writer.py:377
                             C:\Users\Windows                                  
                             11\Documents\Instagram\ma                         
                             tematica_em_movimento_30\                         
                             enem\audio\ENEM-2024-MT-3                         
                             4\source.mp3 to .wav                              
                    INFO     Caching disabled.             cairo_renderer.py:79
[09/12/26 09:36:23] INFO     Animation 0 : Partial     scene_file_writer.py:588
                             movie file written in                             
                             'C:\Users\Windows                                 
                             11\Documents\Instagram\ma                         
                             tematica_em_movimento_30\                         
                             enem\media\videos\29_2024                         
                             _q169_poligono_maior_area                         
                             \1920p30\partial_movie_fi                         
                             les\Resolucao29\uncached_                         
                             00000.mp4'                                        
                    INFO     Caching disabled.             cairo_renderer.py:79
[09/12/26 09:36:24] INFO     Animation 1 : Partial     scene_file_writer.py:588
                             movie file written in                             
                             'C:\Users\Windows                                 
                             11\Documents\Instagram\ma                         
                             tematica_em_movimento_30\                         
                             enem\media\videos\29_2024                         
                             _q169_poligono_maior_area                         
                             \1920p30\partial_movie_fi                         
                             les\Resolucao29\uncached_                         
                             00001.mp4'                                        
                    INFO     Caching disabled.             cairo_renderer.py:79
[09/12/26 09:36:25] INFO     Animation 2 : Partial     scene_file_writer.py:588
                             movie file written in                             
                             'C:\Users\Windows                                 
                             11\Documents\Instagram\ma                         
                             tematica_em_movimento_30\                         
                             enem\media\videos\29_2024                         
                             _q169_poligono_maior_area                         
                             \1920p30\partial_movie_fi                         
                             les\Resolucao29\uncached_                         
                             00002.mp4'                                        
                    INFO     Automatically converted   scene_file_writer.py:377
                             C:\Users\Windows                                  
                             11\Documents\Instagram\ma                         
                             tematica_em_movimento_30\                         
                             enem\audio\ENEM-2024-MT-3                         
                             4\statement_01.mp3 to                             
                             .wav                                              
                    INFO     Caching disabled.             cairo_renderer.py:79
[09/12/26 09:36:31] INFO     Animation 3 : Partial     scene_file_writer.py:588
                             movie file written in                             
                             'C:\Users\Windows                                 
                             11\Documents\Instagram\ma                         
                             tematica_em_movimento_30\                         
                             enem\media\videos\29_2024                         
                             _q169_poligono_maior_area                         
                             \1920p30\partial_movie_fi                         
                             les\Resolucao29\uncached_                         
                             00003.mp4'                                        
                    INFO     Caching disabled.             cairo_renderer.py:79
[09/12/26 09:36:38] INFO     Animation 4 : Partial     scene_file_writer.py:588
                             movie file written in                             
                             'C:\Users\Windows                                 
                             11\Documents\Instagram\ma                         
                             tematica_em_movimento_30\                         
                             enem\media\videos\29_2024                         
                             _q169_poligono_maior_area                         
                             \1920p30\partial_movie_fi                         
                             les\Resolucao29\uncached_                         
                             00004.mp4'                                        
                    INFO     Caching disabled.             cairo_renderer.py:79
[09/12/26 09:36:40] INFO     Animation 5 : Partial     scene_file_writer.py:588
                             movie file written in                             
                             'C:\Users\Windows                                 
                             11\Documents\Instagram\ma                         
                             tematica_em_movimento_30\                         
                             enem\media\videos\29_2024                         
                             _q169_poligono_maior_area                         
                             \1920p30\partial_movie_fi                         
                             les\Resolucao29\uncached_                         
                             00005.mp4'                                        
                    INFO     Caching disabled.             cairo_renderer.py:79
                    INFO     Animation 6 : Partial     scene_file_writer.py:588
                             movie file written in                             
                             'C:\Users\Windows                                 
                             11\Documents\Instagram\ma                         
                             tematica_em_movimento_30\                         
                             enem\media\videos\29_2024                         
                             _q169_poligono_maior_area                         
                             \1920p30\partial_movie_fi                         
                             les\Resolucao29\uncached_                         
                             00006.mp4'                                        
[09/12/26 09:36:41] INFO     Automatically converted   scene_file_writer.py:377
                             C:\Users\Windows                                  
                             11\Documents\Instagram\ma                         
                             tematica_em_movimento_30\                         
                             enem\audio\ENEM-2024-MT-3                         
                             4\options.mp3 to .wav                             
                    INFO     Caching disabled.             cairo_renderer.py:79
[09/12/26 09:36:53] INFO     Animation 7 : Partial     scene_file_writer.py:588
                             movie file written in                             
                             'C:\Users\Windows                                 
                             11\Documents\Instagram\ma                         
                             tematica_em_movimento_30\                         
                             enem\media\videos\29_2024                         
                             _q169_poligono_maior_area                         
                             \1920p30\partial_movie_fi                         
                             les\Resolucao29\uncached_                         
                             00007.mp4'                                        
                    INFO     Caching disabled.             cairo_renderer.py:79
[09/12/26 09:37:15] INFO     Animation 8 : Partial     scene_file_writer.py:588
                             movie file written in                             
                             'C:\Users\Windows                                 
                             11\Documents\Instagram\ma                         
                             tematica_em_movimento_30\                         
                             enem\media\videos\29_2024                         
                             _q169_poligono_maior_area                         
                             \1920p30\partial_movie_fi                         
                             les\Resolucao29\uncached_                         
                             00008.mp4'                                        
                    INFO     Caching disabled.             cairo_renderer.py:79
[09/12/26 09:37:17] INFO     Animation 9 : Partial     scene_file_writer.py:588
                             movie file written in                             
                             'C:\Users\Windows                                 
                             11\Documents\Instagram\ma                         
                             tematica_em_movimento_30\                         
                             enem\media\videos\29_2024                         
                             _q169_poligono_maior_area                         
                             \1920p30\partial_movie_fi                         
                             les\Resolucao29\uncached_                         
                             00009.mp4'                                        
                    INFO     Automatically converted   scene_file_writer.py:377
                             C:\Users\Windows                                  
                             11\Documents\Instagram\ma                         
                             tematica_em_movimento_30\                         
                             enem\audio\ENEM-2024-MT-3                         
                             4\data.mp3 to .wav                                
                    INFO     Caching disabled.             cairo_renderer.py:79
[09/12/26 09:37:20] INFO     Animation 10 : Partial    scene_file_writer.py:588
                             movie file written in                             
                             'C:\Users\Windows                                 
                             11\Documents\Instagram\ma                         
                             tematica_em_movimento_30\                         
                             enem\media\videos\29_2024                         
                             _q169_poligono_maior_area                         
                             \1920p30\partial_movie_fi                         
                             les\Resolucao29\uncached_                         
                             00010.mp4'                                        
                    INFO     Caching disabled.             cairo_renderer.py:79
[09/12/26 09:37:24] INFO     Animation 11 : Partial    scene_file_writer.py:588
                             movie file written in                             
                             'C:\Users\Windows                                 
                             11\Documents\Instagram\ma                         
                             tematica_em_movimento_30\                         
                             enem\media\videos\29_2024                         
                             _q169_poligono_maior_area                         
                             \1920p30\partial_movie_fi                         
                             les\Resolucao29\uncached_                         
                             00011.mp4'                                        
                    INFO     Caching disabled.             cairo_renderer.py:79
                    INFO     Animation 12 : Partial    scene_file_writer.py:588
                             movie file written in                             
                             'C:\Users\Windows                                 
                             11\Documents\Instagram\ma                         
                             tematica_em_movimento_30\                         
                             enem\media\videos\29_2024                         
                             _q169_poligono_maior_area                         
                             \1920p30\partial_movie_fi                         
                             les\Resolucao29\uncached_                         
                             00012.mp4'                                        
[09/12/26 09:37:25] INFO     Automatically converted   scene_file_writer.py:377
                             C:\Users\Windows                                  
                             11\Documents\Instagram\ma                         
                             tematica_em_movimento_30\                         
                             enem\audio\ENEM-2024-MT-3                         
                             4\strategy.mp3 to .wav                            
                    INFO     Caching disabled.             cairo_renderer.py:79
[09/12/26 09:37:29] INFO     Animation 13 : Partial    scene_file_writer.py:588
                             movie file written in                             
                             'C:\Users\Windows                                 
                             11\Documents\Instagram\ma                         
                             tematica_em_movimento_30\                         
                             enem\media\videos\29_2024                         
                             _q169_poligono_maior_area                         
                             \1920p30\partial_movie_fi                         
                             les\Resolucao29\uncached_                         
                             00013.mp4'                                        
                    INFO     Caching disabled.             cairo_renderer.py:79
[09/12/26 09:37:35] INFO     Animation 14 : Partial    scene_file_writer.py:588
                             movie file written in                             
                             'C:\Users\Windows                                 
                             11\Documents\Instagram\ma                         
                             tematica_em_movimento_30\                         
                             enem\media\videos\29_2024                         
                             _q169_poligono_maior_area                         
                             \1920p30\partial_movie_fi                         
                             les\Resolucao29\uncached_                         
                             00014.mp4'                                        
                    INFO     Caching disabled.             cairo_renderer.py:79
[09/12/26 09:37:36] INFO     Animation 15 : Partial    scene_file_writer.py:588
                             movie file written in                             
                             'C:\Users\Windows                                 
                             11\Documents\Instagram\ma                         
                             tematica_em_movimento_30\                         
                             enem\media\videos\29_2024                         
                             _q169_poligono_maior_area                         
                             \1920p30\partial_movie_fi                         
                             les\Resolucao29\uncached_                         
                             00015.mp4'                                        
                    INFO     Automatically converted   scene_file_writer.py:377
                             C:\Users\Windows                                  
                             11\Documents\Instagram\ma                         
                             tematica_em_movimento_30\                         
                             enem\audio\ENEM-2024-MT-3                         
                             4\visual.mp3 to .wav                              
                    INFO     Caching disabled.             cairo_renderer.py:79
[09/12/26 09:37:38] INFO     Animation 16 : Partial    scene_file_writer.py:588
                             movie file written in                             
                             'C:\Users\Windows                                 
                             11\Documents\Instagram\ma                         
                             tematica_em_movimento_30\                         
                             enem\media\videos\29_2024                         
                             _q169_poligono_maior_area                         
                             \1920p30\partial_movie_fi                         
                             les\Resolucao29\uncached_                         
                             00016.mp4'                                        
                    INFO     Caching disabled.             cairo_renderer.py:79
[09/12/26 09:37:39] INFO     Animation 17 : Partial    scene_file_writer.py:588
                             movie file written in                             
                             'C:\Users\Windows                                 
                             11\Documents\Instagram\ma                         
                             tematica_em_movimento_30\                         
                             enem\media\videos\29_2024                         
                             _q169_poligono_maior_area                         
                             \1920p30\partial_movie_fi                         
                             les\Resolucao29\uncached_                         
                             00017.mp4'                                        
                    INFO     Caching disabled.             cairo_renderer.py:79
[09/12/26 09:37:40] INFO     Animation 18 : Partial    scene_file_writer.py:588
                             movie file written in                             
                             'C:\Users\Windows                                 
                             11\Documents\Instagram\ma                         
                             tematica_em_movimento_30\                         
                             enem\media\videos\29_2024                         
                             _q169_poligono_maior_area                         
                             \1920p30\partial_movie_fi                         
                             les\Resolucao29\uncached_                         
                             00018.mp4'                                        
                    INFO     Caching disabled.             cairo_renderer.py:79
                    INFO     Animation 19 : Partial    scene_file_writer.py:588
                             movie file written in                             
                             'C:\Users\Windows                                 
                             11\Documents\Instagram\ma                         
                             tematica_em_movimento_30\                         
                             enem\media\videos\29_2024                         
                             _q169_poligono_maior_area                         
                             \1920p30\partial_movie_fi                         
                             les\Resolucao29\uncached_                         
                             00019.mp4'                                        
                    INFO     Writing                    tex_file_writing.py:111
                             A_3={\sqrt3\over4}(k/3)^2=                        
                             {\sqrt3\over36}k^2 to                             
                             media\Tex\be093c2e23f15318                        
                             .tex                                              
latex: security risk: running with elevated privileges
dvisvgm: security risk: running with elevated privileges
[09/12/26 09:37:41] INFO     Automatically converted   scene_file_writer.py:377
                             C:\Users\Windows                                  
                             11\Documents\Instagram\ma                         
                             tematica_em_movimento_30\                         
                             enem\audio\ENEM-2024-MT-3                         
                             4\step_01.mp3 to .wav                             
                    INFO     Caching disabled.             cairo_renderer.py:79
[09/12/26 09:37:43] INFO     Animation 20 : Partial    scene_file_writer.py:588
                             movie file written in                             
                             'C:\Users\Windows                                 
                             11\Documents\Instagram\ma                         
                             tematica_em_movimento_30\                         
                             enem\media\videos\29_2024                         
                             _q169_poligono_maior_area                         
                             \1920p30\partial_movie_fi                         
                             les\Resolucao29\uncached_                         
                             00020.mp4'                                        
                    INFO     Caching disabled.             cairo_renderer.py:79
[09/12/26 09:37:48] INFO     Animation 21 : Partial    scene_file_writer.py:588
                             movie file written in                             
                             'C:\Users\Windows                                 
                             11\Documents\Instagram\ma                         
                             tematica_em_movimento_30\                         
                             enem\media\videos\29_2024                         
                             _q169_poligono_maior_area                         
                             \1920p30\partial_movie_fi                         
                             les\Resolucao29\uncached_                         
                             00021.mp4'                                        
                    INFO     Writing                    tex_file_writing.py:111
                             A_4=(k/4)^2={1\over16}k^2                         
                             to                                                
                             media\Tex\227ed4b84f806b90                        
                             .tex                                              
latex: security risk: running with elevated privileges
dvisvgm: security risk: running with elevated privileges
[09/12/26 09:37:49] INFO     Automatically converted   scene_file_writer.py:377
                             C:\Users\Windows                                  
                             11\Documents\Instagram\ma                         
                             tematica_em_movimento_30\                         
                             enem\audio\ENEM-2024-MT-3                         
                             4\step_02.mp3 to .wav                             
                    INFO     Caching disabled.             cairo_renderer.py:79
[09/12/26 09:37:51] INFO     Animation 22 : Partial    scene_file_writer.py:588
                             movie file written in                             
                             'C:\Users\Windows                                 
                             11\Documents\Instagram\ma                         
                             tematica_em_movimento_30\                         
                             enem\media\videos\29_2024                         
                             _q169_poligono_maior_area                         
                             \1920p30\partial_movie_fi                         
                             les\Resolucao29\uncached_                         
                             00022.mp4'                                        
                    INFO     Caching disabled.             cairo_renderer.py:79
[09/12/26 09:37:55] INFO     Animation 23 : Partial    scene_file_writer.py:588
                             movie file written in                             
                             'C:\Users\Windows                                 
                             11\Documents\Instagram\ma                         
                             tematica_em_movimento_30\                         
                             enem\media\videos\29_2024                         
                             _q169_poligono_maior_area                         
                             \1920p30\partial_movie_fi                         
                             les\Resolucao29\uncached_                         
                             00023.mp4'                                        
                    INFO     Writing                    tex_file_writing.py:111
                             A_6=6{\sqrt3\over4}(k/6)^2                        
                             ={\sqrt3\over24}k^2 to                            
                             media\Tex\e10e138c3bad610c                        
                             .tex                                              
latex: security risk: running with elevated privileges
dvisvgm: security risk: running with elevated privileges
[09/12/26 09:37:56] INFO     Automatically converted   scene_file_writer.py:377
                             C:\Users\Windows                                  
                             11\Documents\Instagram\ma                         
                             tematica_em_movimento_30\                         
                             enem\audio\ENEM-2024-MT-3                         
                             4\step_03.mp3 to .wav                             
                    INFO     Caching disabled.             cairo_renderer.py:79
[09/12/26 09:37:58] INFO     Animation 24 : Partial    scene_file_writer.py:588
                             movie file written in                             
                             'C:\Users\Windows                                 
                             11\Documents\Instagram\ma                         
                             tematica_em_movimento_30\                         
                             enem\media\videos\29_2024                         
                             _q169_poligono_maior_area                         
                             \1920p30\partial_movie_fi                         
                             les\Resolucao29\uncached_                         
                             00024.mp4'                                        
[09/12/26 09:37:59] INFO     Caching disabled.             cairo_renderer.py:79
[09/12/26 09:38:04] INFO     Animation 25 : Partial    scene_file_writer.py:588
                             movie file written in                             
                             'C:\Users\Windows                                 
                             11\Documents\Instagram\ma                         
                             tematica_em_movimento_30\                         
                             enem\media\videos\29_2024                         
                             _q169_poligono_maior_area                         
                             \1920p30\partial_movie_fi                         
                             les\Resolucao29\uncached_                         
                             00025.mp4'                                        
                    INFO     Writing                    tex_file_writing.py:111
                             {\sqrt3\over36}\approx0{,}                        
                             0481;\quad{1\over16}=0{,}0                        
                             625;\quad{\sqrt3\over24}\a                        
                             pprox0{,}0722 to                                  
                             media\Tex\3436bc1cecd55f17                        
                             .tex                                              
latex: security risk: running with elevated privileges
dvisvgm: security risk: running with elevated privileges
[09/12/26 09:38:05] INFO     Automatically converted   scene_file_writer.py:377
                             C:\Users\Windows                                  
                             11\Documents\Instagram\ma                         
                             tematica_em_movimento_30\                         
                             enem\audio\ENEM-2024-MT-3                         
                             4\step_04.mp3 to .wav                             
                    INFO     Caching disabled.             cairo_renderer.py:79
[09/12/26 09:38:08] INFO     Animation 26 : Partial    scene_file_writer.py:588
                             movie file written in                             
                             'C:\Users\Windows                                 
                             11\Documents\Instagram\ma                         
                             tematica_em_movimento_30\                         
                             enem\media\videos\29_2024                         
                             _q169_poligono_maior_area                         
                             \1920p30\partial_movie_fi                         
                             les\Resolucao29\uncached_                         
                             00026.mp4'                                        
                    INFO     Caching disabled.             cairo_renderer.py:79
[09/12/26 09:38:15] INFO     Animation 27 : Partial    scene_file_writer.py:588
                             movie file written in                             
                             'C:\Users\Windows                                 
                             11\Documents\Instagram\ma                         
                             tematica_em_movimento_30\                         
                             enem\media\videos\29_2024                         
                             _q169_poligono_maior_area                         
                             \1920p30\partial_movie_fi                         
                             les\Resolucao29\uncached_                         
                             00027.mp4'                                        
                    INFO     Writing                    tex_file_writing.py:111
                             A_6>A_4>A_3\quad\Rightarro                        
                             w\quad\text{hexágono} to                          
                             media\Tex\f3d54c42e676127a                        
                             .tex                                              
latex: security risk: running with elevated privileges
dvisvgm: security risk: running with elevated privileges
                    INFO     Automatically converted   scene_file_writer.py:377
                             C:\Users\Windows                                  
                             11\Documents\Instagram\ma                         
                             tematica_em_movimento_30\                         
                             enem\audio\ENEM-2024-MT-3                         
                             4\step_05.mp3 to .wav                             
[09/12/26 09:38:16] INFO     Caching disabled.             cairo_renderer.py:79
[09/12/26 09:38:19] INFO     Animation 28 : Partial    scene_file_writer.py:588
                             movie file written in                             
                             'C:\Users\Windows                                 
                             11\Documents\Instagram\ma                         
                             tematica_em_movimento_30\                         
                             enem\media\videos\29_2024                         
                             _q169_poligono_maior_area                         
                             \1920p30\partial_movie_fi                         
                             les\Resolucao29\uncached_                         
                             00028.mp4'                                        
                    INFO     Caching disabled.             cairo_renderer.py:79
[09/12/26 09:38:21] INFO     Animation 29 : Partial    scene_file_writer.py:588
                             movie file written in                             
                             'C:\Users\Windows                                 
                             11\Documents\Instagram\ma                         
                             tematica_em_movimento_30\                         
                             enem\media\videos\29_2024                         
                             _q169_poligono_maior_area                         
                             \1920p30\partial_movie_fi                         
                             les\Resolucao29\uncached_                         
                             00029.mp4'                                        
                    INFO     Automatically converted   scene_file_writer.py:377
                             C:\Users\Windows                                  
                             11\Documents\Instagram\ma                         
                             tematica_em_movimento_30\                         
                             enem\audio\ENEM-2024-MT-3                         
                             4\answer.mp3 to .wav                              
                    INFO     Caching disabled.             cairo_renderer.py:79
[09/12/26 09:38:25] INFO     Animation 30 : Partial    scene_file_writer.py:588
                             movie file written in                             
                             'C:\Users\Windows                                 
                             11\Documents\Instagram\ma                         
                             tematica_em_movimento_30\                         
                             enem\media\videos\29_2024                         
                             _q169_poligono_maior_area                         
                             \1920p30\partial_movie_fi                         
                             les\Resolucao29\uncached_                         
                             00030.mp4'                                        
                    INFO     Caching disabled.             cairo_renderer.py:79
[09/12/26 09:38:29] INFO     Animation 31 : Partial    scene_file_writer.py:588
                             movie file written in                             
                             'C:\Users\Windows                                 
                             11\Documents\Instagram\ma                         
                             tematica_em_movimento_30\                         
                             enem\media\videos\29_2024                         
                             _q169_poligono_maior_area                         
                             \1920p30\partial_movie_fi                         
                             les\Resolucao29\uncached_                         
                             00031.mp4'                                        
                    INFO     Combining to Movie file.  scene_file_writer.py:739
[09/12/26 09:38:35] WARNING  Some options were not     scene_file_writer.py:801
                             used: {'shortest': '1',                           
                             'metadata':                                       
                             'comment=Rendered with                            
                             Manim Community v0.19.0'}                         
                    INFO                               scene_file_writer.py:886
                             File ready at                                     
                             'C:\Users\Windows                                 
                             11\Documents\Instagram\ma                         
                             tematica_em_movimento_30\                         
                             enem\media\videos\29_2024                         
                             _q169_poligono_maior_area                         
                             \1920p30\Resolucao29.mp4'                         
                                                                               
                    INFO     Rendered Resolucao29                  scene.py:255
                             Played 32 animations                              
You are using manim version v0.19.0, but version v0.21.0 is available.
You should consider upgrading via pip install -U manim
