Manim Community v0.19.0

[09/12/26 09:38:37] INFO     Automatically converted   scene_file_writer.py:377
                             C:\Users\Windows                                  
                             11\Documents\Instagram\ma                         
                             tematica_em_movimento_30\                         
                             enem\audio\ENEM-2025-MT-0                         
                             8\source.mp3 to .wav                              
                    INFO     Caching disabled.             cairo_renderer.py:79
[09/12/26 09:38:40] INFO     Animation 0 : Partial     scene_file_writer.py:588
                             movie file written in                             
                             'C:\Users\Windows                                 
                             11\Documents\Instagram\ma                         
                             tematica_em_movimento_30\                         
                             enem\media\videos\30_2025                         
                             _q143_ciclovia\1920p30\pa                         
                             rtial_movie_files\Resoluc                         
                             ao30\uncached_00000.mp4'                          
                    INFO     Caching disabled.             cairo_renderer.py:79
[09/12/26 09:38:42] INFO     Animation 1 : Partial     scene_file_writer.py:588
                             movie file written in                             
                             'C:\Users\Windows                                 
                             11\Documents\Instagram\ma                         
                             tematica_em_movimento_30\                         
                             enem\media\videos\30_2025                         
                             _q143_ciclovia\1920p30\pa                         
                             rtial_movie_files\Resoluc                         
                             ao30\uncached_00001.mp4'                          
                    INFO     Caching disabled.             cairo_renderer.py:79
                    INFO     Animation 2 : Partial     scene_file_writer.py:588
                             movie file written in                             
                             'C:\Users\Windows                                 
                             11\Documents\Instagram\ma                         
                             tematica_em_movimento_30\                         
                             enem\media\videos\30_2025                         
                             _q143_ciclovia\1920p30\pa                         
                             rtial_movie_files\Resoluc                         
                             ao30\uncached_00002.mp4'                          
[09/12/26 09:38:43] INFO     Automatically converted   scene_file_writer.py:377
                             C:\Users\Windows                                  
                             11\Documents\Instagram\ma                         
                             tematica_em_movimento_30\                         
                             enem\audio\ENEM-2025-MT-0                         
                             8\statement_01.mp3 to                             
                             .wav                                              
                    INFO     Caching disabled.             cairo_renderer.py:79
[09/12/26 09:38:51] INFO     Animation 3 : Partial     scene_file_writer.py:588
                             movie file written in                             
                             'C:\Users\Windows                                 
                             11\Documents\Instagram\ma                         
                             tematica_em_movimento_30\                         
                             enem\media\videos\30_2025                         
                             _q143_ciclovia\1920p30\pa                         
                             rtial_movie_files\Resoluc                         
                             ao30\uncached_00003.mp4'                          
                    INFO     Caching disabled.             cairo_renderer.py:79
[09/12/26 09:39:01] INFO     Animation 4 : Partial     scene_file_writer.py:588
                             movie file written in                             
                             'C:\Users\Windows                                 
                             11\Documents\Instagram\ma                         
                             tematica_em_movimento_30\                         
                             enem\media\videos\30_2025                         
                             _q143_ciclovia\1920p30\pa                         
                             rtial_movie_files\Resoluc                         
                             ao30\uncached_00004.mp4'                          
                    INFO     Caching disabled.             cairo_renderer.py:79
[09/12/26 09:39:02] INFO     Animation 5 : Partial     scene_file_writer.py:588
                             movie file written in                             
                             'C:\Users\Windows                                 
                             11\Documents\Instagram\ma                         
                             tematica_em_movimento_30\                         
                             enem\media\videos\30_2025                         
                             _q143_ciclovia\1920p30\pa                         
                             rtial_movie_files\Resoluc                         
                             ao30\uncached_00005.mp4'                          
[09/12/26 09:39:03] INFO     Automatically converted   scene_file_writer.py:377
                             C:\Users\Windows                                  
                             11\Documents\Instagram\ma                         
                             tematica_em_movimento_30\                         
                             enem\audio\ENEM-2025-MT-0                         
                             8\statement_02.mp3 to                             
                             .wav                                              
                    INFO     Caching disabled.             cairo_renderer.py:79
[09/12/26 09:39:10] INFO     Animation 6 : Partial     scene_file_writer.py:588
                             movie file written in                             
                             'C:\Users\Windows                                 
                             11\Documents\Instagram\ma                         
                             tematica_em_movimento_30\                         
                             enem\media\videos\30_2025                         
                             _q143_ciclovia\1920p30\pa                         
                             rtial_movie_files\Resoluc                         
                             ao30\uncached_00006.mp4'                          
                    INFO     Caching disabled.             cairo_renderer.py:79
[09/12/26 09:39:17] INFO     Animation 7 : Partial     scene_file_writer.py:588
                             movie file written in                             
                             'C:\Users\Windows                                 
                             11\Documents\Instagram\ma                         
                             tematica_em_movimento_30\                         
                             enem\media\videos\30_2025                         
                             _q143_ciclovia\1920p30\pa                         
                             rtial_movie_files\Resoluc                         
                             ao30\uncached_00007.mp4'                          
                    INFO     Caching disabled.             cairo_renderer.py:79
[09/12/26 09:39:18] INFO     Animation 8 : Partial     scene_file_writer.py:588
                             movie file written in                             
                             'C:\Users\Windows                                 
                             11\Documents\Instagram\ma                         
                             tematica_em_movimento_30\                         
                             enem\media\videos\30_2025                         
                             _q143_ciclovia\1920p30\pa                         
                             rtial_movie_files\Resoluc                         
                             ao30\uncached_00008.mp4'                          
                    INFO     Caching disabled.             cairo_renderer.py:79
                    INFO     Animation 9 : Partial     scene_file_writer.py:588
                             movie file written in                             
                             'C:\Users\Windows                                 
                             11\Documents\Instagram\ma                         
                             tematica_em_movimento_30\                         
                             enem\media\videos\30_2025                         
                             _q143_ciclovia\1920p30\pa                         
                             rtial_movie_files\Resoluc                         
                             ao30\uncached_00009.mp4'                          
                    INFO     Writing 400\,m to          tex_file_writing.py:111
                             media\Tex\335f83e9997e7752                        
                             .tex                                              
latex: security risk: running with elevated privileges
dvisvgm: security risk: running with elevated privileges
[09/12/26 09:39:19] INFO     Automatically converted   scene_file_writer.py:377
                             C:\Users\Windows                                  
                             11\Documents\Instagram\ma                         
                             tematica_em_movimento_30\                         
                             enem\audio\ENEM-2025-MT-0                         
                             8\figure.mp3 to .wav                              
                    INFO     Caching disabled.             cairo_renderer.py:79
[09/12/26 09:39:23] INFO     Animation 10 : Partial    scene_file_writer.py:588
                             movie file written in                             
                             'C:\Users\Windows                                 
                             11\Documents\Instagram\ma                         
                             tematica_em_movimento_30\                         
                             enem\media\videos\30_2025                         
                             _q143_ciclovia\1920p30\pa                         
                             rtial_movie_files\Resoluc                         
                             ao30\uncached_00010.mp4'                          
                    INFO     Caching disabled.             cairo_renderer.py:79
[09/12/26 09:39:26] INFO     Animation 11 : Partial    scene_file_writer.py:588
                             movie file written in                             
                             'C:\Users\Windows                                 
                             11\Documents\Instagram\ma                         
                             tematica_em_movimento_30\                         
                             enem\media\videos\30_2025                         
                             _q143_ciclovia\1920p30\pa                         
                             rtial_movie_files\Resoluc                         
                             ao30\uncached_00011.mp4'                          
                    INFO     Caching disabled.             cairo_renderer.py:79
[09/12/26 09:39:27] INFO     Animation 12 : Partial    scene_file_writer.py:588
                             movie file written in                             
                             'C:\Users\Windows                                 
                             11\Documents\Instagram\ma                         
                             tematica_em_movimento_30\                         
                             enem\media\videos\30_2025                         
                             _q143_ciclovia\1920p30\pa                         
                             rtial_movie_files\Resoluc                         
                             ao30\uncached_00012.mp4'                          
                    INFO     Automatically converted   scene_file_writer.py:377
                             C:\Users\Windows                                  
                             11\Documents\Instagram\ma                         
                             tematica_em_movimento_30\                         
                             enem\audio\ENEM-2025-MT-0                         
                             8\options.mp3 to .wav                             
                    INFO     Caching disabled.             cairo_renderer.py:79
[09/12/26 09:39:29] INFO     Animation 13 : Partial    scene_file_writer.py:588
                             movie file written in                             
                             'C:\Users\Windows                                 
                             11\Documents\Instagram\ma                         
                             tematica_em_movimento_30\                         
                             enem\media\videos\30_2025                         
                             _q143_ciclovia\1920p30\pa                         
                             rtial_movie_files\Resoluc                         
                             ao30\uncached_00013.mp4'                          
                    INFO     Caching disabled.             cairo_renderer.py:79
[09/12/26 09:39:31] INFO     Animation 14 : Partial    scene_file_writer.py:588
                             movie file written in                             
                             'C:\Users\Windows                                 
                             11\Documents\Instagram\ma                         
                             tematica_em_movimento_30\                         
                             enem\media\videos\30_2025                         
                             _q143_ciclovia\1920p30\pa                         
                             rtial_movie_files\Resoluc                         
                             ao30\uncached_00014.mp4'                          
                    INFO     Caching disabled.             cairo_renderer.py:79
[09/12/26 09:39:32] INFO     Animation 15 : Partial    scene_file_writer.py:588
                             movie file written in                             
                             'C:\Users\Windows                                 
                             11\Documents\Instagram\ma                         
                             tematica_em_movimento_30\                         
                             enem\media\videos\30_2025                         
                             _q143_ciclovia\1920p30\pa                         
                             rtial_movie_files\Resoluc                         
                             ao30\uncached_00015.mp4'                          
                    INFO     Automatically converted   scene_file_writer.py:377
                             C:\Users\Windows                                  
                             11\Documents\Instagram\ma                         
                             tematica_em_movimento_30\                         
                             enem\audio\ENEM-2025-MT-0                         
                             8\data.mp3 to .wav                                
                    INFO     Caching disabled.             cairo_renderer.py:79
[09/12/26 09:39:35] INFO     Animation 16 : Partial    scene_file_writer.py:588
                             movie file written in                             
                             'C:\Users\Windows                                 
                             11\Documents\Instagram\ma                         
                             tematica_em_movimento_30\                         
                             enem\media\videos\30_2025                         
                             _q143_ciclovia\1920p30\pa                         
                             rtial_movie_files\Resoluc                         
                             ao30\uncached_00016.mp4'                          
                    INFO     Caching disabled.             cairo_renderer.py:79
[09/12/26 09:39:39] INFO     Animation 17 : Partial    scene_file_writer.py:588
                             movie file written in                             
                             'C:\Users\Windows                                 
                             11\Documents\Instagram\ma                         
                             tematica_em_movimento_30\                         
                             enem\media\videos\30_2025                         
                             _q143_ciclovia\1920p30\pa                         
                             rtial_movie_files\Resoluc                         
                             ao30\uncached_00017.mp4'                          
                    INFO     Caching disabled.             cairo_renderer.py:79
[09/12/26 09:39:40] INFO     Animation 18 : Partial    scene_file_writer.py:588
                             movie file written in                             
                             'C:\Users\Windows                                 
                             11\Documents\Instagram\ma                         
                             tematica_em_movimento_30\                         
                             enem\media\videos\30_2025                         
                             _q143_ciclovia\1920p30\pa                         
                             rtial_movie_files\Resoluc                         
                             ao30\uncached_00018.mp4'                          
                    INFO     Automatically converted   scene_file_writer.py:377
                             C:\Users\Windows                                  
                             11\Documents\Instagram\ma                         
                             tematica_em_movimento_30\                         
                             enem\audio\ENEM-2025-MT-0                         
                             8\strategy.mp3 to .wav                            
                    INFO     Caching disabled.             cairo_renderer.py:79
[09/12/26 09:39:46] INFO     Animation 19 : Partial    scene_file_writer.py:588
                             movie file written in                             
                             'C:\Users\Windows                                 
                             11\Documents\Instagram\ma                         
                             tematica_em_movimento_30\                         
                             enem\media\videos\30_2025                         
                             _q143_ciclovia\1920p30\pa                         
                             rtial_movie_files\Resoluc                         
                             ao30\uncached_00019.mp4'                          
                    INFO     Caching disabled.             cairo_renderer.py:79
[09/12/26 09:39:52] INFO     Animation 20 : Partial    scene_file_writer.py:588
                             movie file written in                             
                             'C:\Users\Windows                                 
                             11\Documents\Instagram\ma                         
                             tematica_em_movimento_30\                         
                             enem\media\videos\30_2025                         
                             _q143_ciclovia\1920p30\pa                         
                             rtial_movie_files\Resoluc                         
                             ao30\uncached_00020.mp4'                          
                    INFO     Caching disabled.             cairo_renderer.py:79
[09/12/26 09:39:53] INFO     Animation 21 : Partial    scene_file_writer.py:588
                             movie file written in                             
                             'C:\Users\Windows                                 
                             11\Documents\Instagram\ma                         
                             tematica_em_movimento_30\                         
                             enem\media\videos\30_2025                         
                             _q143_ciclovia\1920p30\pa                         
                             rtial_movie_files\Resoluc                         
                             ao30\uncached_00021.mp4'                          
                    INFO     Automatically converted   scene_file_writer.py:377
                             C:\Users\Windows                                  
                             11\Documents\Instagram\ma                         
                             tematica_em_movimento_30\                         
                             enem\audio\ENEM-2025-MT-0                         
                             8\visual.mp3 to .wav                              
                    INFO     Caching disabled.             cairo_renderer.py:79
[09/12/26 09:39:55] INFO     Animation 22 : Partial    scene_file_writer.py:588
                             movie file written in                             
                             'C:\Users\Windows                                 
                             11\Documents\Instagram\ma                         
                             tematica_em_movimento_30\                         
                             enem\media\videos\30_2025                         
                             _q143_ciclovia\1920p30\pa                         
                             rtial_movie_files\Resoluc                         
                             ao30\uncached_00022.mp4'                          
                    INFO     Caching disabled.             cairo_renderer.py:79
[09/12/26 09:39:56] INFO     Animation 23 : Partial    scene_file_writer.py:588
                             movie file written in                             
                             'C:\Users\Windows                                 
                             11\Documents\Instagram\ma                         
                             tematica_em_movimento_30\                         
                             enem\media\videos\30_2025                         
                             _q143_ciclovia\1920p30\pa                         
                             rtial_movie_files\Resoluc                         
                             ao30\uncached_00023.mp4'                          
                    INFO     Caching disabled.             cairo_renderer.py:79
                    INFO     Animation 24 : Partial    scene_file_writer.py:588
                             movie file written in                             
                             'C:\Users\Windows                                 
                             11\Documents\Instagram\ma                         
                             tematica_em_movimento_30\                         
                             enem\media\videos\30_2025                         
                             _q143_ciclovia\1920p30\pa                         
                             rtial_movie_files\Resoluc                         
                             ao30\uncached_00024.mp4'                          
                    INFO     Caching disabled.             cairo_renderer.py:79
[09/12/26 09:39:57] INFO     Animation 25 : Partial    scene_file_writer.py:588
                             movie file written in                             
                             'C:\Users\Windows                                 
                             11\Documents\Instagram\ma                         
                             tematica_em_movimento_30\                         
                             enem\media\videos\30_2025                         
                             _q143_ciclovia\1920p30\pa                         
                             rtial_movie_files\Resoluc                         
                             ao30\uncached_00025.mp4'                          
                    INFO     Writing C=2\pi             tex_file_writing.py:111
                             r=2\cdot3\cdot1=6\                                
                             \mathrm{km} to                                    
                             media\Tex\cb63165468634acc                        
                             .tex                                              
latex: security risk: running with elevated privileges
dvisvgm: security risk: running with elevated privileges
                    INFO     Automatically converted   scene_file_writer.py:377
                             C:\Users\Windows                                  
                             11\Documents\Instagram\ma                         
                             tematica_em_movimento_30\                         
                             enem\audio\ENEM-2025-MT-0                         
                             8\step_01.mp3 to .wav                             
                    INFO     Caching disabled.             cairo_renderer.py:79
[09/12/26 09:40:00] INFO     Animation 26 : Partial    scene_file_writer.py:588
                             movie file written in                             
                             'C:\Users\Windows                                 
                             11\Documents\Instagram\ma                         
                             tematica_em_movimento_30\                         
                             enem\media\videos\30_2025                         
                             _q143_ciclovia\1920p30\pa                         
                             rtial_movie_files\Resoluc                         
                             ao30\uncached_00026.mp4'                          
                    INFO     Caching disabled.             cairo_renderer.py:79
[09/12/26 09:40:02] INFO     Animation 27 : Partial    scene_file_writer.py:588
                             movie file written in                             
                             'C:\Users\Windows                                 
                             11\Documents\Instagram\ma                         
                             tematica_em_movimento_30\                         
                             enem\media\videos\30_2025                         
                             _q143_ciclovia\1920p30\pa                         
                             rtial_movie_files\Resoluc                         
                             ao30\uncached_00027.mp4'                          
                    INFO     Writing 6\                 tex_file_writing.py:111
                             \mathrm{km}=6000\ \mathrm                         
                             m to                                              
                             media\Tex\6205925bf4a21a05                        
                             .tex                                              
latex: security risk: running with elevated privileges
dvisvgm: security risk: running with elevated privileges
                    INFO     Automatically converted   scene_file_writer.py:377
                             C:\Users\Windows                                  
                             11\Documents\Instagram\ma                         
                             tematica_em_movimento_30\                         
                             enem\audio\ENEM-2025-MT-0                         
                             8\step_02.mp3 to .wav                             
                    INFO     Caching disabled.             cairo_renderer.py:79
[09/12/26 09:40:04] INFO     Animation 28 : Partial    scene_file_writer.py:588
                             movie file written in                             
                             'C:\Users\Windows                                 
                             11\Documents\Instagram\ma                         
                             tematica_em_movimento_30\                         
                             enem\media\videos\30_2025                         
                             _q143_ciclovia\1920p30\pa                         
                             rtial_movie_files\Resoluc                         
                             ao30\uncached_00028.mp4'                          
                    INFO     Caching disabled.             cairo_renderer.py:79
[09/12/26 09:40:05] INFO     Animation 29 : Partial    scene_file_writer.py:588
                             movie file written in                             
                             'C:\Users\Windows                                 
                             11\Documents\Instagram\ma                         
                             tematica_em_movimento_30\                         
                             enem\media\videos\30_2025                         
                             _q143_ciclovia\1920p30\pa                         
                             rtial_movie_files\Resoluc                         
                             ao30\uncached_00029.mp4'                          
                    INFO     Writing 200+200=400\       tex_file_writing.py:111
                             \mathrm m to                                      
                             media\Tex\68fd3d19cd99a42f                        
                             .tex                                              
latex: security risk: running with elevated privileges
dvisvgm: security risk: running with elevated privileges
[09/12/26 09:40:06] INFO     Automatically converted   scene_file_writer.py:377
                             C:\Users\Windows                                  
                             11\Documents\Instagram\ma                         
                             tematica_em_movimento_30\                         
                             enem\audio\ENEM-2025-MT-0                         
                             8\step_03.mp3 to .wav                             
                    INFO     Caching disabled.             cairo_renderer.py:79
[09/12/26 09:40:08] INFO     Animation 30 : Partial    scene_file_writer.py:588
                             movie file written in                             
                             'C:\Users\Windows                                 
                             11\Documents\Instagram\ma                         
                             tematica_em_movimento_30\                         
                             enem\media\videos\30_2025                         
                             _q143_ciclovia\1920p30\pa                         
                             rtial_movie_files\Resoluc                         
                             ao30\uncached_00030.mp4'                          
                    INFO     Caching disabled.             cairo_renderer.py:79
[09/12/26 09:40:10] INFO     Animation 31 : Partial    scene_file_writer.py:588
                             movie file written in                             
                             'C:\Users\Windows                                 
                             11\Documents\Instagram\ma                         
                             tematica_em_movimento_30\                         
                             enem\media\videos\30_2025                         
                             _q143_ciclovia\1920p30\pa                         
                             rtial_movie_files\Resoluc                         
                             ao30\uncached_00031.mp4'                          
                    INFO     Writing                    tex_file_writing.py:111
                             n={6000\over400}=15 to                            
                             media\Tex\7f243601cc2dd12f                        
                             .tex                                              
latex: security risk: running with elevated privileges
dvisvgm: security risk: running with elevated privileges
[09/12/26 09:40:11] INFO     Automatically converted   scene_file_writer.py:377
                             C:\Users\Windows                                  
                             11\Documents\Instagram\ma                         
                             tematica_em_movimento_30\                         
                             enem\audio\ENEM-2025-MT-0                         
                             8\step_04.mp3 to .wav                             
                    INFO     Caching disabled.             cairo_renderer.py:79
[09/12/26 09:40:13] INFO     Animation 32 : Partial    scene_file_writer.py:588
                             movie file written in                             
                             'C:\Users\Windows                                 
                             11\Documents\Instagram\ma                         
                             tematica_em_movimento_30\                         
                             enem\media\videos\30_2025                         
                             _q143_ciclovia\1920p30\pa                         
                             rtial_movie_files\Resoluc                         
                             ao30\uncached_00032.mp4'                          
                    INFO     Caching disabled.             cairo_renderer.py:79
[09/12/26 09:40:14] INFO     Animation 33 : Partial    scene_file_writer.py:588
                             movie file written in                             
                             'C:\Users\Windows                                 
                             11\Documents\Instagram\ma                         
                             tematica_em_movimento_30\                         
                             enem\media\videos\30_2025                         
                             _q143_ciclovia\1920p30\pa                         
                             rtial_movie_files\Resoluc                         
                             ao30\uncached_00033.mp4'                          
                    INFO     Writing 15\cdot400=6000 to tex_file_writing.py:111
                             media\Tex\4459fb9976033db6                        
                             .tex                                              
latex: security risk: running with elevated privileges
dvisvgm: security risk: running with elevated privileges
[09/12/26 09:40:15] INFO     Automatically converted   scene_file_writer.py:377
                             C:\Users\Windows                                  
                             11\Documents\Instagram\ma                         
                             tematica_em_movimento_30\                         
                             enem\audio\ENEM-2025-MT-0                         
                             8\step_05.mp3 to .wav                             
                    INFO     Caching disabled.             cairo_renderer.py:79
[09/12/26 09:40:17] INFO     Animation 34 : Partial    scene_file_writer.py:588
                             movie file written in                             
                             'C:\Users\Windows                                 
                             11\Documents\Instagram\ma                         
                             tematica_em_movimento_30\                         
                             enem\media\videos\30_2025                         
                             _q143_ciclovia\1920p30\pa                         
                             rtial_movie_files\Resoluc                         
                             ao30\uncached_00034.mp4'                          
                    INFO     Caching disabled.             cairo_renderer.py:79
[09/12/26 09:40:18] INFO     Animation 35 : Partial    scene_file_writer.py:588
                             movie file written in                             
                             'C:\Users\Windows                                 
                             11\Documents\Instagram\ma                         
                             tematica_em_movimento_30\                         
                             enem\media\videos\30_2025                         
                             _q143_ciclovia\1920p30\pa                         
                             rtial_movie_files\Resoluc                         
                             ao30\uncached_00035.mp4'                          
[09/12/26 09:40:19] INFO     Automatically converted   scene_file_writer.py:377
                             C:\Users\Windows                                  
                             11\Documents\Instagram\ma                         
                             tematica_em_movimento_30\                         
                             enem\audio\ENEM-2025-MT-0                         
                             8\answer.mp3 to .wav                              
                    INFO     Caching disabled.             cairo_renderer.py:79
[09/12/26 09:40:20] INFO     Animation 36 : Partial    scene_file_writer.py:588
                             movie file written in                             
                             'C:\Users\Windows                                 
                             11\Documents\Instagram\ma                         
                             tematica_em_movimento_30\                         
                             enem\media\videos\30_2025                         
                             _q143_ciclovia\1920p30\pa                         
                             rtial_movie_files\Resoluc                         
                             ao30\uncached_00036.mp4'                          
                    INFO     Caching disabled.             cairo_renderer.py:79
                    INFO     Animation 37 : Partial    scene_file_writer.py:588
                             movie file written in                             
                             'C:\Users\Windows                                 
                             11\Documents\Instagram\ma                         
                             tematica_em_movimento_30\                         
                             enem\media\videos\30_2025                         
                             _q143_ciclovia\1920p30\pa                         
                             rtial_movie_files\Resoluc                         
                             ao30\uncached_00037.mp4'                          
                    INFO     Combining to Movie file.  scene_file_writer.py:739
[09/12/26 09:40:25] WARNING  Some options were not     scene_file_writer.py:801
                             used: {'shortest': '1',                           
                             'metadata':                                       
                             'comment=Rendered with                            
                             Manim Community v0.19.0'}                         
                    INFO                               scene_file_writer.py:886
                             File ready at                                     
                             'C:\Users\Windows                                 
                             11\Documents\Instagram\ma                         
                             tematica_em_movimento_30\                         
                             enem\media\videos\30_2025                         
                             _q143_ciclovia\1920p30\Re                         
                             solucao30.mp4'                                    
                                                                               
                    INFO     Rendered Resolucao30                  scene.py:255
                             Played 38 animations                              
You are using manim version v0.19.0, but version v0.21.0 is available.
You should consider upgrading via pip install -U manim
